bun test v1.2.19 (aad3abea)

conflict/__tests__/day2-basic.test.ts:
(pass) Conflict Resolution System - Basic > should import ConflictDetector successfully [24.89ms]
(pass) Conflict Resolution System - Basic > should import all strategies successfully [2.79ms]
(pass) Conflict Resolution System - Basic > should create strategy instances [0.59ms]
(pass) Conflict Resolution System - Basic > should detect basic conflicts [4.00ms]
(pass) Conflict Resolution System - Basic > should resolve conflicts with client-wins strategy [1.14ms]
(pass) Conflict Resolution System - Basic > should meet performance targets [0.15ms]
✅ ConflictDetector
✅ ClientWinsStrategy
✅ ServerWinsStrategy
✅ TimestampBasedStrategy
✅ MergeStrategy
✅ StrategyFactory
✅ Performance < 5ms detection
✅ Performance < 50ms resolution

📊 Day 2 Basic Components: 8/8 (100%)
(pass) Conflict Resolution System - Basic > should validate Day 2 requirements [1.13ms]

packages/collection-store/debug_test.js:
Starting optimizer...
[RealTimeOptimizer] Real-time optimizer started {
  config: {
    monitoringInterval: 1000,
    cooldownPeriod: 5,
    emergencyThresholds: {
      criticalCpuUsage: 90,
      criticalMemoryUsage: 95,
      criticalErrorRate: 10,
      criticalResponseTime: 500,
      criticalThroughputDrop: 50,
    },
  },
}
Getting active thresholds...
Active thresholds: {
  "responseTime": {
    "warning": 100,
    "critical": 150,
    "unit": "ms",
    "direction": "above"
  },
  "throughput": {
    "warning": 80,
    "critical": 50,
    "unit": "ops/sec",
    "direction": "below"
  },
  "errorRate": {
    "warning": 5,
    "critical": 10,
    "unit": "%",
    "direction": "above"
  },
  "resourceUsage": {
    "cpu": {
      "warning": 70,
      "critical": 80,
      "unit": "%",
      "direction": "above"
    },
    "memory": {
      "warning": 75,
      "critical": 85,
      "unit": "%",
      "direction": "above"
    },
    "network": {
      "warning": 80,
      "critical": 95,
      "unit": "%",
      "direction": "above"
    },
    "disk": {
      "warning": 80,
      "critical": 95,
      "unit": "%",
      "direction": "above"
    }
  }
}
Creating metrics with CPU 80%...
Metrics: {
  "timestamp": "2025-08-08T18:08:57.378Z",
  "responseTime": {
    "min": 25,
    "max": 100,
    "avg": 50,
    "p50": 45,
    "p95": 75,
    "p99": 90
  },
  "throughput": {
    "totalOperations": 1000,
    "operationsPerSecond": 100,
    "successfulOperations": 900,
    "failedOperations": 10
  },
  "errors": {
    "totalErrors": 10,
    "errorRate": 1,
    "errorTypes": {}
  },
  "system": {
    "cpuUsage": 80,
    "memoryUsage": 3435973836,
    "networkBandwidth": 116.2496132737613,
    "diskIO": 62.78479138150967
  }
}
Applying dynamic optimization...
DEBUG: CPU check {
  cpuUsage: 80,
  threshold: 70,
  condition: true,
}
DEBUG: Adding CPU action
[RealTimeOptimizer] Dynamic optimization applied {
  actionsCount: 1,
  metrics: {
    responseTime: 50,
    throughput: 100,
    errorRate: 1,
    cpuUsage: 80,
  },
}
Actions: [
  {
    "type": "configuration",
    "component": "system",
    "action": "reduce_cpu_load",
    "parameters": {
      "targetUsage": 56,
      "method": "throttling"
    },
    "reversible": true,
    "impact": "medium"
  }
]
[RealTimeOptimizer] Real-time optimizer stopped 

src/client/offline/day1-summary.test.ts:
❌ Import failed: export 'INetworkDetector' not found in './network-detector.interface'
(pass) Offline Core Infrastructure - Summary > should have all required exports [3.76ms]
✅ Basic operations completed in 0.34ms
(pass) Offline Core Infrastructure - Summary > should meet performance requirements [0.36ms]
✅ Core Offline Infrastructure
✅ OfflineManager Implementation
✅ LocalDataCache Implementation
✅ StorageOptimizer Implementation
✅ TypeScript Interfaces
✅ Performance Requirements
✅ Event System
✅ Configuration Management
✅ Network Detection
✅ Storage Optimization

📊 Day 1 Completion: 10/10 (100%)
(pass) Offline Core Infrastructure - Summary > should validate Day 1 requirements checklist [0.05ms]

🎉 Phase 5.3 Day 1 Achievements:

📁 Core Infrastructure:
  ✅ OfflineManager: Central offline mode management with event system
  ✅ LocalDataCache: IndexedDB-based caching with compression support
  ✅ StorageOptimizer: Multiple optimization strategies (LRU, size-based, etc.)

📁 Performance:
  ✅ Cache Operations: <10ms target achieved
  ✅ Initialization: <100ms target achieved
  ✅ Memory Efficiency: Optimized data structures and cleanup

📁 Features:
  ✅ Network Detection: Automatic online/offline detection
  ✅ Event System: Comprehensive event handling
  ✅ Configuration: Flexible configuration management
  ✅ Storage Management: Automatic cleanup and optimization
(pass) Offline Core Infrastructure - Summary > should document Day 1 achievements [0.11ms]

🔮 Day 2 Plan: Conflict Resolution System
  📋 Conflict Detection: Implement conflict detection algorithms
  📋 Resolution Strategies: Client-wins, server-wins, manual, timestamp-based
  📋 Custom Resolvers: Support for user-defined resolution logic
  📋 Conflict Storage: Persistent conflict tracking
  📋 Resolution UI: User interface for manual conflict resolution
(pass) Offline Core Infrastructure - Summary > should prepare for Day 2: Conflict Resolution System

packages/guide/test/user.test.ts:
(skip) Guide User API > sign-up new user

packages/guide/test/minimal.test.ts:
(skip) minimal HTTP test

packages/guide/test/compatibility.test.ts:
(pass) Guide Project Compatibility > should import all required MikroORM exports [0.37ms]
(pass) Guide Project Compatibility > should be able to create configuration [0.47ms]
(pass) Guide Project Compatibility > should be able to import db module [1.74ms]

packages/guide/test/article.test.ts:
(skip) Guide Articles API > list articles should return empty list initially

packages/collection-store-mikro-orm/test/schema.test.ts:
[nativeInsertMany] final result: {
  "insertIds": [],
  "affectedRows": 1,
  "rows": [
    {
      "name": "Schema Test User",
      "email": "schema@example.com",
      "isActive": true,
      "createdAt": "2025-08-08T18:08:57.776Z",
      "updatedAt": "2025-08-08T18:08:57.776Z",
      "id": 0
    }
  ],
  "insertId": 0
}
[CSDatabase] Clearing 0 savepoints before commit
(pass) MikroORM Schema > should create schema successfully [29.41ms]
[nativeInsertMany] final result: {
  "insertIds": [],
  "affectedRows": 1,
  "rows": [
    {
      "name": "Before Refresh",
      "email": "before@example.com",
      "isActive": true,
      "createdAt": "2025-08-08T18:08:57.792Z",
      "updatedAt": "2025-08-08T18:08:57.792Z",
      "id": 0
    }
  ],
  "insertId": 0
}
[CSDatabase] Clearing 0 savepoints before commit
[nativeInsertMany] final result: {
  "insertIds": [],
  "affectedRows": 1,
  "rows": [
    {
      "name": "After Refresh",
      "email": "after@example.com",
      "isActive": true,
      "createdAt": "2025-08-08T18:08:57.797Z",
      "updatedAt": "2025-08-08T18:08:57.797Z",
      "id": 0
    }
  ],
  "insertId": 0
}
[CSDatabase] Clearing 0 savepoints before commit
(pass) MikroORM Schema > should refresh database schema [13.93ms]
[nativeInsertMany] final result: {
  "insertIds": [],
  "affectedRows": 1,
  "rows": [
    {
      "name": "Schema Update Test",
      "email": "update@example.com",
      "isActive": true,
      "createdAt": "2025-08-08T18:08:57.805Z",
      "updatedAt": "2025-08-08T18:08:57.805Z",
      "id": 0
    }
  ],
  "insertId": 0
}
[CSDatabase] Clearing 0 savepoints before commit
(pass) MikroORM Schema > should update schema [7.17ms]
[nativeInsertMany] final result: {
  "insertIds": [],
  "affectedRows": 1,
  "rows": [
    {
      "name": "Index Test User",
      "email": "index@example.com",
      "isActive": true,
      "createdAt": "2025-08-08T18:08:57.818Z",
      "updatedAt": "2025-08-08T18:08:57.818Z",
      "id": 0
    }
  ],
  "insertId": 0
}
[CSDatabase] Clearing 0 savepoints before commit
(pass) MikroORM Schema > should ensure indexes [12.48ms]
[nativeInsertMany] final result: {
  "insertIds": [],
  "affectedRows": 1,
  "rows": [
    {
      "name": "To Be Dropped",
      "email": "drop@example.com",
      "isActive": true,
      "createdAt": "2025-08-08T18:08:57.822Z",
      "updatedAt": "2025-08-08T18:08:57.822Z",
      "id": 0
    }
  ],
  "insertId": 0
}
[CSDatabase] Clearing 0 savepoints before commit
(pass) MikroORM Schema > should drop schema [5.40ms]
[nativeInsertMany] final result: {
  "insertIds": [],
  "affectedRows": 1,
  "rows": [
    {
      "name": "Options Test",
      "email": "options@example.com",
      "isActive": true,
      "createdAt": "2025-08-08T18:08:57.833Z",
      "updatedAt": "2025-08-08T18:08:57.833Z",
      "id": 0
    }
  ],
  "insertId": 0
}
[CSDatabase] Clearing 0 savepoints before commit
(pass) MikroORM Schema > should handle schema operations with options [9.27ms]
[nativeInsertMany] final result: {
  "insertIds": [],
  "affectedRows": 1,
  "rows": [
    {
      "name": "Multi Entity User",
      "email": "multi@example.com",
      "isActive": true,
      "createdAt": "2025-08-08T18:08:57.836Z",
      "updatedAt": "2025-08-08T18:08:57.836Z",
      "id": 0
    }
  ],
  "insertId": 0
}
[nativeInsertMany] final result: {
  "insertIds": [],
  "affectedRows": 1,
  "rows": [
    {
      "title": "Multi Entity Post",
      "content": "Content for multi entity test",
      "author": 0,
      "published": false,
      "createdAt": "2025-08-08T18:08:57.836Z",
      "updatedAt": "2025-08-08T18:08:57.836Z",
      "id": 0
    }
  ],
  "insertId": 0
}
[CSDatabase] Clearing 0 savepoints before commit
(pass) MikroORM Schema > should work with multiple entities [6.57ms]
(pass) MikroORM Schema > should handle schema generator registration [2.75ms]

packages/collection-store-mikro-orm/test/index.test.ts:
(pass) MikroORM Basic > should initialize ORM successfully [5.08ms]
[nativeInsertMany] final result: {
  "insertIds": [],
  "affectedRows": 1,
  "rows": [
    {
      "name": "John Doe",
      "email": "john@example.com",
      "age": 30,
      "isActive": true,
      "createdAt": "2025-08-08T18:08:57.855Z",
      "updatedAt": "2025-08-08T18:08:57.855Z",
      "id": 0
    }
  ],
  "insertId": 0
}
[CSDatabase] Clearing 0 savepoints before commit
(pass) MikroORM Basic > should create and persist entity [5.32ms]
[nativeInsertMany] final result: {
  "insertIds": [],
  "affectedRows": 1,
  "rows": [
    {
      "name": "Jane Doe",
      "email": "jane@example.com",
      "isActive": true,
      "createdAt": "2025-08-08T18:08:57.859Z",
      "updatedAt": "2025-08-08T18:08:57.859Z",
      "id": 0
    }
  ],
  "insertId": 0
}
[CSDatabase] Clearing 0 savepoints before commit
(pass) MikroORM Basic > should find entity by id [5.22ms]
[nativeInsertMany] final result: {
  "insertIds": [],
  "affectedRows": 3,
  "rows": [
    {
      "name": "Alice",
      "email": "alice@example.com",
      "age": 25,
      "isActive": true,
      "createdAt": "2025-08-08T18:08:57.864Z",
      "updatedAt": "2025-08-08T18:08:57.864Z",
      "id": 0
    },
    {
      "name": "Bob",
      "email": "bob@example.com",
      "age": 35,
      "isActive": true,
      "createdAt": "2025-08-08T18:08:57.864Z",
      "updatedAt": "2025-08-08T18:08:57.864Z",
      "id": 1
    },
    {
      "name": "Charlie",
      "email": "charlie@example.com",
      "age": 25,
      "isActive": true,
      "createdAt": "2025-08-08T18:08:57.864Z",
      "updatedAt": "2025-08-08T18:08:57.864Z",
      "id": 2
    }
  ],
  "insertId": 2
}
[CSDatabase] Clearing 0 savepoints before commit
(pass) MikroORM Basic > should find entities with where conditions [4.47ms]
[nativeInsertMany] final result: {
  "insertIds": [],
  "affectedRows": 1,
  "rows": [
    {
      "name": "Original Name",
      "email": "original@example.com",
      "isActive": true,
      "createdAt": "2025-08-08T18:08:57.870Z",
      "updatedAt": "2025-08-08T18:08:57.870Z",
      "id": 0
    }
  ],
  "insertId": 0
}
[CSDatabase] Clearing 0 savepoints before commit
[CSDatabase] Clearing 0 savepoints before commit
(pass) MikroORM Basic > should update entity [8.36ms]
[nativeInsertMany] final result: {
  "insertIds": [],
  "affectedRows": 1,
  "rows": [
    {
      "name": "To Delete",
      "email": "delete@example.com",
      "isActive": true,
      "createdAt": "2025-08-08T18:08:57.877Z",
      "updatedAt": "2025-08-08T18:08:57.877Z",
      "id": 0
    }
  ],
  "insertId": 0
}
[CSDatabase] Clearing 0 savepoints before commit
[CSDatabase] Clearing 0 savepoints before commit
(pass) MikroORM Basic > should delete entity [5.60ms]
(skip) MikroORM Basic > should count entities
[nativeInsertMany] final result: {
  "insertIds": [],
  "affectedRows": 1,
  "rows": [
    {
      "name": "Author",
      "email": "author@example.com",
      "isActive": true,
      "createdAt": "2025-08-08T18:08:57.882Z",
      "updatedAt": "2025-08-08T18:08:57.882Z",
      "id": 0
    }
  ],
  "insertId": 0
}
[nativeInsertMany] final result: {
  "insertIds": [],
  "affectedRows": 1,
  "rows": [
    {
      "title": "Test Post",
      "content": "This is a test post content",
      "author": 0,
      "published": false,
      "createdAt": "2025-08-08T18:08:57.882Z",
      "updatedAt": "2025-08-08T18:08:57.882Z",
      "id": 0
    }
  ],
  "insertId": 0
}
[CSDatabase] Clearing 0 savepoints before commit
(pass) MikroORM Relations > should create entities with ManyToOne relation [3.62ms]
[nativeInsertMany] final result: {
  "insertIds": [],
  "affectedRows": 1,
  "rows": [
    {
      "name": "Author",
      "email": "author@example.com",
      "isActive": true,
      "createdAt": "2025-08-08T18:08:57.886Z",
      "updatedAt": "2025-08-08T18:08:57.886Z",
      "id": 0
    }
  ],
  "insertId": 0
}
[nativeInsertMany] final result: {
  "insertIds": [],
  "affectedRows": 1,
  "rows": [
    {
      "title": "Test Post",
      "content": "Content",
      "author": 0,
      "published": false,
      "createdAt": "2025-08-08T18:08:57.886Z",
      "updatedAt": "2025-08-08T18:08:57.886Z",
      "id": 0
    }
  ],
  "insertId": 0
}
[CSDatabase] Clearing 0 savepoints before commit
(pass) MikroORM Relations > should load ManyToOne relation [5.82ms]
[nativeInsertMany] final result: {
  "insertIds": [],
  "affectedRows": 1,
  "rows": [
    {
      "name": "Prolific Author",
      "email": "prolific@example.com",
      "isActive": true,
      "createdAt": "2025-08-08T18:08:57.894Z",
      "updatedAt": "2025-08-08T18:08:57.894Z",
      "id": 0
    }
  ],
  "insertId": 0
}
[nativeInsertMany] final result: {
  "insertIds": [],
  "affectedRows": 2,
  "rows": [
    {
      "title": "First Post",
      "content": "First content",
      "author": 0,
      "published": false,
      "createdAt": "2025-08-08T18:08:57.894Z",
      "updatedAt": "2025-08-08T18:08:57.894Z",
      "id": 0
    },
    {
      "title": "Second Post",
      "content": "Second content",
      "author": 0,
      "published": false,
      "createdAt": "2025-08-08T18:08:57.895Z",
      "updatedAt": "2025-08-08T18:08:57.895Z",
      "id": 1
    }
  ],
  "insertId": 1
}
[CSDatabase] Clearing 0 savepoints before commit
(pass) MikroORM Relations > should work with OneToMany collection [8.37ms]
[nativeInsertMany] final result: {
  "insertIds": [],
  "affectedRows": 2,
  "rows": [
    {
      "name": "Author One",
      "email": "author1@example.com",
      "isActive": true,
      "createdAt": "2025-08-08T18:08:57.901Z",
      "updatedAt": "2025-08-08T18:08:57.901Z",
      "id": 0
    },
    {
      "name": "Author Two",
      "email": "author2@example.com",
      "isActive": true,
      "createdAt": "2025-08-08T18:08:57.901Z",
      "updatedAt": "2025-08-08T18:08:57.901Z",
      "id": 1
    }
  ],
  "insertId": 1
}
[nativeInsertMany] final result: {
  "insertIds": [],
  "affectedRows": 3,
  "rows": [
    {
      "title": "Post by Author 1",
      "content": "Content 1",
      "author": 0,
      "published": false,
      "createdAt": "2025-08-08T18:08:57.901Z",
      "updatedAt": "2025-08-08T18:08:57.901Z",
      "id": 0
    },
    {
      "title": "Another Post by Author 1",
      "content": "Content 2",
      "author": 0,
      "published": false,
      "createdAt": "2025-08-08T18:08:57.901Z",
      "updatedAt": "2025-08-08T18:08:57.901Z",
      "id": 1
    },
    {
      "title": "Post by Author 2",
      "content": "Content 3",
      "author": 1,
      "published": false,
      "createdAt": "2025-08-08T18:08:57.901Z",
      "updatedAt": "2025-08-08T18:08:57.901Z",
      "id": 2
    }
  ],
  "insertId": 2
}
[CSDatabase] Clearing 0 savepoints before commit
(pass) MikroORM Relations > should find posts by author [4.68ms]
[nativeInsertMany] final result: {
  "insertIds": [],
  "affectedRows": 1,
  "rows": [
    {
      "name": "User to Delete",
      "email": "delete@example.com",
      "isActive": true,
      "createdAt": "2025-08-08T18:08:57.905Z",
      "updatedAt": "2025-08-08T18:08:57.905Z",
      "id": 0
    }
  ],
  "insertId": 0
}
[nativeInsertMany] final result: {
  "insertIds": [],
  "affectedRows": 1,
  "rows": [
    {
      "title": "Post to be orphaned",
      "content": "Content",
      "author": 0,
      "published": false,
      "createdAt": "2025-08-08T18:08:57.905Z",
      "updatedAt": "2025-08-08T18:08:57.905Z",
      "id": 0
    }
  ],
  "insertId": 0
}
[CSDatabase] Clearing 0 savepoints before commit
[CSDatabase] Clearing 0 savepoints before commit
(pass) MikroORM Relations > should handle cascade operations [4.31ms]
[nativeInsertMany] final result: {
  "insertIds": [],
  "affectedRows": 3,
  "rows": [
    {
      "name": "Alice",
      "email": "alice@example.com",
      "age": 25,
      "isActive": true,
      "createdAt": "2025-08-08T18:08:57.909Z",
      "updatedAt": "2025-08-08T18:08:57.909Z",
      "id": 0
    },
    {
      "name": "Bob",
      "email": "bob@example.com",
      "age": 35,
      "isActive": true,
      "createdAt": "2025-08-08T18:08:57.909Z",
      "updatedAt": "2025-08-08T18:08:57.909Z",
      "id": 1
    },
    {
      "name": "Charlie",
      "email": "charlie@example.com",
      "age": 30,
      "isActive": true,
      "createdAt": "2025-08-08T18:08:57.909Z",
      "updatedAt": "2025-08-08T18:08:57.909Z",
      "id": 2
    }
  ],
  "insertId": 2
}
[CSDatabase] Clearing 0 savepoints before commit
(pass) MikroORM Custom Methods > should use first() method [6.05ms]
[nativeInsertMany] final result: {
  "insertIds": [],
  "affectedRows": 3,
  "rows": [
    {
      "name": "Alice",
      "email": "alice@example.com",
      "age": 25,
      "isActive": true,
      "createdAt": "2025-08-08T18:08:57.915Z",
      "updatedAt": "2025-08-08T18:08:57.915Z",
      "id": 0
    },
    {
      "name": "Bob",
      "email": "bob@example.com",
      "age": 35,
      "isActive": true,
      "createdAt": "2025-08-08T18:08:57.916Z",
      "updatedAt": "2025-08-08T18:08:57.916Z",
      "id": 1
    },
    {
      "name": "Charlie",
      "email": "charlie@example.com",
      "age": 30,
      "isActive": true,
      "createdAt": "2025-08-08T18:08:57.916Z",
      "updatedAt": "2025-08-08T18:08:57.916Z",
      "id": 2
    }
  ],
  "insertId": 2
}
[CSDatabase] Clearing 0 savepoints before commit
(pass) MikroORM Custom Methods > should use last() method [4.11ms]
[nativeInsertMany] final result: {
  "insertIds": [],
  "affectedRows": 1,
  "rows": [
    {
      "name": "Test User",
      "email": "test@example.com",
      "isActive": true,
      "createdAt": "2025-08-08T18:08:57.919Z",
      "updatedAt": "2025-08-08T18:08:57.919Z",
      "id": 0
    }
  ],
  "insertId": 0
}
[CSDatabase] Clearing 0 savepoints before commit
(pass) MikroORM Custom Methods > should use findById() method [3.45ms]
[nativeInsertMany] final result: {
  "insertIds": [],
  "affectedRows": 3,
  "rows": [
    {
      "name": "Alice",
      "email": "alice@example.com",
      "age": 25,
      "isActive": true,
      "createdAt": "2025-08-08T18:08:57.928Z",
      "updatedAt": "2025-08-08T18:08:57.928Z",
      "id": 0
    },
    {
      "name": "Bob",
      "email": "bob@example.com",
      "age": 35,
      "isActive": true,
      "createdAt": "2025-08-08T18:08:57.928Z",
      "updatedAt": "2025-08-08T18:08:57.928Z",
      "id": 1
    },
    {
      "name": "Charlie",
      "email": "charlie@example.com",
      "age": 25,
      "isActive": true,
      "createdAt": "2025-08-08T18:08:57.928Z",
      "updatedAt": "2025-08-08T18:08:57.928Z",
      "id": 2
    }
  ],
  "insertId": 2
}
[CSDatabase] Clearing 0 savepoints before commit
(pass) MikroORM Custom Methods > should use findBy() method [9.58ms]
[nativeInsertMany] final result: {
  "insertIds": [],
  "affectedRows": 3,
  "rows": [
    {
      "name": "Alice",
      "email": "alice@example.com",
      "age": 25,
      "isActive": true,
      "createdAt": "2025-08-08T18:08:57.935Z",
      "updatedAt": "2025-08-08T18:08:57.935Z",
      "id": 0
    },
    {
      "name": "Bob",
      "email": "bob@example.com",
      "age": 35,
      "isActive": true,
      "createdAt": "2025-08-08T18:08:57.935Z",
      "updatedAt": "2025-08-08T18:08:57.935Z",
      "id": 1
    },
    {
      "name": "Charlie",
      "email": "charlie@example.com",
      "age": 25,
      "isActive": true,
      "createdAt": "2025-08-08T18:08:57.935Z",
      "updatedAt": "2025-08-08T18:08:57.935Z",
      "id": 2
    }
  ],
  "insertId": 2
}
[CSDatabase] Clearing 0 savepoints before commit
(pass) MikroORM Custom Methods > should use findFirstBy() method [6.26ms]
[nativeInsertMany] final result: {
  "insertIds": [],
  "affectedRows": 3,
  "rows": [
    {
      "name": "Alice",
      "email": "alice@example.com",
      "age": 25,
      "isActive": true,
      "createdAt": "2025-08-08T18:08:57.939Z",
      "updatedAt": "2025-08-08T18:08:57.939Z",
      "id": 0
    },
    {
      "name": "Bob",
      "email": "bob@example.com",
      "age": 35,
      "isActive": true,
      "createdAt": "2025-08-08T18:08:57.939Z",
      "updatedAt": "2025-08-08T18:08:57.939Z",
      "id": 1
    },
    {
      "name": "Charlie",
      "email": "charlie@example.com",
      "age": 25,
      "isActive": true,
      "createdAt": "2025-08-08T18:08:57.939Z",
      "updatedAt": "2025-08-08T18:08:57.939Z",
      "id": 2
    }
  ],
  "insertId": 2
}
[CSDatabase] Clearing 0 savepoints before commit
(pass) MikroORM Custom Methods > should use findLastBy() method [3.99ms]
[nativeInsertMany] final result: {
  "insertIds": [],
  "affectedRows": 3,
  "rows": [
    {
      "name": "Alice",
      "email": "alice@example.com",
      "age": 25,
      "isActive": true,
      "createdAt": "2025-08-08T18:08:57.944Z",
      "updatedAt": "2025-08-08T18:08:57.944Z",
      "id": 0
    },
    {
      "name": "Bob",
      "email": "bob@example.com",
      "age": 35,
      "isActive": true,
      "createdAt": "2025-08-08T18:08:57.944Z",
      "updatedAt": "2025-08-08T18:08:57.944Z",
      "id": 1
    },
    {
      "name": "Charlie",
      "email": "charlie@example.com",
      "age": 20,
      "isActive": true,
      "createdAt": "2025-08-08T18:08:57.944Z",
      "updatedAt": "2025-08-08T18:08:57.944Z",
      "id": 2
    }
  ],
  "insertId": 2
}
[CSDatabase] Clearing 0 savepoints before commit
(pass) MikroORM Custom Methods > should use lowest() method [7.28ms]
[nativeInsertMany] final result: {
  "insertIds": [],
  "affectedRows": 3,
  "rows": [
    {
      "name": "Alice",
      "email": "alice@example.com",
      "age": 25,
      "isActive": true,
      "createdAt": "2025-08-08T18:08:57.964Z",
      "updatedAt": "2025-08-08T18:08:57.964Z",
      "id": 0
    },
    {
      "name": "Bob",
      "email": "bob@example.com",
      "age": 35,
      "isActive": true,
      "createdAt": "2025-08-08T18:08:57.964Z",
      "updatedAt": "2025-08-08T18:08:57.964Z",
      "id": 1
    },
    {
      "name": "Charlie",
      "email": "charlie@example.com",
      "age": 20,
      "isActive": true,
      "createdAt": "2025-08-08T18:08:57.964Z",
      "updatedAt": "2025-08-08T18:08:57.964Z",
      "id": 2
    }
  ],
  "insertId": 2
}
[CSDatabase] Clearing 0 savepoints before commit
(pass) MikroORM Custom Methods > should use greatest() method [19.44ms]
[nativeInsertMany] final result: {
  "insertIds": [],
  "affectedRows": 1,
  "rows": [
    {
      "name": "First User",
      "email": "first@example.com",
      "isActive": true,
      "createdAt": "2025-08-08T18:08:57.970Z",
      "updatedAt": "2025-08-08T18:08:57.970Z",
      "id": 0
    }
  ],
  "insertId": 0
}
[CSDatabase] Clearing 0 savepoints before commit
[nativeInsertMany] final result: {
  "insertIds": [],
  "affectedRows": 1,
  "rows": [
    {
      "name": "Second User",
      "email": "second@example.com",
      "isActive": true,
      "createdAt": "2025-08-08T18:08:57.982Z",
      "updatedAt": "2025-08-08T18:08:57.982Z",
      "id": 1
    }
  ],
  "insertId": 1
}
[CSDatabase] Clearing 0 savepoints before commit
(pass) MikroORM Custom Methods > should use oldest() and latest() methods [16.92ms]
[nativeInsertMany] final result: {
  "insertIds": [],
  "affectedRows": 1,
  "rows": [
    {
      "name": "Repository Test",
      "email": "repo@example.com",
      "age": 30,
      "isActive": true,
      "createdAt": "2025-08-08T18:08:57.987Z",
      "updatedAt": "2025-08-08T18:08:57.987Z",
      "id": 0
    }
  ],
  "insertId": 0
}
[CSDatabase] Clearing 0 savepoints before commit
(pass) MikroORM Custom Methods > should work with repository methods [4.33ms]
[nativeInsertMany] final result: {
  "insertIds": [],
  "affectedRows": 1,
  "rows": [
    {
      "name": "Transaction User",
      "email": "transaction@example.com",
      "isActive": true,
      "createdAt": "2025-08-08T18:08:57.994Z",
      "updatedAt": "2025-08-08T18:08:57.994Z",
      "id": 0
    }
  ],
  "insertId": 0
}
[CSDatabase] Clearing 0 savepoints before commit
(pass) MikroORM Transactions > should commit transaction successfully [7.69ms]
[nativeInsertMany] final result: {
  "insertIds": [],
  "affectedRows": 1,
  "rows": [
    {
      "name": "Rollback User",
      "email": "rollback@example.com",
      "isActive": true,
      "createdAt": "2025-08-08T18:08:57.999Z",
      "updatedAt": "2025-08-08T18:08:57.999Z",
      "id": 0
    }
  ],
  "insertId": 0
}
[CSDatabase] Clearing 0 savepoints before abort
(pass) MikroORM Transactions > should rollback transaction on error [4.56ms]
[nativeInsertMany] final result: {
  "insertIds": [],
  "affectedRows": 1,
  "rows": [
    {
      "name": "Outer User",
      "email": "outer@example.com",
      "isActive": true,
      "createdAt": "2025-08-08T18:08:58.004Z",
      "updatedAt": "2025-08-08T18:08:58.004Z",
      "id": 0
    }
  ],
  "insertId": 0
}
[CSDatabase] Creating savepoint 'nested_tx_1754676538005_i72bp93' (csdb-sp-679aaff1-435f-475e-82f1-3ba39686dd97-1-1754676538005) for transaction 679aaff1-435f-475e-82f1-3ba39686dd97
[CSDatabase] Created savepoint 'nested_tx_1754676538005_i72bp93' (csdb-sp-679aaff1-435f-475e-82f1-3ba39686dd97-1-1754676538005) with 3 collections and 0 B+ Tree contexts
[CollectionStoreConnection] Created savepoint 'nested_tx_1754676538005_i72bp93' for nested transaction
[nativeInsertMany] final result: {
  "insertIds": [],
  "affectedRows": 1,
  "rows": [
    {
      "name": "Inner User",
      "email": "inner@example.com",
      "isActive": true,
      "createdAt": "2025-08-08T18:08:58.005Z",
      "updatedAt": "2025-08-08T18:08:58.005Z",
      "id": 1
    }
  ],
  "insertId": 1
}
[CSDatabase] Releasing savepoint 'nested_tx_1754676538005_i72bp93' (csdb-sp-679aaff1-435f-475e-82f1-3ba39686dd97-1-1754676538005)
[CSDatabase] Released savepoint 'nested_tx_1754676538005_i72bp93' (csdb-sp-679aaff1-435f-475e-82f1-3ba39686dd97-1-1754676538005)
[CollectionStoreConnection] Released savepoint 'nested_tx_1754676538005_i72bp93' after successful nested transaction
[CSDatabase] Clearing 0 savepoints before commit
(pass) MikroORM Transactions > should handle nested transactions [5.98ms]
[nativeInsertMany] final result: {
  "insertIds": [],
  "affectedRows": 1,
  "rows": [
    {
      "name": "Outer User",
      "email": "outer@example.com",
      "isActive": true,
      "createdAt": "2025-08-08T18:08:58.014Z",
      "updatedAt": "2025-08-08T18:08:58.014Z",
      "id": 0
    }
  ],
  "insertId": 0
}
[CSDatabase] Creating savepoint 'nested_tx_1754676538015_vdyypg5' (csdb-sp-d227c948-70e7-4eb6-a0bc-32ec0f42545c-1-1754676538015) for transaction d227c948-70e7-4eb6-a0bc-32ec0f42545c
[CSDatabase] Created savepoint 'nested_tx_1754676538015_vdyypg5' (csdb-sp-d227c948-70e7-4eb6-a0bc-32ec0f42545c-1-1754676538015) with 3 collections and 0 B+ Tree contexts
[CollectionStoreConnection] Created savepoint 'nested_tx_1754676538015_vdyypg5' for nested transaction
[nativeInsertMany] final result: {
  "insertIds": [],
  "affectedRows": 1,
  "rows": [
    {
      "name": "Inner User",
      "email": "inner@example.com",
      "isActive": true,
      "createdAt": "2025-08-08T18:08:58.015Z",
      "updatedAt": "2025-08-08T18:08:58.015Z",
      "id": 1
    }
  ],
  "insertId": 1
}
[CSDatabase] Rolling back to savepoint 'nested_tx_1754676538015_vdyypg5' (csdb-sp-d227c948-70e7-4eb6-a0bc-32ec0f42545c-1-1754676538015)
[CSDatabase] Restored collection 'mikro_orm_migrations' with 0 items
[CSDatabase] Restored collection 'TestUser' with 1 items
[CSDatabase] Restored collection 'TestPost' with 0 items
[CSDatabase] Rollback completed. Restored 3 collections
[CollectionStoreConnection] Rolled back to savepoint 'nested_tx_1754676538015_vdyypg5' after nested transaction error
[CSDatabase] Clearing 1 savepoints before abort
(pass) MikroORM Transactions > should rollback nested transaction on inner error [9.32ms]
[nativeInsertMany] final result: {
  "insertIds": [],
  "affectedRows": 1,
  "rows": [
    {
      "name": "Multi Op User",
      "email": "multiop@example.com",
      "age": 30,
      "isActive": true,
      "createdAt": "2025-08-08T18:08:58.019Z",
      "updatedAt": "2025-08-08T18:08:58.019Z",
      "id": 0
    }
  ],
  "insertId": 0
}
[nativeInsertMany] final result: {
  "insertIds": [],
  "affectedRows": 2,
  "rows": [
    {
      "title": "First Post",
      "content": "Content 1",
      "author": 0,
      "published": false,
      "createdAt": "2025-08-08T18:08:58.019Z",
      "updatedAt": "2025-08-08T18:08:58.019Z",
      "id": 0
    },
    {
      "title": "Second Post",
      "content": "Content 2",
      "author": 0,
      "published": false,
      "createdAt": "2025-08-08T18:08:58.019Z",
      "updatedAt": "2025-08-08T18:08:58.019Z",
      "id": 1
    }
  ],
  "insertId": 1
}
[CSDatabase] Clearing 0 savepoints before commit
(pass) MikroORM Transactions > should handle multiple operations in transaction [5.03ms]
[nativeInsertMany] final result: {
  "insertIds": [],
  "affectedRows": 1,
  "rows": [
    {
      "name": "Transaction 1 User",
      "email": "tx1@example.com",
      "isActive": true,
      "createdAt": "2025-08-08T18:08:58.024Z",
      "updatedAt": "2025-08-08T18:08:58.024Z",
      "id": 0
    }
  ],
  "insertId": 0
}
[CSDatabase] Clearing 0 savepoints before commit
[nativeInsertMany] final result: {
  "insertIds": [],
  "affectedRows": 1,
  "rows": [
    {
      "name": "Transaction 2 User",
      "email": "tx2@example.com",
      "isActive": true,
      "createdAt": "2025-08-08T18:08:58.025Z",
      "updatedAt": "2025-08-08T18:08:58.025Z",
      "id": 1
    }
  ],
  "insertId": 1
}
[CSDatabase] Clearing 0 savepoints before commit
(pass) MikroORM Transactions > should isolate transactions [5.48ms]
[nativeInsertMany] final result: {
  "insertIds": [],
  "affectedRows": 1,
  "rows": [
    {
      "name": "Isolation User",
      "email": "isolation@example.com",
      "isActive": true,
      "createdAt": "2025-08-08T18:08:58.032Z",
      "updatedAt": "2025-08-08T18:08:58.032Z",
      "id": 0
    }
  ],
  "insertId": 0
}
[CSDatabase] Clearing 0 savepoints before commit
(pass) MikroORM Transactions > should handle transaction with custom isolation level [6.93ms]

packages/collection-store-mikro-orm/test/transactions.test.ts:

packages/collection-store-mikro-orm/test/relations.test.ts:

packages/collection-store-mikro-orm/test/simple.test.ts:
[nativeInsertMany] final result: {
  "insertIds": [],
  "affectedRows": 1,
  "rows": [
    {
      "name": "Test User",
      "email": "test@example.com",
      "age": 30,
      "isActive": true,
      "createdAt": "2025-08-08T18:08:58.040Z",
      "updatedAt": "2025-08-08T18:08:58.040Z",
      "id": 0
    }
  ],
  "insertId": 0
}
[CSDatabase] Clearing 0 savepoints before commit
[CSDatabase] Clearing 0 savepoints before commit
[CSDatabase] Clearing 0 savepoints before commit
(pass) MikroORM Simple > should work with basic CRUD operations [5.99ms]
[nativeInsertMany] final result: {
  "insertIds": [],
  "affectedRows": 1,
  "rows": [
    {
      "name": "Author",
      "email": "author@example.com",
      "isActive": true,
      "createdAt": "2025-08-08T18:08:58.045Z",
      "updatedAt": "2025-08-08T18:08:58.045Z",
      "id": 0
    }
  ],
  "insertId": 0
}
[nativeInsertMany] final result: {
  "insertIds": [],
  "affectedRows": 1,
  "rows": [
    {
      "title": "Test Post",
      "content": "Test content",
      "author": 0,
      "published": false,
      "createdAt": "2025-08-08T18:08:58.045Z",
      "updatedAt": "2025-08-08T18:08:58.045Z",
      "id": 0
    }
  ],
  "insertId": 0
}
[CSDatabase] Clearing 0 savepoints before commit
(pass) MikroORM Simple > should work with relations [3.46ms]
[nativeInsertMany] final result: {
  "insertIds": [],
  "affectedRows": 1,
  "rows": [
    {
      "name": "Transaction User",
      "email": "tx@example.com",
      "isActive": true,
      "createdAt": "2025-08-08T18:08:58.051Z",
      "updatedAt": "2025-08-08T18:08:58.051Z",
      "id": 0
    }
  ],
  "insertId": 0
}
[CSDatabase] Clearing 0 savepoints before commit
(pass) MikroORM Simple > should handle simple transactions [5.69ms]

packages/collection-store-mikro-orm/test/compatibility.test.ts:
(pass) MikroORM Compatibility > Core MikroORM Exports > should export all essential MikroORM decorators [0.08ms]
(pass) MikroORM Compatibility > Core MikroORM Exports > should export all essential MikroORM types [0.10ms]
(pass) MikroORM Compatibility > Core MikroORM Exports > should export Collection Store specific classes [0.03ms]
(pass) MikroORM Compatibility > Core MikroORM Exports > should export Collection Store specific aliases [0.08ms]
(pass) MikroORM Compatibility > Core MikroORM Exports > should export error types [0.02ms]
(pass) MikroORM Compatibility > Configuration Helper > should create valid configuration with defaults [0.08ms]
(pass) MikroORM Compatibility > Configuration Helper > should merge user options with defaults [0.02ms]
(pass) MikroORM Compatibility > Error Types > should create proper error instances [0.17ms]

packages/collection-store-mikro-orm/test/basic.test.ts:

packages/collection-store-mikro-orm/test/custom-methods.test.ts:

packages/collection-store-mikro-orm/test/savepoint.test.ts:
(pass) MikroORM Savepoint > Platform savepoint support > should report savepoint support [0.05ms]
(pass) MikroORM Savepoint > Connection savepoint methods > should have savepoint methods available
[CSDatabase] Creating savepoint 'manual-test' (csdb-sp-e4406049-2080-4438-a1a6-3d25a067c623-1-1754676538064) for transaction e4406049-2080-4438-a1a6-3d25a067c623
[CSDatabase] Created savepoint 'manual-test' (csdb-sp-e4406049-2080-4438-a1a6-3d25a067c623-1-1754676538064) with 3 collections and 0 B+ Tree contexts
[CSDatabase] Releasing savepoint 'manual-test' (csdb-sp-e4406049-2080-4438-a1a6-3d25a067c623-1-1754676538064)
[CSDatabase] Released savepoint 'manual-test' (csdb-sp-e4406049-2080-4438-a1a6-3d25a067c623-1-1754676538064)
[CSDatabase] Clearing 0 savepoints before commit
(pass) MikroORM Savepoint > Connection savepoint methods > should create and release savepoint manually [1.15ms]
[nativeInsertMany] final result: {
  "insertIds": [],
  "affectedRows": 1,
  "rows": [
    {
      "id": 1,
      "name": "Bob",
      "email": "bob@example.com"
    }
  ],
  "insertId": 1
}
[CSDatabase] Clearing 0 savepoints before commit
[CSDatabase] Creating savepoint 'nested_tx_1754676538073_htmgt0g' (csdb-sp-1743017a-6295-4bfe-be88-7bee8ce86508-1-1754676538073) for transaction 1743017a-6295-4bfe-be88-7bee8ce86508
[CSDatabase] Created savepoint 'nested_tx_1754676538073_htmgt0g' (csdb-sp-1743017a-6295-4bfe-be88-7bee8ce86508-1-1754676538073) with 3 collections and 0 B+ Tree contexts
[CollectionStoreConnection] Created savepoint 'nested_tx_1754676538073_htmgt0g' for nested transaction
[CSDatabase] Releasing savepoint 'nested_tx_1754676538073_htmgt0g' (csdb-sp-1743017a-6295-4bfe-be88-7bee8ce86508-1-1754676538073)
[CSDatabase] Released savepoint 'nested_tx_1754676538073_htmgt0g' (csdb-sp-1743017a-6295-4bfe-be88-7bee8ce86508-1-1754676538073)
[CollectionStoreConnection] Released savepoint 'nested_tx_1754676538073_htmgt0g' after successful nested transaction
[CSDatabase] Clearing 0 savepoints before commit
(pass) MikroORM Savepoint > Nested transactions with savepoints > should handle simple nested transaction [5.84ms]
[nativeInsertMany] final result: {
  "insertIds": [],
  "affectedRows": 1,
  "rows": [
    {
      "id": 2,
      "name": "Charlie",
      "email": "charlie@example.com"
    }
  ],
  "insertId": 2
}
[CSDatabase] Clearing 0 savepoints before commit
[CSDatabase] Creating savepoint 'nested_tx_1754676538080_tn7aljg' (csdb-sp-c67aa6f0-7fc2-4c5f-836e-aae77e40f4de-1-1754676538081) for transaction c67aa6f0-7fc2-4c5f-836e-aae77e40f4de
[CSDatabase] Created savepoint 'nested_tx_1754676538080_tn7aljg' (csdb-sp-c67aa6f0-7fc2-4c5f-836e-aae77e40f4de-1-1754676538081) with 3 collections and 0 B+ Tree contexts
[CollectionStoreConnection] Created savepoint 'nested_tx_1754676538080_tn7aljg' for nested transaction
[CSDatabase] Rolling back to savepoint 'nested_tx_1754676538080_tn7aljg' (csdb-sp-c67aa6f0-7fc2-4c5f-836e-aae77e40f4de-1-1754676538081)
[CSDatabase] Restored collection 'Order' with 0 items
[CSDatabase] Restored collection 'User' with 1 items
[CSDatabase] Restored collection 'mikro_orm_migrations' with 0 items
[CSDatabase] Rollback completed. Restored 3 collections
[CollectionStoreConnection] Rolled back to savepoint 'nested_tx_1754676538080_tn7aljg' after nested transaction error
[CSDatabase] Clearing 1 savepoints before commit
(pass) MikroORM Savepoint > Nested transactions with savepoints > should rollback nested transaction on error [3.34ms]

packages/origina_guide/test/user.test.ts:

# Unhandled error between tests
-------------------------------
1 | (function (entry, fetcher)
              ^
SyntaxError: Export named 'Rel' not found in module '/Users/vedmalex/work/collection-store/node_modules/@mikro-orm/sqlite/index.mjs'.
      at loadAndEvaluateModule (1:11)
-------------------------------


packages/origina_guide/test/article.test.ts:

packages/collection-store/integration/debug_test.js:
Starting optimizer...
[RealTimeOptimizer] Real-time optimizer started {
  config: {
    monitoringInterval: 1000,
    cooldownPeriod: 5,
    emergencyThresholds: {
      criticalCpuUsage: 90,
      criticalMemoryUsage: 95,
      criticalErrorRate: 10,
      criticalResponseTime: 500,
      criticalThroughputDrop: 50,
    },
  },
}
Getting active thresholds...
Active thresholds: {
  "responseTime": {
    "warning": 100,
    "critical": 150,
    "unit": "ms",
    "direction": "above"
  },
  "throughput": {
    "warning": 80,
    "critical": 50,
    "unit": "ops/sec",
    "direction": "below"
  },
  "errorRate": {
    "warning": 5,
    "critical": 10,
    "unit": "%",
    "direction": "above"
  },
  "resourceUsage": {
    "cpu": {
      "warning": 70,
      "critical": 80,
      "unit": "%",
      "direction": "above"
    },
    "memory": {
      "warning": 75,
      "critical": 85,
      "unit": "%",
      "direction": "above"
    },
    "network": {
      "warning": 80,
      "critical": 95,
      "unit": "%",
      "direction": "above"
    },
    "disk": {
      "warning": 80,
      "critical": 95,
      "unit": "%",
      "direction": "above"
    }
  }
}
Creating metrics with CPU 80%...
Metrics: {
  "timestamp": "2025-08-08T18:08:58.214Z",
  "responseTime": {
    "min": 25,
    "max": 100,
    "avg": 50,
    "p50": 45,
    "p95": 75,
    "p99": 90
  },
  "throughput": {
    "totalOperations": 1000,
    "operationsPerSecond": 100,
    "successfulOperations": 900,
    "failedOperations": 10
  },
  "errors": {
    "totalErrors": 10,
    "errorRate": 1,
    "errorTypes": {}
  },
  "system": {
    "cpuUsage": 80,
    "memoryUsage": 3435973836,
    "networkBandwidth": 135.11625086779244,
    "diskIO": 52.6750977764071
  }
}
Applying dynamic optimization...
DEBUG: CPU check {
  cpuUsage: 80,
  threshold: 70,
  condition: true,
}
DEBUG: Adding CPU action
[RealTimeOptimizer] Dynamic optimization applied {
  actionsCount: 1,
  metrics: {
    responseTime: 50,
    throughput: 100,
    errorRate: 1,
    cpuUsage: 80,
  },
}
Actions: [
  {
    "type": "configuration",
    "component": "system",
    "action": "reduce_cpu_load",
    "parameters": {
      "targetUsage": 56,
      "method": "throttling"
    },
    "reversible": true,
    "impact": "medium"
  }
]
[RealTimeOptimizer] Real-time optimizer stopped 

src/client/offline/__tests__/compilation.test.ts:
(pass) Offline Compilation > should import types successfully
(pass) Offline Compilation > should create instances successfully
(pass) Offline Compilation > should have correct default configurations

src/client/offline/__tests__/day1-core-infrastructure.test.ts:
OfflineManager initialized in 0.09ms
(pass) Offline Core Infrastructure > OfflineManager > should initialize with default configuration
OfflineManager shutdown in 0.02ms
OfflineManager initialized in 0.00ms
(pass) Offline Core Infrastructure > OfflineManager > should initialize with custom configuration
OfflineManager shutdown in 0.00ms
OfflineManager initialized in 0.00ms
(pass) Offline Core Infrastructure > OfflineManager > should handle enable/disable offline mode
OfflineManager shutdown in 0.00ms
OfflineManager initialized in 0.00ms
(pass) Offline Core Infrastructure > OfflineManager > should provide network information [0.95ms]
OfflineManager shutdown in 0.00ms
OfflineManager initialized in 0.00ms
(pass) Offline Core Infrastructure > OfflineManager > should handle event listeners
OfflineManager shutdown in 0.00ms
OfflineManager initialized in 0.00ms
(pass) Offline Core Infrastructure > OfflineManager > should update configuration
OfflineManager shutdown in 0.00ms
OfflineManager initialized in 0.00ms
(pass) Offline Core Infrastructure > OfflineManager > should provide storage and sync statistics [0.35ms]
OfflineManager shutdown in 0.00ms
Failed to initialize LocalDataCache: 534 |    * Initialize IndexedDB
535 |    */
536 |   private async initializeIndexedDB(): Promise<void> {
537 |     return new Promise((resolve, reject) => {
538 |       if (typeof indexedDB === 'undefined') {
539 |         reject(new Error('IndexedDB not supported'));
                     ^
error: IndexedDB not supported
      at <anonymous> (/Users/vedmalex/work/collection-store/src/client/offline/core/local-data-cache.ts:539:16)
      at new Promise (1:11)
      at initializeIndexedDB (/Users/vedmalex/work/collection-store/src/client/offline/core/local-data-cache.ts:537:12)
      at initializeIndexedDB (/Users/vedmalex/work/collection-store/src/client/offline/core/local-data-cache.ts:536:54)
      at initialize (/Users/vedmalex/work/collection-store/src/client/offline/core/local-data-cache.ts:50:18)
      at initialize (/Users/vedmalex/work/collection-store/src/client/offline/core/local-data-cache.ts:36:20)
      at <anonymous> (/Users/vedmalex/work/collection-store/src/client/offline/__tests__/day1-core-infrastructure.test.ts:153:26)
      at <anonymous> (/Users/vedmalex/work/collection-store/src/client/offline/__tests__/day1-core-infrastructure.test.ts:143:58)

(pass) Offline Core Infrastructure > LocalDataCache > should initialize with default configuration
Failed to initialize LocalDataCache: 534 |    * Initialize IndexedDB
535 |    */
536 |   private async initializeIndexedDB(): Promise<void> {
537 |     return new Promise((resolve, reject) => {
538 |       if (typeof indexedDB === 'undefined') {
539 |         reject(new Error('IndexedDB not supported'));
                     ^
error: IndexedDB not supported
      at <anonymous> (/Users/vedmalex/work/collection-store/src/client/offline/core/local-data-cache.ts:539:16)
      at new Promise (1:11)
      at initializeIndexedDB (/Users/vedmalex/work/collection-store/src/client/offline/core/local-data-cache.ts:537:12)
      at initializeIndexedDB (/Users/vedmalex/work/collection-store/src/client/offline/core/local-data-cache.ts:536:54)
      at initialize (/Users/vedmalex/work/collection-store/src/client/offline/core/local-data-cache.ts:50:18)
      at initialize (/Users/vedmalex/work/collection-store/src/client/offline/core/local-data-cache.ts:36:20)
      at <anonymous> (/Users/vedmalex/work/collection-store/src/client/offline/__tests__/day1-core-infrastructure.test.ts:168:26)
      at <anonymous> (/Users/vedmalex/work/collection-store/src/client/offline/__tests__/day1-core-infrastructure.test.ts:166:49)

(pass) Offline Core Infrastructure > LocalDataCache > should handle configuration updates [0.38ms]
Failed to initialize LocalDataCache: 534 |    * Initialize IndexedDB
535 |    */
536 |   private async initializeIndexedDB(): Promise<void> {
537 |     return new Promise((resolve, reject) => {
538 |       if (typeof indexedDB === 'undefined') {
539 |         reject(new Error('IndexedDB not supported'));
                     ^
error: IndexedDB not supported
      at <anonymous> (/Users/vedmalex/work/collection-store/src/client/offline/core/local-data-cache.ts:539:16)
      at new Promise (1:11)
      at initializeIndexedDB (/Users/vedmalex/work/collection-store/src/client/offline/core/local-data-cache.ts:537:12)
      at initializeIndexedDB (/Users/vedmalex/work/collection-store/src/client/offline/core/local-data-cache.ts:536:54)
      at initialize (/Users/vedmalex/work/collection-store/src/client/offline/core/local-data-cache.ts:50:18)
      at initialize (/Users/vedmalex/work/collection-store/src/client/offline/core/local-data-cache.ts:36:20)
      at <anonymous> (/Users/vedmalex/work/collection-store/src/client/offline/__tests__/day1-core-infrastructure.test.ts:188:26)
      at <anonymous> (/Users/vedmalex/work/collection-store/src/client/offline/__tests__/day1-core-infrastructure.test.ts:186:45)

(pass) Offline Core Infrastructure > LocalDataCache > should provide cache statistics
Failed to initialize LocalDataCache: 534 |    * Initialize IndexedDB
535 |    */
536 |   private async initializeIndexedDB(): Promise<void> {
537 |     return new Promise((resolve, reject) => {
538 |       if (typeof indexedDB === 'undefined') {
539 |         reject(new Error('IndexedDB not supported'));
                     ^
error: IndexedDB not supported
      at <anonymous> (/Users/vedmalex/work/collection-store/src/client/offline/core/local-data-cache.ts:539:16)
      at new Promise (1:11)
      at initializeIndexedDB (/Users/vedmalex/work/collection-store/src/client/offline/core/local-data-cache.ts:537:12)
      at initializeIndexedDB (/Users/vedmalex/work/collection-store/src/client/offline/core/local-data-cache.ts:536:54)
      at initialize (/Users/vedmalex/work/collection-store/src/client/offline/core/local-data-cache.ts:50:18)
      at initialize (/Users/vedmalex/work/collection-store/src/client/offline/core/local-data-cache.ts:36:20)
      at <anonymous> (/Users/vedmalex/work/collection-store/src/client/offline/__tests__/day1-core-infrastructure.test.ts:203:26)
      at <anonymous> (/Users/vedmalex/work/collection-store/src/client/offline/__tests__/day1-core-infrastructure.test.ts:201:52)

(pass) Offline Core Infrastructure > LocalDataCache > should handle export/import operations
(pass) Offline Core Infrastructure > StorageOptimizer > should initialize with default strategy
(pass) Offline Core Infrastructure > StorageOptimizer > should handle strategy changes [0.02ms]
(pass) Offline Core Infrastructure > StorageOptimizer > should validate target utilization [0.04ms]
Storage optimization completed in 0.05ms, selected 2 entries for removal
(pass) Offline Core Infrastructure > StorageOptimizer > should optimize storage entries
(pass) Offline Core Infrastructure > StorageOptimizer > should provide optimization statistics
(pass) Offline Core Infrastructure > StorageOptimizer > should check if optimization is needed
(pass) Offline Core Infrastructure > Performance Requirements > should meet cache operation performance (<10ms)
OfflineManager initialized in 0.00ms
OfflineManager shutdown in 0.00ms
(pass) Offline Core Infrastructure > Performance Requirements > should meet initialization performance requirements
OfflineManager initialized in 0.00ms
OfflineManager shutdown in 0.00ms
(pass) Offline Core Infrastructure > Integration Tests > should integrate OfflineManager with dependencies

packages/collection-store/src/features/advanced-features.test.ts:
(pass) Advanced Features Test Suite > WAL Compression > Basic Compression Operations > should compress and decompress WAL entries with gzip [0.91ms]
(pass) Advanced Features Test Suite > WAL Compression > Basic Compression Operations > should compress and decompress WAL entries with lz4 [0.25ms]
(pass) Advanced Features Test Suite > WAL Compression > Basic Compression Operations > should skip compression for small entries [0.02ms]
(pass) Advanced Features Test Suite > WAL Compression > Basic Compression Operations > should skip compression when ratio is poor [0.15ms]
(pass) Advanced Features Test Suite > WAL Compression > Basic Compression Operations > should handle compression disabled
(pass) Advanced Features Test Suite > WAL Compression > Compression Statistics > should calculate compression statistics correctly [0.21ms]
(pass) Advanced Features Test Suite > WAL Compression > Compression Statistics > should update compression options
(pass) Advanced Features Test Suite > WAL Compression > Batch Operations > should handle batch compression and decompression [0.25ms]
(pass) Advanced Features Test Suite > Performance Monitoring > Basic Monitoring Operations > should initialize with default configuration [0.24ms]
(pass) Advanced Features Test Suite > Performance Monitoring > Basic Monitoring Operations > should initialize with custom configuration [0.05ms]
(pass) Advanced Features Test Suite > Performance Monitoring > Basic Monitoring Operations > should record operation metrics [259.76ms]
(pass) Advanced Features Test Suite > Performance Monitoring > Basic Monitoring Operations > should record WAL operations [0.03ms]
(pass) Advanced Features Test Suite > Performance Monitoring > Basic Monitoring Operations > should record transaction operations
(pass) Advanced Features Test Suite > Performance Monitoring > Basic Monitoring Operations > should record compression operations
(pass) Advanced Features Test Suite > Performance Monitoring > Metrics Collection > should collect metrics periodically [278.76ms]
(pass) Advanced Features Test Suite > Performance Monitoring > Metrics Collection > should maintain bounded history [301.08ms]
(pass) Advanced Features Test Suite > Performance Monitoring > Alert System > should generate latency alerts [554.67ms]
(pass) Advanced Features Test Suite > Performance Monitoring > Alert System > should generate error rate alerts [255.59ms]
(pass) Advanced Features Test Suite > Performance Monitoring > Alert System > should clear alerts [0.07ms]
(pass) Advanced Features Test Suite > Performance Monitoring > Configuration Management > should update configuration [0.03ms]
(pass) Advanced Features Test Suite > Performance Monitoring > Configuration Management > should reset metrics [0.08ms]
(pass) Advanced Features Test Suite > Performance Monitoring > Summary Statistics > should provide comprehensive summary [242.60ms]
(pass) Advanced Features Test Suite > Integration Tests > should integrate compression with monitoring [151.45ms]

packages/collection-store/src/raft/raft-leader-election.test.ts:
(pass) Raft Leader Election > Initialization > should initialize as follower
(pass) Raft Leader Election > Initialization > should start election timers [0.18ms]
(pass) Raft Leader Election > Vote Request Handling > should grant vote for valid request [0.15ms]
(pass) Raft Leader Election > Vote Request Handling > should reject vote for outdated term [0.11ms]
(pass) Raft Leader Election > Vote Request Handling > should reject vote if already voted for different candidate [0.07ms]
(pass) Raft Leader Election > Vote Request Handling > should allow vote for same candidate multiple times [0.02ms]
(pass) Raft Leader Election > Heartbeat Handling > should accept heartbeat from leader [0.06ms]
(pass) Raft Leader Election > Heartbeat Handling > should update term from heartbeat
(pass) Raft Leader Election > Heartbeat Handling > should ignore heartbeat with older term
(pass) Raft Leader Election > Election Process > should become candidate when election triggered [0.36ms]
(pass) Raft Leader Election > Election Process > should become leader with majority votes [0.04ms]
(pass) Raft Leader Election > Election Process > should remain candidate without majority votes [0.13ms]
(pass) Raft Leader Election > Election Process > should step down if higher term received during election [0.07ms]
(pass) Raft Leader Election > Single Node Cluster > should become leader immediately in single node cluster [0.04ms]
(pass) Raft Leader Election > Leader Behavior > should send heartbeats as leader [26.06ms]
(pass) Raft Leader Election > Leader Behavior > should have heartbeat timer as leader [0.06ms]
(pass) Raft Leader Election > Error Handling > should handle RPC failures gracefully [0.19ms]
(pass) Raft Leader Election > Error Handling > should throw error when triggering election from non-follower state [0.08ms]
(pass) Raft Leader Election > Metrics > should provide accurate metrics [0.01ms]

packages/collection-store/src/raft/raft-log-replication.test.ts:
(pass) Raft Log Replication > Initialization > should initialize with correct peer state [0.07ms]
(pass) Raft Log Replication > AppendEntries Handling (Follower) > should accept valid AppendEntries request [0.68ms]
(pass) Raft Log Replication > AppendEntries Handling (Follower) > should reject AppendEntries with mismatched prevLog [0.05ms]
(pass) Raft Log Replication > AppendEntries Handling (Follower) > should handle empty AppendEntries (heartbeat) [0.11ms]
(pass) Raft Log Replication > Leader Replication > should start replication as leader [0.17ms]
(pass) Raft Log Replication > Leader Replication > should replicate to all peers successfully [0.28ms]
(pass) Raft Log Replication > Leader Replication > should handle replication failures [0.16ms]
(pass) Raft Log Replication > Leader Replication > should advance commit index with majority replication [0.13ms]
(pass) Raft Log Replication > Error Handling > should handle RPC errors gracefully [0.25ms]
(pass) Raft Log Replication > Error Handling > should throw error when RPC handler not set [0.14ms]
(pass) Raft Log Replication > Log Conflicts > should detect log conflicts [0.15ms]
(pass) Raft Log Replication > Metrics > should provide accurate replication metrics [0.04ms]

packages/collection-store/src/raft/raft-state-machine.test.ts:
Starting WAL-based transaction recovery...
Starting WAL recovery...
WAL recovery completed: 0 recovered, 0 rolled back
WAL recovery completed successfully
(pass) Raft State Machine > Initialization > should initialize successfully [0.04ms]
Starting WAL-based transaction recovery...
Starting WAL recovery...
WAL recovery completed: 0 recovered, 0 rolled back
WAL recovery completed successfully
Starting WAL-based transaction recovery...
Starting WAL recovery...
Global WAL sharing not yet implemented, using per-collection WAL
WAL recovery completed: 0 recovered, 0 rolled back
WAL recovery completed successfully
(pass) Raft State Machine > Command Application > should apply CREATE command [1.14ms]
Starting WAL-based transaction recovery...
Starting WAL recovery...
WAL recovery completed: 0 recovered, 0 rolled back
WAL recovery completed successfully
Starting WAL-based transaction recovery...
Starting WAL recovery...
Global WAL sharing not yet implemented, using per-collection WAL
WAL recovery completed: 0 recovered, 0 rolled back
WAL recovery completed successfully
(pass) Raft State Machine > Command Application > should apply UPDATE command [0.83ms]
Starting WAL-based transaction recovery...
Starting WAL recovery...
WAL recovery completed: 0 recovered, 0 rolled back
WAL recovery completed successfully
Starting WAL-based transaction recovery...
Starting WAL recovery...
Global WAL sharing not yet implemented, using per-collection WAL
WAL recovery completed: 0 recovered, 0 rolled back
WAL recovery completed successfully
(pass) Raft State Machine > Command Application > should apply DELETE command [0.52ms]
Starting WAL-based transaction recovery...
Starting WAL recovery...
WAL recovery completed: 0 recovered, 0 rolled back
WAL recovery completed successfully
(pass) Raft State Machine > Command Application > should reject entries with invalid index [0.09ms]
Starting WAL-based transaction recovery...
Starting WAL recovery...
WAL recovery completed: 0 recovered, 0 rolled back
WAL recovery completed successfully
Starting WAL-based transaction recovery...
Starting WAL recovery...
Global WAL sharing not yet implemented, using per-collection WAL
WAL recovery completed: 0 recovered, 0 rolled back
WAL recovery completed successfully
(pass) Raft State Machine > Transaction Commands > should handle transaction begin [0.39ms]
Starting WAL-based transaction recovery...
Starting WAL recovery...
WAL recovery completed: 0 recovered, 0 rolled back
WAL recovery completed successfully
Starting WAL-based transaction recovery...
Starting WAL recovery...
Global WAL sharing not yet implemented, using per-collection WAL
WAL recovery completed: 0 recovered, 0 rolled back
WAL recovery completed successfully
(pass) Raft State Machine > Transaction Commands > should handle transaction commit [0.94ms]
Starting WAL-based transaction recovery...
Starting WAL recovery...
WAL recovery completed: 0 recovered, 0 rolled back
WAL recovery completed successfully
Starting WAL-based transaction recovery...
Starting WAL recovery...
Global WAL sharing not yet implemented, using per-collection WAL
WAL recovery completed: 0 recovered, 0 rolled back
WAL recovery completed successfully
(pass) Raft State Machine > Snapshots > should create snapshot [0.90ms]
Starting WAL-based transaction recovery...
Starting WAL recovery...
WAL recovery completed: 0 recovered, 0 rolled back
WAL recovery completed successfully
Starting WAL-based transaction recovery...
Starting WAL recovery...
Global WAL sharing not yet implemented, using per-collection WAL
WAL recovery completed: 0 recovered, 0 rolled back
WAL recovery completed successfully
(pass) Raft State Machine > Snapshots > should restore from snapshot [0.60ms]
Starting WAL-based transaction recovery...
Starting WAL recovery...
WAL recovery completed: 0 recovered, 0 rolled back
WAL recovery completed successfully
Starting WAL-based transaction recovery...
Starting WAL recovery...
Global WAL sharing not yet implemented, using per-collection WAL
WAL recovery completed: 0 recovered, 0 rolled back
WAL recovery completed successfully
(pass) Raft State Machine > Snapshots > should trigger automatic snapshot [0.47ms]
Starting WAL-based transaction recovery...
Starting WAL recovery...
WAL recovery completed: 0 recovered, 0 rolled back
WAL recovery completed successfully
Starting WAL-based transaction recovery...
Starting WAL recovery...
Global WAL sharing not yet implemented, using per-collection WAL
(pass) Raft State Machine > Read Operations > should perform read operations [0.39ms]
WAL recovery completed: 0 recovered, 0 rolled back
WAL recovery completed successfully
Starting WAL-based transaction recovery...
Starting WAL recovery...
WAL recovery completed: 0 recovered, 0 rolled back
WAL recovery completed successfully
(pass) Raft State Machine > Read Operations > should throw error for non-existent collection [0.06ms]
Starting WAL-based transaction recovery...
Starting WAL recovery...
(pass) Raft State Machine > State Management > should track last applied index [0.08ms]
WAL recovery completed: 0 recovered, 0 rolled back
WAL recovery completed successfully
Starting WAL-based transaction recovery...
Starting WAL recovery...
WAL recovery completed: 0 recovered, 0 rolled back
WAL recovery completed successfully
(pass) Raft State Machine > State Management > should not allow decreasing last applied index
Starting WAL-based transaction recovery...
Starting WAL recovery...
WAL recovery completed: 0 recovered, 0 rolled back
WAL recovery completed successfully
Starting WAL-based transaction recovery...
Starting WAL recovery...
Global WAL sharing not yet implemented, using per-collection WAL
WAL recovery completed: 0 recovered, 0 rolled back
WAL recovery completed successfully
(pass) Raft State Machine > Error Handling > should handle unknown command types [0.23ms]
Starting WAL-based transaction recovery...
Starting WAL recovery...
WAL recovery completed: 0 recovered, 0 rolled back
WAL recovery completed successfully
(pass) Raft State Machine > Metrics > should provide accurate metrics [0.02ms]

packages/collection-store/src/raft/raft-network-layer.test.ts:
(pass) Raft Network Layer > Initialization > should initialize with correct peer metrics [0.05ms]
(pass) Raft Network Layer > Initialization > should report healthy status initially
(pass) Raft Network Layer > RPC Operations > should send RequestVote RPC successfully [3.46ms]
(pass) Raft Network Layer > RPC Operations > should send AppendEntries RPC successfully [4.63ms]
(pass) Raft Network Layer > RPC Operations > should send InstallSnapshot RPC successfully [6.74ms]
(pass) Raft Network Layer > Retry Mechanism > should retry failed requests with exponential backoff [3.63ms]
(pass) Raft Network Layer > Retry Mechanism > should respect maximum retry attempts [0.24ms]
(pass) Raft Network Layer > Broadcast Operations > should broadcast to all peers [3.40ms]
(pass) Raft Network Layer > Broadcast Operations > should handle majority requirement in broadcast [6.99ms]
(pass) Raft Network Layer > Partition Detection > should detect network partitions [0.14ms]
(pass) Raft Network Layer > Partition Detection > should track partition metrics [0.13ms]
(pass) Raft Network Layer > Partition Detection > should handle partition recovery simulation [151.07ms]
(pass) Raft Network Layer > Timeout Handling > should handle request timeouts [1.39ms]
(pass) Raft Network Layer > Metrics > should track network metrics accurately [5.80ms]
(pass) Raft Network Layer > Metrics > should track latency metrics [3.61ms]
(pass) Raft Network Layer > Health Status > should report unhealthy when majority of peers are partitioned
(pass) Raft Network Layer > Health Status > should remain healthy with minority partitioned
(pass) Raft Network Layer > Error Handling > should handle unknown peer requests
(pass) Raft Network Layer > Error Handling > should emit appropriate events on failures [0.31ms]
(pass) Raft Network Layer > Cleanup > should clean up resources properly [0.06ms]

packages/collection-store/src/raft/raft-log-manager.test.ts:
(pass) Raft Log Manager > Basic Operations > should initialize successfully [0.06ms]
(pass) Raft Log Manager > Basic Operations > should append single entry [0.12ms]
(pass) Raft Log Manager > Basic Operations > should append multiple entries [0.11ms]
(pass) Raft Log Manager > Commit Index Management > should set commit index [0.02ms]
(pass) Raft Log Manager > Commit Index Management > should not allow decreasing commit index [0.03ms]
(pass) Raft Log Manager > Metrics > should provide accurate metrics [0.12ms]

packages/collection-store/src/index/composite-index-basic.test.ts:
(pass) Composite Index Basics > CompositeKeyUtils Core Functions > should serialize and deserialize composite keys correctly [0.34ms]
(pass) Composite Index Basics > CompositeKeyUtils Core Functions > should handle null and undefined values [0.03ms]
(pass) Composite Index Basics > CompositeKeyUtils Core Functions > should escape special characters correctly
(pass) Composite Index Basics > CompositeKeyUtils Core Functions > should use custom separator
(pass) Composite Index Basics > Index Field Normalization > should normalize single key definition
(pass) Composite Index Basics > Index Field Normalization > should normalize composite key definition
(pass) Composite Index Basics > Index Name Generation > should generate name for single field
(pass) Composite Index Basics > Index Name Generation > should generate name for composite fields [0.18ms]
(pass) Composite Index Basics > Process Function Creation > should create process function for single field [0.01ms]
(pass) Composite Index Basics > Process Function Creation > should create process function for composite fields
(pass) Composite Index Basics > Process Function Creation > should use custom separator in process function
(pass) Composite Index Basics > Comparator Creation > should return undefined for single ascending field [0.22ms]
(pass) Composite Index Basics > Comparator Creation > should create comparator for single descending field
(pass) Composite Index Basics > Comparator Creation > should create comparator for composite fields
(pass) Composite Index Basics > Index Detection > should detect single key index
(pass) Composite Index Basics > Index Detection > should detect composite index
(pass) Composite Index Basics > Index Detection > should not consider single key in array as composite
(pass) Composite Index Basics > Edge Cases > should handle empty values
(pass) Composite Index Basics > Edge Cases > should handle very long keys [0.36ms]
(pass) Composite Index Basics > Edge Cases > should handle unicode characters

packages/collection-store/src/index/autoinc-and-default-index.test.ts:
(pass) Auto-inc and Default Index > ✅ AutoInc ID Generation > should auto-generate sequential IDs when auto is true [0.33ms]
(pass) Auto-inc and Default Index > ✅ AutoInc ID Generation > should use provided ID when auto is false
(pass) Auto-inc and Default Index > ✅ AutoInc ID Generation > should handle custom ID field name with autoinc
(pass) Auto-inc and Default Index > ✅ Default Index Creation > should automatically create unique required index for ID field [0.01ms]
(pass) Auto-inc and Default Index > ✅ Default Index Creation > should create index with custom ID field name [0.01ms]
(pass) Auto-inc and Default Index > ✅ Default Index Creation > should not override explicitly provided index for ID field
(pass) Auto-inc and Default Index > ✅ Edge Cases and Error Handling > should handle missing name in config
(pass) Auto-inc and Default Index > ✅ Edge Cases and Error Handling > should use default values when config is minimal
(pass) Auto-inc and Default Index > ✅ Edge Cases and Error Handling > should handle string ID configuration
(pass) Auto-inc and Default Index > ✅ Integration with Indexes > should work correctly with additional indexes
(pass) Auto-inc and Default Index > ✅ Integration with Indexes > should maintain index consistency during operations [0.09ms]

packages/collection-store/src/index/single-key-sort-order.test.ts:
(pass) Single Key Sort Order > Sort Order Validation > should validate ascending sort order [0.72ms]
(pass) Single Key Sort Order > Sort Order Validation > should validate descending sort order [0.04ms]
(pass) Single Key Sort Order > Sort Order Validation > should reject invalid sort orders
(pass) Single Key Sort Order > Sort Order Normalization > should normalize valid sort orders to standard format
(pass) Single Key Sort Order > Sort Order Normalization > should default to ascending for undefined
(pass) Single Key Sort Order > Comparator Creation > should create ascending comparator for numbers [0.13ms]
(pass) Single Key Sort Order > Comparator Creation > should create descending comparator for numbers [0.02ms]
(pass) Single Key Sort Order > Comparator Creation > should handle string comparison
(pass) Single Key Sort Order > Comparator Creation > should handle null and undefined values
(pass) Single Key Sort Order > Comparator Creation > should handle mixed types with fallback to string comparison
(pass) Single Key Sort Order > Edge Cases > should handle boolean values
(pass) Single Key Sort Order > Edge Cases > should handle date objects [0.11ms]
(pass) Single Key Sort Order > Edge Cases > should handle array values

packages/collection-store/src/replication/replication-wal-streaming.test.ts:
NetworkManager started on node leader, port 8193
NetworkManager started on node follower-1, port 8194
NetworkManager started on node follower-2, port 8195
ReplicatedWALManager initialized with role: LEADER
ReplicatedWALManager initialized with role: FOLLOWER
ReplicatedWALManager initialized with role: FOLLOWER
Node leader connected to follower-2
Node leader connected to follower-1
Connected to node follower-2 at localhost:8195
Connected to node follower-1 at localhost:8194
(pass) Replication WAL Streaming Integration > WAL Entry Streaming > should replicate WAL entries from leader to followers [503.03ms]
WALReplicationManager closed for node leader
WALReplicationManager closed for node follower-1
WALReplicationManager closed for node follower-2
Closing NetworkManager for node leader
Node follower-2 disconnected from leader
Node follower-1 disconnected from leader
Closing NetworkManager for node follower-1
Node leader disconnected from follower-1
Closing NetworkManager for node follower-2
Node leader disconnected from follower-2
WebSocket server closed for node leader
NetworkManager started on node leader, port 8320
NetworkManager started on node follower-1, port 8321
NetworkManager started on node follower-2, port 8322
ReplicatedWALManager initialized with role: LEADER
ReplicatedWALManager initialized with role: FOLLOWER
ReplicatedWALManager initialized with role: FOLLOWER
Node leader connected to follower-2
Connected to node follower-2 at localhost:8322
Node leader connected to follower-1
Connected to node follower-1 at localhost:8321
(pass) Replication WAL Streaming Integration > WAL Entry Streaming > should handle multiple WAL entries in sequence [602.87ms]
WALReplicationManager closed for node leader
WALReplicationManager closed for node follower-1
WALReplicationManager closed for node follower-2
Closing NetworkManager for node leader
Node follower-2 disconnected from leader
Node follower-1 disconnected from leader
Closing NetworkManager for node follower-1
Node leader disconnected from follower-1
Closing NetworkManager for node follower-2
Node leader disconnected from follower-2
WebSocket server closed for node leader
NetworkManager started on node leader, port 8542
NetworkManager started on node follower-1, port 8543
NetworkManager started on node follower-2, port 8544
ReplicatedWALManager initialized with role: LEADER
ReplicatedWALManager initialized with role: FOLLOWER
ReplicatedWALManager initialized with role: FOLLOWER
Node leader connected to follower-2
Connected to node follower-2 at localhost:8544
Node leader connected to follower-1
Connected to node follower-1 at localhost:8543
(pass) Replication WAL Streaming Integration > WAL Entry Streaming > should handle sync mode replication with acknowledgments [1.64ms]
WALReplicationManager closed for node leader
WALReplicationManager closed for node follower-1
WALReplicationManager closed for node follower-2
Closing NetworkManager for node leader
Node follower-2 disconnected from leader
Node follower-1 disconnected from leader
Closing NetworkManager for node follower-1
Node leader disconnected from follower-1
Closing NetworkManager for node follower-2
Node leader disconnected from follower-2
WebSocket server closed for node leader
NetworkManager started on node leader, port 8158
NetworkManager started on node follower-1, port 8159
NetworkManager started on node follower-2, port 8160
ReplicatedWALManager initialized with role: LEADER
ReplicatedWALManager initialized with role: FOLLOWER
ReplicatedWALManager initialized with role: FOLLOWER
Node leader connected to follower-2
Node leader connected to follower-1
Connected to node follower-2 at localhost:8160
Connected to node follower-1 at localhost:8159
Promoting node to LEADER
Syncing with cluster from sequence 0
Requested sync from node leader starting from sequence 1
(pass) Replication WAL Streaming Integration > Role Management > should handle leader promotion [2.00ms]
WALReplicationManager closed for node leader
WALReplicationManager closed for node follower-1
WALReplicationManager closed for node follower-2
Closing NetworkManager for node leader
Node follower-2 disconnected from leader
Node follower-1 disconnected from leader
Closing NetworkManager for node follower-1
Node leader disconnected from follower-1
Closing NetworkManager for node follower-2
Node leader disconnected from follower-2
WebSocket server closed for node leader
NetworkManager started on node leader, port 8283
NetworkManager started on node follower-1, port 8284
NetworkManager started on node follower-2, port 8285
ReplicatedWALManager initialized with role: LEADER
ReplicatedWALManager initialized with role: FOLLOWER
ReplicatedWALManager initialized with role: FOLLOWER
Node leader connected to follower-2
Node leader connected to follower-1
Connected to node follower-2 at localhost:8285
Connected to node follower-1 at localhost:8284
Demoting node to FOLLOWER
(pass) Replication WAL Streaming Integration > Role Management > should handle leader demotion [3.49ms]
WALReplicationManager closed for node leader
WALReplicationManager closed for node follower-1
WALReplicationManager closed for node follower-2
Closing NetworkManager for node leader
Node follower-2 disconnected from leader
Node follower-1 disconnected from leader
Closing NetworkManager for node follower-1
Node leader disconnected from follower-1
Closing NetworkManager for node follower-2
Node leader disconnected from follower-2
WebSocket server closed for node leader
NetworkManager started on node leader, port 8403
NetworkManager started on node follower-1, port 8404
NetworkManager started on node follower-2, port 8405
ReplicatedWALManager initialized with role: LEADER
ReplicatedWALManager initialized with role: FOLLOWER
ReplicatedWALManager initialized with role: FOLLOWER
Node leader connected to follower-2
Node leader connected to follower-1
Connected to node follower-2 at localhost:8405
Connected to node follower-1 at localhost:8404
Promoting node to LEADER
Syncing with cluster from sequence 0
Requested sync from node leader starting from sequence 1
(pass) Replication WAL Streaming Integration > Role Management > should emit role change events [1.47ms]
WALReplicationManager closed for node leader
WALReplicationManager closed for node follower-1
WALReplicationManager closed for node follower-2
Closing NetworkManager for node leader
Node follower-2 disconnected from leader
Node follower-1 disconnected from leader
Closing NetworkManager for node follower-1
Node leader disconnected from follower-1
Closing NetworkManager for node follower-2
Node leader disconnected from follower-2
WebSocket server closed for node leader
NetworkManager started on node leader, port 8517
NetworkManager started on node follower-1, port 8518
NetworkManager started on node follower-2, port 8519
ReplicatedWALManager initialized with role: LEADER
ReplicatedWALManager initialized with role: FOLLOWER
ReplicatedWALManager initialized with role: FOLLOWER
Node leader connected to follower-2
Node leader connected to follower-1
Connected to node follower-2 at localhost:8519
Connected to node follower-1 at localhost:8518
Node follower-1 disconnected from leader
Disconnected from node follower-1
Node follower-2 disconnected from leader
Disconnected from node follower-2
Node leader disconnected from follower-1
Node leader disconnected from follower-2
(pass) Replication WAL Streaming Integration > Error Handling > should handle replication failures gracefully [2.89ms]
WALReplicationManager closed for node leader
WALReplicationManager closed for node follower-1
WALReplicationManager closed for node follower-2
Closing NetworkManager for node leader
Closing NetworkManager for node follower-1
Closing NetworkManager for node follower-2
WebSocket server closed for node leader
WebSocket server closed for node follower-1
WebSocket server closed for node follower-2
NetworkManager started on node leader, port 8137
NetworkManager started on node follower-1, port 8138
NetworkManager started on node follower-2, port 8139
ReplicatedWALManager initialized with role: LEADER
ReplicatedWALManager initialized with role: FOLLOWER
ReplicatedWALManager initialized with role: FOLLOWER
Node leader connected to follower-2
Connected to node follower-2 at localhost:8139
Node leader connected to follower-1
Connected to node follower-1 at localhost:8138
(pass) Replication WAL Streaming Integration > Error Handling > should handle invalid WAL entries [0.70ms]
WALReplicationManager closed for node leader
WALReplicationManager closed for node follower-1
WALReplicationManager closed for node follower-2
Closing NetworkManager for node leader
Node follower-2 disconnected from leader
Node follower-1 disconnected from leader
Closing NetworkManager for node follower-1
Node leader disconnected from follower-1
Closing NetworkManager for node follower-2
Node leader disconnected from follower-2
WebSocket server closed for node leader
NetworkManager started on node leader, port 8254
NetworkManager started on node follower-1, port 8255
NetworkManager started on node follower-2, port 8256
ReplicatedWALManager initialized with role: LEADER
ReplicatedWALManager initialized with role: FOLLOWER
ReplicatedWALManager initialized with role: FOLLOWER
Node leader connected to follower-2
Connected to node follower-2 at localhost:8256
Node leader connected to follower-1
Connected to node follower-1 at localhost:8255
Wrote 10 entries in 1ms
Received 10 entries
(pass) Replication WAL Streaming Integration > Performance > should handle moderate-volume WAL streaming [1002.76ms]
WALReplicationManager closed for node leader
WALReplicationManager closed for node follower-1
WALReplicationManager closed for node follower-2
Closing NetworkManager for node leader
Node follower-2 disconnected from leader
Node follower-1 disconnected from leader
Closing NetworkManager for node follower-1
Node leader disconnected from follower-1
Closing NetworkManager for node follower-2
Node leader disconnected from follower-2
WebSocket server closed for node leader
NetworkManager started on node leader, port 8921
ReplicatedWALManager initialized with role: FOLLOWER
Starting WAL-based transaction recovery...
Starting WAL recovery...
NetworkManager started on node follower, port 8922
ReplicatedWALManager initialized with role: FOLLOWER
Starting WAL-based transaction recovery...
Starting WAL recovery...
Initializing replicated collection test-collection-1754676564271 on node leader
Initializing replicated collection test-collection-1754676564279 on node follower
WAL recovery completed: 0 recovered, 0 rolled back
WAL recovery completed successfully
WAL recovery completed: 0 recovered, 0 rolled back
WAL recovery completed successfully
Node follower connected to leader
Connected to node leader at localhost:8921
Connected to node leader
Node leader connected to follower
Connected to node follower at localhost:8922
Connected to node follower
Syncing with cluster from sequence 0
Requested sync from node leader starting from sequence 1
Replicated collection test-collection-1754676564279 initialized successfully
Syncing with cluster from sequence 0
Requested sync from node follower starting from sequence 1
Replicated collection test-collection-1754676564271 initialized successfully
Promoting node to LEADER
Syncing with cluster from sequence 0
Requested sync from node follower starting from sequence 1
Node leader promoted to LEADER
Sent 0 WAL entries to follower for sync
Sent 0 WAL entries to leader for sync
Sent 0 WAL entries to leader for sync
(pass) Replicated WAL Collection Integration > should handle basic collection operations [503.80ms]
Closing replicated collection test-collection-1754676564271
WALReplicationManager closed for node leader
Closing replicated collection test-collection-1754676564279
WALReplicationManager closed for node follower
Closing NetworkManager for node leader
Node follower disconnected from leader
Closing NetworkManager for node follower
Node leader disconnected from follower
NetworkManager started on node leader, port 8921
ReplicatedWALManager initialized with role: FOLLOWER
Starting WAL-based transaction recovery...
Starting WAL recovery...
NetworkManager started on node follower, port 8922
ReplicatedWALManager initialized with role: FOLLOWER
Starting WAL-based transaction recovery...
Starting WAL recovery...
Initializing replicated collection test-collection-1754676568495 on node leader
Initializing replicated collection test-collection-1754676568499 on node follower
WAL recovery completed: 0 recovered, 0 rolled back
WAL recovery completed successfully
WAL recovery completed: 0 recovered, 0 rolled back
WAL recovery completed successfully
Node follower connected to leader
Node leader connected to follower
Connected to node leader at localhost:8921
Connected to node leader
Connected to node follower at localhost:8922
Connected to node follower
Syncing with cluster from sequence 0
Requested sync from node leader starting from sequence 1
Replicated collection test-collection-1754676568499 initialized successfully
Syncing with cluster from sequence 0
Requested sync from node follower starting from sequence 1
Replicated collection test-collection-1754676568495 initialized successfully
Promoting node to LEADER
Syncing with cluster from sequence 0
Requested sync from node follower starting from sequence 1
Node leader promoted to LEADER
Sent 0 WAL entries to follower for sync
Sent 0 WAL entries to leader for sync
Sent 0 WAL entries to leader for sync
(pass) Replicated WAL Collection Integration > should handle cluster status monitoring [1.18ms]
Closing replicated collection test-collection-1754676568495
WALReplicationManager closed for node leader
Closing replicated collection test-collection-1754676568499
WALReplicationManager closed for node follower
Closing NetworkManager for node leader
Node follower disconnected from leader
Closing NetworkManager for node follower
Node leader disconnected from follower
Node leader disconnected from follower
Node follower disconnected from leader
WebSocket server closed for node follower
Replicated collection test-collection-1754676568499 closed
WebSocket server closed for node leader
Replicated collection test-collection-1754676568495 closed

packages/collection-store/src/replication/replication-network.test.ts:
NetworkManager started on node node1, port 8030
NetworkManager started on node node2, port 8031
NetworkManager started on node node3, port 8032
(pass) Replication Network Layer > Basic Network Operations > should create NetworkManager instances [0.05ms]
Closing NetworkManager for node node1
Closing NetworkManager for node node2
Closing NetworkManager for node node3
WebSocket server closed for node node1
WebSocket server closed for node node2
WebSocket server closed for node node3
NetworkManager started on node node1, port 8105
NetworkManager started on node node2, port 8106
NetworkManager started on node node3, port 8107
Failed to connect to node node2 (attempt 1): ErrorEvent {
  type: "error",
  message: "WebSocket connection to 'ws://localhost:8627/?nodeId=node1' failed: Failed to connect",
  error: error: WebSocket connection to 'ws://localhost:8627/?nodeId=node1' failed: Failed to connect
,
}
Retrying connection to node2 in 1000ms
Connection test failed: ErrorEvent {
  type: "error",
  message: "WebSocket connection to 'ws://localhost:8627/?nodeId=node1' failed: Failed to connect",
  error: warn: WebSocket connection to 'ws://localhost:8627/?nodeId=node1' failed: Failed to connect
,
}
(pass) Replication Network Layer > Basic Network Operations > should establish connections between nodes [4.04ms]
Closing NetworkManager for node node1
Closing NetworkManager for node node2
Closing NetworkManager for node node3
WebSocket server closed for node node1
WebSocket server closed for node node2
WebSocket server closed for node node3
NetworkManager started on node node1, port 8563
NetworkManager started on node node2, port 8564
NetworkManager started on node node3, port 8565
Failed to connect to node nonexistent (attempt 1): 115 |         this.#createWebSocket(url, protocols, headers, method);
116 |       return;
117 |     }
118 |     this.#createWebSocket(url, protocols, headers, method);
119 |   }
120 |     let ws = this.#ws = new WebSocket(url, headers ? { headers, method, protocols } : protocols);
                              ^
SyntaxError: Invalid url for WebSocket ws://localhost:99999?nodeId=node1
      at #createWebSocket (ws:120:25)
      at new WebSocket (ws:117:26)
      at connect (/Users/vedmalex/work/collection-store/packages/collection-store/src/replication/network/NetworkManager.ts:219:18)
      at connect (/Users/vedmalex/work/collection-store/packages/collection-store/src/replication/network/NetworkManager.ts:202:17)
      at <anonymous> (/Users/vedmalex/work/collection-store/packages/collection-store/src/replication/replication-network.test.ts:80:51)
      at <anonymous> (/Users/vedmalex/work/collection-store/packages/collection-store/src/replication/replication-network.test.ts:77:58)

Retrying connection to nonexistent in 1000ms
(pass) Replication Network Layer > Basic Network Operations > should handle connection failures gracefully [1.89ms]
Closing NetworkManager for node node1
Closing NetworkManager for node node2
Closing NetworkManager for node node3
WebSocket server closed for node node1
WebSocket server closed for node node2
WebSocket server closed for node node3
NetworkManager started on node node1, port 8611
NetworkManager started on node node2, port 8612
NetworkManager started on node node3, port 8613
Failed to connect to node node2 (attempt 1): ErrorEvent {
  type: "error",
  message: "WebSocket connection to 'ws://localhost:8825/?nodeId=node1' failed: Failed to connect",
  error: error: WebSocket connection to 'ws://localhost:8825/?nodeId=node1' failed: Failed to connect
,
}
Retrying connection to node2 in 1000ms
Message test failed: ErrorEvent {
  type: "error",
  message: "WebSocket connection to 'ws://localhost:8825/?nodeId=node1' failed: Failed to connect",
  error: warn: WebSocket connection to 'ws://localhost:8825/?nodeId=node1' failed: Failed to connect
,
}
(pass) Replication Network Layer > Message Communication > should send and receive messages [5.17ms]
Closing NetworkManager for node node1
Closing NetworkManager for node node2
Closing NetworkManager for node node3
WebSocket server closed for node node1
WebSocket server closed for node node2
WebSocket server closed for node node3
NetworkManager started on node node1, port 8222
NetworkManager started on node node2, port 8223
NetworkManager started on node node3, port 8224
Failed to connect to node node3 (attempt 1): ErrorEvent {
  type: "error",
  message: "WebSocket connection to 'ws://localhost:8382/?nodeId=node1' failed: Failed to connect",
  error: error: WebSocket connection to 'ws://localhost:8382/?nodeId=node1' failed: Failed to connect
,
}
Retrying connection to node3 in 1000ms
Broadcast test failed: ErrorEvent {
  type: "error",
  message: "WebSocket connection to 'ws://localhost:8382/?nodeId=node1' failed: Failed to connect",
  error: warn: WebSocket connection to 'ws://localhost:8382/?nodeId=node1' failed: Failed to connect
,
}
(pass) Replication Network Layer > Message Communication > should broadcast messages to multiple nodes [2.44ms]
Closing NetworkManager for node node1
Closing NetworkManager for node node2
Closing NetworkManager for node node3
WebSocket server closed for node node1
WebSocket server closed for node node2
WebSocket server closed for node node3
Failed to connect to node node2 (attempt 1): ErrorEvent {
  type: "error",
  message: "WebSocket connection to 'ws://localhost:8381/?nodeId=node1' failed: Failed to connect",
  error: error: WebSocket connection to 'ws://localhost:8381/?nodeId=node1' failed: Failed to connect
,
}
Retrying connection to node2 in 1000ms
NetworkManager started on node node1, port 8206
NetworkManager started on node node2, port 8207
NetworkManager started on node node3, port 8208
Failed to connect to node node2 (attempt 1): ErrorEvent {
  type: "error",
  message: "WebSocket connection to 'ws://localhost:8853/?nodeId=node1' failed: Failed to connect",
  error: error: WebSocket connection to 'ws://localhost:8853/?nodeId=node1' failed: Failed to connect
,
}
Retrying connection to node2 in 1000ms
Checksum test failed: ErrorEvent {
  type: "error",
  message: "WebSocket connection to 'ws://localhost:8853/?nodeId=node1' failed: Failed to connect",
  error: warn: WebSocket connection to 'ws://localhost:8853/?nodeId=node1' failed: Failed to connect
,
}
(pass) Replication Network Layer > Message Communication > should validate message checksums [3.29ms]
Closing NetworkManager for node node1
Closing NetworkManager for node node2
Closing NetworkManager for node node3
WebSocket server closed for node node1
WebSocket server closed for node node2
WebSocket server closed for node node3
NetworkManager started on node node1, port 8873
NetworkManager started on node node2, port 8874
NetworkManager started on node node3, port 8875
Retry failed for node node2: 199 |     }
200 |   }
201 | 
202 |   async connect(nodeId: string, address: string, port: number): Promise<void> {
203 |     if (this.closed) {
204 |       throw new Error('NetworkManager is closed')
                  ^
error: NetworkManager is closed
      at connect (/Users/vedmalex/work/collection-store/packages/collection-store/src/replication/network/NetworkManager.ts:204:13)
      at connect (/Users/vedmalex/work/collection-store/packages/collection-store/src/replication/network/NetworkManager.ts:202:17)
      at <anonymous> (/Users/vedmalex/work/collection-store/packages/collection-store/src/replication/network/NetworkManager.ts:255:16)

Failed to connect to node node2 (attempt 1): ErrorEvent {
  type: "error",
  message: "WebSocket connection to 'ws://localhost:8780/?nodeId=node1' failed: Failed to connect",
  error: error: WebSocket connection to 'ws://localhost:8780/?nodeId=node1' failed: Failed to connect
,
}
Retrying connection to node2 in 1000ms
Connection tracking test failed: ErrorEvent {
  type: "error",
  message: "WebSocket connection to 'ws://localhost:8780/?nodeId=node1' failed: Failed to connect",
  error: warn: WebSocket connection to 'ws://localhost:8780/?nodeId=node1' failed: Failed to connect
,
}
(pass) Replication Network Layer > Connection Management > should track connected nodes [0.94ms]
Closing NetworkManager for node node1
Closing NetworkManager for node node2
Closing NetworkManager for node node3
WebSocket server closed for node node1
WebSocket server closed for node node2
WebSocket server closed for node node3
NetworkManager started on node node1, port 8525
NetworkManager started on node node2, port 8526
NetworkManager started on node node3, port 8527
Retry failed for node nonexistent: 199 |     }
200 |   }
201 | 
202 |   async connect(nodeId: string, address: string, port: number): Promise<void> {
203 |     if (this.closed) {
204 |       throw new Error('NetworkManager is closed')
                  ^
error: NetworkManager is closed
      at connect (/Users/vedmalex/work/collection-store/packages/collection-store/src/replication/network/NetworkManager.ts:204:13)
      at connect (/Users/vedmalex/work/collection-store/packages/collection-store/src/replication/network/NetworkManager.ts:202:17)
      at <anonymous> (/Users/vedmalex/work/collection-store/packages/collection-store/src/replication/network/NetworkManager.ts:255:16)

Failed to connect to node node2 (attempt 1): ErrorEvent {
  type: "error",
  message: "WebSocket connection to 'ws://localhost:8543/?nodeId=node1' failed: Failed to connect",
  error: error: WebSocket connection to 'ws://localhost:8543/?nodeId=node1' failed: Failed to connect
,
}
Retrying connection to node2 in 1000ms
Disconnection test failed: ErrorEvent {
  type: "error",
  message: "WebSocket connection to 'ws://localhost:8543/?nodeId=node1' failed: Failed to connect",
  error: warn: WebSocket connection to 'ws://localhost:8543/?nodeId=node1' failed: Failed to connect
,
}
(pass) Replication Network Layer > Connection Management > should handle disconnections [2.18ms]
Closing NetworkManager for node node1
Closing NetworkManager for node node2
Closing NetworkManager for node node3
WebSocket server closed for node node1
WebSocket server closed for node node2
WebSocket server closed for node node3
NetworkManager started on node node1, port 8765
NetworkManager started on node node2, port 8766
NetworkManager started on node node3, port 8767
Retry failed for node node2: 199 |     }
200 |   }
201 | 
202 |   async connect(nodeId: string, address: string, port: number): Promise<void> {
203 |     if (this.closed) {
204 |       throw new Error('NetworkManager is closed')
                  ^
error: NetworkManager is closed
      at connect (/Users/vedmalex/work/collection-store/packages/collection-store/src/replication/network/NetworkManager.ts:204:13)
      at connect (/Users/vedmalex/work/collection-store/packages/collection-store/src/replication/network/NetworkManager.ts:202:17)
      at <anonymous> (/Users/vedmalex/work/collection-store/packages/collection-store/src/replication/network/NetworkManager.ts:255:16)

Failed to connect to node node2 (attempt 1): ErrorEvent {
  type: "error",
  message: "WebSocket connection to 'ws://localhost:8178/?nodeId=node1' failed: Failed to connect",
  error: error: WebSocket connection to 'ws://localhost:8178/?nodeId=node1' failed: Failed to connect
,
}
Retrying connection to node2 in 1000ms
Event test failed: ErrorEvent {
  type: "error",
  message: "WebSocket connection to 'ws://localhost:8178/?nodeId=node1' failed: Failed to connect",
  error: warn: WebSocket connection to 'ws://localhost:8178/?nodeId=node1' failed: Failed to connect
,
}
(pass) Replication Network Layer > Connection Management > should emit connection events [1.76ms]
Closing NetworkManager for node node1
Closing NetworkManager for node node2
Closing NetworkManager for node node3
WebSocket server closed for node node1
WebSocket server closed for node node2
WebSocket server closed for node node3
NetworkManager started on node node1, port 8514
NetworkManager started on node node2, port 8515
NetworkManager started on node node3, port 8516
Retry failed for node node3: 199 |     }
200 |   }
201 | 
202 |   async connect(nodeId: string, address: string, port: number): Promise<void> {
203 |     if (this.closed) {
204 |       throw new Error('NetworkManager is closed')
                  ^
error: NetworkManager is closed
      at connect (/Users/vedmalex/work/collection-store/packages/collection-store/src/replication/network/NetworkManager.ts:204:13)
      at connect (/Users/vedmalex/work/collection-store/packages/collection-store/src/replication/network/NetworkManager.ts:202:17)
      at <anonymous> (/Users/vedmalex/work/collection-store/packages/collection-store/src/replication/network/NetworkManager.ts:255:16)

Retry failed for node node2: 199 |     }
200 |   }
201 | 
202 |   async connect(nodeId: string, address: string, port: number): Promise<void> {
203 |     if (this.closed) {
204 |       throw new Error('NetworkManager is closed')
                  ^
error: NetworkManager is closed
      at connect (/Users/vedmalex/work/collection-store/packages/collection-store/src/replication/network/NetworkManager.ts:204:13)
      at connect (/Users/vedmalex/work/collection-store/packages/collection-store/src/replication/network/NetworkManager.ts:202:17)
      at <anonymous> (/Users/vedmalex/work/collection-store/packages/collection-store/src/replication/network/NetworkManager.ts:255:16)

(pass) Replication Network Layer > Error Handling > should handle invalid message formats [0.34ms]
Closing NetworkManager for node node1
Closing NetworkManager for node node2
Closing NetworkManager for node node3
WebSocket server closed for node node1
WebSocket server closed for node node2
WebSocket server closed for node node3
NetworkManager started on node node1, port 8943
NetworkManager started on node node2, port 8944
NetworkManager started on node node3, port 8945
Retry failed for node node2: 199 |     }
200 |   }
201 | 
202 |   async connect(nodeId: string, address: string, port: number): Promise<void> {
203 |     if (this.closed) {
204 |       throw new Error('NetworkManager is closed')
                  ^
error: NetworkManager is closed
      at connect (/Users/vedmalex/work/collection-store/packages/collection-store/src/replication/network/NetworkManager.ts:204:13)
      at connect (/Users/vedmalex/work/collection-store/packages/collection-store/src/replication/network/NetworkManager.ts:202:17)
      at <anonymous> (/Users/vedmalex/work/collection-store/packages/collection-store/src/replication/network/NetworkManager.ts:255:16)

Failed to connect to node timeout-test (attempt 1): 115 |         this.#createWebSocket(url, protocols, headers, method);
116 |       return;
117 |     }
118 |     this.#createWebSocket(url, protocols, headers, method);
119 |   }
120 |     let ws = this.#ws = new WebSocket(url, headers ? { headers, method, protocols } : protocols);
                              ^
SyntaxError: Invalid url for WebSocket ws://localhost:99998?nodeId=node1
      at #createWebSocket (ws:120:25)
      at new WebSocket (ws:117:26)
      at connect (/Users/vedmalex/work/collection-store/packages/collection-store/src/replication/network/NetworkManager.ts:219:18)
      at connect (/Users/vedmalex/work/collection-store/packages/collection-store/src/replication/network/NetworkManager.ts:202:17)
      at <anonymous> (/Users/vedmalex/work/collection-store/packages/collection-store/src/replication/replication-network.test.ts:326:27)
      at <anonymous> (/Users/vedmalex/work/collection-store/packages/collection-store/src/replication/replication-network.test.ts:322:44)

Retrying connection to timeout-test in 1000ms
(pass) Replication Network Layer > Error Handling > should handle network timeouts [2.29ms]
Closing NetworkManager for node node1
Closing NetworkManager for node node2
Closing NetworkManager for node node3
WebSocket server closed for node node1
WebSocket server closed for node node2
WebSocket server closed for node node3
NetworkManager started on node node1, port 8868
NetworkManager started on node node2, port 8869
NetworkManager started on node node3, port 8870
Retry failed for node node2: 199 |     }
200 |   }
201 | 
202 |   async connect(nodeId: string, address: string, port: number): Promise<void> {
203 |     if (this.closed) {
204 |       throw new Error('NetworkManager is closed')
                  ^
error: NetworkManager is closed
      at connect (/Users/vedmalex/work/collection-store/packages/collection-store/src/replication/network/NetworkManager.ts:204:13)
      at connect (/Users/vedmalex/work/collection-store/packages/collection-store/src/replication/network/NetworkManager.ts:202:17)
      at <anonymous> (/Users/vedmalex/work/collection-store/packages/collection-store/src/replication/network/NetworkManager.ts:255:16)

Failed to connect to node node2 (attempt 1): ErrorEvent {
  type: "error",
  message: "WebSocket connection to 'ws://localhost:8282/?nodeId=node1' failed: Failed to connect",
  error: error: WebSocket connection to 'ws://localhost:8282/?nodeId=node1' failed: Failed to connect
,
}
Retrying connection to node2 in 1000ms
Recovery test failed: ErrorEvent {
  type: "error",
  message: "WebSocket connection to 'ws://localhost:8282/?nodeId=node1' failed: Failed to connect",
  error: warn: WebSocket connection to 'ws://localhost:8282/?nodeId=node1' failed: Failed to connect
,
}
(pass) Replication Network Layer > Error Handling > should recover from connection failures [4.57ms]
Closing NetworkManager for node node1
Closing NetworkManager for node node2
Closing NetworkManager for node node3
WebSocket server closed for node node1
WebSocket server closed for node node2
WebSocket server closed for node node3
NetworkManager started on node node1, port 8963
NetworkManager started on node node2, port 8964
NetworkManager started on node node3, port 8965
Retry failed for node node2: 199 |     }
200 |   }
201 | 
202 |   async connect(nodeId: string, address: string, port: number): Promise<void> {
203 |     if (this.closed) {
204 |       throw new Error('NetworkManager is closed')
                  ^
error: NetworkManager is closed
      at connect (/Users/vedmalex/work/collection-store/packages/collection-store/src/replication/network/NetworkManager.ts:204:13)
      at connect (/Users/vedmalex/work/collection-store/packages/collection-store/src/replication/network/NetworkManager.ts:202:17)
      at <anonymous> (/Users/vedmalex/work/collection-store/packages/collection-store/src/replication/network/NetworkManager.ts:255:16)

Failed to connect to node node2 (attempt 1): ErrorEvent {
  type: "error",
  message: "WebSocket connection to 'ws://localhost:8546/?nodeId=node1' failed: Failed to connect",
  error: error: WebSocket connection to 'ws://localhost:8546/?nodeId=node1' failed: Failed to connect
,
}
Retrying connection to node2 in 1000ms
Failed to connect to node node3 (attempt 1): ErrorEvent {
  type: "error",
  message: "WebSocket connection to 'ws://localhost:8547/?nodeId=node1' failed: Failed to connect",
  error: error: WebSocket connection to 'ws://localhost:8547/?nodeId=node1' failed: Failed to connect
,
}
Retrying connection to node3 in 1000ms
(pass) Replication Network Layer > Performance & Reliability > should handle multiple rapid connections [3.26ms]
Closing NetworkManager for node node1
Closing NetworkManager for node node2
Closing NetworkManager for node node3
WebSocket server closed for node node1
WebSocket server closed for node node2
WebSocket server closed for node node3
NetworkManager started on node node1, port 8571
NetworkManager started on node node2, port 8572
NetworkManager started on node node3, port 8573
Retry failed for node node2: 199 |     }
200 |   }
201 | 
202 |   async connect(nodeId: string, address: string, port: number): Promise<void> {
203 |     if (this.closed) {
204 |       throw new Error('NetworkManager is closed')
                  ^
error: NetworkManager is closed
      at connect (/Users/vedmalex/work/collection-store/packages/collection-store/src/replication/network/NetworkManager.ts:204:13)
      at connect (/Users/vedmalex/work/collection-store/packages/collection-store/src/replication/network/NetworkManager.ts:202:17)
      at <anonymous> (/Users/vedmalex/work/collection-store/packages/collection-store/src/replication/network/NetworkManager.ts:255:16)

Failed to connect to node node2 (attempt 1): ErrorEvent {
  type: "error",
  message: "WebSocket connection to 'ws://localhost:8989/?nodeId=node1' failed: Failed to connect",
  error: error: WebSocket connection to 'ws://localhost:8989/?nodeId=node1' failed: Failed to connect
,
}
Retrying connection to node2 in 1000ms
Performance test failed: ErrorEvent {
  type: "error",
  message: "WebSocket connection to 'ws://localhost:8989/?nodeId=node1' failed: Failed to connect",
  error: warn: WebSocket connection to 'ws://localhost:8989/?nodeId=node1' failed: Failed to connect
,
}
(pass) Replication Network Layer > Performance & Reliability > should maintain performance under load [1.15ms]
Closing NetworkManager for node node1
Closing NetworkManager for node node2
Closing NetworkManager for node node3
WebSocket server closed for node node1
WebSocket server closed for node node2
WebSocket server closed for node node3

packages/collection-store/src/performance/IndexManager.perf.test.ts:
Non-Unique Inserts: 34.78ms
(pass) Index Manager Performance > with non-unique index > should handle 10000 non-unique inserts in a reasonable time [35.03ms]
Unique Inserts: 95.55ms
(pass) Index Manager Performance > should handle 10000 unique inserts in a reasonable time [95.89ms]
Unique Finds: 76.76ms
(pass) Index Manager Performance > should handle 10000 unique finds in a reasonable time [77.05ms]
Unique Removes: 123.85ms
(pass) Index Manager Performance > should handle 10000 unique removes in a reasonable time [162.68ms]

src/client/offline/conflict/__tests__/day2-basic.test.ts:
Retry failed for node timeout-test: 199 |     }
200 |   }
201 | 
202 |   async connect(nodeId: string, address: string, port: number): Promise<void> {
203 |     if (this.closed) {
204 |       throw new Error('NetworkManager is closed')
                  ^
error: NetworkManager is closed
      at connect (/Users/vedmalex/work/collection-store/packages/collection-store/src/replication/network/NetworkManager.ts:204:13)
      at connect (/Users/vedmalex/work/collection-store/packages/collection-store/src/replication/network/NetworkManager.ts:202:17)
      at <anonymous> (/Users/vedmalex/work/collection-store/packages/collection-store/src/replication/network/NetworkManager.ts:255:16)

(pass) Offline Conflict Resolution - Basic > should import ConflictDetector successfully [17.10ms]
(pass) Offline Conflict Resolution - Basic > should import all strategies successfully [11.86ms]
(pass) Offline Conflict Resolution - Basic > should create strategy instances [0.69ms]
(pass) Offline Conflict Resolution - Basic > should detect basic conflicts [1.09ms]
(pass) Offline Conflict Resolution - Basic > should resolve conflicts with client-wins strategy [1.01ms]
(pass) Offline Conflict Resolution - Basic > should meet performance targets [2.37ms]
✅ ConflictDetector
✅ ClientWinsStrategy
✅ ServerWinsStrategy
✅ TimestampBasedStrategy
✅ MergeStrategy
✅ StrategyFactory
✅ Performance < 5ms detection
✅ Performance < 50ms resolution

📊 Day 2 Basic Components: 8/8 (100%)
(pass) Offline Conflict Resolution - Basic > should validate Day 2 requirements [0.61ms]

src/client/offline/sync/__tests__/day3-basic.test.ts:
Retry failed for node node2: 199 |     }
200 |   }
201 | 
202 |   async connect(nodeId: string, address: string, port: number): Promise<void> {
203 |     if (this.closed) {
204 |       throw new Error('NetworkManager is closed')
                  ^
error: NetworkManager is closed
      at connect (/Users/vedmalex/work/collection-store/packages/collection-store/src/replication/network/NetworkManager.ts:204:13)
      at connect (/Users/vedmalex/work/collection-store/packages/collection-store/src/replication/network/NetworkManager.ts:202:17)
      at <anonymous> (/Users/vedmalex/work/collection-store/packages/collection-store/src/replication/network/NetworkManager.ts:255:16)

(pass) Offline Sync Management - Basic > should import OperationQueue successfully [9.14ms]
(pass) Offline Sync Management - Basic > should import NetworkDetector successfully [5.13ms]
(pass) Offline Sync Management - Basic > should import SyncManager successfully [4.40ms]
OperationQueue initialized in 0.05ms
(pass) Offline Sync Management - Basic > should initialize OperationQueue with config [0.52ms]
NetworkDetector initialized in 0.40ms
(pass) Offline Sync Management - Basic > should initialize NetworkDetector with config [0.69ms]
SyncManager initialized in 0.00ms
(pass) Offline Sync Management - Basic > should initialize SyncManager with config [0.27ms]
OperationQueue initialized in 0.01ms
(pass) Offline Sync Management - Basic > should enqueue and dequeue operations [0.29ms]
OperationQueue initialized in 0.01ms
(pass) Offline Sync Management - Basic > should meet performance targets [0.28ms]
✅ OperationQueue
✅ NetworkDetector
✅ SyncManager
✅ Queue Performance < 5ms enqueue
✅ Network Detection < 50ms
✅ Sync Processing < 100ms
✅ Batch Operations
✅ Priority Queuing
✅ Network Quality Assessment
✅ Adaptive Sync Strategies

📊 Day 3 Basic Components: 10/10 (100%)
(pass) Offline Sync Management - Basic > should validate Day 3 requirements [0.15ms]

packages/collection-store/src/collection/__test__/CollectionFactory.test.ts:
(pass) CollectionFactory > should create a new collection if it does not exist [1.03ms]
(pass) CollectionFactory > should return the same collection instance for the same name [0.17ms]
(pass) CollectionFactory > should create collections with the specified indexes [7.57ms]
(pass) CollectionFactory > should use a default AdapterMemory if none is provided [0.32ms]

packages/collection-store/src/collection/__test__/IndexManager.transactions.test.ts:
(pass) Index Manager Transactions > should correctly add and remove a single docId from a non-unique index within a transaction [10.75ms]
(pass) Index Manager Transactions > should correctly rollback an add operation in a non-unique index [0.94ms]
(pass) Index Manager Transactions > should correctly rollback a remove operation in a non-unique index [1.44ms]

packages/collection-store/src/collection/__test__/Collection.test.ts:
(pass) Collection > find with QueryEngine > should find documents using a simple equality query [1.31ms]
(pass) Collection > find with QueryEngine > should find documents using a query with operators [0.33ms]
(pass) Collection > find with QueryEngine > should return an empty array for queries that match no documents [0.51ms]
(pass) Collection > find with QueryEngine > should handle complex queries with multiple fields [0.20ms]
(pass) Collection > find with QueryEngine > should use an index when a query on an indexed field is made [0.70ms]
(pass) Collection > find with QueryEngine > should not use an index for fields without one (full scan) [0.04ms]
(pass) Collection > should insert a document [0.41ms]
(pass) Collection > should update indexes after insert [0.13ms]
(pass) Collection > should rollback storage if indexing fails [0.49ms]
(pass) Collection > should find a document by ID [0.06ms]
(pass) Collection > should delete a document [0.25ms]
(pass) Collection > should update indexes on delete [0.02ms]
(pass) Collection > should update a document (storage only) [0.21ms]

packages/collection-store/src/collection/__test__/IndexManager.test.ts:
(pass) Index Manager > with unique index > should find a document by unique field [0.04ms]
(pass) Index Manager > with unique index > should return an empty array if not found [0.06ms]
(pass) Index Manager > with unique index > should throw on unique constraint violation [5.43ms]
(pass) Index Manager > with unique index > should remove a document from index [2.84ms]
(pass) Index Manager > with non-unique index > should find multiple documents by non-unique field [0.29ms]
(pass) Index Manager > with non-unique index > should add a new document to an existing key [0.50ms]
(pass) Index Manager > with non-unique index > should remove one document from a non-unique key [0.22ms]
(pass) Index Manager > with non-unique index > should remove the key if last document is removed
(pass) Index Manager > findRange > should find documents with age > 30 [4.94ms]
(pass) Index Manager > findRange > should find documents with age < 40 [0.65ms]
(pass) Index Manager > findRange > should find documents with age >= 40
(pass) Index Manager > findRange > should find documents with age <= 30 [0.19ms]
(pass) Index Manager > findRange > should handle ranges with no results
(pass) Index Manager > should create a unique index
(pass) Index Manager > should create a non-unique index
(pass) Index Manager > should throw an error if index already exists

packages/collection-store/src/core/__test__/CSDatabase.transaction.test.ts:
[CSDatabase] Clearing 0 savepoints before commit
(pass) CSDatabase Transaction Integration > Basic Transaction Lifecycle > should start and commit transaction [0.97ms]
[CSDatabase] Clearing 0 savepoints before abort
(pass) CSDatabase Transaction Integration > Basic Transaction Lifecycle > should start and abort transaction [0.71ms]
(pass) CSDatabase Transaction Integration > Basic Transaction Lifecycle > should handle session lifecycle [0.15ms]
(pass) CSDatabase Transaction Integration > Transaction State Management > should prevent starting multiple transactions [0.27ms]
(pass) CSDatabase Transaction Integration > Transaction State Management > should prevent commit without active transaction [0.29ms]
(pass) CSDatabase Transaction Integration > Transaction State Management > should prevent abort without active transaction [0.14ms]
(pass) CSDatabase Transaction Integration > Transaction State Management > should get current transaction details [0.40ms]
(pass) CSDatabase Transaction Integration > Transaction Options > should accept transaction options [0.27ms]
(pass) CSDatabase Transaction Integration > Transaction Options > should use default options [0.68ms]
[CSDatabase] Clearing 0 savepoints before commit
(pass) CSDatabase Transaction Integration > Change Notifications > should register and receive change notifications [0.92ms]
[CSDatabase] Clearing 0 savepoints before abort
(pass) CSDatabase Transaction Integration > Change Notifications > should not notify on rollback [0.32ms]
(pass) CSDatabase Transaction Integration > Error Handling > should handle endSession with active transaction
Retry failed for node node2: 199 |     }
200 |   }
201 | 
202 |   async connect(nodeId: string, address: string, port: number): Promise<void> {
203 |     if (this.closed) {
204 |       throw new Error('NetworkManager is closed')
                  ^
error: NetworkManager is closed
      at connect (/Users/vedmalex/work/collection-store/packages/collection-store/src/replication/network/NetworkManager.ts:204:13)
      at connect (/Users/vedmalex/work/collection-store/packages/collection-store/src/replication/network/NetworkManager.ts:202:17)
      at <anonymous> (/Users/vedmalex/work/collection-store/packages/collection-store/src/replication/network/NetworkManager.ts:255:16)

Retry failed for node node3: 199 |     }
200 |   }
201 | 
202 |   async connect(nodeId: string, address: string, port: number): Promise<void> {
203 |     if (this.closed) {
204 |       throw new Error('NetworkManager is closed')
                  ^
error: NetworkManager is closed
      at connect (/Users/vedmalex/work/collection-store/packages/collection-store/src/replication/network/NetworkManager.ts:204:13)
      at connect (/Users/vedmalex/work/collection-store/packages/collection-store/src/replication/network/NetworkManager.ts:202:17)
      at <anonymous> (/Users/vedmalex/work/collection-store/packages/collection-store/src/replication/network/NetworkManager.ts:255:16)

(pass) CSDatabase Transaction Integration > Error Handling > should cleanup expired transactions [102.11ms]
[CSDatabase] Clearing 0 savepoints before commit
(pass) CSDatabase Transaction Integration > Collection Operations with Transactions > should create collection within transaction [6.73ms]
[CSDatabase] Clearing 0 savepoints before abort
(pass) CSDatabase Transaction Integration > Collection Operations with Transactions > should rollback collection creation [0.64ms]
[CSDatabase] Clearing 0 savepoints before commit
[CSDatabase] Clearing 0 savepoints before commit
(pass) CSDatabase Transaction Integration > Concurrent Transaction Handling > should handle multiple databases independently [0.46ms]

packages/collection-store/src/core/__test__/IndexManager.test.ts:
(pass) Index Manager > Basic Transaction Operations > should track insert operations in transaction [0.25ms]
(pass) Index Manager > Basic Transaction Operations > should track remove operations in transaction [0.14ms]
(pass) Index Manager > Basic Transaction Operations > should track multiple operations in transaction [0.08ms]
(pass) Index Manager > Basic Transaction Operations > should maintain separate transaction contexts
(pass) Index Manager > Transaction View Operations > should return committed data for new transaction [0.25ms]
(pass) Index Manager > Transaction View Operations > should include transaction inserts in view [0.06ms]
(pass) Index Manager > Transaction View Operations > should exclude transaction removes from view [0.01ms]
(pass) Index Manager > Transaction View Operations > should handle complex transaction view [0.07ms]
(pass) Index Manager > 2PC Protocol - Prepare Phase > should prepare successfully with valid changes [0.12ms]
(pass) Index Manager > 2PC Protocol - Prepare Phase > should prepare successfully with no changes [0.11ms]
(pass) Index Manager > 2PC Protocol - Prepare Phase > should reject prepare for invalid insert
(pass) Index Manager > 2PC Protocol - Prepare Phase > should handle invalid remove gracefully
Failed to prepare transaction test-tx-1: 159 |       // Create a scenario that might cause prepare to throw
160 |       await indexManager.insert_in_transaction(transactionId, 'key', 'value')
161 | 
162 |       // Mock a potential error scenario
163 |       const originalCanInsert = (indexManager as any).canInsert
164 |       ;(indexManager as any).canInsert = () => { throw new Error('Test error') }
                                                             ^
error: Test error
      at <anonymous> (/Users/vedmalex/work/collection-store/packages/collection-store/src/core/__test__/IndexManager.test.ts:164:56)
      at prepareCommit (/Users/vedmalex/work/collection-store/packages/collection-store/src/core/IndexManager.ts:164:21)
      at prepareCommit (/Users/vedmalex/work/collection-store/packages/collection-store/src/core/IndexManager.ts:151:23)
      at <anonymous> (/Users/vedmalex/work/collection-store/packages/collection-store/src/core/__test__/IndexManager.test.ts:166:44)

(pass) Index Manager > 2PC Protocol - Prepare Phase > should handle prepare errors gracefully [0.26ms]
(pass) Index Manager > 2PC Protocol - Commit Phase > should commit successfully after prepare [0.12ms]
(pass) Index Manager > 2PC Protocol - Commit Phase > should apply multiple changes in commit [0.07ms]
(pass) Index Manager > 2PC Protocol - Commit Phase > should throw error if committing unprepared transaction [0.01ms]
(pass) Index Manager > 2PC Protocol - Commit Phase > should cleanup transaction data after commit
(pass) Index Manager > 2PC Protocol - Rollback > should rollback transaction without applying changes [0.09ms]
(pass) Index Manager > 2PC Protocol - Rollback > should rollback prepared transaction
(pass) Index Manager > 2PC Protocol - Rollback > should cleanup transaction data after rollback [0.02ms]
(pass) Index Manager > 2PC Protocol - Rollback > should handle rollback of non-existent transaction [0.07ms]
(pass) Index Manager > Backward Compatibility > should support non-transactional insert [0.06ms]
(pass) Index Manager > Backward Compatibility > should support non-transactional remove [0.03ms]
(pass) Index Manager > Backward Compatibility > should support non-transactional findFirst
(pass) Index Manager > Backward Compatibility > should support non-transactional findAll
(pass) Index Manager > Backward Compatibility > should support tree properties access
(pass) Index Manager > Error Handling and Edge Cases > should handle empty transaction gracefully [0.11ms]
(pass) Index Manager > Error Handling and Edge Cases > should handle multiple operations on same key [0.05ms]
(pass) Index Manager > Error Handling and Edge Cases > should maintain transaction isolation [0.01ms]

packages/collection-store/src/core/__test__/CSDatabase.savepoint.test.ts:
(pass) CSDatabase Savepoint Support > createSavepoint > should require active transaction [0.08ms]
[CSDatabase] Creating savepoint 'test-savepoint' (csdb-sp-f4a992d1-69da-4ce2-a789-8222465bd2e3-1-1754676573067) for transaction f4a992d1-69da-4ce2-a789-8222465bd2e3
[CSDatabase] Created savepoint 'test-savepoint' (csdb-sp-f4a992d1-69da-4ce2-a789-8222465bd2e3-1-1754676573067) with 0 collections and 0 B+ Tree contexts
[CSDatabase] Clearing 1 savepoints before commit
(pass) CSDatabase Savepoint Support > createSavepoint > should create savepoint with unique ID [0.16ms]
[CSDatabase] Creating savepoint 'with-data' (csdb-sp-a92af732-953c-437d-a096-5e6b67128c13-1-1754676573068) for transaction a92af732-953c-437d-a096-5e6b67128c13
[CSDatabase] Created savepoint 'with-data' (csdb-sp-a92af732-953c-437d-a096-5e6b67128c13-1-1754676573068) with 1 collections and 0 B+ Tree contexts
[CSDatabase] Clearing 1 savepoints before commit
(pass) CSDatabase Savepoint Support > createSavepoint > should snapshot collection data [1.28ms]
[CSDatabase] Creating savepoint 'savepoint-1' (csdb-sp-6e42c635-feb2-4c8f-94dc-16ad59e3f0f0-1-1754676573070) for transaction 6e42c635-feb2-4c8f-94dc-16ad59e3f0f0
[CSDatabase] Created savepoint 'savepoint-1' (csdb-sp-6e42c635-feb2-4c8f-94dc-16ad59e3f0f0-1-1754676573070) with 0 collections and 0 B+ Tree contexts
[CSDatabase] Creating savepoint 'savepoint-2' (csdb-sp-6e42c635-feb2-4c8f-94dc-16ad59e3f0f0-2-1754676573070) for transaction 6e42c635-feb2-4c8f-94dc-16ad59e3f0f0
[CSDatabase] Created savepoint 'savepoint-2' (csdb-sp-6e42c635-feb2-4c8f-94dc-16ad59e3f0f0-2-1754676573070) with 0 collections and 0 B+ Tree contexts
[CSDatabase] Creating savepoint 'savepoint-3' (csdb-sp-6e42c635-feb2-4c8f-94dc-16ad59e3f0f0-3-1754676573070) for transaction 6e42c635-feb2-4c8f-94dc-16ad59e3f0f0
[CSDatabase] Created savepoint 'savepoint-3' (csdb-sp-6e42c635-feb2-4c8f-94dc-16ad59e3f0f0-3-1754676573070) with 0 collections and 0 B+ Tree contexts
[CSDatabase] Clearing 3 savepoints before commit
(pass) CSDatabase Savepoint Support > createSavepoint > should handle multiple savepoints [0.28ms]
[CSDatabase] Creating savepoint 'duplicate-name' (csdb-sp-740cbb20-71ff-4244-9ab4-5b1f09b2bb88-1-1754676573070) for transaction 740cbb20-71ff-4244-9ab4-5b1f09b2bb88
[CSDatabase] Created savepoint 'duplicate-name' (csdb-sp-740cbb20-71ff-4244-9ab4-5b1f09b2bb88-1-1754676573070) with 0 collections and 0 B+ Tree contexts
[CSDatabase] Clearing 1 savepoints before commit
(pass) CSDatabase Savepoint Support > createSavepoint > should reject duplicate savepoint names [0.05ms]
(pass) CSDatabase Savepoint Support > rollbackToSavepoint > should require active transaction [0.09ms]
[CSDatabase] Creating savepoint 'before-changes' (csdb-sp-62187d39-ffde-4713-b715-24eeb5e5318a-1-1754676573071) for transaction 62187d39-ffde-4713-b715-24eeb5e5318a
[CSDatabase] Created savepoint 'before-changes' (csdb-sp-62187d39-ffde-4713-b715-24eeb5e5318a-1-1754676573071) with 1 collections and 0 B+ Tree contexts
[CSDatabase] Rolling back to savepoint 'before-changes' (csdb-sp-62187d39-ffde-4713-b715-24eeb5e5318a-1-1754676573071)
[CSDatabase] Restored collection 'products' with 2 items
[CSDatabase] Rollback completed. Restored 1 collections
[CSDatabase] Clearing 1 savepoints before commit
(pass) CSDatabase Savepoint Support > rollbackToSavepoint > should restore collection data [1.36ms]
[CSDatabase] Creating savepoint 'level-1' (csdb-sp-6c350bd6-55f0-4326-8e09-959f363ae656-1-1754676573073) for transaction 6c350bd6-55f0-4326-8e09-959f363ae656
[CSDatabase] Created savepoint 'level-1' (csdb-sp-6c350bd6-55f0-4326-8e09-959f363ae656-1-1754676573073) with 1 collections and 0 B+ Tree contexts
[CSDatabase] Creating savepoint 'level-2' (csdb-sp-6c350bd6-55f0-4326-8e09-959f363ae656-2-1754676573079) for transaction 6c350bd6-55f0-4326-8e09-959f363ae656
[CSDatabase] Created savepoint 'level-2' (csdb-sp-6c350bd6-55f0-4326-8e09-959f363ae656-2-1754676573079) with 1 collections and 0 B+ Tree contexts
[CSDatabase] Creating savepoint 'level-3' (csdb-sp-6c350bd6-55f0-4326-8e09-959f363ae656-3-1754676573085) for transaction 6c350bd6-55f0-4326-8e09-959f363ae656
[CSDatabase] Created savepoint 'level-3' (csdb-sp-6c350bd6-55f0-4326-8e09-959f363ae656-3-1754676573085) with 1 collections and 0 B+ Tree contexts
[CSDatabase] Rolling back to savepoint 'level-2' (csdb-sp-6c350bd6-55f0-4326-8e09-959f363ae656-2-1754676573079)
[CSDatabase] Restored collection 'orders' with 2 items
[CSDatabase] Removed savepoint 'level-3' (csdb-sp-6c350bd6-55f0-4326-8e09-959f363ae656-3-1754676573085) created after rollback point
[CSDatabase] Rollback completed. Restored 1 collections
[CSDatabase] Clearing 2 savepoints before commit
(pass) CSDatabase Savepoint Support > rollbackToSavepoint > should handle nested savepoints correctly [19.51ms]
[CSDatabase] Clearing 0 savepoints before commit
(pass) CSDatabase Savepoint Support > rollbackToSavepoint > should throw error for non-existent savepoint [0.14ms]
(pass) CSDatabase Savepoint Support > releaseSavepoint > should require active transaction
[CSDatabase] Creating savepoint 'to-release' (csdb-sp-73f95015-c17f-489a-b992-c9351cd13166-1-1754676573093) for transaction 73f95015-c17f-489a-b992-c9351cd13166
[CSDatabase] Created savepoint 'to-release' (csdb-sp-73f95015-c17f-489a-b992-c9351cd13166-1-1754676573093) with 0 collections and 0 B+ Tree contexts
[CSDatabase] Releasing savepoint 'to-release' (csdb-sp-73f95015-c17f-489a-b992-c9351cd13166-1-1754676573093)
[CSDatabase] Released savepoint 'to-release' (csdb-sp-73f95015-c17f-489a-b992-c9351cd13166-1-1754676573093)
[CSDatabase] Clearing 0 savepoints before commit
(pass) CSDatabase Savepoint Support > releaseSavepoint > should remove savepoint data [0.07ms]
[CSDatabase] Clearing 0 savepoints before commit
(pass) CSDatabase Savepoint Support > releaseSavepoint > should handle release of non-existent savepoint [0.07ms]
[CSDatabase] Creating savepoint 'test-release' (csdb-sp-9c7f67ff-8a9f-4639-ba94-ad0f79d9df58-1-1754676573094) for transaction 9c7f67ff-8a9f-4639-ba94-ad0f79d9df58
[CSDatabase] Created savepoint 'test-release' (csdb-sp-9c7f67ff-8a9f-4639-ba94-ad0f79d9df58-1-1754676573094) with 1 collections and 0 B+ Tree contexts
[CSDatabase] Releasing savepoint 'test-release' (csdb-sp-9c7f67ff-8a9f-4639-ba94-ad0f79d9df58-1-1754676573094)
[CSDatabase] Released savepoint 'test-release' (csdb-sp-9c7f67ff-8a9f-4639-ba94-ad0f79d9df58-1-1754676573094)
[CSDatabase] Clearing 0 savepoints before commit
(pass) CSDatabase Savepoint Support > releaseSavepoint > should not affect collection state [0.95ms]
(pass) CSDatabase Savepoint Support > listSavepoints and getSavepointInfo > should return empty list when no transaction [0.03ms]
[CSDatabase] Creating savepoint 'first' (csdb-sp-18751020-78fa-4282-91fe-ab4302e72427-1-1754676573095) for transaction 18751020-78fa-4282-91fe-ab4302e72427
[CSDatabase] Created savepoint 'first' (csdb-sp-18751020-78fa-4282-91fe-ab4302e72427-1-1754676573095) with 0 collections and 0 B+ Tree contexts
[CSDatabase] Creating savepoint 'second' (csdb-sp-18751020-78fa-4282-91fe-ab4302e72427-2-1754676573106) for transaction 18751020-78fa-4282-91fe-ab4302e72427
[CSDatabase] Created savepoint 'second' (csdb-sp-18751020-78fa-4282-91fe-ab4302e72427-2-1754676573106) with 0 collections and 0 B+ Tree contexts
[CSDatabase] Clearing 2 savepoints before commit
(pass) CSDatabase Savepoint Support > listSavepoints and getSavepointInfo > should list savepoints with timestamps [11.05ms]
[CSDatabase] Creating savepoint 'metrics-checkpoint' (csdb-sp-f378546a-5d52-4d52-ab7f-4b1b235242b3-1-1754676573107) for transaction f378546a-5d52-4d52-ab7f-4b1b235242b3
[CSDatabase] Created savepoint 'metrics-checkpoint' (csdb-sp-f378546a-5d52-4d52-ab7f-4b1b235242b3-1-1754676573107) with 1 collections and 0 B+ Tree contexts
[CSDatabase] Clearing 1 savepoints before commit
(pass) CSDatabase Savepoint Support > listSavepoints and getSavepointInfo > should provide detailed savepoint info [1.03ms]
[CSDatabase] Creating savepoint 'sp1' (csdb-sp-386f656a-9877-4018-bdf6-e1c043b98619-1-1754676573108) for transaction 386f656a-9877-4018-bdf6-e1c043b98619
[CSDatabase] Created savepoint 'sp1' (csdb-sp-386f656a-9877-4018-bdf6-e1c043b98619-1-1754676573108) with 0 collections and 0 B+ Tree contexts
[CSDatabase] Creating savepoint 'sp2' (csdb-sp-386f656a-9877-4018-bdf6-e1c043b98619-2-1754676573108) for transaction 386f656a-9877-4018-bdf6-e1c043b98619
[CSDatabase] Created savepoint 'sp2' (csdb-sp-386f656a-9877-4018-bdf6-e1c043b98619-2-1754676573108) with 0 collections and 0 B+ Tree contexts
[CSDatabase] Clearing 2 savepoints before commit
(pass) CSDatabase Savepoint Support > transaction cleanup > should clear savepoints on commit [0.12ms]
[CSDatabase] Creating savepoint 'sp1' (csdb-sp-25d1a8af-3607-4f03-b5b2-1174d4314d32-1-1754676573108) for transaction 25d1a8af-3607-4f03-b5b2-1174d4314d32
[CSDatabase] Created savepoint 'sp1' (csdb-sp-25d1a8af-3607-4f03-b5b2-1174d4314d32-1-1754676573108) with 0 collections and 0 B+ Tree contexts
[CSDatabase] Creating savepoint 'sp2' (csdb-sp-25d1a8af-3607-4f03-b5b2-1174d4314d32-2-1754676573108) for transaction 25d1a8af-3607-4f03-b5b2-1174d4314d32
[CSDatabase] Created savepoint 'sp2' (csdb-sp-25d1a8af-3607-4f03-b5b2-1174d4314d32-2-1754676573108) with 0 collections and 0 B+ Tree contexts
[CSDatabase] Clearing 2 savepoints before abort
(pass) CSDatabase Savepoint Support > transaction cleanup > should clear savepoints on abort
[CSDatabase] Creating savepoint 'multi-collection' (csdb-sp-49809fbf-c79c-4bf6-9b75-43b45a3bd5b1-1-1754676573109) for transaction 49809fbf-c79c-4bf6-9b75-43b45a3bd5b1
[CSDatabase] Created savepoint 'multi-collection' (csdb-sp-49809fbf-c79c-4bf6-9b75-43b45a3bd5b1-1-1754676573109) with 2 collections and 0 B+ Tree contexts
[CSDatabase] Rolling back to savepoint 'multi-collection' (csdb-sp-49809fbf-c79c-4bf6-9b75-43b45a3bd5b1-1-1754676573109)
[CSDatabase] Restored collection 'users' with 1 items
[CSDatabase] Restored collection 'orders' with 1 items
[CSDatabase] Rollback completed. Restored 2 collections
[CSDatabase] Clearing 1 savepoints before commit
(pass) CSDatabase Savepoint Support > transaction cleanup > should handle multiple collections in savepoint [0.93ms]
[CSDatabase] Creating savepoint 'error-test' (csdb-sp-82549a21-ee09-41d7-a33e-b42fa5bd7d32-1-1754676573109) for transaction 82549a21-ee09-41d7-a33e-b42fa5bd7d32
[CSDatabase] Created savepoint 'error-test' (csdb-sp-82549a21-ee09-41d7-a33e-b42fa5bd7d32-1-1754676573109) with 0 collections and 0 B+ Tree contexts
[CSDatabase] Rolling back to savepoint 'error-test' (csdb-sp-82549a21-ee09-41d7-a33e-b42fa5bd7d32-1-1754676573109)
[CSDatabase] Rollback completed. Restored 1 collections
[CSDatabase] Clearing 1 savepoints before abort
(pass) CSDatabase Savepoint Support > error handling > should handle rollback errors gracefully [0.12ms]
[CSDatabase] Creating savepoint 'concurrent-1' (csdb-sp-2e31fd32-3897-4735-bfa7-5ce00cfa67cc-1-1754676573110) for transaction 2e31fd32-3897-4735-bfa7-5ce00cfa67cc
[CSDatabase] Created savepoint 'concurrent-1' (csdb-sp-2e31fd32-3897-4735-bfa7-5ce00cfa67cc-1-1754676573110) with 0 collections and 0 B+ Tree contexts
[CSDatabase] Creating savepoint 'concurrent-2' (csdb-sp-2e31fd32-3897-4735-bfa7-5ce00cfa67cc-2-1754676573110) for transaction 2e31fd32-3897-4735-bfa7-5ce00cfa67cc
[CSDatabase] Created savepoint 'concurrent-2' (csdb-sp-2e31fd32-3897-4735-bfa7-5ce00cfa67cc-2-1754676573110) with 0 collections and 0 B+ Tree contexts
[CSDatabase] Creating savepoint 'concurrent-3' (csdb-sp-2e31fd32-3897-4735-bfa7-5ce00cfa67cc-3-1754676573110) for transaction 2e31fd32-3897-4735-bfa7-5ce00cfa67cc
[CSDatabase] Created savepoint 'concurrent-3' (csdb-sp-2e31fd32-3897-4735-bfa7-5ce00cfa67cc-3-1754676573110) with 0 collections and 0 B+ Tree contexts
[CSDatabase] Clearing 3 savepoints before commit
(pass) CSDatabase Savepoint Support > error handling > should handle concurrent savepoint operations [0.13ms]

packages/collection-store/src/config/__test__/QuotaManager.test.ts:
(pass) QuotaManager > getQuotas > should return the quota config if it exists [1.45ms]
(pass) QuotaManager > getQuotas > should return null if no quota config exists [0.11ms]
(pass) QuotaManager > isStorageExceeded > should return false if usage is below the quota [0.11ms]
(pass) QuotaManager > isStorageExceeded > should return true if usage is above the quota [0.05ms]
(pass) QuotaManager > isStorageExceeded > should return false if no storage quota is set [0.01ms]
(pass) QuotaManager > isStorageExceeded > should correctly parse different byte units [0.03ms]
(pass) QuotaManager > isStorageExceeded > should throw an error for invalid byte strings [0.07ms]

packages/collection-store/src/config/__test__/ConfigurationManager.test.ts:
(pass) ConfigurationManager > loadFromFile > should load and validate a correct YAML configuration file [3.33ms]
(pass) ConfigurationManager > loadFromFile > should load and validate a correct JSON configuration file [0.22ms]
(pass) ConfigurationManager > loadFromFile > should throw an error if the file does not exist [0.18ms]
(pass) ConfigurationManager > loadFromFile > should throw an error for a file with invalid syntax [5.93ms]
(pass) ConfigurationManager > loadFromFile > should throw a validation error for a file with invalid structure [5.65ms]
(pass) ConfigurationManager > loadFromFile > should throw an error for unsupported file formats [1.04ms]
(pass) ConfigurationManager > getConfig > should return the loaded configuration [0.53ms]
(pass) ConfigurationManager > getConfig > should throw an error if getConfig is called before loadFromFile [0.06ms]

packages/collection-store/src/config/__test__/ConfigurationManager.hotreload.test.ts:
Started watching configuration file: /var/folders/_y/w32ykyg53_d0kw28dq82k8g40000gn/T/config-test-DJEQoo/test-config.yaml
Hot reload enabled for configuration file: /var/folders/_y/w32ykyg53_d0kw28dq82k8g40000gn/T/config-test-DJEQoo/test-config.yaml
(pass) ConfigurationManager Hot Reload > Basic Hot Reload Functionality > should load configuration with hot reload enabled [1.35ms]
Stopped watching configuration file: /var/folders/_y/w32ykyg53_d0kw28dq82k8g40000gn/T/config-test-DJEQoo/test-config.yaml
Hot reload disabled
(pass) ConfigurationManager Hot Reload > Basic Hot Reload Functionality > should load configuration without hot reload by default [0.38ms]
Started watching configuration file: /var/folders/_y/w32ykyg53_d0kw28dq82k8g40000gn/T/config-test-jDCW27/test-config.yaml
Hot reload enabled for configuration file: /var/folders/_y/w32ykyg53_d0kw28dq82k8g40000gn/T/config-test-jDCW27/test-config.yaml
(pass) ConfigurationManager Hot Reload > Basic Hot Reload Functionality > should enable hot reload after loading [0.39ms]
Stopped watching configuration file: /var/folders/_y/w32ykyg53_d0kw28dq82k8g40000gn/T/config-test-jDCW27/test-config.yaml
Hot reload disabled
Started watching configuration file: /var/folders/_y/w32ykyg53_d0kw28dq82k8g40000gn/T/config-test-yNaJ72/test-config.yaml
Hot reload enabled for configuration file: /var/folders/_y/w32ykyg53_d0kw28dq82k8g40000gn/T/config-test-yNaJ72/test-config.yaml
Stopped watching configuration file: /var/folders/_y/w32ykyg53_d0kw28dq82k8g40000gn/T/config-test-yNaJ72/test-config.yaml
Hot reload disabled
(pass) ConfigurationManager Hot Reload > Basic Hot Reload Functionality > should disable hot reload [0.38ms]
Started watching configuration file: /var/folders/_y/w32ykyg53_d0kw28dq82k8g40000gn/T/config-test-byRtNe/test-config.yaml
Hot reload enabled for configuration file: /var/folders/_y/w32ykyg53_d0kw28dq82k8g40000gn/T/config-test-byRtNe/test-config.yaml
Retry failed for node node2: 199 |     }
200 |   }
201 | 
202 |   async connect(nodeId: string, address: string, port: number): Promise<void> {
203 |     if (this.closed) {
204 |       throw new Error('NetworkManager is closed')
                  ^
error: NetworkManager is closed
      at connect (/Users/vedmalex/work/collection-store/packages/collection-store/src/replication/network/NetworkManager.ts:204:13)
      at connect (/Users/vedmalex/work/collection-store/packages/collection-store/src/replication/network/NetworkManager.ts:202:17)
      at <anonymous> (/Users/vedmalex/work/collection-store/packages/collection-store/src/replication/network/NetworkManager.ts:255:16)

Configuration file changed: /var/folders/_y/w32ykyg53_d0kw28dq82k8g40000gn/T/config-test-byRtNe/test-config.yaml. Reloading...
(pass) ConfigurationManager Hot Reload > Configuration Change Detection > should detect file changes and reload configuration [302.11ms]
Stopped watching configuration file: /var/folders/_y/w32ykyg53_d0kw28dq82k8g40000gn/T/config-test-byRtNe/test-config.yaml
Hot reload disabled
Started watching configuration file: /var/folders/_y/w32ykyg53_d0kw28dq82k8g40000gn/T/config-test-Q6urpS/test-config.yaml
Hot reload enabled for configuration file: /var/folders/_y/w32ykyg53_d0kw28dq82k8g40000gn/T/config-test-Q6urpS/test-config.yaml
Configuration file changed: /var/folders/_y/w32ykyg53_d0kw28dq82k8g40000gn/T/config-test-Q6urpS/test-config.yaml. Reloading...
(pass) ConfigurationManager Hot Reload > Configuration Change Detection > should handle multiple change callbacks [303.26ms]
Stopped watching configuration file: /var/folders/_y/w32ykyg53_d0kw28dq82k8g40000gn/T/config-test-Q6urpS/test-config.yaml
Hot reload disabled
Started watching configuration file: /var/folders/_y/w32ykyg53_d0kw28dq82k8g40000gn/T/config-test-Wowkqr/test-config.yaml
Hot reload enabled for configuration file: /var/folders/_y/w32ykyg53_d0kw28dq82k8g40000gn/T/config-test-Wowkqr/test-config.yaml
Configuration file changed: /var/folders/_y/w32ykyg53_d0kw28dq82k8g40000gn/T/config-test-Wowkqr/test-config.yaml. Reloading...
(pass) ConfigurationManager Hot Reload > Configuration Change Detection > should remove specific callbacks [321.91ms]
Stopped watching configuration file: /var/folders/_y/w32ykyg53_d0kw28dq82k8g40000gn/T/config-test-Wowkqr/test-config.yaml
Hot reload disabled
(pass) ConfigurationManager Hot Reload > Manual Reload > should manually reload configuration [0.66ms]
(pass) ConfigurationManager Hot Reload > Manual Reload > should trigger callbacks on manual reload [0.49ms]
Started watching configuration file: /var/folders/_y/w32ykyg53_d0kw28dq82k8g40000gn/T/config-test-uKlF0v/test-config.yaml
Hot reload enabled for configuration file: /var/folders/_y/w32ykyg53_d0kw28dq82k8g40000gn/T/config-test-uKlF0v/test-config.yaml
Configuration file changed: /var/folders/_y/w32ykyg53_d0kw28dq82k8g40000gn/T/config-test-uKlF0v/test-config.yaml. Reloading...
(pass) ConfigurationManager Hot Reload > Error Handling > should handle invalid configuration during hot reload [302.73ms]
Stopped watching configuration file: /var/folders/_y/w32ykyg53_d0kw28dq82k8g40000gn/T/config-test-uKlF0v/test-config.yaml
Hot reload disabled
(pass) ConfigurationManager Hot Reload > Error Handling > should throw error when enabling hot reload without loaded config [0.34ms]
(pass) ConfigurationManager Hot Reload > Error Handling > should throw error when manually reloading without loaded config [0.33ms]
Started watching configuration file: /var/folders/_y/w32ykyg53_d0kw28dq82k8g40000gn/T/config-test-gIdvfY/test-config.yaml
Hot reload enabled for configuration file: /var/folders/_y/w32ykyg53_d0kw28dq82k8g40000gn/T/config-test-gIdvfY/test-config.yaml
Configuration file changed: /var/folders/_y/w32ykyg53_d0kw28dq82k8g40000gn/T/config-test-gIdvfY/test-config.yaml. Reloading...
(pass) ConfigurationManager Hot Reload > Environment Configuration Integration > should handle environment-specific configuration changes [303.49ms]
Stopped watching configuration file: /var/folders/_y/w32ykyg53_d0kw28dq82k8g40000gn/T/config-test-gIdvfY/test-config.yaml
Hot reload disabled
Started watching configuration file: /var/folders/_y/w32ykyg53_d0kw28dq82k8g40000gn/T/config-test-rxFg1Q/test-config.yaml
Hot reload enabled for configuration file: /var/folders/_y/w32ykyg53_d0kw28dq82k8g40000gn/T/config-test-rxFg1Q/test-config.yaml
Configuration file changed: /var/folders/_y/w32ykyg53_d0kw28dq82k8g40000gn/T/config-test-rxFg1Q/test-config.yaml. Reloading...
(pass) ConfigurationManager Hot Reload > IndexManager Integration > should handle IndexManager configuration changes [303.09ms]
Stopped watching configuration file: /var/folders/_y/w32ykyg53_d0kw28dq82k8g40000gn/T/config-test-rxFg1Q/test-config.yaml
Hot reload disabled

packages/collection-store/src/config/__test__/NodeRoleManager.test.ts:
(pass) NodeRoleManager > should return the correct role for a configured node [0.26ms]
(pass) NodeRoleManager > should throw an error if the node ID does not match the one in the config [0.11ms]
(pass) NodeRoleManager > should throw an error if no configuration is loaded [0.13ms]

packages/collection-store/src/config/__test__/ConfigWatcher.test.ts:
Started watching configuration file: /Users/vedmalex/work/collection-store/packages/collection-store/src/config/__test__/temp/test-config.yml
Configuration file changed: /Users/vedmalex/work/collection-store/packages/collection-store/src/config/__test__/temp/test-config.yml. Reloading...
(pass) ConfigWatcher > should call the callback with the new config when the file changes [102.37ms]
Stopped watching configuration file: /Users/vedmalex/work/collection-store/packages/collection-store/src/config/__test__/temp/test-config.yml
Started watching configuration file: /Users/vedmalex/work/collection-store/packages/collection-store/src/config/__test__/temp/test-config.yml
Stopped watching configuration file: /Users/vedmalex/work/collection-store/packages/collection-store/src/config/__test__/temp/test-config.yml
(pass) ConfigWatcher > should stop watching a file with unwatch() [303.29ms]
Started watching configuration file: /Users/vedmalex/work/collection-store/packages/collection-store/src/config/__test__/temp/test-config.yml
Configuration file changed: /Users/vedmalex/work/collection-store/packages/collection-store/src/config/__test__/temp/test-config.yml. Reloading...
(pass) ConfigWatcher > should handle errors gracefully if the updated file is invalid [203.79ms]
Stopped watching configuration file: /Users/vedmalex/work/collection-store/packages/collection-store/src/config/__test__/temp/test-config.yml

packages/collection-store/src/config/__test__/ConfigurationIntegration.test.ts:
Started watching configuration file: /var/folders/_y/w32ykyg53_d0kw28dq82k8g40000gn/T/config-integration-test-Q9XOHR/integration-config.json
Hot reload enabled for configuration file: /var/folders/_y/w32ykyg53_d0kw28dq82k8g40000gn/T/config-integration-test-Q9XOHR/integration-config.json
Node initialized: test-node-integration as PRIMARY
Database registered: primary (primary)
Database registered: mongodb (external)
Database registered: googlesheets (external)
Cross-database transaction configuration initialized
(pass) Configuration-Driven Architecture Integration > Full System Integration > should initialize complete configuration-driven architecture [0.94ms]
Stopped watching configuration file: /var/folders/_y/w32ykyg53_d0kw28dq82k8g40000gn/T/config-integration-test-Q9XOHR/integration-config.json
Hot reload disabled
Started watching configuration file: /var/folders/_y/w32ykyg53_d0kw28dq82k8g40000gn/T/config-integration-test-dfY9jp/integration-config.json
Hot reload enabled for configuration file: /var/folders/_y/w32ykyg53_d0kw28dq82k8g40000gn/T/config-integration-test-dfY9jp/integration-config.json
Node initialized: test-node-integration as PRIMARY
Database registered: primary (primary)
Database registered: mongodb (external)
Database registered: googlesheets (external)
Cross-database transaction configuration initialized
Configuration file changed: /var/folders/_y/w32ykyg53_d0kw28dq82k8g40000gn/T/config-integration-test-dfY9jp/integration-config.json. Reloading...
Configuration change detected, updating role from PRIMARY to SECONDARY
Database registered: primary (primary)
Database registered: mongodb (external)
Database registered: googlesheets (external)
Cross-database configuration updated from config change
Database registered: primary (primary)
Database registered: mongodb (external)
Database registered: googlesheets (external)
Cross-database configuration updated from config change
(pass) Configuration-Driven Architecture Integration > Full System Integration > should handle configuration changes across all components [402.10ms]
Stopped watching configuration file: /var/folders/_y/w32ykyg53_d0kw28dq82k8g40000gn/T/config-integration-test-dfY9jp/integration-config.json
Hot reload disabled
Node initialized: test-node-integration as PRIMARY
Node demoted from PRIMARY to SECONDARY
Invalid role transition from SECONDARY to BROWSER
Node promoted from SECONDARY to PRIMARY
(pass) Configuration-Driven Architecture Integration > Full System Integration > should support node role transitions with capability updates [0.91ms]
Node initialized: test-node-integration as PRIMARY
Database registered: primary (primary)
Database registered: mongodb (external)
Database registered: googlesheets (external)
Cross-database transaction configuration initialized
Cross-database transaction started: tx-me354n5l-xy80ti
Transaction prepared: tx-me354n5l-xy80ti
Transaction committed: tx-me354n5l-xy80ti
(pass) Configuration-Driven Architecture Integration > Full System Integration > should manage cross-database transactions with 2PC [1.65ms]
Node initialized: test-node-integration as PRIMARY
Database registered: primary (primary)
Database registered: mongodb (external)
Database registered: googlesheets (external)
Cross-database transaction configuration initialized
Cross-database transaction started: tx-me354n5n-g377q8
Transaction aborted: tx-me354n5n-g377q8
(pass) Configuration-Driven Architecture Integration > Full System Integration > should handle transaction failures and rollback [0.67ms]
(pass) Configuration-Driven Architecture Integration > Full System Integration > should validate environment-specific configurations [0.30ms]
Node initialized: test-node-integration as PRIMARY
Node registered: secondary-node-1 as SECONDARY
Node registered: client-node-1 as CLIENT
(pass) Configuration-Driven Architecture Integration > Full System Integration > should support cluster health monitoring [0.64ms]
Started watching configuration file: /var/folders/_y/w32ykyg53_d0kw28dq82k8g40000gn/T/config-integration-test-WFiJT9/integration-config.json
Hot reload enabled for configuration file: /var/folders/_y/w32ykyg53_d0kw28dq82k8g40000gn/T/config-integration-test-WFiJT9/integration-config.json
Node initialized: test-node-integration as PRIMARY
Database registered: primary (primary)
Database registered: mongodb (external)
Database registered: googlesheets (external)
Cross-database transaction configuration initialized
Stopped watching configuration file: /var/folders/_y/w32ykyg53_d0kw28dq82k8g40000gn/T/config-integration-test-WFiJT9/integration-config.json
Hot reload disabled
(pass) Configuration-Driven Architecture Integration > Full System Integration > should cleanup all components properly [0.66ms]
(pass) Configuration-Driven Architecture Integration > Error Handling and Edge Cases > should handle missing configuration gracefully [0.12ms]
(pass) Configuration-Driven Architecture Integration > Error Handling and Edge Cases > should handle invalid node operations [0.54ms]
Node initialized: test-node-integration as PRIMARY
Database registered: primary (primary)
Database registered: mongodb (external)
Database registered: googlesheets (external)
Cross-database transaction configuration initialized
(pass) Configuration-Driven Architecture Integration > Error Handling and Edge Cases > should handle invalid transaction operations [0.53ms]

packages/collection-store/src/auth/tests/RoleManager.test.ts:
(pass) Role Manager > System Roles > should initialize system roles [2.25ms]
(pass) Role Manager > System Roles > should identify system roles correctly
(pass) Role Manager > Role CRUD Operations > should create a new role [0.63ms]
(pass) Role Manager > Role CRUD Operations > should not create role with duplicate name [0.29ms]
(pass) Role Manager > Role CRUD Operations > should get role by ID [0.11ms]
(pass) Role Manager > Role CRUD Operations > should get role by name [0.24ms]
(pass) Role Manager > Role CRUD Operations > should update role [0.33ms]
(pass) Role Manager > Role CRUD Operations > should not update system role [0.29ms]
(pass) Role Manager > Role CRUD Operations > should delete role [0.35ms]
(pass) Role Manager > Role CRUD Operations > should not delete system role [0.24ms]
(pass) Role Manager > Role CRUD Operations > should list roles with pagination [0.60ms]
(pass) Role Manager > Role CRUD Operations > should search roles by name [0.27ms]
(pass) Role Manager > Validation > should validate role data correctly [0.02ms]
(pass) Role Manager > Validation > should reject invalid role data [0.04ms]
(pass) Role Manager > Validation > should validate permission correctly
(pass) Role Manager > Validation > should reject invalid permission [0.04ms]
(pass) Role Manager > Validation > should validate role name uniqueness [0.13ms]
(pass) Role Manager > Cache Management > should clear role cache [0.14ms]
(pass) Role Manager > Cache Management > should clear permission cache [0.05ms]
(pass) Role Manager > Cache Management > should refresh hierarchy cache [0.03ms]

packages/collection-store/src/auth/tests/UserManager.test.ts:
(pass) User Manager > User Creation > should create user successfully [3.80ms]
(pass) User Manager > User Creation > should reject duplicate email [3.72ms]
(pass) User Manager > User Creation > should reject weak password [0.11ms]
(pass) User Manager > User Creation > should reject invalid email [0.12ms]
(pass) User Manager > User Retrieval > should get user by ID [4.02ms]
(pass) User Manager > User Retrieval > should get user by email [1.38ms]
(pass) User Manager > User Retrieval > should return undefined for non-existent user [0.06ms]
(pass) User Manager > User Updates > should update user data [1.94ms]
(pass) User Manager > User Updates > should update user email [1.48ms]
(pass) User Manager > User Updates > should reject duplicate email on update [5.19ms]
(pass) User Manager > Password Management > should verify correct password [2.59ms]
(pass) User Manager > Password Management > should reject incorrect password [2.77ms]
(pass) User Manager > Password Management > should change password [7.40ms]
(pass) User Manager > Password Management > should reject password change with wrong current password [2.43ms]
(pass) User Manager > Password Management > should reset password [5.95ms]
(pass) User Manager > User Status Management > should deactivate user [2.47ms]
(pass) User Manager > User Status Management > should activate user [1.50ms]
(pass) User Manager > User Status Management > should lock user [1.70ms]
(pass) User Manager > User Status Management > should unlock user [1.71ms]
(pass) User Manager > Role Management > should assign role to user [1.57ms]
(pass) User Manager > Role Management > should remove role from user [1.64ms]
(pass) User Manager > User Attributes > should set user attribute [1.56ms]
(pass) User Manager > User Attributes > should get all user attributes [1.42ms]
(pass) User Manager > User Attributes > should remove user attribute [4.38ms]
(pass) User Manager > User Search > should find users by criteria [3.42ms]
(pass) User Manager > User Search > should search users by text [2.76ms]
(pass) User Manager > User Search > should list users with pagination [6.41ms]
(pass) User Manager > Validation > should validate email availability [1.28ms]
(pass) User Manager > Validation > should validate password strength [0.07ms]
(pass) User Manager > Statistics > should get user statistics [3.85ms]

packages/collection-store/src/auth/tests/SessionManager.test.ts:
(pass) Session Manager > Session CRUD Operations > should create a new session [1.25ms]
(pass) Session Manager > Session CRUD Operations > should get session by ID [0.27ms]
(pass) Session Manager > Session CRUD Operations > should return null for non-existent session
(pass) Session Manager > Session CRUD Operations > should update session [0.23ms]
(pass) Session Manager > Session CRUD Operations > should delete session [0.55ms]
(pass) Session Manager > Session Validation > should validate active session [0.57ms]
(pass) Session Manager > Session Validation > should reject non-existent session [0.13ms]
(pass) Session Manager > Session Validation > should reject expired session [0.15ms]
(pass) Session Manager > Session Validation > should refresh session [11.78ms]
(pass) Session Manager > User Sessions Management > should get user sessions [0.55ms]
(pass) Session Manager > User Sessions Management > should get active sessions count [0.26ms]
(pass) Session Manager > User Sessions Management > should terminate all user sessions [0.61ms]
(pass) Session Manager > User Sessions Management > should terminate sessions except excluded one [0.35ms]
(pass) Session Manager > Session Security > should check suspicious activity [0.20ms]
(pass) Session Manager > Session Security > should log security events [0.26ms]
(pass) Session Manager > Session Security > should filter security events [0.33ms]
(pass) Session Manager > Session Policy > should set and get session policy [0.12ms]
(pass) Session Manager > Session Policy > should enforce concurrent sessions limit [0.45ms]
(pass) Session Manager > Session Policy > should enforce session policy [0.37ms]
(pass) Session Manager > Session Termination by Criteria > should terminate sessions by IP address [0.46ms]
(pass) Session Manager > Session Termination by Criteria > should terminate sessions by device type [0.28ms]

packages/collection-store/src/auth/tests/AuditLogger.test.ts:
(pass) Audit Logger > Core Logging Operations > should log authentication events [0.43ms]
(pass) Audit Logger > Core Logging Operations > should log authorization events [1.07ms]
(pass) Audit Logger > Core Logging Operations > should log user management events [0.24ms]
(pass) Audit Logger > Core Logging Operations > should log role management events [0.21ms]
(pass) Audit Logger > Core Logging Operations > should log session events [0.24ms]
(pass) Audit Logger > Core Logging Operations > should log security events [0.15ms]
(pass) Audit Logger > Core Logging Operations > should log generic events [0.22ms]
(pass) Audit Logger > Batch Operations > should handle batch logging [0.31ms]
(pass) Audit Logger > Batch Operations > should handle batch logger interface [0.25ms]
(pass) Audit Logger > Batch Operations > should auto-flush when batch size is reached [11.45ms]
(pass) Audit Logger > Query Operations > should query logs by user ID [0.07ms]
(pass) Audit Logger > Query Operations > should query logs by action [0.10ms]
(pass) Audit Logger > Query Operations > should query logs by multiple actions [0.23ms]
(pass) Audit Logger > Query Operations > should query logs by category [0.13ms]
(pass) Audit Logger > Query Operations > should query logs by result/outcome [0.10ms]
(pass) Audit Logger > Query Operations > should handle pagination [0.10ms]
(pass) Audit Logger > Query Operations > should sort logs [0.07ms]
(pass) Audit Logger > Specialized Query Methods > should get user activity [0.12ms]
(pass) Audit Logger > Specialized Query Methods > should get resource access logs [0.10ms]
(pass) Audit Logger > Specialized Query Methods > should get failed attempts [0.06ms]
(pass) Audit Logger > Specialized Query Methods > should get security events [0.08ms]
(pass) Audit Logger > Specialized Query Methods > should filter security events by severity [0.22ms]
(pass) Audit Logger > Analytics and Reporting > should generate activity summary [0.13ms]
(pass) Audit Logger > Analytics and Reporting > should generate security report [0.07ms]
(pass) Audit Logger > Analytics and Reporting > should get user behavior analytics [0.19ms]
(pass) Audit Logger > Analytics and Reporting > should get usage statistics [0.11ms]
(pass) Audit Logger > Configuration and Monitoring > should get and update configuration [0.13ms]
(pass) Audit Logger > Configuration and Monitoring > should get statistics [0.20ms]
(pass) Audit Logger > Configuration and Monitoring > should test logging functionality [0.22ms]
(pass) Audit Logger > Real-time Monitoring > should handle subscriptions [10.51ms]
(pass) Audit Logger > Real-time Monitoring > should filter subscription events correctly [10.80ms]
(pass) Audit Logger > Real-time Monitoring > should get active subscriptions [0.38ms]
(pass) Audit Logger > Time Range Filtering > should filter logs by time range [0.47ms]

packages/collection-store/src/auth/tests/TokenManager.test.ts:
(pass) Token Manager > Token Generation > should generate token pair successfully [2.70ms]
(pass) Token Manager > Token Generation > should generate access token successfully [0.19ms]
(pass) Token Manager > Token Generation > should generate refresh token successfully [0.17ms]
(pass) Token Manager > Token Generation > should generate API key successfully [0.15ms]
(pass) Token Manager > Token Validation > should validate access token successfully [1.05ms]
(pass) Token Manager > Token Validation > should validate refresh token successfully [0.35ms]
(pass) Token Manager > Token Validation > should validate API key successfully [0.27ms]
(pass) Token Manager > Token Validation > should reject invalid token [0.23ms]
(pass) Token Manager > Token Metadata > should extract token metadata correctly [0.31ms]
(pass) Token Manager > Token Metadata > should extract token claims correctly [0.25ms]
(pass) Token Manager > Configuration > should validate key configuration [0.11ms]
(pass) Token Manager > Configuration > should test token generation [0.40ms]
(pass) Token Manager > Token Expiration > should check token expiration correctly [0.26ms]
(pass) Token Manager > Token Expiration > should get token expiration time [0.29ms]
(pass) Token Manager > Statistics > should get token statistics [0.11ms]
(pass) Token Manager > Statistics > should get token metrics [0.09ms]

packages/collection-store/src/filestorage/tests/CompressionEngine.test.ts:
(pass) CompressionEngine > Initialization > should initialize with default configuration
(pass) CompressionEngine > Initialization > should initialize with custom configuration [0.02ms]
(pass) CompressionEngine > Initialization > should initialize with empty stats [0.05ms]
(pass) CompressionEngine > Basic Compression > should compress data with gzip [2.59ms]
(pass) CompressionEngine > Basic Compression > should compress data with deflate [0.59ms]
(pass) CompressionEngine > Basic Compression > should compress data with brotli [2.15ms]
(pass) CompressionEngine > Basic Compression > should handle no compression [0.06ms]
(pass) CompressionEngine > Basic Compression > should use default algorithm when not specified [0.14ms]
(pass) CompressionEngine > Basic Compression > should compress stream data [0.45ms]
(pass) CompressionEngine > Decompression > should decompress gzip data [0.48ms]
(pass) CompressionEngine > Decompression > should decompress deflate data [0.32ms]
(pass) CompressionEngine > Decompression > should decompress brotli data [0.54ms]
(pass) CompressionEngine > Decompression > should handle no decompression [0.05ms]
(pass) CompressionEngine > Decompression > should decompress stream data [0.31ms]
(pass) CompressionEngine > Compression Levels > should compress with different levels [0.27ms]
(pass) CompressionEngine > Compression Levels > should compress brotli with different levels [1.01ms]
(pass) CompressionEngine > Batch Compression > should compress multiple files [0.40ms]
(pass) CompressionEngine > Batch Compression > should compress batch with different options [0.38ms]
(pass) CompressionEngine > Streaming > should create compression stream [0.04ms]
(pass) CompressionEngine > Streaming > should create decompression stream
(pass) CompressionEngine > Streaming > should process data through compression stream [0.20ms]
(pass) CompressionEngine > Auto Algorithm Selection > should auto-select algorithm based on data size [0.69ms]
(pass) CompressionEngine > Compression Threshold > should skip compression for small files [0.06ms]
(pass) CompressionEngine > Compression Threshold > should compress files above threshold [0.10ms]
(pass) CompressionEngine > Job Management > should track job status [0.17ms]
(pass) CompressionEngine > Job Management > should clear completed jobs [0.13ms]
(pass) CompressionEngine > Statistics > should track compression statistics [0.21ms]
(pass) CompressionEngine > Statistics > should not track stats when disabled [0.13ms]
(pass) CompressionEngine > Configuration Management > should update configuration
(pass) CompressionEngine > Event Emission > should emit compression events [0.18ms]
(pass) CompressionEngine > Event Emission > should emit decompression events [0.46ms]
(pass) CompressionEngine > Error Handling > should handle invalid compression algorithm [0.70ms]
(pass) CompressionEngine > Error Handling > should handle invalid decompression algorithm [0.09ms]
(pass) CompressionEngine > Error Handling > should emit error events on failure [0.01ms]
(pass) CompressionEngine > Error Handling > should track failed jobs in statistics
(pass) CompressionEngine > Error Handling > should handle corrupted compressed data [0.13ms]
(pass) CompressionEngine > Performance > should handle large data efficiently [1.90ms]
(pass) CompressionEngine > Performance > should handle concurrent compressions [0.38ms]
(pass) CompressionEngine > Round-trip Integrity > should maintain data integrity through compression/decompression cycle [2.47ms]
(pass) CompressionEngine > Round-trip Integrity > should handle binary data correctly [0.47ms]
(pass) CompressionEngine > Round-trip Integrity > should handle empty data [0.13ms]

packages/collection-store/src/filestorage/tests/FileStorageIntegration.test.ts:
(pass) File Storage Component Integration > Replication Integration > should replicate files across cluster nodes [403.10ms]
(pass) File Storage Component Integration > Replication Integration > should handle replication of different file types with appropriate strategies [557.62ms]
Compression ratio: 222.61%
(pass) File Storage Component Integration > Compression Integration > should compress data successfully [1.72ms]
(pass) File Storage Component Integration > Compression Integration > should handle different compression algorithms [10.14ms]
Concurrent operations: 4 operations in 200.42ms
(pass) File Storage Component Integration > Multi-Component Performance Integration > should handle concurrent operations across components [205.28ms]
(pass) File Storage Component Integration > Multi-Component Performance Integration > should maintain data integrity across component interactions [403.12ms]
(pass) File Storage Component Integration > Error Handling Integration > should handle component failures gracefully [201.61ms]
(pass) File Storage Component Integration > Error Handling Integration > should maintain system stability during failures [1.29ms]
(pass) File Storage Component Integration > Configuration Integration > should handle configuration updates across components [51.26ms]
(pass) File Storage Component Integration > Health Monitoring Integration > should monitor system health across components [0.10ms]
(pass) File Storage Component Integration > Health Monitoring Integration > should handle health check failures gracefully [0.03ms]

packages/collection-store/src/filestorage/tests/ThumbnailGenerator.test.ts:
(pass) ThumbnailGenerator > Initialization > should initialize with default configuration [0.02ms]
(pass) ThumbnailGenerator > Initialization > should initialize with custom configuration [0.04ms]
(pass) ThumbnailGenerator > Initialization > should emit initialized event [0.13ms]
(pass) ThumbnailGenerator > Initialization > should verify dependencies during initialization [0.03ms]
(pass) ThumbnailGenerator > Single Thumbnail Generation > should generate single thumbnail for image [0.93ms]
(pass) ThumbnailGenerator > Single Thumbnail Generation > should generate thumbnail with custom options [0.07ms]
(pass) ThumbnailGenerator > Single Thumbnail Generation > should use default options when not specified [0.10ms]
Failed to generate thumbnail for size 100x100: UnsupportedFileTypeError: Unsupported file type: application/unsupported
 details: {
  mimeType: "application/unsupported",
  supportedTypes: [ "image/jpeg", "image/png", "image/webp", "video/mp4", "video/webm", "video/avi",
    "application/pdf", "application/doc", "application/docx"
  ],
},
    code: "UNSUPPORTED_FILE_TYPE"

      at new FileStorageError (/Users/vedmalex/work/collection-store/packages/collection-store/src/filestorage/interfaces/errors.ts:11:5)
      at new UnsupportedFileTypeError (/Users/vedmalex/work/collection-store/packages/collection-store/src/filestorage/interfaces/errors.ts:58:5)
      at processJob (/Users/vedmalex/work/collection-store/packages/collection-store/src/filestorage/thumbnails/ThumbnailGenerator.ts:474:17)
      at <anonymous> (/Users/vedmalex/work/collection-store/packages/collection-store/src/filestorage/tests/ThumbnailGenerator.test.ts:142:17)
      at <anonymous> (/Users/vedmalex/work/collection-store/packages/collection-store/src/filestorage/tests/ThumbnailGenerator.test.ts:128:52)

(pass) ThumbnailGenerator > Single Thumbnail Generation > should throw error when generation fails [1.13ms]
(pass) ThumbnailGenerator > Multiple Thumbnail Generation > should generate multiple thumbnails for different sizes [0.11ms]
(pass) ThumbnailGenerator > Multiple Thumbnail Generation > should generate thumbnails with different formats
(pass) ThumbnailGenerator > Multiple Thumbnail Generation > should handle partial failures gracefully [0.56ms]
Failed to generate thumbnail for size 100x100: UnsupportedFileTypeError: Unsupported file type: application/octet-stream
 details: {
  mimeType: "application/octet-stream",
  supportedTypes: [ "image/jpeg", "image/png", "image/webp", "video/mp4", "video/webm", "video/avi",
    "application/pdf", "application/doc", "application/docx"
  ],
},
    code: "UNSUPPORTED_FILE_TYPE"

      at new FileStorageError (/Users/vedmalex/work/collection-store/packages/collection-store/src/filestorage/interfaces/errors.ts:11:5)
      at new UnsupportedFileTypeError (/Users/vedmalex/work/collection-store/packages/collection-store/src/filestorage/interfaces/errors.ts:58:5)
      at processJob (/Users/vedmalex/work/collection-store/packages/collection-store/src/filestorage/thumbnails/ThumbnailGenerator.ts:474:17)

(pass) ThumbnailGenerator > Multiple Thumbnail Generation > should return empty array when no thumbnails can be generated [0.09ms]
(pass) ThumbnailGenerator > Buffer Processing > should generate thumbnails from buffer [0.32ms]
(pass) ThumbnailGenerator > Buffer Processing > should handle different MIME types from buffer
(pass) ThumbnailGenerator > Buffer Processing > should cleanup temporary resources after buffer processing
(pass) ThumbnailGenerator > Job Management > should track active jobs
(pass) ThumbnailGenerator > Job Management > should provide job status [10.95ms]
(pass) ThumbnailGenerator > Job Management > should cancel pending jobs [0.29ms]
(pass) ThumbnailGenerator > Job Management > should return false when cancelling non-existent job [0.05ms]
(pass) ThumbnailGenerator > Caching > should cache generated thumbnails [0.10ms]
(pass) ThumbnailGenerator > Caching > should respect cache disabled setting [0.10ms]
(pass) ThumbnailGenerator > Caching > should clear cache [0.07ms]
(pass) ThumbnailGenerator > Caching > should emit cache cleared event
(pass) ThumbnailGenerator > Configuration Management > should update configuration
(pass) ThumbnailGenerator > Configuration Management > should emit config updated event [0.05ms]
(pass) ThumbnailGenerator > Configuration Management > should preserve existing config when updating [0.03ms]
(pass) ThumbnailGenerator > Event Emission > should emit job events during processing [0.05ms]
(pass) ThumbnailGenerator > Event Emission > should emit job failed event on error [0.18ms]
(pass) ThumbnailGenerator > File Type Support > should support image files [0.17ms]
(pass) ThumbnailGenerator > File Type Support > should support video files [0.23ms]
(pass) ThumbnailGenerator > File Type Support > should support document files [0.24ms]
(pass) ThumbnailGenerator > Performance > should handle multiple thumbnail requests efficiently [0.16ms]
(pass) ThumbnailGenerator > Performance > should handle large thumbnail sizes efficiently [0.09ms]
(pass) ThumbnailGenerator > Error Handling > should handle file metadata errors gracefully [0.06ms]
(pass) ThumbnailGenerator > Error Handling > should handle processing errors for individual sizes
(pass) ThumbnailGenerator > Error Handling > should handle dependency verification errors [0.10ms]

packages/collection-store/src/filestorage/tests/FileMetadataManager.test.ts:
(pass) FileMetadataManager > Initialization and Lifecycle > should initialize successfully [0.12ms]
(pass) FileMetadataManager > Initialization and Lifecycle > should handle multiple initialization calls [0.02ms]
(pass) FileMetadataManager > Initialization and Lifecycle > should shutdown gracefully [0.09ms]
(pass) FileMetadataManager > CRUD Operations > Create > should create file metadata successfully [0.27ms]
(pass) FileMetadataManager > CRUD Operations > Create > should reject invalid metadata [0.02ms]
(pass) FileMetadataManager > CRUD Operations > Create > should validate required fields [0.09ms]
(pass) FileMetadataManager > CRUD Operations > Create > should validate access levels [0.02ms]
(pass) FileMetadataManager > CRUD Operations > Create > should validate file size
(pass) FileMetadataManager > CRUD Operations > Read > should retrieve file metadata by ID [0.12ms]
(pass) FileMetadataManager > CRUD Operations > Read > should return null for non-existent file [0.04ms]
(pass) FileMetadataManager > CRUD Operations > Read > should use getRequired for mandatory retrieval
(pass) FileMetadataManager > CRUD Operations > Read > should throw FileNotFoundError for getRequired with non-existent file [0.17ms]
(pass) FileMetadataManager > CRUD Operations > Read > should use cache for repeated reads [0.13ms]
(pass) FileMetadataManager > CRUD Operations > Update > should update file metadata [0.34ms]
(pass) FileMetadataManager > CRUD Operations > Update > should prevent ID changes [0.14ms]
(pass) FileMetadataManager > CRUD Operations > Update > should validate updated metadata [0.08ms]
(pass) FileMetadataManager > CRUD Operations > Update > should throw FileNotFoundError for non-existent file [0.03ms]
(pass) FileMetadataManager > CRUD Operations > Update > should update cache after update [0.16ms]
(pass) FileMetadataManager > CRUD Operations > Delete > should delete file metadata [0.06ms]
(pass) FileMetadataManager > CRUD Operations > Delete > should throw FileNotFoundError for non-existent file [0.04ms]
(pass) FileMetadataManager > CRUD Operations > Delete > should remove from cache after deletion [0.12ms]
(pass) FileMetadataManager > Query Operations > List > should list all files without filters [0.18ms]
(pass) FileMetadataManager > Query Operations > List > should filter by owner
(pass) FileMetadataManager > Query Operations > List > should filter by MIME type [0.05ms]
(pass) FileMetadataManager > Query Operations > List > should filter by access level
(pass) FileMetadataManager > Query Operations > List > should filter by size range [0.01ms]
(pass) FileMetadataManager > Query Operations > List > should apply pagination [0.09ms]
(pass) FileMetadataManager > Query Operations > List > should sort by size descending [0.13ms]
(pass) FileMetadataManager > Query Operations > List > should combine multiple filters [0.08ms]
(pass) FileMetadataManager > Query Operations > Search > should search by filename [0.16ms]
(pass) FileMetadataManager > Query Operations > Search > should search by MIME type [0.11ms]
(pass) FileMetadataManager > Query Operations > Search > should search by owner [0.07ms]
(pass) FileMetadataManager > Query Operations > Search > should search by size range [0.06ms]
(pass) FileMetadataManager > Query Operations > Search > should search by date range [0.06ms]
(pass) FileMetadataManager > Query Operations > Count > should count all files [0.10ms]
(pass) FileMetadataManager > Query Operations > Count > should count with filters [0.07ms]
(pass) FileMetadataManager > Utility Operations > should get expired files [0.10ms]
(pass) FileMetadataManager > Utility Operations > should get files by owner [0.11ms]
(pass) FileMetadataManager > Utility Operations > should get files by MIME type [0.07ms]
(pass) FileMetadataManager > Utility Operations > should get recent files [0.02ms]
(pass) FileMetadataManager > Utility Operations > should get largest files [0.14ms]
(pass) FileMetadataManager > Statistics > should calculate storage statistics [0.13ms]
(pass) FileMetadataManager > Statistics > should handle empty collection statistics [0.15ms]
(pass) FileMetadataManager > Caching > should cache metadata after retrieval [0.07ms]
(pass) FileMetadataManager > Caching > should update cache after metadata update [0.22ms]
(pass) FileMetadataManager > Caching > should remove from cache after deletion [0.12ms]
(pass) FileMetadataManager > Error Handling > should handle database connection errors gracefully [0.38ms]
(pass) FileMetadataManager > Error Handling > should emit events for operations [0.30ms]
(pass) FileMetadataManager > Performance > should handle bulk operations efficiently [5.82ms]
(pass) FileMetadataManager > Performance > should handle concurrent operations [0.40ms]

packages/collection-store/src/filestorage/tests/StreamingManager.test.ts:
(pass) StreamingManager > Configuration > should initialize with default configuration [0.04ms]
(pass) StreamingManager > Configuration > should update configuration [0.05ms]
(pass) StreamingManager > Configuration > should emit config update events [0.07ms]
(pass) StreamingManager > Upload Streaming > should create upload stream for small file [3.00ms]
(pass) StreamingManager > Upload Streaming > should create chunked upload stream for large file [0.25ms]
(pass) StreamingManager > Upload Streaming > should track upload progress [0.19ms]
(pass) StreamingManager > Upload Streaming > should emit stream events [0.12ms]
(pass) StreamingManager > Upload Streaming > should handle stream cancellation [0.38ms]
(pass) StreamingManager > Download Streaming > should create download stream [0.68ms]
(pass) StreamingManager > Download Streaming > should support range downloads [0.10ms]
(pass) StreamingManager > Download Streaming > should chunk large downloads [0.10ms]
(pass) StreamingManager > Download Streaming > should emit download events
(pass) StreamingManager > Stream Transformations > should apply single transformation [0.47ms]
(pass) StreamingManager > Stream Transformations > should apply multiple transformations [0.25ms]
(pass) StreamingManager > Stream Transformations > should handle transformation with finalization [0.11ms]
(pass) StreamingManager > Stream Transformations > should emit transformation events [0.04ms]
(pass) StreamingManager > Stream Merging > should merge multiple streams [0.40ms]
(pass) StreamingManager > Stream Merging > should handle empty streams in merge [0.07ms]
(pass) StreamingManager > Stream Merging > should emit merge events [0.13ms]
(pass) StreamingManager > Stream Splitting > should split stream by size [0.65ms]
(pass) StreamingManager > Stream Splitting > should handle small data that fits in one stream [0.10ms]
(pass) StreamingManager > Stream Management > should track active streams [0.20ms]
(pass) StreamingManager > Stream Management > should provide stream statistics [0.09ms]
(pass) StreamingManager > Stream Management > should cancel specific stream [0.10ms]
(pass) StreamingManager > Stream Management > should cancel all streams [0.12ms]
(pass) StreamingManager > Stream Management > should return false when cancelling non-existent stream [0.02ms]
(pass) StreamingManager > Error Handling > should handle stream errors gracefully [0.31ms]
(pass) StreamingManager > Error Handling > should handle transformation errors [0.36ms]
(pass) StreamingManager > Performance > should handle large files efficiently [2.06ms]
(pass) StreamingManager > Performance > should handle concurrent streams [0.38ms]

packages/collection-store/src/filestorage/tests/FileStorageManager.test.ts:
(pass) FileStorageManager > Initialization and Lifecycle > should initialize successfully with valid config [0.23ms]
(pass) FileStorageManager > Initialization and Lifecycle > should handle multiple initialization calls gracefully [0.10ms]
(pass) FileStorageManager > Initialization and Lifecycle > should emit initialization events [0.17ms]
(pass) FileStorageManager > Initialization and Lifecycle > should throw error when using uninitialized manager [1.05ms]
Upload completed in 3.50ms
(pass) FileStorageManager > File Upload Operations > should upload a simple text file successfully [3.72ms]
(pass) FileStorageManager > File Upload Operations > should generate file ID and checksum automatically [0.82ms]
(pass) FileStorageManager > File Upload Operations > should validate file size limits [0.24ms]
(pass) FileStorageManager > File Upload Operations > should validate blocked mime types [0.06ms]
(pass) FileStorageManager > File Upload Operations > should check user quota limits [0.10ms]
(pass) FileStorageManager > File Upload Operations > should emit upload events [0.86ms]
Download completed in 1.93ms
(pass) FileStorageManager > File Download Operations > should download file successfully [2.82ms]
(pass) FileStorageManager > File Download Operations > should support range downloads [0.68ms]
(pass) FileStorageManager > File Download Operations > should check access permissions [0.14ms]
(pass) FileStorageManager > File Download Operations > should handle non-existent files [0.02ms]
(pass) FileStorageManager > File Download Operations > should emit download events [0.18ms]
(pass) FileStorageManager > File Metadata Operations > should retrieve file metadata [0.06ms]
(pass) FileStorageManager > File Metadata Operations > should update file metadata [1.34ms]
(pass) FileStorageManager > File Metadata Operations > should list user files with filters [0.72ms]
Delete completed in 0.32ms
(pass) FileStorageManager > File Deletion Operations > should delete file successfully [0.46ms]
(pass) FileStorageManager > File Deletion Operations > should check delete permissions [0.12ms]
(pass) FileStorageManager > File Deletion Operations > should emit delete events [0.14ms]
(pass) FileStorageManager > File Deletion Operations > should handle deletion of non-existent files [0.06ms]
(pass) FileStorageManager > Thumbnail Generation > should generate single thumbnail [0.13ms]
(pass) FileStorageManager > Thumbnail Generation > should generate multiple thumbnails [0.16ms]
(pass) FileStorageManager > Thumbnail Generation > should reject thumbnail generation for non-image files [0.32ms]
(pass) FileStorageManager > Health and Monitoring > should report healthy status when backends are working [1.43ms]
(pass) FileStorageManager > Health and Monitoring > should provide storage statistics [1.58ms]
(pass) FileStorageManager > Health and Monitoring > should track user storage usage [0.49ms]
Concurrent uploads: 10 files in 1.46ms (avg: 0.15ms per file)
(pass) FileStorageManager > Performance Benchmarks > should handle concurrent uploads efficiently [1.65ms]
Load test: 50 uploads, avg: 0.45ms, max: 3.54ms
(pass) FileStorageManager > Performance Benchmarks > should maintain performance under load [22.77ms]

packages/collection-store/src/filestorage/tests/FileReplicationManager.test.ts:
(pass) FileReplicationManager > Initialization and Lifecycle > should initialize successfully with valid config [0.09ms]
(pass) FileReplicationManager > Initialization and Lifecycle > should handle multiple initialization calls gracefully
(pass) FileReplicationManager > Initialization and Lifecycle > should emit initialization events [0.02ms]
(pass) FileReplicationManager > Initialization and Lifecycle > should shutdown gracefully [0.11ms]
Replication completed in 402.32ms
(pass) FileReplicationManager > File Replication Operations > should replicate file to target nodes successfully [402.39ms]
(pass) FileReplicationManager > File Replication Operations > should select appropriate strategy based on file metadata [1271.36ms]
(pass) FileReplicationManager > File Replication Operations > should handle replication to multiple nodes [606.72ms]
(pass) FileReplicationManager > File Replication Operations > should reject replication with no target nodes [48.09ms]
(pass) FileReplicationManager > File Replication Operations > should prevent duplicate replication jobs [209.89ms]
(pass) FileReplicationManager > File Replication Operations > should emit WAL entries when enabled [200.97ms]
(pass) FileReplicationManager > Job Management > should track active replication jobs [402.47ms]
(pass) FileReplicationManager > Job Management > should provide job status information [201.41ms]
(pass) FileReplicationManager > Job Management > should update statistics correctly [201.17ms]
(pass) FileReplicationManager > File Synchronization > should sync files from source node [0.49ms]
(pass) FileReplicationManager > File Synchronization > should handle sync failures gracefully [0.14ms]
(pass) FileReplicationManager > File Synchronization > should emit sync progress events [0.06ms]
(pass) FileReplicationManager > Health Monitoring > should check replication health [14.97ms]
(pass) FileReplicationManager > Health Monitoring > should emit node health change events [101.66ms]
(pass) FileReplicationManager > Orphaned File Cleanup > should cleanup orphaned files [0.49ms]
(pass) FileReplicationManager > Orphaned File Cleanup > should emit orphaned file removal events [0.07ms]
(pass) FileReplicationManager > Configuration Management > should update configuration [0.12ms]
(pass) FileReplicationManager > Configuration Management > should preserve existing config when updating
(pass) FileReplicationManager > Error Handling > should throw error when not initialized [0.27ms]
(pass) FileReplicationManager > Error Handling > should handle replication failures with retry [0.08ms]
(pass) FileReplicationManager > Error Handling > should emit replication failed events [0.04ms]
Concurrent replications: 3 files in 201.62ms
(pass) FileReplicationManager > Performance > should handle concurrent replications efficiently [202.00ms]
Load test: 10 replications, avg: 201.33ms, max: 201.87ms
(pass) FileReplicationManager > Performance > should maintain performance under load [2014.87ms]
(pass) FileReplicationManager > Strategy Selection > should use direct strategy for small files [201.22ms]
(pass) FileReplicationManager > Strategy Selection > should use chunked strategy for large files [1020.94ms]
(pass) FileReplicationManager > Strategy Selection > should use streaming strategy for media files [251.89ms]

packages/collection-store/src/filestorage/tests/PerformanceMonitor.test.ts:
(pass) FileStoragePerformanceMonitor > Initialization and Lifecycle > should initialize with default configuration [0.15ms]
(pass) FileStoragePerformanceMonitor > Initialization and Lifecycle > should initialize with custom configuration
(pass) FileStoragePerformanceMonitor > Initialization and Lifecycle > should start and stop successfully [0.16ms]
(pass) FileStoragePerformanceMonitor > Initialization and Lifecycle > should handle multiple start/stop calls gracefully [0.05ms]
(pass) FileStoragePerformanceMonitor > Operation Measurement > should measure successful operations [52.00ms]
(pass) FileStoragePerformanceMonitor > Operation Measurement > should measure failed operations [31.41ms]
(pass) FileStoragePerformanceMonitor > Operation Measurement > should include metadata in measurements
(pass) FileStoragePerformanceMonitor > Operation Measurement > should skip measurement when metrics disabled [0.62ms]
(pass) FileStoragePerformanceMonitor > Metrics Collection and Statistics > should calculate correct statistics [0.41ms]
(pass) FileStoragePerformanceMonitor > Metrics Collection and Statistics > should calculate percentiles correctly [560.28ms]
(pass) FileStoragePerformanceMonitor > Metrics Collection and Statistics > should track memory usage [0.51ms]
(pass) FileStoragePerformanceMonitor > Metrics Collection and Statistics > should return null for non-existent operations [0.26ms]
(pass) FileStoragePerformanceMonitor > Multiple Operations and Summary > should get all metrics [0.22ms]
(pass) FileStoragePerformanceMonitor > Multiple Operations and Summary > should provide operation summary [0.40ms]
(pass) FileStoragePerformanceMonitor > Multiple Operations and Summary > should handle empty metrics in summary [0.18ms]
(pass) FileStoragePerformanceMonitor > Metrics History Management > should limit metrics history [0.37ms]
(pass) FileStoragePerformanceMonitor > Metrics History Management > should clear specific operation metrics [0.32ms]
(pass) FileStoragePerformanceMonitor > Metrics History Management > should clear all metrics [0.21ms]
(pass) FileStoragePerformanceMonitor > Configuration Management > should update configuration [0.23ms]
(pass) FileStoragePerformanceMonitor > Configuration Management > should preserve existing config when updating [0.07ms]
(pass) FileStoragePerformanceMonitor > Alert System > should emit duration alerts [1107.17ms]
(pass) FileStoragePerformanceMonitor > Alert System > should emit memory alerts [0.71ms]
(pass) FileStoragePerformanceMonitor > Alert System > should emit success rate alerts [0.69ms]
(pass) FileStoragePerformanceMonitor > Alert System > should not emit alerts when disabled [201.59ms]
(pass) FileStoragePerformanceMonitor > Metrics Aggregation > should emit aggregated metrics [1101.77ms]
(pass) FileStoragePerformanceMonitor > Metrics Aggregation > should not start aggregation timer when interval is 0 [102.07ms]
(pass) FileStoragePerformanceMonitor > Utility Methods > should measure file upload operations [52.01ms]
(pass) FileStoragePerformanceMonitor > Utility Methods > should measure file download operations [32.01ms]
(pass) FileStoragePerformanceMonitor > Utility Methods > should measure file delete operations [21.80ms]
(pass) FileStoragePerformanceMonitor > Utility Methods > should measure metadata operations [11.67ms]
(pass) FileStoragePerformanceMonitor > Utility Methods > should measure compression operations [41.90ms]
(pass) FileStoragePerformanceMonitor > Utility Methods > should measure replication operations [62.80ms]
(pass) FileStoragePerformanceMonitor > Utility Methods > should measure thumbnail generation operations [81.98ms]
Concurrent measurements: 20 operations in 56.41ms
(pass) FileStoragePerformanceMonitor > Performance and Load Testing > should handle concurrent measurements efficiently [57.85ms]
Load test: 100 measurements, avg: 1.43ms, max: 10.38ms
(pass) FileStoragePerformanceMonitor > Performance and Load Testing > should maintain performance under load [144.88ms]
Memory increase: 0.00 MB for 1000 operations
(pass) FileStoragePerformanceMonitor > Performance and Load Testing > should handle memory efficiently during extended use [41.33ms]
(pass) FileStoragePerformanceMonitor > Error Handling and Edge Cases > should handle operations that throw non-Error objects [1.11ms]
(pass) FileStoragePerformanceMonitor > Error Handling and Edge Cases > should handle operations that return undefined [0.13ms]
(pass) FileStoragePerformanceMonitor > Error Handling and Edge Cases > should handle very fast operations [0.09ms]
(pass) FileStoragePerformanceMonitor > Error Handling and Edge Cases > should handle operations with zero duration [0.10ms]

packages/collection-store/src/filestorage/tests/FileIdGenerator.test.ts:
(pass) FileIdGenerator > UUID Strategy > should generate valid UUID v4 format [0.24ms]
UUID generation: 10000 IDs in 2.37ms (4213853 IDs/sec)
(pass) FileIdGenerator > UUID Strategy > should generate unique IDs under high load [2.43ms]
(pass) FileIdGenerator > UUID Strategy > should handle concurrent ID generation [2.25ms]
(pass) FileIdGenerator > UUID Strategy > should validate UUID format correctly [0.11ms]
(pass) FileIdGenerator > Timestamp Counter Strategy > should generate sortable IDs with timestamp [1.40ms]
Generated 3124 unique IDs within ~1ms
(pass) FileIdGenerator > Timestamp Counter Strategy > should handle rapid generation within same millisecond [1.33ms]
(pass) FileIdGenerator > Timestamp Counter Strategy > should include node ID and counter in generated IDs
(pass) FileIdGenerator > Timestamp Counter Strategy > should validate timestamp counter format correctly [0.12ms]
(pass) FileIdGenerator > Hybrid Strategy > should generate IDs with timestamp, random, node, and counter components [0.09ms]
Hybrid generation: 50000 IDs in 31.27ms (1598859 IDs/sec)
(pass) FileIdGenerator > Hybrid Strategy > should provide best collision resistance under extreme load [31.35ms]
(pass) FileIdGenerator > Hybrid Strategy > should maintain sortability while adding randomness [12.53ms]
(pass) FileIdGenerator > Global Generator Functions > should provide global access to file ID generation
Batch generation: 1000 IDs in 0.47ms
(pass) FileIdGenerator > Global Generator Functions > should generate batch of IDs efficiently [0.62ms]
(pass) FileIdGenerator > Global Generator Functions > should provide ID information extraction [0.08ms]
(pass) FileIdGenerator > Global Generator Functions > should handle invalid IDs gracefully [0.07ms]
Performance: 2589818 IDs/sec
(pass) FileIdGenerator > Performance Benchmarks > should meet performance targets for ID generation [38.64ms]
Memory increase: 0.00 KB
(pass) FileIdGenerator > Performance Benchmarks > should have minimal memory footprint [4.25ms]
(pass) FileIdGenerator > Collision Resistance Tests > should handle multiple generators running concurrently [9.66ms]
Generated 132847 unique IDs in 100ms
(pass) FileIdGenerator > Collision Resistance Tests > should maintain uniqueness under time pressure [99.74ms]

packages/collection-store/src/filestorage/tests/FileValidator.test.ts:
(pass) FileValidator > Basic Validation > should validate a valid text file [1.32ms]
(pass) FileValidator > Basic Validation > should reject file with empty filename [0.15ms]
(pass) FileValidator > Basic Validation > should reject file with empty MIME type
(pass) FileValidator > Basic Validation > should reject file with invalid size [0.05ms]
(pass) FileValidator > Basic Validation > should reject filename with dangerous characters
(pass) FileValidator > Basic Validation > should reject filename that is too long [0.15ms]
(pass) FileValidator > File Size Validation > should accept file within size limit [0.12ms]
(pass) FileValidator > File Size Validation > should reject file exceeding size limit [3.86ms]
(pass) FileValidator > File Size Validation > should warn about size mismatch [0.21ms]
(pass) FileValidator > MIME Type Validation > should accept allowed MIME types [0.16ms]
(pass) FileValidator > MIME Type Validation > should reject blocked MIME types [0.02ms]
(pass) FileValidator > MIME Type Validation > should reject disallowed MIME types [0.06ms]
(pass) FileValidator > MIME Type Validation > should detect MIME type from extension [0.14ms]
(pass) FileValidator > MIME Type Validation > should warn about MIME type mismatch
(pass) FileValidator > Content Validation > Image Files > should validate JPEG header [0.40ms]
(pass) FileValidator > Content Validation > Image Files > should validate PNG header [0.06ms]
(pass) FileValidator > Content Validation > Image Files > should warn about invalid image header
(pass) FileValidator > Content Validation > PDF Files > should validate PDF header
(pass) FileValidator > Content Validation > PDF Files > should reject invalid PDF header
(pass) FileValidator > Content Validation > JSON Files > should validate valid JSON [0.06ms]
(pass) FileValidator > Content Validation > JSON Files > should reject invalid JSON [0.06ms]
(pass) FileValidator > Content Validation > Text Files > should validate clean text content [0.07ms]
(pass) FileValidator > Content Validation > Text Files > should warn about binary content in text files [0.07ms]
(pass) FileValidator > Content Validation > Security Checks > should detect executable signatures
(pass) FileValidator > Content Validation > Security Checks > should detect script content in non-script files
(pass) FileValidator > Content Validation > Security Checks > should allow script content in script files [0.05ms]
(pass) FileValidator > MIME Type Detection > should detect MIME type from content signatures
(pass) FileValidator > MIME Type Detection > should fall back to extension-based detection
(pass) FileValidator > MIME Type Detection > should use declared MIME type as last resort
(pass) FileValidator > Custom Validators > should run custom validators [0.28ms]
(pass) FileValidator > Custom Validators > should handle custom validator errors [0.08ms]
(pass) FileValidator > Custom Validators > should handle custom validator exceptions [0.11ms]
(pass) FileValidator > Custom Validators > should manage custom validators [0.04ms]
(pass) FileValidator > Configuration Management > should update configuration [0.11ms]
(pass) FileValidator > Configuration Management > should emit configuration events [0.04ms]
(pass) FileValidator > Checksum Calculation > should calculate file checksum
(pass) FileValidator > Event Emission > should emit validation events [0.19ms]
(pass) FileValidator > Performance > should handle multiple files efficiently [0.29ms]
(pass) FileValidator > Performance > should handle large files efficiently [0.87ms]
(pass) FileValidator > Error Handling > should handle stream reading errors gracefully [0.18ms]
(pass) FileValidator > Error Handling > should handle malformed file data [0.08ms]

packages/collection-store/src/utils/__test__/global-cleanup.test.ts:
(pass) Global Cleanup > should be the last test to run [0.01ms]
🧹 Running global cleanup of test data...
✅ Global cleanup completed

packages/collection-store/src/utils/__test__/CompositeKeyUtils.unified.test.ts:
(pass) CompositeKeyUtils Unified API > isCompositeIndex > should detect single key index [0.11ms]
(pass) CompositeKeyUtils Unified API > isCompositeIndex > should detect composite index with multiple keys [0.04ms]
(pass) CompositeKeyUtils Unified API > isCompositeIndex > should not consider single key in array as composite [0.03ms]
(pass) CompositeKeyUtils Unified API > isCompositeIndex > should handle empty keys array
(pass) CompositeKeyUtils Unified API > normalizeIndexFields > should normalize single key definition [0.10ms]
(pass) CompositeKeyUtils Unified API > normalizeIndexFields > should normalize single key without order [0.02ms]
(pass) CompositeKeyUtils Unified API > normalizeIndexFields > should normalize composite keys with strings [0.10ms]
(pass) CompositeKeyUtils Unified API > normalizeIndexFields > should normalize composite keys with mixed types [0.04ms]
(pass) CompositeKeyUtils Unified API > normalizeIndexFields > should handle IndexField objects without order [0.03ms]
(pass) CompositeKeyUtils Unified API > normalizeIndexFields > should throw error for invalid definition [0.63ms]
(pass) CompositeKeyUtils Unified API > generateIndexName > should generate name for single field [0.06ms]
(pass) CompositeKeyUtils Unified API > generateIndexName > should generate name for composite fields with all ascending [0.02ms]
(pass) CompositeKeyUtils Unified API > generateIndexName > should generate name for composite fields with mixed order [0.04ms]
(pass) CompositeKeyUtils Unified API > generateIndexName > should generate name for all descending fields [0.06ms]
(pass) CompositeKeyUtils Unified API > createProcessFunction > should create process function for single field [0.30ms]
(pass) CompositeKeyUtils Unified API > createProcessFunction > should create process function for composite fields [0.15ms]
(pass) CompositeKeyUtils Unified API > createProcessFunction > should use custom separator [0.02ms]
(pass) CompositeKeyUtils Unified API > createProcessFunction > should handle nested paths [1.99ms]
(pass) CompositeKeyUtils Unified API > createComparator > should return undefined for single ascending field [0.03ms]
(pass) CompositeKeyUtils Unified API > createComparator > should create comparator for single descending field [0.01ms]
(pass) CompositeKeyUtils Unified API > createComparator > should create comparator for composite fields with mixed order [0.08ms]
(pass) CompositeKeyUtils Unified API > createComparator > should handle null values in comparison [0.07ms]
(pass) CompositeKeyUtils Unified API > createComparator > should handle different data types [0.02ms]
(pass) CompositeKeyUtils Unified API > Integration with serialization > should work with serialize/deserialize [0.05ms]
(pass) CompositeKeyUtils Unified API > Integration with serialization > should maintain sort order consistency [0.16ms]
(pass) CompositeKeyUtils Unified API > Error handling > should handle missing fields gracefully [0.02ms]
(pass) CompositeKeyUtils Unified API > Error handling > should handle empty fields array [0.15ms]
(pass) CompositeKeyUtils Unified API > Performance considerations > should handle large composite keys efficiently [0.50ms]

packages/collection-store/src/utils/__test__/SingleKeyUtils.test.ts:
(pass) SingleKeyUtils > createComparator > ascending order (default) > should handle numbers correctly [0.20ms]
(pass) SingleKeyUtils > createComparator > ascending order (default) > should handle strings correctly [0.41ms]
(pass) SingleKeyUtils > createComparator > ascending order (default) > should handle booleans correctly [0.13ms]
(pass) SingleKeyUtils > createComparator > ascending order (default) > should handle dates correctly [0.11ms]
(pass) SingleKeyUtils > createComparator > ascending order (default) > should handle null values correctly [0.05ms]
(pass) SingleKeyUtils > createComparator > ascending order (default) > should handle undefined values correctly [0.07ms]
(pass) SingleKeyUtils > createComparator > ascending order (default) > should fallback to string comparison for mixed types [0.05ms]
(pass) SingleKeyUtils > createComparator > descending order > should handle numbers correctly in descending order [0.04ms]
(pass) SingleKeyUtils > createComparator > descending order > should handle strings correctly in descending order [0.06ms]
(pass) SingleKeyUtils > createComparator > descending order > should handle null values correctly in descending order [0.05ms]
(pass) SingleKeyUtils > createComparator > default behavior > should default to ascending order when no order specified [0.05ms]
(pass) SingleKeyUtils > validateSortOrder > should validate correct sort orders [0.06ms]
(pass) SingleKeyUtils > validateSortOrder > should reject invalid sort orders [0.03ms]
(pass) SingleKeyUtils > normalizeSortOrder > should return valid sort orders as-is [0.06ms]
(pass) SingleKeyUtils > normalizeSortOrder > should default to asc for invalid values

packages/collection-store/src/utils/__test__/CompositeKeyUtils.test.ts:
(pass) CompositeKeyUtils > serialize > should serialize simple values [0.13ms]
(pass) CompositeKeyUtils > serialize > should handle null and undefined values [0.13ms]
(pass) CompositeKeyUtils > serialize > should handle empty array [0.05ms]
(pass) CompositeKeyUtils > serialize > should use custom separator [0.06ms]
(pass) CompositeKeyUtils > serialize > should escape separator characters in values [0.05ms]
(pass) CompositeKeyUtils > serialize > should handle different data types [0.84ms]
(pass) CompositeKeyUtils > serialize > should handle empty strings [0.09ms]
(pass) CompositeKeyUtils > deserialize > should deserialize simple values [0.05ms]
(pass) CompositeKeyUtils > deserialize > should handle null values [0.02ms]
(pass) CompositeKeyUtils > deserialize > should handle empty string
(pass) CompositeKeyUtils > deserialize > should use custom separator [0.02ms]
(pass) CompositeKeyUtils > deserialize > should unescape separator characters [0.05ms]
(pass) CompositeKeyUtils > deserialize > should handle single value [0.08ms]
(pass) CompositeKeyUtils > compare > should compare compound keys lexicographically [0.18ms]
(pass) CompositeKeyUtils > compare > should handle equal keys [0.01ms]
(pass) CompositeKeyUtils > compare > should handle reverse comparison [0.05ms]
(pass) CompositeKeyUtils > compare > should handle different length keys [0.06ms]
(pass) CompositeKeyUtils > compare > should handle numeric comparison as strings [0.06ms]
(pass) CompositeKeyUtils > extractValues > should extract simple property values [0.20ms]
(pass) CompositeKeyUtils > extractValues > should extract nested property values [0.09ms]
(pass) CompositeKeyUtils > extractValues > should handle missing properties [0.03ms]
(pass) CompositeKeyUtils > extractValues > should handle array access [0.46ms]
(pass) CompositeKeyUtils > extractValues > should handle mixed path types [0.17ms]
(pass) CompositeKeyUtils > createKey > should create compound key from item [0.05ms]
(pass) CompositeKeyUtils > createKey > should use custom separator [0.02ms]
(pass) CompositeKeyUtils > createKey > should handle single key path [0.06ms]
(pass) CompositeKeyUtils > validateKeyPaths > should validate correct key paths [0.11ms]
(pass) CompositeKeyUtils > validateKeyPaths > should reject empty array [0.03ms]
(pass) CompositeKeyUtils > validateKeyPaths > should reject non-array input
(pass) CompositeKeyUtils > validateKeyPaths > should reject empty strings [0.03ms]
(pass) CompositeKeyUtils > validateKeyPaths > should reject non-string paths [0.02ms]
(pass) CompositeKeyUtils > generateIndexName > should generate index name from key paths [0.06ms]
(pass) CompositeKeyUtils > generateIndexName > should handle single key path [0.06ms]
(pass) CompositeKeyUtils > generateIndexName > should handle nested paths [0.02ms]
(pass) CompositeKeyUtils > isEmptyValue > should identify null as empty [0.15ms]
(pass) CompositeKeyUtils > isEmptyValue > should identify undefined as empty [0.01ms]
(pass) CompositeKeyUtils > isEmptyValue > should identify empty string as empty
(pass) CompositeKeyUtils > isEmptyValue > should not identify zero as empty [0.02ms]
(pass) CompositeKeyUtils > isEmptyValue > should not identify false as empty [0.01ms]
(pass) CompositeKeyUtils > isEmptyValue > should not identify non-empty string as empty
(pass) CompositeKeyUtils > createPartialKey > should create partial key with all values [0.07ms]
(pass) CompositeKeyUtils > createPartialKey > should create partial key stopping at undefined [0.01ms]
(pass) CompositeKeyUtils > createPartialKey > should handle leading undefined [0.01ms]
(pass) CompositeKeyUtils > createPartialKey > should handle all undefined
(pass) CompositeKeyUtils > createPartialKey > should include null values but stop at undefined [0.08ms]
(pass) CompositeKeyUtils > Edge Cases > should handle very long compound keys [0.23ms]
(pass) CompositeKeyUtils > Edge Cases > should handle special characters in values [0.03ms]
(pass) CompositeKeyUtils > Edge Cases > should handle unicode characters [0.03ms]
(pass) CompositeKeyUtils > Edge Cases > should maintain order consistency [0.06ms]

packages/collection-store/src/storage/__test__/AdapterMemory.test.ts:
(pass) AdapterMemory > should create and read a record [0.55ms]
(pass) AdapterMemory > should return null when reading a non-existent record [0.07ms]
(pass) AdapterMemory > should update a record [0.09ms]
(pass) AdapterMemory > should not throw when updating a non-existent record [0.11ms]
(pass) AdapterMemory > should delete a record [0.12ms]
(pass) AdapterMemory > should find records matching a query [0.33ms]
(pass) AdapterMemory > should return an empty array if no records match a query
(pass) AdapterMemory > should return an empty array if the collection does not exist [0.02ms]
(pass) AdapterMemory > should clear all data on close [0.10ms]

packages/collection-store/src/subscriptions/tests/ConnectionManager.test.ts:
(pass) Subscriptions Connection Manager > WebSocket Connections > should create WebSocket connection successfully [0.37ms]
(pass) Subscriptions Connection Manager > WebSocket Connections > should handle WebSocket message events
(pass) Subscriptions Connection Manager > WebSocket Connections > should handle WebSocket close events [0.03ms]
(pass) Subscriptions Connection Manager > WebSocket Connections > should send WebSocket messages [0.17ms]
(pass) Subscriptions Connection Manager > SSE Connections > should create SSE connection successfully [0.19ms]
(pass) Subscriptions Connection Manager > SSE Connections > should handle SSE close events [0.03ms]
(pass) Subscriptions Connection Manager > SSE Connections > should send SSE messages [0.12ms]
(pass) Subscriptions Connection Manager > Connection Management > should get connection by ID [0.04ms]
(pass) Subscriptions Connection Manager > Connection Management > should return undefined for non-existent connection
(pass) Subscriptions Connection Manager > Connection Management > should get user connections [0.13ms]
(pass) Subscriptions Connection Manager > Connection Management > should get all connections [0.02ms]
(pass) Subscriptions Connection Manager > Connection Management > should close connection manually [0.05ms]
(pass) Subscriptions Connection Manager > Connection Management > should check if connection is alive [0.05ms]
(pass) Subscriptions Connection Manager > Connection Management > should update connection activity [11.10ms]
(pass) Subscriptions Connection Manager > Broadcasting > should broadcast message to multiple connections [0.18ms]
(pass) Subscriptions Connection Manager > Broadcasting > should broadcast to all user connections [0.19ms]
(pass) Subscriptions Connection Manager > Statistics > should track connection statistics [0.07ms]
(pass) Subscriptions Connection Manager > Statistics > should track peak connections [0.08ms]
(pass) Subscriptions Connection Manager > Cleanup and Maintenance > should cleanup expired connections [152.40ms]
(pass) Subscriptions Connection Manager > Cleanup and Maintenance > should shutdown gracefully [0.12ms]
(pass) Subscriptions Connection Manager > Error Handling > should handle WebSocket errors [0.18ms]
(pass) Subscriptions Connection Manager > Error Handling > should handle SSE errors [0.11ms]
(pass) Subscriptions Connection Manager > Error Handling > should handle sending message to non-existent connection [0.10ms]
(pass) Subscriptions Connection Manager > Error Handling > should handle sending message to closed WebSocket [0.10ms]

packages/collection-store/src/subscriptions/tests/DataFilter.test.ts:
(pass) Subscriptions Data Filter > Scope Matching > should match collection-level changes [0.89ms]
(pass) Subscriptions Data Filter > Scope Matching > should match document-level changes [0.08ms]
(pass) Subscriptions Data Filter > Scope Matching > should match field-level changes [0.07ms]
(pass) Subscriptions Data Filter > Scope Matching > should not match different collections [0.07ms]
(pass) Subscriptions Data Filter > Scope Matching > should not match different documents [0.11ms]
(pass) Subscriptions Data Filter > Scope Matching > should not match different fields [0.06ms]
(pass) Subscriptions Data Filter > Field Filters > should apply equality field filter [0.28ms]
(pass) Subscriptions Data Filter > Field Filters > should reject non-matching field filter [0.09ms]
(pass) Subscriptions Data Filter > Field Filters > should apply numeric comparison filters [0.08ms]
(pass) Subscriptions Data Filter > Field Filters > should apply array inclusion filters [0.10ms]
(pass) Subscriptions Data Filter > Field Filters > should apply regex filters [0.09ms]
(pass) Subscriptions Data Filter > Field Filters > should handle case insensitive filters [0.09ms]
(pass) Subscriptions Data Filter > Field Filters > should handle nested field paths [0.09ms]
(pass) Subscriptions Data Filter > User Filters > should apply user field filters [0.30ms]
(pass) Subscriptions Data Filter > Custom Filters > should apply custom filters [0.20ms]
(pass) Subscriptions Data Filter > Custom Filters > should reject data not passing custom filter [0.09ms]
(pass) Subscriptions Data Filter > Multiple Filters > should apply multiple filters (AND logic) [0.12ms]
(pass) Subscriptions Data Filter > Multiple Filters > should reject if any filter fails [0.07ms]
(pass) Subscriptions Data Filter > Batch Filtering > should filter multiple changes [0.23ms]
(pass) Subscriptions Data Filter > Cache Management > should provide cache statistics [0.03ms]
(pass) Subscriptions Data Filter > Cache Management > should clear cache [0.03ms]
(pass) Subscriptions Data Filter > Error Handling > should handle missing data gracefully [0.05ms]
Error in custom filter: 760 |       }
761 | 
762 |       const customFilter: ParsedCustomFilter = {
763 |         type: 'custom',
764 |         evaluator: () => {
765 |           throw new Error('Filter error')
                      ^
error: Filter error
      at evaluator (/Users/vedmalex/work/collection-store/packages/collection-store/src/subscriptions/tests/DataFilter.test.ts:765:17)
      at applyCustomFilter (/Users/vedmalex/work/collection-store/packages/collection-store/src/subscriptions/core/DataFilter.ts:227:35)

(pass) Subscriptions Data Filter > Error Handling > should handle filter errors gracefully [0.38ms]

packages/collection-store/src/subscriptions/tests/SubscriptionEngine.test.ts:
Database change listeners setup - placeholder
(pass) Subscriptions Subscription Engine > Engine Lifecycle > should start and stop correctly [0.25ms]
Database change listeners setup - placeholder
(pass) Subscriptions Subscription Engine > Engine Lifecycle > should not start if already running [0.14ms]
Database change listeners setup - placeholder
(pass) Subscriptions Subscription Engine > Engine Lifecycle > should not stop if not running [0.10ms]
Database change listeners setup - placeholder
(pass) Subscriptions Subscription Engine > Health and Metrics > should provide health status [0.14ms]
Database change listeners setup - placeholder
(pass) Subscriptions Subscription Engine > Health and Metrics > should provide metrics [0.05ms]
Database change listeners setup - placeholder
(pass) Subscriptions Subscription Engine > Health and Metrics > should show healthy status when running [1.32ms]
Database change listeners setup - placeholder
(pass) Subscriptions Subscription Engine > Subscription Management > should create a subscription successfully [1.18ms]
Database change listeners setup - placeholder
(pass) Subscriptions Subscription Engine > Subscription Management > should fail to create subscription when engine is not running [0.28ms]
Database change listeners setup - placeholder
(pass) Subscriptions Subscription Engine > Subscription Management > should unsubscribe successfully [0.35ms]
Database change listeners setup - placeholder
(pass) Subscriptions Subscription Engine > Subscription Management > should fail to unsubscribe non-existent subscription [0.11ms]
Database change listeners setup - placeholder
(pass) Subscriptions Subscription Engine > Subscription Management > should get all subscriptions [0.14ms]
Database change listeners setup - placeholder
(pass) Subscriptions Subscription Engine > Subscription Lifecycle > should pause and resume subscription [0.11ms]
Database change listeners setup - placeholder
(pass) Subscriptions Subscription Engine > Subscription Lifecycle > should update subscription query [0.10ms]
Database change listeners setup - placeholder
(pass) Subscriptions Subscription Engine > Connection Management > should handle connection close [0.19ms]
Database change listeners setup - placeholder
(pass) Subscriptions Subscription Engine > Connection Management > should update connection activity [11.28ms]
Database change listeners setup - placeholder
(pass) Subscriptions Subscription Engine > Statistics > should provide subscription statistics [0.35ms]
Database change listeners setup - placeholder
(pass) Subscriptions Subscription Engine > Statistics > should track subscriptions by user [0.18ms]
Database change listeners setup - placeholder
(pass) Subscriptions Subscription Engine > Statistics > should track subscriptions by collection [0.20ms]
Database change listeners setup - placeholder
(pass) Subscriptions Subscription Engine > Performance > should create subscriptions quickly [0.07ms]
Database change listeners setup - placeholder
(pass) Subscriptions Subscription Engine > Performance > should handle multiple subscriptions efficiently [0.29ms]

packages/collection-store/src/subscriptions/tests/QueryParser.test.ts:
(pass) Subscriptions Query Parser > Basic Query Parsing > should parse a simple collection subscription [0.21ms]
(pass) Subscriptions Query Parser > Basic Query Parsing > should parse a document subscription [0.08ms]
(pass) Subscriptions Query Parser > Basic Query Parsing > should parse a field subscription [0.06ms]
(pass) Subscriptions Query Parser > Basic Query Parsing > should parse explicit resource type [0.05ms]
(pass) Subscriptions Query Parser > Options Parsing > should parse custom options [0.06ms]
(pass) Subscriptions Query Parser > Options Parsing > should apply default options [0.06ms]
(pass) Subscriptions Query Parser > Options Parsing > should validate batch size limits [0.15ms]
(pass) Subscriptions Query Parser > Options Parsing > should validate throttle limits [0.05ms]
(pass) Subscriptions Query Parser > Filter Parsing > should parse field filters [0.29ms]
(pass) Subscriptions Query Parser > Filter Parsing > should parse user filters [0.12ms]
(pass) Subscriptions Query Parser > Filter Parsing > should parse custom filters [0.12ms]
(pass) Subscriptions Query Parser > Filter Parsing > should validate field filter operators [0.09ms]
(pass) Subscriptions Query Parser > Filter Parsing > should validate regex patterns [0.11ms]
(pass) Subscriptions Query Parser > Filter Parsing > should validate array operators [0.08ms]
(pass) Subscriptions Query Parser > Filter Parsing > should reject custom filters when disabled [0.07ms]
(pass) Subscriptions Query Parser > Filter Parsing > should enforce filter limits [0.07ms]
(pass) Subscriptions Query Parser > Validation > should require collection for collection subscriptions [0.04ms]
(pass) Subscriptions Query Parser > Validation > should require documentId for document subscriptions [0.04ms]
(pass) Subscriptions Query Parser > Validation > should require fieldPath for field subscriptions [0.03ms]
(pass) Subscriptions Query Parser > Validation > should reject invalid resource types [0.03ms]
(pass) Subscriptions Query Parser > Validation > should reject duplicate field filters [0.11ms]
(pass) Subscriptions Query Parser > Validation > should reject multiple custom filters [0.07ms]
(pass) Subscriptions Query Parser > Validation > should reject null or undefined queries [0.01ms]
(pass) Subscriptions Query Parser > Query ID Generation > should generate unique IDs for different queries [0.39ms]
(pass) Subscriptions Query Parser > Query ID Generation > should generate deterministic IDs for equivalent queries [0.11ms]
(pass) Subscriptions Query Parser > Static Utility Methods > should detect equivalent queries [0.08ms]
(pass) Subscriptions Query Parser > Static Utility Methods > should detect different queries [0.09ms]
(pass) Subscriptions Query Parser > Static Utility Methods > should calculate query complexity [0.30ms]
(pass) Subscriptions Query Parser > Static Utility Methods > should optimize query filter order [0.14ms]
(pass) Subscriptions Query Parser > Edge Cases > should handle empty filters array [0.14ms]
(pass) Subscriptions Query Parser > Edge Cases > should handle case insensitive field filters [0.07ms]
(pass) Subscriptions Query Parser > Edge Cases > should handle numeric field values [0.05ms]
(pass) Subscriptions Query Parser > Edge Cases > should handle boolean field values [0.05ms]

packages/collection-store/src/subscriptions/tests/NotificationManager.test.ts:
(pass) Subscriptions Notification Manager > Lifecycle Management > should start and stop correctly [0.43ms]
(pass) Subscriptions Notification Manager > Lifecycle Management > should not start if already running [0.05ms]
(pass) Subscriptions Notification Manager > Lifecycle Management > should not stop if not running [0.06ms]
(pass) Subscriptions Notification Manager > Single Notifications > should send high priority notification immediately [0.45ms]
(pass) Subscriptions Notification Manager > Single Notifications > should batch normal priority notifications [0.13ms]
(pass) Subscriptions Notification Manager > Single Notifications > should handle notification when manager is stopped [0.01ms]
(pass) Subscriptions Notification Manager > Batch Notifications > should send multiple notifications [0.26ms]
(pass) Subscriptions Notification Manager > Batch Notifications > should flush batch when size limit reached [0.05ms]
(pass) Subscriptions Notification Manager > Batch Notifications > should flush batch after timeout [151.28ms]
(pass) Subscriptions Notification Manager > Broadcasting > should broadcast change to multiple subscriptions [0.65ms]
(pass) Subscriptions Notification Manager > Broadcasting > should handle empty subscription list [0.13ms]
(pass) Subscriptions Notification Manager > Connection Notifications > should send message to specific connection [0.28ms]
(pass) Subscriptions Notification Manager > Connection Notifications > should batch connection messages [0.24ms]
(pass) Subscriptions Notification Manager > Statistics and Monitoring > should provide notification statistics [0.12ms]
(pass) Subscriptions Notification Manager > Statistics and Monitoring > should track pending notification count [0.11ms]
(pass) Subscriptions Notification Manager > Statistics and Monitoring > should provide health status [0.36ms]
(pass) Subscriptions Notification Manager > Batch Management > should flush all pending notifications on stop [0.41ms]
(pass) Subscriptions Notification Manager > Batch Management > should manually flush all pending notifications [0.22ms]
(pass) Subscriptions Notification Manager > Protocol Support > should handle WebSocket notifications [0.13ms]
(pass) Subscriptions Notification Manager > Protocol Support > should handle SSE notifications [0.25ms]
(pass) Subscriptions Notification Manager > Error Handling > should handle transport errors gracefully [0.35ms]
(pass) Subscriptions Notification Manager > Error Handling > should track error statistics [0.21ms]
(pass) Subscriptions Notification Manager > Priority Handling > should determine priority based on change type [0.11ms]
(pass) Subscriptions Notification Manager > Priority Handling > should handle mixed priority notifications [0.15ms]

packages/collection-store/src/subscriptions/tests/ClientSubscriptionManager.test.ts:
(pass) Subscriptions Client Subscription Manager > Initialization > should initialize successfully [0.02ms]
(pass) Subscriptions Client Subscription Manager > Initialization > should provide sync status
(pass) Subscriptions Client Subscription Manager > Subset Synchronization > should sync subset of collections [0.53ms]
(pass) Subscriptions Client Subscription Manager > Subset Synchronization > should handle sync errors gracefully [0.03ms]
(pass) Subscriptions Client Subscription Manager > Local Data Management > should get local data for collection
(pass) Subscriptions Client Subscription Manager > Local Data Management > should get local data with query
(pass) Subscriptions Client Subscription Manager > Local Data Management > should update local data [0.99ms]
(pass) Subscriptions Client Subscription Manager > Local Data Management > should handle delete operations [0.04ms]
(pass) Subscriptions Client Subscription Manager > Offline Mode > should enable offline mode [0.04ms]
(pass) Subscriptions Client Subscription Manager > Offline Mode > should disable offline mode [0.35ms]
(pass) Subscriptions Client Subscription Manager > Offline Mode > should queue changes in offline mode [0.11ms]
(pass) Subscriptions Client Subscription Manager > Conflict Resolution > should sync pending changes when going online [0.60ms]
(pass) Subscriptions Client Subscription Manager > Conflict Resolution > should handle conflicts with different strategies [0.17ms]
(pass) Subscriptions Client Subscription Manager > Cache Statistics > should provide cache statistics [0.06ms]
(pass) Subscriptions Client Subscription Manager > Cache Statistics > should track cache size [0.24ms]
(pass) Subscriptions Client Subscription Manager > Cache Management > should clear cache for specific collection [0.07ms]
(pass) Subscriptions Client Subscription Manager > Cache Management > should clear all cache [0.04ms]
(pass) Subscriptions Client Subscription Manager > Error Handling > should handle invalid collection names
(pass) Subscriptions Client Subscription Manager > Error Handling > should handle sync failures gracefully [0.09ms]
(pass) Subscriptions Client Subscription Manager > Performance > should handle large datasets efficiently [0.41ms]
(pass) Subscriptions Client Subscription Manager > Performance > should maintain performance with many collections [0.11ms]
(pass) Subscriptions Client Subscription Manager > Memory Management > should cleanup resources on destroy [0.04ms]
Failed to broadcast message: DOMException {
  line: 165,
  column: 31,
  sourceURL: "/Users/vedmalex/work/collection-store/packages/collection-store/src/subscriptions/sync/CrossTabSynchronizer.ts",
  stack: "postMessage@[native code]\nbroadcastMessage@/Users/vedmalex/work/collection-store/packages/collection-store/src/subscriptions/sync/CrossTabSynchronizer.ts:165:31\nunregisterTab@/Users/vedmalex/work/collection-store/packages/collection-store/src/subscriptions/sync/CrossTabSynchronizer.ts:44:26\ndestroy@/Users/vedmalex/work/collection-store/packages/collection-store/src/subscriptions/sync/CrossTabSynchronizer.ts:133:23\ndestroy@/Users/vedmalex/work/collection-store/packages/collection-store/src/subscriptions/client/ClientSubscriptionManager.ts:137:30\n@/Users/vedmalex/work/collection-store/packages/collection-store/src/subscriptions/tests/ClientSubscriptionManager.test.ts:9:26",
  code: 11,
  name: "InvalidStateError",
  message: "This BroadcastChannel is closed",
  INDEX_SIZE_ERR: 1,
  DOMSTRING_SIZE_ERR: 2,
  HIERARCHY_REQUEST_ERR: 3,
  WRONG_DOCUMENT_ERR: 4,
  INVALID_CHARACTER_ERR: 5,
  NO_DATA_ALLOWED_ERR: 6,
  NO_MODIFICATION_ALLOWED_ERR: 7,
  NOT_FOUND_ERR: 8,
  NOT_SUPPORTED_ERR: 9,
  INUSE_ATTRIBUTE_ERR: 10,
  INVALID_STATE_ERR: 11,
  SYNTAX_ERR: 12,
  INVALID_MODIFICATION_ERR: 13,
  NAMESPACE_ERR: 14,
  INVALID_ACCESS_ERR: 15,
  VALIDATION_ERR: 16,
  TYPE_MISMATCH_ERR: 17,
  SECURITY_ERR: 18,
  NETWORK_ERR: 19,
  ABORT_ERR: 20,
  URL_MISMATCH_ERR: 21,
  QUOTA_EXCEEDED_ERR: 22,
  TIMEOUT_ERR: 23,
  INVALID_NODE_TYPE_ERR: 24,
  DATA_CLONE_ERR: 25,
  toString: [Function: toString],
}

packages/collection-store/src/subscriptions/tests/CrossTabSynchronizer.test.ts:
(pass) Subscriptions Cross Tab Synchronizer > Tab Registration > should register tab successfully [0.29ms]
(pass) Subscriptions Cross Tab Synchronizer > Tab Registration > should handle multiple tab registrations [10.83ms]
(pass) Subscriptions Cross Tab Synchronizer > Tab Registration > should unregister tab on destroy [0.11ms]
(pass) Subscriptions Cross Tab Synchronizer > Data Broadcasting > should broadcast data updates [50.56ms]
(pass) Subscriptions Cross Tab Synchronizer > Data Broadcasting > should handle different update types [100.51ms]
(pass) Subscriptions Cross Tab Synchronizer > Cache Management > should get cached data for collection [0.21ms]
(pass) Subscriptions Cross Tab Synchronizer > Cache Management > should get cached data for specific document
(pass) Subscriptions Cross Tab Synchronizer > Error Handling > should handle BroadcastChannel errors gracefully [0.88ms]
(pass) Subscriptions Cross Tab Synchronizer > Error Handling > should handle message parsing errors [51.28ms]
(pass) Subscriptions Cross Tab Synchronizer > Browser Environment Detection > should handle non-browser environment gracefully [0.33ms]
(pass) Subscriptions Cross Tab Synchronizer > Performance > should handle multiple updates efficiently [201.64ms]
(pass) Subscriptions Cross Tab Synchronizer > Performance > should maintain performance with multiple tabs [0.46ms]

packages/collection-store/src/subscriptions/tests/Integration.test.ts:
Database change listeners setup - placeholder
Sending to WebSocket conn_1754676591542_9hnssbn8c: {
  type: "initial_data",
  subscriptionId: "sub_1754676591542_bokedibn5",
  data: [],
  timestamp: 1754676591542,
}
Sending to WebSocket conn_1754676591542_9hnssbn8c: {
  type: "data_change",
  subscriptionId: "sub_1754676591542_bokedibn5",
  change: {
    operation: "insert",
    collection: "users",
    documentId: "user456",
    data: {
      name: "Jane",
      status: "active",
    },
    previousData: undefined,
    affectedFields: undefined,
    timestamp: 1754676591543,
  },
  metadata: {
    userId: "user123",
    connectionId: "conn_1754676591542_9hnssbn8c",
    timestamp: 1754676591543,
  },
}
(pass) Subscriptions Subscription System Integration > End-to-End Subscription Flow > should handle complete subscription lifecycle [2.20ms]
Database change listeners setup - placeholder
(pass) Subscriptions Subscription System Integration > End-to-End Subscription Flow > should handle multiple concurrent subscriptions [0.60ms]
Database change listeners setup - placeholder
(pass) Subscriptions Subscription System Integration > End-to-End Subscription Flow > should handle authentication failures gracefully [0.12ms]
Database change listeners setup - placeholder
(pass) Subscriptions Subscription System Integration > End-to-End Subscription Flow > should handle connection failures gracefully [0.29ms]
Database change listeners setup - placeholder
Sending to WebSocket conn_1754676591545_8vpet6mh9: {
  type: "data_change",
  subscriptionId: "sub_1754676591545_x4ckl9t0q",
  change: {
    operation: "update",
    collection: "users",
    documentId: undefined,
    data: {
      status: "active",
      counter: 0,
    },
    previousData: undefined,
    affectedFields: undefined,
    timestamp: 1754676591545,
  },
  metadata: {
    userId: "user123",
    connectionId: "conn_1754676591545_8vpet6mh9",
    timestamp: 1754676591545,
  },
}
Sending to WebSocket conn_1754676591545_8vpet6mh9: {
  type: "data_change",
  subscriptionId: "sub_1754676591545_x4ckl9t0q",
  change: {
    operation: "update",
    collection: "users",
    documentId: undefined,
    data: {
      status: "active",
      counter: 1,
    },
    previousData: undefined,
    affectedFields: undefined,
    timestamp: 1754676591546,
  },
  metadata: {
    userId: "user123",
    connectionId: "conn_1754676591545_8vpet6mh9",
    timestamp: 1754676591545,
  },
}
Sending to WebSocket conn_1754676591545_8vpet6mh9: {
  type: "data_change",
  subscriptionId: "sub_1754676591545_x4ckl9t0q",
  change: {
    operation: "update",
    collection: "users",
    documentId: undefined,
    data: {
      status: "active",
      counter: 2,
    },
    previousData: undefined,
    affectedFields: undefined,
    timestamp: 1754676591547,
  },
  metadata: {
    userId: "user123",
    connectionId: "conn_1754676591545_8vpet6mh9",
    timestamp: 1754676591545,
  },
}
Sending to WebSocket conn_1754676591545_8vpet6mh9: {
  type: "data_change",
  subscriptionId: "sub_1754676591545_x4ckl9t0q",
  change: {
    operation: "update",
    collection: "users",
    documentId: undefined,
    data: {
      status: "active",
      counter: 3,
    },
    previousData: undefined,
    affectedFields: undefined,
    timestamp: 1754676591548,
  },
  metadata: {
    userId: "user123",
    connectionId: "conn_1754676591545_8vpet6mh9",
    timestamp: 1754676591545,
  },
}
Sending to WebSocket conn_1754676591545_8vpet6mh9: {
  type: "data_change",
  subscriptionId: "sub_1754676591545_x4ckl9t0q",
  change: {
    operation: "update",
    collection: "users",
    documentId: undefined,
    data: {
      status: "active",
      counter: 4,
    },
    previousData: undefined,
    affectedFields: undefined,
    timestamp: 1754676591549,
  },
  metadata: {
    userId: "user123",
    connectionId: "conn_1754676591545_8vpet6mh9",
    timestamp: 1754676591545,
  },
}
Sending to WebSocket conn_1754676591545_8vpet6mh9: {
  type: "data_change",
  subscriptionId: "sub_1754676591545_x4ckl9t0q",
  change: {
    operation: "update",
    collection: "users",
    documentId: undefined,
    data: {
      status: "active",
      counter: 5,
    },
    previousData: undefined,
    affectedFields: undefined,
    timestamp: 1754676591550,
  },
  metadata: {
    userId: "user123",
    connectionId: "conn_1754676591545_8vpet6mh9",
    timestamp: 1754676591545,
  },
}
Sending to WebSocket conn_1754676591545_8vpet6mh9: {
  type: "data_change",
  subscriptionId: "sub_1754676591545_x4ckl9t0q",
  change: {
    operation: "update",
    collection: "users",
    documentId: undefined,
    data: {
      status: "active",
      counter: 6,
    },
    previousData: undefined,
    affectedFields: undefined,
    timestamp: 1754676591551,
  },
  metadata: {
    userId: "user123",
    connectionId: "conn_1754676591545_8vpet6mh9",
    timestamp: 1754676591545,
  },
}
Sending to WebSocket conn_1754676591545_8vpet6mh9: {
  type: "data_change",
  subscriptionId: "sub_1754676591545_x4ckl9t0q",
  change: {
    operation: "update",
    collection: "users",
    documentId: undefined,
    data: {
      status: "active",
      counter: 7,
    },
    previousData: undefined,
    affectedFields: undefined,
    timestamp: 1754676591552,
  },
  metadata: {
    userId: "user123",
    connectionId: "conn_1754676591545_8vpet6mh9",
    timestamp: 1754676591545,
  },
}
Sending to WebSocket conn_1754676591545_8vpet6mh9: {
  type: "data_change",
  subscriptionId: "sub_1754676591545_x4ckl9t0q",
  change: {
    operation: "update",
    collection: "users",
    documentId: undefined,
    data: {
      status: "active",
      counter: 8,
    },
    previousData: undefined,
    affectedFields: undefined,
    timestamp: 1754676591553,
  },
  metadata: {
    userId: "user123",
    connectionId: "conn_1754676591545_8vpet6mh9",
    timestamp: 1754676591545,
  },
}
Sending to WebSocket conn_1754676591545_8vpet6mh9: {
  type: "data_change",
  subscriptionId: "sub_1754676591545_x4ckl9t0q",
  change: {
    operation: "update",
    collection: "users",
    documentId: undefined,
    data: {
      status: "active",
      counter: 9,
    },
    previousData: undefined,
    affectedFields: undefined,
    timestamp: 1754676591554,
  },
  metadata: {
    userId: "user123",
    connectionId: "conn_1754676591545_8vpet6mh9",
    timestamp: 1754676591545,
  },
}
(pass) Subscriptions Subscription System Integration > Performance and Scalability > should handle high-frequency data changes efficiently [0.78ms]
Database change listeners setup - placeholder
(pass) Subscriptions Subscription System Integration > Performance and Scalability > should maintain performance with many subscriptions [3.18ms]
Database change listeners setup - placeholder
Sending to WebSocket conn_1754676591549_dx4sufoav: {
  type: "data_change",
  subscriptionId: "sub_1754676591550_u8c6arm7d",
  change: {
    operation: "update",
    collection: "users",
    documentId: undefined,
    data: {
      status: "active",
    },
    previousData: undefined,
    affectedFields: undefined,
    timestamp: 1754676591550,
  },
  metadata: {
    userId: "user123",
    connectionId: "conn_1754676591549_dx4sufoav",
    timestamp: 1754676591550,
  },
}
(pass) Subscriptions Subscription System Integration > Error Recovery > should recover from notification failures [0.54ms]
Database change listeners setup - placeholder
(pass) Subscriptions Subscription System Integration > Error Recovery > should handle component restart gracefully [0.57ms]
Database change listeners setup - placeholder
(pass) Subscriptions Subscription System Integration > Health Monitoring > should provide comprehensive health status [0.14ms]
Database change listeners setup - placeholder
(pass) Subscriptions Subscription System Integration > Health Monitoring > should track metrics accurately [0.15ms]

packages/collection-store/src/adapters/__test__/GoogleSheetsAdapter.test.ts:
(pass) Google Sheets Adapter > Initialization and Configuration > should initialize with a valid configuration [0.18ms]
(pass) Google Sheets Adapter > Initialization and Configuration > should transition to ACTIVE state after successful start [0.12ms]
(pass) Google Sheets Adapter > Initialization and Configuration > should return AdapterType.GOOGLE_SHEETS for its type [0.10ms]
(pass) Google Sheets Adapter > Initialization and Configuration > should return a unique ID [0.02ms]
(pass) Google Sheets Adapter > Initialization and Configuration > should validate an invalid configuration [0.15ms]
(pass) Google Sheets Adapter > Initialization and Configuration > should handle configuration updates that require a restart [1.81ms]
(pass) Google Sheets Adapter > Initialization and Configuration > should restart the adapter if required config changes are made [0.32ms]
(pass) Google Sheets Adapter > Initialization and Configuration > should return the current configuration [0.02ms]
(pass) Google Sheets Adapter > Initialization and Configuration > should validate and normalize configuration changes [0.10ms]
(pass) Google Sheets Adapter > Health Checks and Metrics > should return a healthy status when initialized and authenticated [0.44ms]
(pass) Google Sheets Adapter > Health Checks and Metrics > should return unhealthy status when authentication fails [0.33ms]
(pass) Google Sheets Adapter > Health Checks and Metrics > should return unhealthy status on API errors [0.68ms]
(pass) Google Sheets Adapter > Health Checks and Metrics > should correctly report adapter metrics [0.27ms]
(pass) Google Sheets Adapter > Adapter lifecycle > should initialize successfully [0.10ms]
(pass) Google Sheets Adapter > Adapter lifecycle > should initialize and start the adapter with valid configuration [0.09ms]
(pass) Google Sheets Adapter > Adapter lifecycle > should return connecting status during initialization
(pass) Google Sheets Adapter > Adapter lifecycle > should return disconnected status when not initialized [0.09ms]
(pass) Google Sheets Adapter > Adapter lifecycle > should return unhealthy status when authentication fails [0.26ms]
(pass) Google Sheets Adapter > Adapter lifecycle > should stop and restart the adapter [0.20ms]
(pass) Google Sheets Adapter > Adapter lifecycle > should query spreadsheet data successfully [0.23ms]
appendSpreadsheetData called with: {
  spreadsheetId: "mock_spreadsheet_id_users",
  range: "A1:Z1000",
  values: [
    [ "Name", "Age", "City" ], [ "New User", 40, "Chicago" ]
  ],
}
Actual call arguments: [ "mock_spreadsheet_id_users", "A1:Z1000", [
    [ "Name", "Age", "City" ], [ "New User", 40, "Chicago" ]
  ] ]
Expected arguments: [ "mock_spreadsheet_id_users", "A1:Z1000", [
    [ "Name", "Age", "City" ], [ "New User", 40, "Chicago" ]
  ] ]
(pass) Google Sheets Adapter > Adapter lifecycle > should insert data into spreadsheet successfully [0.46ms]
(pass) Google Sheets Adapter > Adapter lifecycle > should update data in spreadsheet successfully [0.45ms]
(pass) Google Sheets Adapter > Adapter lifecycle > should delete data from spreadsheet successfully [0.05ms]
(pass) Google Sheets Adapter > Adapter lifecycle > should subscribe to changes successfully [51.54ms]
(pass) Google Sheets Adapter > Adapter lifecycle > should prepare, commit, and rollback transactions [0.87ms]
(pass) Google Sheets Adapter > Adapter lifecycle > should fetch adapter metrics and health [0.21ms]
(pass) Google Sheets Adapter > Google Sheets Authentication Tests > should create auth instance with OAuth2 config [0.05ms]
(pass) Google Sheets Adapter > Google Sheets Authentication Tests > should generate OAuth2 authorization URL [0.11ms]
(pass) Google Sheets Adapter > Google Sheets Authentication Tests > should handle OAuth2 callback [0.09ms]
(pass) Google Sheets Adapter > Google Sheets API Tests > should get spreadsheet data [0.16ms]
(pass) Google Sheets Adapter > Google Sheets API Tests > should append data to spreadsheet [0.17ms]
(pass) Google Sheets Adapter > Google Sheets API Tests > should update spreadsheet data [0.14ms]
(pass) Google Sheets Adapter > Google Sheets API Tests > should clear spreadsheet data [0.12ms]
(pass) Google Sheets Adapter > Google Sheets API Tests > should perform batch update [0.58ms]
(pass) Google Sheets Adapter > Google Sheets API Tests > should track rate limit state
(pass) Google Sheets Adapter > Google Sheets API Tests > should track quota state
(pass) Google Sheets Adapter > Google Sheets API Tests > should track API metrics [0.03ms]

packages/collection-store/src/adapters/__test__/AdapterFoundation.test.ts:
(pass) External Adapters Foundation > AdapterRegistry > should create registry with correct configuration [0.11ms]
(pass) External Adapters Foundation > AdapterRegistry > should register and unregister adapters [0.57ms]
(pass) External Adapters Foundation > AdapterRegistry > should start and stop adapters [0.39ms]
(pass) External Adapters Foundation > AdapterRegistry > should check adapter health [0.48ms]
(pass) External Adapters Foundation > AdapterCoordinator > should create coordinator with correct configuration [0.03ms]
(pass) External Adapters Foundation > AdapterCoordinator > should execute single adapter operations [0.45ms]
(pass) External Adapters Foundation > AdapterCoordinator > should ping adapters [0.44ms]
(pass) External Adapters Foundation > Configuration Schemas > should validate MongoDB adapter configuration [0.98ms]
(pass) External Adapters Foundation > Configuration Schemas > should reject invalid MongoDB adapter configuration [0.71ms]
(pass) External Adapters Foundation > Configuration Schemas > should create schema using factory [0.25ms]
(pass) External Adapters Foundation > Type System > should have correct adapter types
(pass) External Adapters Foundation > Type System > should have correct adapter states [0.11ms]

packages/collection-store/src/adapters/__test__/MongoDBEnhancement.test.ts:
(pass) MongoDB Connection Manager > should initialize with correct state [0.08ms]
(pass) MongoDB Connection Manager > should connect successfully [0.19ms]
(pass) MongoDB Connection Manager > should handle connection metrics
(pass) MongoDB Connection Manager > should ping successfully when connected [0.44ms]
(pass) MongoDB Connection Manager > should update configuration [0.02ms]
(pass) MongoDB Connection Manager > should handle reconnection [0.13ms]
(pass) Change Stream Manager > should create stream subscription [0.22ms]
(pass) Change Stream Manager > should manage stream state
(pass) Change Stream Manager > should track stream metrics [0.14ms]
(pass) Change Stream Manager > should pause and resume streams [0.15ms]
(pass) Change Stream Manager > should destroy streams
(pass) Change Stream Manager > should manage resume tokens [0.19ms]
(pass) Enhanced MongoDB Adapter > should be constructible
(pass) Enhanced MongoDB Adapter > should support enhanced connection management
(pass) Enhanced MongoDB Adapter > should support change streams
(pass) Enhanced MongoDB Adapter > should support advanced transactions
(pass) MongoDB Enhancement Phase 2 > should have enhanced connection management capabilities
(pass) MongoDB Enhancement Phase 2 > should support change streams with resume tokens
(pass) MongoDB Enhancement Phase 2 > should provide query optimization
(pass) MongoDB Enhancement Phase 2 > should handle enhanced error recovery
(pass) MongoDB Enhancement Phase 2 > should monitor performance metrics
(pass) MongoDB Enhancement Phase 2 > should implement security enhancements

packages/collection-store/src/transactions/__tests__/TransactionManager.test.ts:
(pass) Transaction Manager > should commit a successful transaction [0.71ms]
(pass) Transaction Manager > should rollback a failed transaction [0.25ms]
(pass) Transaction Manager > should correctly handle rollbacks on storage and indexes

packages/collection-store/src/transactions/__tests__/TransactionalCollection.test.ts:
(pass) Transactional Collection > Basic Transactional Operations > should create item in transaction [0.41ms]
(pass) Transactional Collection > Basic Transactional Operations > should update item in transaction [0.35ms]
(pass) Transactional Collection > Basic Transactional Operations > should remove item in transaction [0.24ms]
(pass) Transactional Collection > Basic Transactional Operations > should handle multiple operations in single transaction [0.15ms]
(pass) Transactional Collection > Index Integration > should update indexes in transaction [0.22ms]
(pass) Transactional Collection > Index Integration > should handle index updates on item modification [0.09ms]
(pass) Transactional Collection > Index Integration > should remove from indexes on item deletion [0.06ms]
(pass) Transactional Collection > 2PC Protocol > should prepare and commit successfully [0.39ms]
(pass) Transactional Collection > 2PC Protocol > should rollback transaction without applying changes [0.24ms]
(pass) Transactional Collection > 2PC Protocol > should handle prepare failure gracefully [0.13ms]
(pass) Transactional Collection > Transaction Isolation > should maintain isolation between transactions [0.09ms]
(pass) Transactional Collection > Transaction Isolation > should handle concurrent updates to same item [0.15ms]
(pass) Transactional Collection > Error Handling > should handle validation errors [0.06ms]
(pass) Transactional Collection > Error Handling > should handle updates to non-existent items [0.04ms]
(pass) Transactional Collection > Error Handling > should handle removes of non-existent items [0.03ms]
(pass) Transactional Collection > Error Handling > should handle missing indexes gracefully [0.02ms]
(pass) Transactional Collection > Transaction State Management > should track transaction changes [0.11ms]
(pass) Transactional Collection > Transaction State Management > should provide access to original collection [0.01ms]
(pass) TransactionalListWrapper > Transactional Operations > should handle transactional set operations [0.14ms]
(pass) TransactionalListWrapper > Transactional Operations > should handle transactional delete operations [0.01ms]
(pass) TransactionalListWrapper > Transactional Operations > should track changes correctly
(pass) TransactionalListWrapper > 2PC Protocol > should prepare and commit successfully [0.02ms]
(pass) TransactionalListWrapper > 2PC Protocol > should rollback without applying changes [0.01ms]

packages/collection-store/src/transactions/__tests__/TransactionManager2.test.ts:
(pass) Transaction Manager > Basic Transaction Lifecycle > should create and manage transactions [0.14ms]
(pass) Transaction Manager > Basic Transaction Lifecycle > should get transaction by ID
(pass) Transaction Manager > Basic Transaction Lifecycle > should throw error for non-existent transaction [0.10ms]
(pass) Transaction Manager > Successful Transaction Commit > should commit transaction with single resource [0.15ms]
(pass) Transaction Manager > Successful Transaction Commit > should commit transaction with multiple resources [0.05ms]
(pass) Transaction Manager > Transaction Rollback > should rollback when prepare fails [0.12ms]
(pass) Transaction Manager > Transaction Rollback > should rollback explicitly [0.04ms]
(pass) Transaction Manager > Change Tracking > should record and notify changes [0.15ms]
(pass) Transaction Manager > Change Tracking > should not notify changes on rollback [0.05ms]
(pass) Transaction Manager > Transaction Options > should respect transaction timeout [150.20ms]
(pass) Transaction Manager > Transaction Options > should set default isolation level [0.49ms]
(pass) Transaction Manager > Error Handling > should handle commit failure gracefully [0.14ms]
(pass) Transaction Manager > Error Handling > should handle rollback failure gracefully [0.17ms]
(pass) Transaction Manager > Cleanup > should cleanup expired transactions [101.31ms]

packages/collection-store/src/performance/__tests__/FileOperationsProfiler.test.ts:
(pass) File Operations Profiler > Monitoring Lifecycle > should start monitoring successfully [44.09ms]
(pass) File Operations Profiler > Monitoring Lifecycle > should stop monitoring and generate report [49.60ms]
(pass) File Operations Profiler > Monitoring Lifecycle > should throw error when starting monitoring twice [63.30ms]
(pass) File Operations Profiler > Monitoring Lifecycle > should throw error when stopping inactive monitoring [0.28ms]
(pass) File Operations Profiler > File Upload Profiling > should profile file upload performance [105.79ms]
(pass) File Operations Profiler > File Upload Profiling > should generate upload recommendations for poor performance [1664.65ms]
(pass) File Operations Profiler > File Upload Profiling > should record upload operations in history [28.20ms]
(pass) File Operations Profiler > File Download Profiling > should profile file download performance [124.47ms]
(pass) File Operations Profiler > File Download Profiling > should generate download recommendations for poor performance [600.93ms]
(pass) File Operations Profiler > File Download Profiling > should record download operations in history [1.81ms]
(pass) File Operations Profiler > Operation History Management > should maintain operation history [30.19ms]
(pass) File Operations Profiler > Operation History Management > should clear all monitoring history [42.08ms]
(pass) File Operations Profiler > Operation History Management > should return copy of operation history [20.10ms]
(pass) File Operations Profiler > Performance Report Generation > should generate comprehensive performance report [173.39ms]
(pass) File Operations Profiler > Performance Report Generation > should identify bottlenecks in performance report [650.58ms]
(pass) File Operations Profiler > Configuration > should use default configuration when none provided [0.12ms]
(pass) File Operations Profiler > Configuration > should merge provided configuration with defaults
(pass) File Operations Profiler > Error Handling > should handle zero-size file uploads gracefully [1.27ms]
(pass) File Operations Profiler > Error Handling > should handle zero-size file downloads gracefully [1.20ms]
(pass) File Operations Profiler > Error Handling > should handle monitoring without operations [43.74ms]
(pass) File Operations Profiler > Performance Calculations > should calculate throughput correctly [175.52ms]
(pass) File Operations Profiler > Performance Calculations > should calculate success rate correctly [65.19ms]

packages/collection-store/src/performance/__tests__/RealtimeSubscriptionProfiler.test.ts:
(pass) Realtime Subscription Profiler > Monitoring Lifecycle > should start monitoring successfully [512.82ms]
(pass) Realtime Subscription Profiler > Monitoring Lifecycle > should stop monitoring and generate report [684.85ms]
(pass) Realtime Subscription Profiler > Monitoring Lifecycle > should throw error when starting monitoring twice [604.36ms]
(pass) Realtime Subscription Profiler > Monitoring Lifecycle > should throw error when stopping inactive monitoring [0.81ms]
(pass) Realtime Subscription Profiler > Subscription Lifecycle Profiling > should profile subscription lifecycle [484.79ms]
(pass) Realtime Subscription Profiler > Subscription Lifecycle Profiling > should generate recommendations for slow subscription creation [402.58ms]
(pass) Realtime Subscription Profiler > Cross-Tab Synchronization Analysis > should analyze cross-tab synchronization [82.70ms]
(pass) Realtime Subscription Profiler > Cross-Tab Synchronization Analysis > should generate recommendations for slow sync [158.96ms]
(pass) Realtime Subscription Profiler > Metrics Collection > should collect subscription metrics during monitoring [851.17ms]
(pass) Realtime Subscription Profiler > Metrics Collection > should clear history [561.70ms]
(pass) Realtime Subscription Profiler > Performance Analysis Report > should generate comprehensive analysis report [994.89ms]
(pass) Realtime Subscription Profiler > Performance Analysis Report > should identify bottlenecks and provide recommendations [524.97ms]
(pass) Realtime Subscription Profiler > Error Handling > should handle invalid configurations gracefully [442.46ms]
(pass) Realtime Subscription Profiler > Error Handling > should handle zero tab count in cross-tab sync [35.64ms]
(pass) Realtime Subscription Profiler > Configuration Options > should respect custom sampling interval [715.24ms]
(pass) Realtime Subscription Profiler > Configuration Options > should handle detailed logging configuration [0.38ms]

packages/collection-store/src/performance/__tests__/PerformanceProfiler.test.ts:
(pass) PerformanceProfiler > Profiling Session Management > should start profiling session successfully [1.16ms]
(pass) PerformanceProfiler > Profiling Session Management > should throw error when starting duplicate session [0.68ms]
(pass) PerformanceProfiler > Profiling Session Management > should start profiling with default components [0.11ms]
(pass) PerformanceProfiler > Profiling Session Management > should stop profiling session and generate report [101.68ms]
(pass) PerformanceProfiler > Profiling Session Management > should throw error when stopping non-existent session [0.18ms]
(pass) PerformanceProfiler > Component Profiling > should profile authentication component [101.93ms]
(pass) PerformanceProfiler > Component Profiling > should profile database component [100.90ms]
(pass) PerformanceProfiler > Component Profiling > should profile realtime component [100.77ms]
(pass) PerformanceProfiler > Component Profiling > should profile files component [101.95ms]
(pass) PerformanceProfiler > Component Profiling > should profile system component [107.20ms]
(pass) PerformanceProfiler > Bottleneck Analysis > should generate bottleneck report with summary [151.65ms]
(pass) PerformanceProfiler > Bottleneck Analysis > should categorize bottlenecks by severity [152.08ms]
(pass) PerformanceProfiler > Bottleneck Analysis > should sort bottlenecks by severity [152.01ms]
(pass) PerformanceProfiler > Bottleneck Analysis > should generate optimization recommendations [152.44ms]
(pass) PerformanceProfiler > CPU Hotspot Analysis > should analyze CPU hotspots [104.80ms]
(pass) PerformanceProfiler > CPU Hotspot Analysis > should throw error for non-existent session in CPU analysis [0.36ms]
(pass) PerformanceProfiler > Memory Usage Analysis > should analyze memory usage patterns [102.38ms]
(pass) PerformanceProfiler > Memory Usage Analysis > should throw error for non-existent session in memory analysis [0.15ms]
(pass) PerformanceProfiler > Database Query Profiling > should profile database queries [102.29ms]
(pass) PerformanceProfiler > Database Query Profiling > should throw error for non-existent session in query profiling [0.14ms]
(pass) PerformanceProfiler > Configuration & Edge Cases > should use custom configuration [0.04ms]
(pass) PerformanceProfiler > Configuration & Edge Cases > should handle multiple concurrent sessions [0.14ms]
(pass) PerformanceProfiler > Configuration & Edge Cases > should handle session status queries
(pass) PerformanceProfiler > Performance Validation > should complete profiling efficiently [51.56ms]
(pass) PerformanceProfiler > Performance Validation > should handle rapid session creation and destruction [0.62ms]

packages/collection-store/src/performance/__tests__/BottleneckAnalyzer.test.ts:
(pass) Bottleneck Analyzer > Optimization Plan Generation > should generate optimization plan from bottleneck report [1.26ms]
(pass) Bottleneck Analyzer > Optimization Plan Generation > should prioritize optimizations by impact [0.34ms]
(pass) Bottleneck Analyzer > Component-Specific Optimizations > should generate authentication optimizations [0.03ms]
(pass) Bottleneck Analyzer > Component-Specific Optimizations > should generate database optimizations [0.06ms]
(pass) Bottleneck Analyzer > Component-Specific Optimizations > should handle empty bottlenecks gracefully [0.06ms]
(pass) Bottleneck Analyzer > Performance Target Validation > should validate performance metrics against targets [0.24ms]
(pass) Bottleneck Analyzer > Performance Target Validation > should pass validation when all targets are met [0.10ms]
(pass) Bottleneck Analyzer > Configuration & Edge Cases > should handle empty bottleneck report [0.03ms]
(pass) Bottleneck Analyzer > Configuration & Edge Cases > should use default configuration when none provided

packages/collection-store/src/performance/__tests__/PerformanceScenarios.test.ts:
(pass) Performance Scenarios > Authentication Scenarios > createAuthenticationScenario > should create authentication scenario with default config [0.37ms]
(pass) Performance Scenarios > Authentication Scenarios > createAuthenticationScenario > should create authentication scenario with custom config [0.09ms]
(pass) Performance Scenarios > Authentication Scenarios > createAuthenticationScenario > should include session duration in login operation [0.03ms]
(pass) Performance Scenarios > Authentication Scenarios > createAuthenticationStressScenario > should create high-load authentication scenario [0.05ms]
(pass) Performance Scenarios > Authentication Scenarios > createAuthenticationStressScenario > should allow custom config override [0.02ms]
(pass) Performance Scenarios > Database Scenarios > createDatabaseScenario > should create database scenario with default config [0.43ms]
(pass) Performance Scenarios > Database Scenarios > createDatabaseScenario > should use first collection from collections array [0.06ms]
(pass) Performance Scenarios > Database Scenarios > createDatabaseScenario > should use default collection when collections array is empty [0.06ms]
(pass) Performance Scenarios > Database Scenarios > createDatabaseScenario > should configure indexed vs non-indexed queries [0.25ms]
(pass) Performance Scenarios > Database Scenarios > createDatabaseScenario > should include aggregation pipeline [0.02ms]
(pass) Performance Scenarios > Database Scenarios > createDatabaseStressScenario > should create high-load database scenario [0.71ms]
(pass) Performance Scenarios > Real-time Scenarios > createRealtimeScenario > should create realtime scenario with default config [0.25ms]
(pass) Performance Scenarios > Real-time Scenarios > createRealtimeScenario > should use first channel from channels array [0.03ms]
(pass) Performance Scenarios > Real-time Scenarios > createRealtimeScenario > should use default channel when channels array is empty
(pass) Performance Scenarios > Real-time Scenarios > createRealtimeScenario > should include cross-tab sync operation
(pass) Performance Scenarios > Real-time Scenarios > createRealtimeStressScenario > should create high-concurrency realtime scenario [0.14ms]
(pass) Performance Scenarios > File Storage Scenarios > createFileStorageScenario > should create file storage scenario with default config [0.10ms]
(pass) Performance Scenarios > File Storage Scenarios > createFileStorageScenario > should configure file operations correctly [0.08ms]
(pass) Performance Scenarios > File Storage Scenarios > createFileStorageScenario > should include all file operations [0.02ms]
(pass) Performance Scenarios > Computed Attributes Scenarios > createComputedAttributesScenario > should create computed attributes scenario with default config [0.12ms]
(pass) Performance Scenarios > Computed Attributes Scenarios > createComputedAttributesScenario > should configure different computation types [0.07ms]
(pass) Performance Scenarios > Computed Attributes Scenarios > createComputedAttributesScenario > should configure cache hit ratio [0.03ms]
(pass) Performance Scenarios > Stored Functions Scenarios > createStoredFunctionsScenario > should create stored functions scenario with default config [0.30ms]
(pass) Performance Scenarios > Stored Functions Scenarios > createStoredFunctionsScenario > should configure different function types [0.80ms]
(pass) Performance Scenarios > Stored Functions Scenarios > createStoredFunctionsScenario > should include function parameters [0.01ms]
(pass) Performance Scenarios > Mixed Workload Scenarios > createMixedWorkloadScenario > should create comprehensive mixed workload scenario [0.18ms]
(pass) Performance Scenarios > Mixed Workload Scenarios > createMixedWorkloadScenario > should include all operation types [0.05ms]
(pass) Performance Scenarios > Mixed Workload Scenarios > createMixedWorkloadScenario > should distribute workload across features
(pass) Performance Scenarios > Utility Methods > getAvailableScenarios > should return all available scenario types
(pass) Performance Scenarios > Utility Methods > createScenarioByName > should create scenarios by name [0.20ms]
(pass) Performance Scenarios > Utility Methods > createScenarioByName > should pass config to scenario creation
(pass) Performance Scenarios > Utility Methods > createScenarioByName > should throw error for unknown scenario type
(pass) Performance Scenarios > Utility Methods > createScenarioByName > should create all available scenario types [0.79ms]
(pass) Performance Scenarios > Data Generation > should generate different record sizes [0.22ms]
(pass) Performance Scenarios > Data Generation > should generate different message sizes [0.15ms]
(pass) Performance Scenarios > Performance Validation > should create scenarios efficiently [1.09ms]
(pass) Performance Scenarios > Performance Validation > should create scenarios by name efficiently [2.02ms]

packages/collection-store/src/performance/__tests__/NetworkProfiler.test.ts:
(pass) Network Profiler > Monitoring Lifecycle > should start monitoring successfully [362.77ms]
(pass) Network Profiler > Monitoring Lifecycle > should stop monitoring and generate report [360.69ms]
(pass) Network Profiler > Monitoring Lifecycle > should throw error when starting monitoring twice [357.91ms]
(pass) Network Profiler > Monitoring Lifecycle > should throw error when stopping inactive monitoring [0.05ms]
(pass) Network Profiler > Latency Measurement > should measure latency for multiple endpoints [53.47ms]
(pass) Network Profiler > Latency Measurement > should store latency history [5.85ms]
(pass) Network Profiler > Bandwidth Measurement > should measure bandwidth for different protocols [303.61ms]
(pass) Network Profiler > Bandwidth Measurement > should store bandwidth history [202.33ms]
(pass) Network Profiler > WebSocket Analysis > should analyze WebSocket performance [122.07ms]
(pass) Network Profiler > Network Optimizations > should generate network optimizations based on analysis report [0.39ms]
(pass) Network Profiler > History Management > should clear all monitoring history [104.76ms]

packages/collection-store/src/performance/__tests__/PredictivePerformanceAnalyzer.test.ts:
(pass) Predictive Performance Analyzer > Data Management > should add performance data successfully [0.39ms]
(pass) Predictive Performance Analyzer > Data Management > should limit historical data to 90 days [0.10ms]
(pass) Predictive Performance Analyzer > Data Management > should clear historical data successfully [0.11ms]
(pass) Predictive Performance Analyzer > Data Management > should provide data statistics [1.00ms]
(pass) Predictive Performance Analyzer > Synthetic Data Generation > should generate synthetic data for specified days [47.50ms]
(pass) Predictive Performance Analyzer > Synthetic Data Generation > should generate realistic synthetic data with patterns [10.81ms]
(pass) Predictive Performance Analyzer > Synthetic Data Generation > should include contextual factors in synthetic data [3.33ms]
(pass) Predictive Performance Analyzer > Predictive Analysis > should perform full predictive analysis [13.52ms]
(pass) Predictive Performance Analyzer > Predictive Analysis > should throw error with insufficient data [0.20ms]
(pass) Predictive Performance Analyzer > Predictive Analysis > should respect analysis configuration flags [105.23ms]
(pass) Predictive Performance Analyzer > Trend Analysis > should analyze trends correctly [0.59ms]
(pass) Predictive Performance Analyzer > Trend Analysis > should sort trends by strength [0.30ms]
(pass) Predictive Performance Analyzer > Trend Analysis > should include confidence intervals [0.19ms]
(pass) Predictive Performance Analyzer > Bottleneck Prediction > should predict bottlenecks correctly [0.25ms]
(pass) Predictive Performance Analyzer > Bottleneck Prediction > should sort predictions by lead time [0.07ms]
(pass) Predictive Performance Analyzer > Bottleneck Prediction > should include impact radius [0.04ms]
(pass) Predictive Performance Analyzer > Seasonal Pattern Analysis > should detect seasonal patterns [0.14ms]
(pass) Predictive Performance Analyzer > Seasonal Pattern Analysis > should identify peak and low times [0.08ms]
(pass) Predictive Performance Analyzer > Seasonal Pattern Analysis > should sort patterns by reliability [0.07ms]
(pass) Predictive Performance Analyzer > Anomaly Detection > should detect anomalies [2.11ms]
(pass) Predictive Performance Analyzer > Anomaly Detection > should sort anomalies by deviation score [2.15ms]
(pass) Predictive Performance Analyzer > Anomaly Detection > should classify anomaly types correctly [1.91ms]
(pass) Predictive Performance Analyzer > Risk Assessment > should calculate risk assessment correctly [83.98ms]
(pass) Predictive Performance Analyzer > Risk Assessment > should identify critical components [3.77ms]
(pass) Predictive Performance Analyzer > Recommendations Generation > should generate comprehensive recommendations [97.76ms]
(pass) Predictive Performance Analyzer > Recommendations Generation > should provide specific recommendations for detected issues [2.85ms]
(pass) Predictive Performance Analyzer > Model Performance Evaluation > should evaluate model performance [123.57ms]
(pass) Predictive Performance Analyzer > Model Performance Evaluation > should calculate data quality correctly [2.14ms]
(pass) Predictive Performance Analyzer > Configuration Options > should respect prediction horizon [33.09ms]
(skip) Predictive Performance Analyzer > Configuration Options > should respect confidence threshold
[PredictivePerformanceAnalyzer] Added data point for test, total points: 1
(pass) Predictive Performance Analyzer > Configuration Options > should handle detailed logging [0.61ms]
(pass) Predictive Performance Analyzer > Error Handling > should handle empty data gracefully
(pass) Predictive Performance Analyzer > Error Handling > should handle invalid metric values
(pass) Predictive Performance Analyzer > Error Handling > should handle constant values in trend analysis [0.43ms]
(pass) Predictive Performance Analyzer > Performance Validation > should complete analysis efficiently with large datasets [1590.59ms]
(pass) Predictive Performance Analyzer > Performance Validation > should handle concurrent analysis requests [34.79ms]
(pass) Predictive Performance Analyzer > Performance Validation > should maintain memory efficiency [295.42ms]

packages/collection-store/src/performance/__tests__/RealTimeOptimizer.test.ts:
(pass) RealTimeOptimizer > Lifecycle Management > should start real-time optimization successfully [0.11ms]
(pass) RealTimeOptimizer > Lifecycle Management > should throw error when starting already running optimizer [0.08ms]
(pass) RealTimeOptimizer > Lifecycle Management > should stop real-time optimization successfully [0.03ms]
(pass) RealTimeOptimizer > Lifecycle Management > should throw error when stopping non-running optimizer
(pass) RealTimeOptimizer > Dynamic Optimization > should apply dynamic optimization based on metrics [0.17ms]
(pass) RealTimeOptimizer > Dynamic Optimization > should not apply optimization during cooldown period [0.05ms]
(pass) RealTimeOptimizer > Dynamic Optimization > should generate CPU optimization actions [0.08ms]
(pass) RealTimeOptimizer > Dynamic Optimization > should generate memory optimization actions [0.07ms]
(pass) RealTimeOptimizer > Dynamic Optimization > should generate response time optimization actions [0.02ms]
(pass) RealTimeOptimizer > Dynamic Optimization > should generate throughput optimization actions [65.44ms]
(pass) RealTimeOptimizer > Dynamic Optimization > should throw error when not running [0.17ms]
(pass) RealTimeOptimizer > Emergency Response > should detect CPU spike emergency [354.57ms]
(pass) RealTimeOptimizer > Emergency Response > should detect memory leak emergency [199.35ms]
(pass) RealTimeOptimizer > Emergency Response > should detect error storm emergency [346.57ms]
(pass) RealTimeOptimizer > Emergency Response > should detect latency spike emergency [260.10ms]
(pass) RealTimeOptimizer > Emergency Response > should detect throughput drop emergency [276.65ms]
(pass) RealTimeOptimizer > Emergency Response > should handle emergency response execution [237.62ms]
(pass) RealTimeOptimizer > Emergency Response > should not handle same emergency type if already active [467.27ms]
(pass) RealTimeOptimizer > Configuration Management > should adjust component configuration successfully [107.28ms]
(pass) RealTimeOptimizer > Configuration Management > should reject invalid configuration [1.26ms]
(pass) RealTimeOptimizer > Configuration Management > should throw error when adjusting configuration while not running [0.29ms]
(pass) RealTimeOptimizer > Threshold Management > should update performance thresholds [0.33ms]
(pass) RealTimeOptimizer > Threshold Management > should get active thresholds [0.05ms]
(pass) RealTimeOptimizer > Threshold Management > should use updated thresholds for optimization decisions [0.37ms]
(pass) RealTimeOptimizer > Performance Monitoring > should maintain performance history [0.18ms]
(pass) RealTimeOptimizer > Performance Monitoring > should limit history size [19.40ms]
(pass) RealTimeOptimizer > Performance Monitoring > should calculate recent average throughput [34.01ms]
(pass) RealTimeOptimizer > Error Handling > should handle monitoring cycle errors gracefully [0.23ms]
(pass) RealTimeOptimizer > Error Handling > should handle action execution failures [370.50ms]
(pass) RealTimeOptimizer > Error Handling > should handle invalid metrics gracefully [0.45ms]
(pass) RealTimeOptimizer > Integration Scenarios > should handle multiple simultaneous issues [0.21ms]
(pass) RealTimeOptimizer > Integration Scenarios > should prioritize emergency responses over regular optimizations [250.47ms]
(pass) RealTimeOptimizer > Integration Scenarios > should work with custom emergency thresholds [497.70ms]

packages/collection-store/src/performance/__tests__/AutomatedOptimizationEngine.test.ts:
(pass) Automated Optimization Engine > Engine Lifecycle > should start engine successfully [0.44ms]
(pass) Automated Optimization Engine > Engine Lifecycle > should throw error when starting already running engine [0.11ms]
(pass) Automated Optimization Engine > Engine Lifecycle > should stop engine successfully [0.07ms]
(pass) Automated Optimization Engine > Engine Lifecycle > should throw error when stopping non-running engine [0.05ms]
(pass) Automated Optimization Engine > Engine Lifecycle > should track engine uptime correctly [100.80ms]
(pass) Automated Optimization Engine > Optimization Execution > should execute optimization recommendations [391.11ms]
(pass) Automated Optimization Engine > Optimization Execution > should prioritize critical optimizations first [273.46ms]
(pass) Automated Optimization Engine > Optimization Execution > should schedule optimizations when at capacity [501.95ms]
(pass) Automated Optimization Engine > Optimization Execution > should handle optimization failures gracefully [124.44ms]
(pass) Automated Optimization Engine > Optimization Execution > should track optimization metrics [335.73ms]
(pass) Automated Optimization Engine > Scheduling Management > should schedule optimization successfully [0.40ms]
(pass) Automated Optimization Engine > Scheduling Management > should cancel scheduled optimization [1.04ms]
(pass) Automated Optimization Engine > Scheduling Management > should return false when cancelling non-existent optimization [0.23ms]
(pass) Automated Optimization Engine > Scheduling Management > should update next scheduled time correctly [1.59ms]
(pass) Automated Optimization Engine > Validation and Rollback > should validate optimization successfully [736.12ms]
(pass) Automated Optimization Engine > Validation and Rollback > should throw error when validating non-existent optimization [13.64ms]
(pass) Automated Optimization Engine > Validation and Rollback > should rollback optimization successfully [632.25ms]
(pass) Automated Optimization Engine > Validation and Rollback > should handle rollback failures gracefully [590.16ms]
(pass) Automated Optimization Engine > Status and Reporting > should provide accurate engine status [0.24ms]
(pass) Automated Optimization Engine > Status and Reporting > should calculate current load correctly [1.77ms]
(pass) Automated Optimization Engine > Status and Reporting > should generate optimization report [413.00ms]
(pass) Automated Optimization Engine > Status and Reporting > should maintain optimization history [340.89ms]
(pass) Automated Optimization Engine > Status and Reporting > should sort history by most recent first [888.03ms]
(pass) Automated Optimization Engine > Error Handling > should throw error when executing optimizations without starting engine [0.47ms]
(pass) Automated Optimization Engine > Error Handling > should throw error when scheduling without starting engine [0.26ms]
(pass) Automated Optimization Engine > Error Handling > should handle invalid optimization data gracefully [0.34ms]
(pass) Automated Optimization Engine > Performance Metrics > should calculate performance impact correctly [461.69ms]
(pass) Automated Optimization Engine > Performance Metrics > should track execution logs [434.29ms]
(pass) Automated Optimization Engine > Performance Metrics > should measure optimization duration [461.50ms]

packages/collection-store/src/performance/__tests__/AutomatedOptimizationIntegration.test.ts:
(pass) Automated Optimization Integration > Complete Optimization Workflow > should execute complete optimization workflow successfully [560.27ms]
(pass) Automated Optimization Integration > Complete Optimization Workflow > should handle optimization rollback workflow [629.95ms]
(pass) Automated Optimization Integration > Real-Time Optimization Integration > should integrate real-time optimization with validation [0.51ms]
(pass) Automated Optimization Integration > Real-Time Optimization Integration > should handle emergency response with validation [264.16ms]
(pass) Automated Optimization Integration > Real-Time Optimization Integration > should update thresholds and apply new optimization logic [0.62ms]
(pass) Automated Optimization Integration > Engine and Real-Time Optimizer Coordination > should coordinate scheduled and real-time optimizations [0.44ms]
(pass) Automated Optimization Integration > Engine and Real-Time Optimizer Coordination > should handle resource conflicts between systems [0.68ms]
(pass) Automated Optimization Integration > Error Handling and Recovery > should handle validation failures gracefully [0.26ms]
(pass) Automated Optimization Integration > Error Handling and Recovery > should handle system failures and recovery [235.44ms]
(pass) Automated Optimization Integration > Error Handling and Recovery > should maintain audit trail during failures [431.37ms]
(pass) Automated Optimization Integration > Performance and Scalability > should handle multiple concurrent optimizations [1320.37ms]
(pass) Automated Optimization Integration > Performance and Scalability > should maintain performance under load [0.78ms]

packages/collection-store/src/performance/__tests__/performance.test.ts:
(pass) Performance Benchmarks > WAL Manager Performance > should benchmark FileWALManager write performance [8.27ms]

=== PERFORMANCE BENCHMARK RESULTS ===

FileWALManager Write Operations:
  Total Time: 7.58ms
  Operations: 1000
  Ops/sec: 131942.80
  Avg Latency: 0.0076ms
  Memory Delta: 0.00MB

=====================================

(pass) Performance Benchmarks > WAL Manager Performance > should benchmark MemoryWALManager write performance [30.82ms]

=== PERFORMANCE BENCHMARK RESULTS ===

MemoryWALManager Write Operations:
  Total Time: 29.88ms
  Operations: 10000
  Ops/sec: 334665.02
  Avg Latency: 0.0030ms
  Memory Delta: 0.00MB

=====================================

(pass) Performance Benchmarks > WAL Manager Performance > should benchmark WAL read performance [236.18ms]

=== PERFORMANCE BENCHMARK RESULTS ===

FileWALManager Read Operations:
  Total Time: 231.95ms
  Operations: 100
  Ops/sec: 431.13
  Avg Latency: 2.3195ms
  Memory Delta: -6.22MB

=====================================

Starting WAL recovery...
Replaying transaction tx-0 with 3 entries
Replay: INSERT on test
Rolling back transaction tx-1
Rollback: INSERT on test
Replaying transaction tx-2 with 3 entries
Replay: INSERT on test
Rolling back transaction tx-3
Rollback: INSERT on test
Replaying transaction tx-4 with 3 entries
Replay: INSERT on test
Rolling back transaction tx-5
Rollback: INSERT on test
Replaying transaction tx-6 with 3 entries
Replay: INSERT on test
Rolling back transaction tx-7
Rollback: INSERT on test
Replaying transaction tx-8 with 3 entries
Replay: INSERT on test
Rolling back transaction tx-9
Rollback: INSERT on test
Replaying transaction tx-10 with 3 entries
Replay: INSERT on test
Rolling back transaction tx-11
Rollback: INSERT on test
Replaying transaction tx-12 with 3 entries
Replay: INSERT on test
Rolling back transaction tx-13
Rollback: INSERT on test
Replaying transaction tx-14 with 3 entries
Replay: INSERT on test
Rolling back transaction tx-15
Rollback: INSERT on test
Replaying transaction tx-16 with 3 entries
Replay: INSERT on test
Rolling back transaction tx-17
Rollback: INSERT on test
Replaying transaction tx-18 with 3 entries
Replay: INSERT on test
Rolling back transaction tx-19
Rollback: INSERT on test
Replaying transaction tx-20 with 3 entries
Replay: INSERT on test
Rolling back transaction tx-21
Rollback: INSERT on test
Replaying transaction tx-22 with 3 entries
Replay: INSERT on test
Rolling back transaction tx-23
Rollback: INSERT on test
Replaying transaction tx-24 with 3 entries
Replay: INSERT on test
Rolling back transaction tx-25
Rollback: INSERT on test
Replaying transaction tx-26 with 3 entries
Replay: INSERT on test
Rolling back transaction tx-27
Rollback: INSERT on test
Replaying transaction tx-28 with 3 entries
Replay: INSERT on test
Rolling back transaction tx-29
Rollback: INSERT on test
Replaying transaction tx-30 with 3 entries
Replay: INSERT on test
Rolling back transaction tx-31
Rollback: INSERT on test
Replaying transaction tx-32 with 3 entries
Replay: INSERT on test
Rolling back transaction tx-33
Rollback: INSERT on test
Replaying transaction tx-34 with 3 entries
Replay: INSERT on test
Rolling back transaction tx-35
Rollback: INSERT on test
Replaying transaction tx-36 with 3 entries
Replay: INSERT on test
Rolling back transaction tx-37
Rollback: INSERT on test
Replaying transaction tx-38 with 3 entries
Replay: INSERT on test
Rolling back transaction tx-39
Rollback: INSERT on test
Replaying transaction tx-40 with 3 entries
Replay: INSERT on test
Rolling back transaction tx-41
Rollback: INSERT on test
Replaying transaction tx-42 with 3 entries
Replay: INSERT on test
Rolling back transaction tx-43
Rollback: INSERT on test
Replaying transaction tx-44 with 3 entries
Replay: INSERT on test
Rolling back transaction tx-45
Rollback: INSERT on test
Replaying transaction tx-46 with 3 entries
Replay: INSERT on test
Rolling back transaction tx-47
Rollback: INSERT on test
Replaying transaction tx-48 with 3 entries
Replay: INSERT on test
Rolling back transaction tx-49
Rollback: INSERT on test
Replaying transaction tx-50 with 3 entries
Replay: INSERT on test
Rolling back transaction tx-51
Rollback: INSERT on test
Replaying transaction tx-52 with 3 entries
Replay: INSERT on test
Rolling back transaction tx-53
Rollback: INSERT on test
Replaying transaction tx-54 with 3 entries
Replay: INSERT on test
Rolling back transaction tx-55
Rollback: INSERT on test
Replaying transaction tx-56 with 3 entries
Replay: INSERT on test
Rolling back transaction tx-57
Rollback: INSERT on test
Replaying transaction tx-58 with 3 entries
Replay: INSERT on test
Rolling back transaction tx-59
Rollback: INSERT on test
Replaying transaction tx-60 with 3 entries
Replay: INSERT on test
Rolling back transaction tx-61
Rollback: INSERT on test
Replaying transaction tx-62 with 3 entries
Replay: INSERT on test
Rolling back transaction tx-63
Rollback: INSERT on test
Replaying transaction tx-64 with 3 entries
Replay: INSERT on test
Rolling back transaction tx-65
Rollback: INSERT on test
Replaying transaction tx-66 with 3 entries
Replay: INSERT on test
Rolling back transaction tx-67
Rollback: INSERT on test
Replaying transaction tx-68 with 3 entries
Replay: INSERT on test
Rolling back transaction tx-69
Rollback: INSERT on test
Replaying transaction tx-70 with 3 entries
Replay: INSERT on test
Rolling back transaction tx-71
Rollback: INSERT on test
Replaying transaction tx-72 with 3 entries
Replay: INSERT on test
Rolling back transaction tx-73
Rollback: INSERT on test
Replaying transaction tx-74 with 3 entries
Replay: INSERT on test
Rolling back transaction tx-75
Rollback: INSERT on test
Replaying transaction tx-76 with 3 entries
Replay: INSERT on test
Rolling back transaction tx-77
Rollback: INSERT on test
Replaying transaction tx-78 with 3 entries
Replay: INSERT on test
Rolling back transaction tx-79
Rollback: INSERT on test
Replaying transaction tx-80 with 3 entries
Replay: INSERT on test
Rolling back transaction tx-81
Rollback: INSERT on test
Replaying transaction tx-82 with 3 entries
Replay: INSERT on test
Rolling back transaction tx-83
Rollback: INSERT on test
Replaying transaction tx-84 with 3 entries
Replay: INSERT on test
Rolling back transaction tx-85
Rollback: INSERT on test
Replaying transaction tx-86 with 3 entries
Replay: INSERT on test
Rolling back transaction tx-87
Rollback: INSERT on test
Replaying transaction tx-88 with 3 entries
Replay: INSERT on test
Rolling back transaction tx-89
Rollback: INSERT on test
Replaying transaction tx-90 with 3 entries
Replay: INSERT on test
Rolling back transaction tx-91
Rollback: INSERT on test
Replaying transaction tx-92 with 3 entries
Replay: INSERT on test
Rolling back transaction tx-93
Rollback: INSERT on test
Replaying transaction tx-94 with 3 entries
Replay: INSERT on test
Rolling back transaction tx-95
Rollback: INSERT on test
Replaying transaction tx-96 with 3 entries
Replay: INSERT on test
Rolling back transaction tx-97
Rollback: INSERT on test
Replaying transaction tx-98 with 3 entries
Replay: INSERT on test
Rolling back transaction tx-99
Rollback: INSERT on test
WAL recovery completed: 50 recovered, 50 rolled back
Starting WAL recovery...
Replaying transaction tx-0 with 3 entries
Replay: INSERT on test
Rolling back transaction tx-1
Rollback: INSERT on test
Replaying transaction tx-2 with 3 entries
Replay: INSERT on test
Rolling back transaction tx-3
Rollback: INSERT on test
Replaying transaction tx-4 with 3 entries
Replay: INSERT on test
Rolling back transaction tx-5
Rollback: INSERT on test
Replaying transaction tx-6 with 3 entries
Replay: INSERT on test
Rolling back transaction tx-7
Rollback: INSERT on test
Replaying transaction tx-8 with 3 entries
Replay: INSERT on test
Rolling back transaction tx-9
Rollback: INSERT on test
Replaying transaction tx-10 with 3 entries
Replay: INSERT on test
Rolling back transaction tx-11
Rollback: INSERT on test
Replaying transaction tx-12 with 3 entries
Replay: INSERT on test
Rolling back transaction tx-13
Rollback: INSERT on test
Replaying transaction tx-14 with 3 entries
Replay: INSERT on test
Rolling back transaction tx-15
Rollback: INSERT on test
Replaying transaction tx-16 with 3 entries
Replay: INSERT on test
Rolling back transaction tx-17
Rollback: INSERT on test
Replaying transaction tx-18 with 3 entries
Replay: INSERT on test
Rolling back transaction tx-19
Rollback: INSERT on test
Replaying transaction tx-20 with 3 entries
Replay: INSERT on test
Rolling back transaction tx-21
Rollback: INSERT on test
Replaying transaction tx-22 with 3 entries
Replay: INSERT on test
Rolling back transaction tx-23
Rollback: INSERT on test
Replaying transaction tx-24 with 3 entries
Replay: INSERT on test
Rolling back transaction tx-25
Rollback: INSERT on test
Replaying transaction tx-26 with 3 entries
Replay: INSERT on test
Rolling back transaction tx-27
Rollback: INSERT on test
Replaying transaction tx-28 with 3 entries
Replay: INSERT on test
Rolling back transaction tx-29
Rollback: INSERT on test
Replaying transaction tx-30 with 3 entries
Replay: INSERT on test
Rolling back transaction tx-31
Rollback: INSERT on test
Replaying transaction tx-32 with 3 entries
Replay: INSERT on test
Rolling back transaction tx-33
Rollback: INSERT on test
Replaying transaction tx-34 with 3 entries
Replay: INSERT on test
Rolling back transaction tx-35
Rollback: INSERT on test
Replaying transaction tx-36 with 3 entries
Replay: INSERT on test
Rolling back transaction tx-37
Rollback: INSERT on test
Replaying transaction tx-38 with 3 entries
Replay: INSERT on test
Rolling back transaction tx-39
Rollback: INSERT on test
Replaying transaction tx-40 with 3 entries
Replay: INSERT on test
Rolling back transaction tx-41
Rollback: INSERT on test
Replaying transaction tx-42 with 3 entries
Replay: INSERT on test
Rolling back transaction tx-43
Rollback: INSERT on test
Replaying transaction tx-44 with 3 entries
Replay: INSERT on test
Rolling back transaction tx-45
Rollback: INSERT on test
Replaying transaction tx-46 with 3 entries
Replay: INSERT on test
Rolling back transaction tx-47
Rollback: INSERT on test
Replaying transaction tx-48 with 3 entries
Replay: INSERT on test
Rolling back transaction tx-49
Rollback: INSERT on test
Replaying transaction tx-50 with 3 entries
Replay: INSERT on test
Rolling back transaction tx-51
Rollback: INSERT on test
Replaying transaction tx-52 with 3 entries
Replay: INSERT on test
Rolling back transaction tx-53
Rollback: INSERT on test
Replaying transaction tx-54 with 3 entries
Replay: INSERT on test
Rolling back transaction tx-55
Rollback: INSERT on test
Replaying transaction tx-56 with 3 entries
Replay: INSERT on test
Rolling back transaction tx-57
Rollback: INSERT on test
Replaying transaction tx-58 with 3 entries
Replay: INSERT on test
Rolling back transaction tx-59
Rollback: INSERT on test
Replaying transaction tx-60 with 3 entries
Replay: INSERT on test
Rolling back transaction tx-61
Rollback: INSERT on test
Replaying transaction tx-62 with 3 entries
Replay: INSERT on test
Rolling back transaction tx-63
Rollback: INSERT on test
Replaying transaction tx-64 with 3 entries
Replay: INSERT on test
Rolling back transaction tx-65
Rollback: INSERT on test
Replaying transaction tx-66 with 3 entries
Replay: INSERT on test
Rolling back transaction tx-67
Rollback: INSERT on test
Replaying transaction tx-68 with 3 entries
Replay: INSERT on test
Rolling back transaction tx-69
Rollback: INSERT on test
Replaying transaction tx-70 with 3 entries
Replay: INSERT on test
Rolling back transaction tx-71
Rollback: INSERT on test
Replaying transaction tx-72 with 3 entries
Replay: INSERT on test
Rolling back transaction tx-73
Rollback: INSERT on test
Replaying transaction tx-74 with 3 entries
Replay: INSERT on test
Rolling back transaction tx-75
Rollback: INSERT on test
Replaying transaction tx-76 with 3 entries
Replay: INSERT on test
Rolling back transaction tx-77
Rollback: INSERT on test
Replaying transaction tx-78 with 3 entries
Replay: INSERT on test
Rolling back transaction tx-79
Rollback: INSERT on test
Replaying transaction tx-80 with 3 entries
Replay: INSERT on test
Rolling back transaction tx-81
Rollback: INSERT on test
Replaying transaction tx-82 with 3 entries
Replay: INSERT on test
Rolling back transaction tx-83
Rollback: INSERT on test
Replaying transaction tx-84 with 3 entries
Replay: INSERT on test
Rolling back transaction tx-85
Rollback: INSERT on test
Replaying transaction tx-86 with 3 entries
Replay: INSERT on test
Rolling back transaction tx-87
Rollback: INSERT on test
Replaying transaction tx-88 with 3 entries
Replay: INSERT on test
Rolling back transaction tx-89
Rollback: INSERT on test
Replaying transaction tx-90 with 3 entries
Replay: INSERT on test
Rolling back transaction tx-91
Rollback: INSERT on test
Replaying transaction tx-92 with 3 entries
Replay: INSERT on test
Rolling back transaction tx-93
Rollback: INSERT on test
Replaying transaction tx-94 with 3 entries
Replay: INSERT on test
Rolling back transaction tx-95
Rollback: INSERT on test
Replaying transaction tx-96 with 3 entries
Replay: INSERT on test
Rolling back transaction tx-97
Rollback: INSERT on test
Replaying transaction tx-98 with 3 entries
Replay: INSERT on test
Rolling back transaction tx-99
Rollback: INSERT on test
WAL recovery completed: 50 recovered, 50 rolled back
Starting WAL recovery...
Replaying transaction tx-0 with 3 entries
Replay: INSERT on test
Rolling back transaction tx-1
Rollback: INSERT on test
Replaying transaction tx-2 with 3 entries
Replay: INSERT on test
Rolling back transaction tx-3
Rollback: INSERT on test
Replaying transaction tx-4 with 3 entries
Replay: INSERT on test
Rolling back transaction tx-5
Rollback: INSERT on test
Replaying transaction tx-6 with 3 entries
Replay: INSERT on test
Rolling back transaction tx-7
Rollback: INSERT on test
Replaying transaction tx-8 with 3 entries
Replay: INSERT on test
Rolling back transaction tx-9
Rollback: INSERT on test
Replaying transaction tx-10 with 3 entries
Replay: INSERT on test
Rolling back transaction tx-11
Rollback: INSERT on test
Replaying transaction tx-12 with 3 entries
Replay: INSERT on test
Rolling back transaction tx-13
Rollback: INSERT on test
Replaying transaction tx-14 with 3 entries
Replay: INSERT on test
Rolling back transaction tx-15
Rollback: INSERT on test
Replaying transaction tx-16 with 3 entries
Replay: INSERT on test
Rolling back transaction tx-17
Rollback: INSERT on test
Replaying transaction tx-18 with 3 entries
Replay: INSERT on test
Rolling back transaction tx-19
Rollback: INSERT on test
Replaying transaction tx-20 with 3 entries
Replay: INSERT on test
Rolling back transaction tx-21
Rollback: INSERT on test
Replaying transaction tx-22 with 3 entries
Replay: INSERT on test
Rolling back transaction tx-23
Rollback: INSERT on test
Replaying transaction tx-24 with 3 entries
Replay: INSERT on test
Rolling back transaction tx-25
Rollback: INSERT on test
Replaying transaction tx-26 with 3 entries
Replay: INSERT on test
Rolling back transaction tx-27
Rollback: INSERT on test
Replaying transaction tx-28 with 3 entries
Replay: INSERT on test
Rolling back transaction tx-29
Rollback: INSERT on test
Replaying transaction tx-30 with 3 entries
Replay: INSERT on test
Rolling back transaction tx-31
Rollback: INSERT on test
Replaying transaction tx-32 with 3 entries
Replay: INSERT on test
Rolling back transaction tx-33
Rollback: INSERT on test
Replaying transaction tx-34 with 3 entries
Replay: INSERT on test
Rolling back transaction tx-35
Rollback: INSERT on test
Replaying transaction tx-36 with 3 entries
Replay: INSERT on test
Rolling back transaction tx-37
Rollback: INSERT on test
Replaying transaction tx-38 with 3 entries
Replay: INSERT on test
Rolling back transaction tx-39
Rollback: INSERT on test
Replaying transaction tx-40 with 3 entries
Replay: INSERT on test
Rolling back transaction tx-41
Rollback: INSERT on test
Replaying transaction tx-42 with 3 entries
Replay: INSERT on test
Rolling back transaction tx-43
Rollback: INSERT on test
Replaying transaction tx-44 with 3 entries
Replay: INSERT on test
Rolling back transaction tx-45
Rollback: INSERT on test
Replaying transaction tx-46 with 3 entries
Replay: INSERT on test
Rolling back transaction tx-47
Rollback: INSERT on test
Replaying transaction tx-48 with 3 entries
Replay: INSERT on test
Rolling back transaction tx-49
Rollback: INSERT on test
Replaying transaction tx-50 with 3 entries
Replay: INSERT on test
Rolling back transaction tx-51
Rollback: INSERT on test
Replaying transaction tx-52 with 3 entries
Replay: INSERT on test
Rolling back transaction tx-53
Rollback: INSERT on test
Replaying transaction tx-54 with 3 entries
Replay: INSERT on test
Rolling back transaction tx-55
Rollback: INSERT on test
Replaying transaction tx-56 with 3 entries
Replay: INSERT on test
Rolling back transaction tx-57
Rollback: INSERT on test
Replaying transaction tx-58 with 3 entries
Replay: INSERT on test
Rolling back transaction tx-59
Rollback: INSERT on test
Replaying transaction tx-60 with 3 entries
Replay: INSERT on test
Rolling back transaction tx-61
Rollback: INSERT on test
Replaying transaction tx-62 with 3 entries
Replay: INSERT on test
Rolling back transaction tx-63
Rollback: INSERT on test
Replaying transaction tx-64 with 3 entries
Replay: INSERT on test
Rolling back transaction tx-65
Rollback: INSERT on test
Replaying transaction tx-66 with 3 entries
Replay: INSERT on test
Rolling back transaction tx-67
Rollback: INSERT on test
Replaying transaction tx-68 with 3 entries
Replay: INSERT on test
Rolling back transaction tx-69
Rollback: INSERT on test
Replaying transaction tx-70 with 3 entries
Replay: INSERT on test
Rolling back transaction tx-71
Rollback: INSERT on test
Replaying transaction tx-72 with 3 entries
Replay: INSERT on test
Rolling back transaction tx-73
Rollback: INSERT on test
Replaying transaction tx-74 with 3 entries
Replay: INSERT on test
Rolling back transaction tx-75
Rollback: INSERT on test
Replaying transaction tx-76 with 3 entries
Replay: INSERT on test
Rolling back transaction tx-77
Rollback: INSERT on test
Replaying transaction tx-78 with 3 entries
Replay: INSERT on test
Rolling back transaction tx-79
Rollback: INSERT on test
Replaying transaction tx-80 with 3 entries
Replay: INSERT on test
Rolling back transaction tx-81
Rollback: INSERT on test
Replaying transaction tx-82 with 3 entries
Replay: INSERT on test
Rolling back transaction tx-83
Rollback: INSERT on test
Replaying transaction tx-84 with 3 entries
Replay: INSERT on test
Rolling back transaction tx-85
Rollback: INSERT on test
Replaying transaction tx-86 with 3 entries
Replay: INSERT on test
Rolling back transaction tx-87
Rollback: INSERT on test
Replaying transaction tx-88 with 3 entries
Replay: INSERT on test
Rolling back transaction tx-89
Rollback: INSERT on test
Replaying transaction tx-90 with 3 entries
Replay: INSERT on test
Rolling back transaction tx-91
Rollback: INSERT on test
Replaying transaction tx-92 with 3 entries
Replay: INSERT on test
Rolling back transaction tx-93
Rollback: INSERT on test
Replaying transaction tx-94 with 3 entries
Replay: INSERT on test
Rolling back transaction tx-95
Rollback: INSERT on test
Replaying transaction tx-96 with 3 entries
Replay: INSERT on test
Rolling back transaction tx-97
Rollback: INSERT on test
Replaying transaction tx-98 with 3 entries
Replay: INSERT on test
Rolling back transaction tx-99
Rollback: INSERT on test
WAL recovery completed: 50 recovered, 50 rolled back
Starting WAL recovery...
Replaying transaction tx-0 with 3 entries
Replay: INSERT on test
Rolling back transaction tx-1
Rollback: INSERT on test
Replaying transaction tx-2 with 3 entries
Replay: INSERT on test
Rolling back transaction tx-3
Rollback: INSERT on test
Replaying transaction tx-4 with 3 entries
Replay: INSERT on test
Rolling back transaction tx-5
Rollback: INSERT on test
Replaying transaction tx-6 with 3 entries
Replay: INSERT on test
Rolling back transaction tx-7
Rollback: INSERT on test
Replaying transaction tx-8 with 3 entries
Replay: INSERT on test
Rolling back transaction tx-9
Rollback: INSERT on test
Replaying transaction tx-10 with 3 entries
Replay: INSERT on test
Rolling back transaction tx-11
Rollback: INSERT on test
Replaying transaction tx-12 with 3 entries
Replay: INSERT on test
Rolling back transaction tx-13
Rollback: INSERT on test
Replaying transaction tx-14 with 3 entries
Replay: INSERT on test
Rolling back transaction tx-15
Rollback: INSERT on test
Replaying transaction tx-16 with 3 entries
Replay: INSERT on test
Rolling back transaction tx-17
Rollback: INSERT on test
Replaying transaction tx-18 with 3 entries
Replay: INSERT on test
Rolling back transaction tx-19
Rollback: INSERT on test
Replaying transaction tx-20 with 3 entries
Replay: INSERT on test
Rolling back transaction tx-21
Rollback: INSERT on test
Replaying transaction tx-22 with 3 entries
Replay: INSERT on test
Rolling back transaction tx-23
Rollback: INSERT on test
Replaying transaction tx-24 with 3 entries
Replay: INSERT on test
Rolling back transaction tx-25
Rollback: INSERT on test
Replaying transaction tx-26 with 3 entries
Replay: INSERT on test
Rolling back transaction tx-27
Rollback: INSERT on test
Replaying transaction tx-28 with 3 entries
Replay: INSERT on test
Rolling back transaction tx-29
Rollback: INSERT on test
Replaying transaction tx-30 with 3 entries
Replay: INSERT on test
Rolling back transaction tx-31
Rollback: INSERT on test
Replaying transaction tx-32 with 3 entries
Replay: INSERT on test
Rolling back transaction tx-33
Rollback: INSERT on test
Replaying transaction tx-34 with 3 entries
Replay: INSERT on test
Rolling back transaction tx-35
Rollback: INSERT on test
Replaying transaction tx-36 with 3 entries
Replay: INSERT on test
Rolling back transaction tx-37
Rollback: INSERT on test
Replaying transaction tx-38 with 3 entries
Replay: INSERT on test
Rolling back transaction tx-39
Rollback: INSERT on test
Replaying transaction tx-40 with 3 entries
Replay: INSERT on test
Rolling back transaction tx-41
Rollback: INSERT on test
Replaying transaction tx-42 with 3 entries
Replay: INSERT on test
Rolling back transaction tx-43
Rollback: INSERT on test
Replaying transaction tx-44 with 3 entries
Replay: INSERT on test
Rolling back transaction tx-45
Rollback: INSERT on test
Replaying transaction tx-46 with 3 entries
Replay: INSERT on test
Rolling back transaction tx-47
Rollback: INSERT on test
Replaying transaction tx-48 with 3 entries
Replay: INSERT on test
Rolling back transaction tx-49
Rollback: INSERT on test
Replaying transaction tx-50 with 3 entries
Replay: INSERT on test
Rolling back transaction tx-51
Rollback: INSERT on test
Replaying transaction tx-52 with 3 entries
Replay: INSERT on test
Rolling back transaction tx-53
Rollback: INSERT on test
Replaying transaction tx-54 with 3 entries
Replay: INSERT on test
Rolling back transaction tx-55
Rollback: INSERT on test
Replaying transaction tx-56 with 3 entries
Replay: INSERT on test
Rolling back transaction tx-57
Rollback: INSERT on test
Replaying transaction tx-58 with 3 entries
Replay: INSERT on test
Rolling back transaction tx-59
Rollback: INSERT on test
Replaying transaction tx-60 with 3 entries
Replay: INSERT on test
Rolling back transaction tx-61
Rollback: INSERT on test
Replaying transaction tx-62 with 3 entries
Replay: INSERT on test
Rolling back transaction tx-63
Rollback: INSERT on test
Replaying transaction tx-64 with 3 entries
Replay: INSERT on test
Rolling back transaction tx-65
Rollback: INSERT on test
Replaying transaction tx-66 with 3 entries
Replay: INSERT on test
Rolling back transaction tx-67
Rollback: INSERT on test
Replaying transaction tx-68 with 3 entries
Replay: INSERT on test
Rolling back transaction tx-69
Rollback: INSERT on test
Replaying transaction tx-70 with 3 entries
Replay: INSERT on test
Rolling back transaction tx-71
Rollback: INSERT on test
Replaying transaction tx-72 with 3 entries
Replay: INSERT on test
Rolling back transaction tx-73
Rollback: INSERT on test
Replaying transaction tx-74 with 3 entries
Replay: INSERT on test
Rolling back transaction tx-75
Rollback: INSERT on test
Replaying transaction tx-76 with 3 entries
Replay: INSERT on test
Rolling back transaction tx-77
Rollback: INSERT on test
Replaying transaction tx-78 with 3 entries
Replay: INSERT on test
Rolling back transaction tx-79
Rollback: INSERT on test
Replaying transaction tx-80 with 3 entries
Replay: INSERT on test
Rolling back transaction tx-81
Rollback: INSERT on test
Replaying transaction tx-82 with 3 entries
Replay: INSERT on test
Rolling back transaction tx-83
Rollback: INSERT on test
Replaying transaction tx-84 with 3 entries
Replay: INSERT on test
Rolling back transaction tx-85
Rollback: INSERT on test
Replaying transaction tx-86 with 3 entries
Replay: INSERT on test
Rolling back transaction tx-87
Rollback: INSERT on test
Replaying transaction tx-88 with 3 entries
Replay: INSERT on test
Rolling back transaction tx-89
Rollback: INSERT on test
Replaying transaction tx-90 with 3 entries
Replay: INSERT on test
Rolling back transaction tx-91
Rollback: INSERT on test
Replaying transaction tx-92 with 3 entries
Replay: INSERT on test
Rolling back transaction tx-93
Rollback: INSERT on test
Replaying transaction tx-94 with 3 entries
Replay: INSERT on test
Rolling back transaction tx-95
Rollback: INSERT on test
Replaying transaction tx-96 with 3 entries
Replay: INSERT on test
Rolling back transaction tx-97
Rollback: INSERT on test
Replaying transaction tx-98 with 3 entries
Replay: INSERT on test
Rolling back transaction tx-99
Rollback: INSERT on test
WAL recovery completed: 50 recovered, 50 rolled back
Starting WAL recovery...
Replaying transaction tx-0 with 3 entries
Replay: INSERT on test
Rolling back transaction tx-1
Rollback: INSERT on test
Replaying transaction tx-2 with 3 entries
Replay: INSERT on test
Rolling back transaction tx-3
Rollback: INSERT on test
Replaying transaction tx-4 with 3 entries
Replay: INSERT on test
Rolling back transaction tx-5
Rollback: INSERT on test
Replaying transaction tx-6 with 3 entries
Replay: INSERT on test
Rolling back transaction tx-7
Rollback: INSERT on test
Replaying transaction tx-8 with 3 entries
Replay: INSERT on test
Rolling back transaction tx-9
Rollback: INSERT on test
Replaying transaction tx-10 with 3 entries
Replay: INSERT on test
Rolling back transaction tx-11
Rollback: INSERT on test
Replaying transaction tx-12 with 3 entries
Replay: INSERT on test
Rolling back transaction tx-13
Rollback: INSERT on test
Replaying transaction tx-14 with 3 entries
Replay: INSERT on test
Rolling back transaction tx-15
Rollback: INSERT on test
Replaying transaction tx-16 with 3 entries
Replay: INSERT on test
Rolling back transaction tx-17
Rollback: INSERT on test
Replaying transaction tx-18 with 3 entries
Replay: INSERT on test
Rolling back transaction tx-19
Rollback: INSERT on test
Replaying transaction tx-20 with 3 entries
Replay: INSERT on test
Rolling back transaction tx-21
Rollback: INSERT on test
Replaying transaction tx-22 with 3 entries
Replay: INSERT on test
Rolling back transaction tx-23
Rollback: INSERT on test
Replaying transaction tx-24 with 3 entries
Replay: INSERT on test
Rolling back transaction tx-25
Rollback: INSERT on test
Replaying transaction tx-26 with 3 entries
Replay: INSERT on test
Rolling back transaction tx-27
Rollback: INSERT on test
Replaying transaction tx-28 with 3 entries
Replay: INSERT on test
Rolling back transaction tx-29
Rollback: INSERT on test
Replaying transaction tx-30 with 3 entries
Replay: INSERT on test
Rolling back transaction tx-31
Rollback: INSERT on test
Replaying transaction tx-32 with 3 entries
Replay: INSERT on test
Rolling back transaction tx-33
Rollback: INSERT on test
Replaying transaction tx-34 with 3 entries
Replay: INSERT on test
Rolling back transaction tx-35
Rollback: INSERT on test
Replaying transaction tx-36 with 3 entries
Replay: INSERT on test
Rolling back transaction tx-37
Rollback: INSERT on test
Replaying transaction tx-38 with 3 entries
Replay: INSERT on test
Rolling back transaction tx-39
Rollback: INSERT on test
Replaying transaction tx-40 with 3 entries
Replay: INSERT on test
Rolling back transaction tx-41
Rollback: INSERT on test
Replaying transaction tx-42 with 3 entries
Replay: INSERT on test
Rolling back transaction tx-43
Rollback: INSERT on test
Replaying transaction tx-44 with 3 entries
Replay: INSERT on test
Rolling back transaction tx-45
Rollback: INSERT on test
Replaying transaction tx-46 with 3 entries
Replay: INSERT on test
Rolling back transaction tx-47
Rollback: INSERT on test
Replaying transaction tx-48 with 3 entries
Replay: INSERT on test
Rolling back transaction tx-49
Rollback: INSERT on test
Replaying transaction tx-50 with 3 entries
Replay: INSERT on test
Rolling back transaction tx-51
Rollback: INSERT on test
Replaying transaction tx-52 with 3 entries
Replay: INSERT on test
Rolling back transaction tx-53
Rollback: INSERT on test
Replaying transaction tx-54 with 3 entries
Replay: INSERT on test
Rolling back transaction tx-55
Rollback: INSERT on test
Replaying transaction tx-56 with 3 entries
Replay: INSERT on test
Rolling back transaction tx-57
Rollback: INSERT on test
Replaying transaction tx-58 with 3 entries
Replay: INSERT on test
Rolling back transaction tx-59
Rollback: INSERT on test
Replaying transaction tx-60 with 3 entries
Replay: INSERT on test
Rolling back transaction tx-61
Rollback: INSERT on test
Replaying transaction tx-62 with 3 entries
Replay: INSERT on test
Rolling back transaction tx-63
Rollback: INSERT on test
Replaying transaction tx-64 with 3 entries
Replay: INSERT on test
Rolling back transaction tx-65
Rollback: INSERT on test
Replaying transaction tx-66 with 3 entries
Replay: INSERT on test
Rolling back transaction tx-67
Rollback: INSERT on test
Replaying transaction tx-68 with 3 entries
Replay: INSERT on test
Rolling back transaction tx-69
Rollback: INSERT on test
Replaying transaction tx-70 with 3 entries
Replay: INSERT on test
Rolling back transaction tx-71
Rollback: INSERT on test
Replaying transaction tx-72 with 3 entries
Replay: INSERT on test
Rolling back transaction tx-73
Rollback: INSERT on test
Replaying transaction tx-74 with 3 entries
Replay: INSERT on test
Rolling back transaction tx-75
Rollback: INSERT on test
Replaying transaction tx-76 with 3 entries
Replay: INSERT on test
Rolling back transaction tx-77
Rollback: INSERT on test
Replaying transaction tx-78 with 3 entries
Replay: INSERT on test
Rolling back transaction tx-79
Rollback: INSERT on test
Replaying transaction tx-80 with 3 entries
Replay: INSERT on test
Rolling back transaction tx-81
Rollback: INSERT on test
Replaying transaction tx-82 with 3 entries
Replay: INSERT on test
Rolling back transaction tx-83
Rollback: INSERT on test
Replaying transaction tx-84 with 3 entries
Replay: INSERT on test
Rolling back transaction tx-85
Rollback: INSERT on test
Replaying transaction tx-86 with 3 entries
Replay: INSERT on test
Rolling back transaction tx-87
Rollback: INSERT on test
Replaying transaction tx-88 with 3 entries
Replay: INSERT on test
Rolling back transaction tx-89
Rollback: INSERT on test
Replaying transaction tx-90 with 3 entries
Replay: INSERT on test
Rolling back transaction tx-91
Rollback: INSERT on test
Replaying transaction tx-92 with 3 entries
Replay: INSERT on test
Rolling back transaction tx-93
Rollback: INSERT on test
Replaying transaction tx-94 with 3 entries
Replay: INSERT on test
Rolling back transaction tx-95
Rollback: INSERT on test
Replaying transaction tx-96 with 3 entries
Replay: INSERT on test
Rolling back transaction tx-97
Rollback: INSERT on test
Replaying transaction tx-98 with 3 entries
Replay: INSERT on test
Rolling back transaction tx-99
Rollback: INSERT on test
WAL recovery completed: 50 recovered, 50 rolled back
Starting WAL recovery...
Replaying transaction tx-0 with 3 entries
Replay: INSERT on test
Rolling back transaction tx-1
Rollback: INSERT on test
Replaying transaction tx-2 with 3 entries
Replay: INSERT on test
Rolling back transaction tx-3
Rollback: INSERT on test
Replaying transaction tx-4 with 3 entries
Replay: INSERT on test
Rolling back transaction tx-5
Rollback: INSERT on test
Replaying transaction tx-6 with 3 entries
Replay: INSERT on test
Rolling back transaction tx-7
Rollback: INSERT on test
Replaying transaction tx-8 with 3 entries
Replay: INSERT on test
Rolling back transaction tx-9
Rollback: INSERT on test
Replaying transaction tx-10 with 3 entries
Replay: INSERT on test
Rolling back transaction tx-11
Rollback: INSERT on test
Replaying transaction tx-12 with 3 entries
Replay: INSERT on test
Rolling back transaction tx-13
Rollback: INSERT on test
Replaying transaction tx-14 with 3 entries
Replay: INSERT on test
Rolling back transaction tx-15
Rollback: INSERT on test
Replaying transaction tx-16 with 3 entries
Replay: INSERT on test
Rolling back transaction tx-17
Rollback: INSERT on test
Replaying transaction tx-18 with 3 entries
Replay: INSERT on test
Rolling back transaction tx-19
Rollback: INSERT on test
Replaying transaction tx-20 with 3 entries
Replay: INSERT on test
Rolling back transaction tx-21
Rollback: INSERT on test
Replaying transaction tx-22 with 3 entries
Replay: INSERT on test
Rolling back transaction tx-23
Rollback: INSERT on test
Replaying transaction tx-24 with 3 entries
Replay: INSERT on test
Rolling back transaction tx-25
Rollback: INSERT on test
Replaying transaction tx-26 with 3 entries
Replay: INSERT on test
Rolling back transaction tx-27
Rollback: INSERT on test
Replaying transaction tx-28 with 3 entries
Replay: INSERT on test
Rolling back transaction tx-29
Rollback: INSERT on test
Replaying transaction tx-30 with 3 entries
Replay: INSERT on test
Rolling back transaction tx-31
Rollback: INSERT on test
Replaying transaction tx-32 with 3 entries
Replay: INSERT on test
Rolling back transaction tx-33
Rollback: INSERT on test
Replaying transaction tx-34 with 3 entries
Replay: INSERT on test
Rolling back transaction tx-35
Rollback: INSERT on test
Replaying transaction tx-36 with 3 entries
Replay: INSERT on test
Rolling back transaction tx-37
Rollback: INSERT on test
Replaying transaction tx-38 with 3 entries
Replay: INSERT on test
Rolling back transaction tx-39
Rollback: INSERT on test
Replaying transaction tx-40 with 3 entries
Replay: INSERT on test
Rolling back transaction tx-41
Rollback: INSERT on test
Replaying transaction tx-42 with 3 entries
Replay: INSERT on test
Rolling back transaction tx-43
Rollback: INSERT on test
Replaying transaction tx-44 with 3 entries
Replay: INSERT on test
Rolling back transaction tx-45
Rollback: INSERT on test
Replaying transaction tx-46 with 3 entries
Replay: INSERT on test
Rolling back transaction tx-47
Rollback: INSERT on test
Replaying transaction tx-48 with 3 entries
Replay: INSERT on test
Rolling back transaction tx-49
Rollback: INSERT on test
Replaying transaction tx-50 with 3 entries
Replay: INSERT on test
Rolling back transaction tx-51
Rollback: INSERT on test
Replaying transaction tx-52 with 3 entries
Replay: INSERT on test
Rolling back transaction tx-53
Rollback: INSERT on test
Replaying transaction tx-54 with 3 entries
Replay: INSERT on test
Rolling back transaction tx-55
Rollback: INSERT on test
Replaying transaction tx-56 with 3 entries
Replay: INSERT on test
Rolling back transaction tx-57
Rollback: INSERT on test
Replaying transaction tx-58 with 3 entries
Replay: INSERT on test
Rolling back transaction tx-59
Rollback: INSERT on test
Replaying transaction tx-60 with 3 entries
Replay: INSERT on test
Rolling back transaction tx-61
Rollback: INSERT on test
Replaying transaction tx-62 with 3 entries
Replay: INSERT on test
Rolling back transaction tx-63
Rollback: INSERT on test
Replaying transaction tx-64 with 3 entries
Replay: INSERT on test
Rolling back transaction tx-65
Rollback: INSERT on test
Replaying transaction tx-66 with 3 entries
Replay: INSERT on test
Rolling back transaction tx-67
Rollback: INSERT on test
Replaying transaction tx-68 with 3 entries
Replay: INSERT on test
Rolling back transaction tx-69
Rollback: INSERT on test
Replaying transaction tx-70 with 3 entries
Replay: INSERT on test
Rolling back transaction tx-71
Rollback: INSERT on test
Replaying transaction tx-72 with 3 entries
Replay: INSERT on test
Rolling back transaction tx-73
Rollback: INSERT on test
Replaying transaction tx-74 with 3 entries
Replay: INSERT on test
Rolling back transaction tx-75
Rollback: INSERT on test
Replaying transaction tx-76 with 3 entries
Replay: INSERT on test
Rolling back transaction tx-77
Rollback: INSERT on test
Replaying transaction tx-78 with 3 entries
Replay: INSERT on test
Rolling back transaction tx-79
Rollback: INSERT on test
Replaying transaction tx-80 with 3 entries
Replay: INSERT on test
Rolling back transaction tx-81
Rollback: INSERT on test
Replaying transaction tx-82 with 3 entries
Replay: INSERT on test
Rolling back transaction tx-83
Rollback: INSERT on test
Replaying transaction tx-84 with 3 entries
Replay: INSERT on test
Rolling back transaction tx-85
Rollback: INSERT on test
Replaying transaction tx-86 with 3 entries
Replay: INSERT on test
Rolling back transaction tx-87
Rollback: INSERT on test
Replaying transaction tx-88 with 3 entries
Replay: INSERT on test
Rolling back transaction tx-89
Rollback: INSERT on test
Replaying transaction tx-90 with 3 entries
Replay: INSERT on test
Rolling back transaction tx-91
Rollback: INSERT on test
Replaying transaction tx-92 with 3 entries
Replay: INSERT on test
Rolling back transaction tx-93
Rollback: INSERT on test
Replaying transaction tx-94 with 3 entries
Replay: INSERT on test
Rolling back transaction tx-95
Rollback: INSERT on test
Replaying transaction tx-96 with 3 entries
Replay: INSERT on test
Rolling back transaction tx-97
Rollback: INSERT on test
Replaying transaction tx-98 with 3 entries
Replay: INSERT on test
Rolling back transaction tx-99
Rollback: INSERT on test
WAL recovery completed: 50 recovered, 50 rolled back
Starting WAL recovery...
Replaying transaction tx-0 with 3 entries
Replay: INSERT on test
Rolling back transaction tx-1
Rollback: INSERT on test
Replaying transaction tx-2 with 3 entries
Replay: INSERT on test
Rolling back transaction tx-3
Rollback: INSERT on test
Replaying transaction tx-4 with 3 entries
Replay: INSERT on test
Rolling back transaction tx-5
Rollback: INSERT on test
Replaying transaction tx-6 with 3 entries
Replay: INSERT on test
Rolling back transaction tx-7
Rollback: INSERT on test
Replaying transaction tx-8 with 3 entries
Replay: INSERT on test
Rolling back transaction tx-9
Rollback: INSERT on test
Replaying transaction tx-10 with 3 entries
Replay: INSERT on test
Rolling back transaction tx-11
Rollback: INSERT on test
Replaying transaction tx-12 with 3 entries
Replay: INSERT on test
Rolling back transaction tx-13
Rollback: INSERT on test
Replaying transaction tx-14 with 3 entries
Replay: INSERT on test
Rolling back transaction tx-15
Rollback: INSERT on test
Replaying transaction tx-16 with 3 entries
Replay: INSERT on test
Rolling back transaction tx-17
Rollback: INSERT on test
Replaying transaction tx-18 with 3 entries
Replay: INSERT on test
Rolling back transaction tx-19
Rollback: INSERT on test
Replaying transaction tx-20 with 3 entries
Replay: INSERT on test
Rolling back transaction tx-21
Rollback: INSERT on test
Replaying transaction tx-22 with 3 entries
Replay: INSERT on test
Rolling back transaction tx-23
Rollback: INSERT on test
Replaying transaction tx-24 with 3 entries
Replay: INSERT on test
Rolling back transaction tx-25
Rollback: INSERT on test
Replaying transaction tx-26 with 3 entries
Replay: INSERT on test
Rolling back transaction tx-27
Rollback: INSERT on test
Replaying transaction tx-28 with 3 entries
Replay: INSERT on test
Rolling back transaction tx-29
Rollback: INSERT on test
Replaying transaction tx-30 with 3 entries
Replay: INSERT on test
Rolling back transaction tx-31
Rollback: INSERT on test
Replaying transaction tx-32 with 3 entries
Replay: INSERT on test
Rolling back transaction tx-33
Rollback: INSERT on test
Replaying transaction tx-34 with 3 entries
Replay: INSERT on test
Rolling back transaction tx-35
Rollback: INSERT on test
Replaying transaction tx-36 with 3 entries
Replay: INSERT on test
Rolling back transaction tx-37
Rollback: INSERT on test
Replaying transaction tx-38 with 3 entries
Replay: INSERT on test
Rolling back transaction tx-39
Rollback: INSERT on test
Replaying transaction tx-40 with 3 entries
Replay: INSERT on test
Rolling back transaction tx-41
Rollback: INSERT on test
Replaying transaction tx-42 with 3 entries
Replay: INSERT on test
Rolling back transaction tx-43
Rollback: INSERT on test
Replaying transaction tx-44 with 3 entries
Replay: INSERT on test
Rolling back transaction tx-45
Rollback: INSERT on test
Replaying transaction tx-46 with 3 entries
Replay: INSERT on test
Rolling back transaction tx-47
Rollback: INSERT on test
Replaying transaction tx-48 with 3 entries
Replay: INSERT on test
Rolling back transaction tx-49
Rollback: INSERT on test
Replaying transaction tx-50 with 3 entries
Replay: INSERT on test
Rolling back transaction tx-51
Rollback: INSERT on test
Replaying transaction tx-52 with 3 entries
Replay: INSERT on test
Rolling back transaction tx-53
Rollback: INSERT on test
Replaying transaction tx-54 with 3 entries
Replay: INSERT on test
Rolling back transaction tx-55
Rollback: INSERT on test
Replaying transaction tx-56 with 3 entries
Replay: INSERT on test
Rolling back transaction tx-57
Rollback: INSERT on test
Replaying transaction tx-58 with 3 entries
Replay: INSERT on test
Rolling back transaction tx-59
Rollback: INSERT on test
Replaying transaction tx-60 with 3 entries
Replay: INSERT on test
Rolling back transaction tx-61
Rollback: INSERT on test
Replaying transaction tx-62 with 3 entries
Replay: INSERT on test
Rolling back transaction tx-63
Rollback: INSERT on test
Replaying transaction tx-64 with 3 entries
Replay: INSERT on test
Rolling back transaction tx-65
Rollback: INSERT on test
Replaying transaction tx-66 with 3 entries
Replay: INSERT on test
Rolling back transaction tx-67
Rollback: INSERT on test
Replaying transaction tx-68 with 3 entries
Replay: INSERT on test
Rolling back transaction tx-69
Rollback: INSERT on test
Replaying transaction tx-70 with 3 entries
Replay: INSERT on test
Rolling back transaction tx-71
Rollback: INSERT on test
Replaying transaction tx-72 with 3 entries
Replay: INSERT on test
Rolling back transaction tx-73
Rollback: INSERT on test
Replaying transaction tx-74 with 3 entries
Replay: INSERT on test
Rolling back transaction tx-75
Rollback: INSERT on test
Replaying transaction tx-76 with 3 entries
Replay: INSERT on test
Rolling back transaction tx-77
Rollback: INSERT on test
Replaying transaction tx-78 with 3 entries
Replay: INSERT on test
Rolling back transaction tx-79
Rollback: INSERT on test
Replaying transaction tx-80 with 3 entries
Replay: INSERT on test
Rolling back transaction tx-81
Rollback: INSERT on test
Replaying transaction tx-82 with 3 entries
Replay: INSERT on test
Rolling back transaction tx-83
Rollback: INSERT on test
Replaying transaction tx-84 with 3 entries
Replay: INSERT on test
Rolling back transaction tx-85
Rollback: INSERT on test
Replaying transaction tx-86 with 3 entries
Replay: INSERT on test
Rolling back transaction tx-87
Rollback: INSERT on test
Replaying transaction tx-88 with 3 entries
Replay: INSERT on test
Rolling back transaction tx-89
Rollback: INSERT on test
Replaying transaction tx-90 with 3 entries
Replay: INSERT on test
Rolling back transaction tx-91
Rollback: INSERT on test
Replaying transaction tx-92 with 3 entries
Replay: INSERT on test
Rolling back transaction tx-93
Rollback: INSERT on test
Replaying transaction tx-94 with 3 entries
Replay: INSERT on test
Rolling back transaction tx-95
Rollback: INSERT on test
Replaying transaction tx-96 with 3 entries
Replay: INSERT on test
Rolling back transaction tx-97
Rollback: INSERT on test
Replaying transaction tx-98 with 3 entries
Replay: INSERT on test
Rolling back transaction tx-99
Rollback: INSERT on test
WAL recovery completed: 50 recovered, 50 rolled back
Starting WAL recovery...
Replaying transaction tx-0 with 3 entries
Replay: INSERT on test
Rolling back transaction tx-1
Rollback: INSERT on test
Replaying transaction tx-2 with 3 entries
Replay: INSERT on test
Rolling back transaction tx-3
Rollback: INSERT on test
Replaying transaction tx-4 with 3 entries
Replay: INSERT on test
Rolling back transaction tx-5
Rollback: INSERT on test
Replaying transaction tx-6 with 3 entries
Replay: INSERT on test
Rolling back transaction tx-7
Rollback: INSERT on test
Replaying transaction tx-8 with 3 entries
Replay: INSERT on test
Rolling back transaction tx-9
Rollback: INSERT on test
Replaying transaction tx-10 with 3 entries
Replay: INSERT on test
Rolling back transaction tx-11
Rollback: INSERT on test
Replaying transaction tx-12 with 3 entries
Replay: INSERT on test
Rolling back transaction tx-13
Rollback: INSERT on test
Replaying transaction tx-14 with 3 entries
Replay: INSERT on test
Rolling back transaction tx-15
Rollback: INSERT on test
Replaying transaction tx-16 with 3 entries
Replay: INSERT on test
Rolling back transaction tx-17
Rollback: INSERT on test
Replaying transaction tx-18 with 3 entries
Replay: INSERT on test
Rolling back transaction tx-19
Rollback: INSERT on test
Replaying transaction tx-20 with 3 entries
Replay: INSERT on test
Rolling back transaction tx-21
Rollback: INSERT on test
Replaying transaction tx-22 with 3 entries
Replay: INSERT on test
Rolling back transaction tx-23
Rollback: INSERT on test
Replaying transaction tx-24 with 3 entries
Replay: INSERT on test
Rolling back transaction tx-25
Rollback: INSERT on test
Replaying transaction tx-26 with 3 entries
Replay: INSERT on test
Rolling back transaction tx-27
Rollback: INSERT on test
Replaying transaction tx-28 with 3 entries
Replay: INSERT on test
Rolling back transaction tx-29
Rollback: INSERT on test
Replaying transaction tx-30 with 3 entries
Replay: INSERT on test
Rolling back transaction tx-31
Rollback: INSERT on test
Replaying transaction tx-32 with 3 entries
Replay: INSERT on test
Rolling back transaction tx-33
Rollback: INSERT on test
Replaying transaction tx-34 with 3 entries
Replay: INSERT on test
Rolling back transaction tx-35
Rollback: INSERT on test
Replaying transaction tx-36 with 3 entries
Replay: INSERT on test
Rolling back transaction tx-37
Rollback: INSERT on test
Replaying transaction tx-38 with 3 entries
Replay: INSERT on test
Rolling back transaction tx-39
Rollback: INSERT on test
Replaying transaction tx-40 with 3 entries
Replay: INSERT on test
Rolling back transaction tx-41
Rollback: INSERT on test
Replaying transaction tx-42 with 3 entries
Replay: INSERT on test
Rolling back transaction tx-43
Rollback: INSERT on test
Replaying transaction tx-44 with 3 entries
Replay: INSERT on test
Rolling back transaction tx-45
Rollback: INSERT on test
Replaying transaction tx-46 with 3 entries
Replay: INSERT on test
Rolling back transaction tx-47
Rollback: INSERT on test
Replaying transaction tx-48 with 3 entries
Replay: INSERT on test
Rolling back transaction tx-49
Rollback: INSERT on test
Replaying transaction tx-50 with 3 entries
Replay: INSERT on test
Rolling back transaction tx-51
Rollback: INSERT on test
Replaying transaction tx-52 with 3 entries
Replay: INSERT on test
Rolling back transaction tx-53
Rollback: INSERT on test
Replaying transaction tx-54 with 3 entries
Replay: INSERT on test
Rolling back transaction tx-55
Rollback: INSERT on test
Replaying transaction tx-56 with 3 entries
Replay: INSERT on test
Rolling back transaction tx-57
Rollback: INSERT on test
Replaying transaction tx-58 with 3 entries
Replay: INSERT on test
Rolling back transaction tx-59
Rollback: INSERT on test
Replaying transaction tx-60 with 3 entries
Replay: INSERT on test
Rolling back transaction tx-61
Rollback: INSERT on test
Replaying transaction tx-62 with 3 entries
Replay: INSERT on test
Rolling back transaction tx-63
Rollback: INSERT on test
Replaying transaction tx-64 with 3 entries
Replay: INSERT on test
Rolling back transaction tx-65
Rollback: INSERT on test
Replaying transaction tx-66 with 3 entries
Replay: INSERT on test
Rolling back transaction tx-67
Rollback: INSERT on test
Replaying transaction tx-68 with 3 entries
Replay: INSERT on test
Rolling back transaction tx-69
Rollback: INSERT on test
Replaying transaction tx-70 with 3 entries
Replay: INSERT on test
Rolling back transaction tx-71
Rollback: INSERT on test
Replaying transaction tx-72 with 3 entries
Replay: INSERT on test
Rolling back transaction tx-73
Rollback: INSERT on test
Replaying transaction tx-74 with 3 entries
Replay: INSERT on test
Rolling back transaction tx-75
Rollback: INSERT on test
Replaying transaction tx-76 with 3 entries
Replay: INSERT on test
Rolling back transaction tx-77
Rollback: INSERT on test
Replaying transaction tx-78 with 3 entries
Replay: INSERT on test
Rolling back transaction tx-79
Rollback: INSERT on test
Replaying transaction tx-80 with 3 entries
Replay: INSERT on test
Rolling back transaction tx-81
Rollback: INSERT on test
Replaying transaction tx-82 with 3 entries
Replay: INSERT on test
Rolling back transaction tx-83
Rollback: INSERT on test
Replaying transaction tx-84 with 3 entries
Replay: INSERT on test
Rolling back transaction tx-85
Rollback: INSERT on test
Replaying transaction tx-86 with 3 entries
Replay: INSERT on test
Rolling back transaction tx-87
Rollback: INSERT on test
Replaying transaction tx-88 with 3 entries
Replay: INSERT on test
Rolling back transaction tx-89
Rollback: INSERT on test
Replaying transaction tx-90 with 3 entries
Replay: INSERT on test
Rolling back transaction tx-91
Rollback: INSERT on test
Replaying transaction tx-92 with 3 entries
Replay: INSERT on test
Rolling back transaction tx-93
Rollback: INSERT on test
Replaying transaction tx-94 with 3 entries
Replay: INSERT on test
Rolling back transaction tx-95
Rollback: INSERT on test
Replaying transaction tx-96 with 3 entries
Replay: INSERT on test
Rolling back transaction tx-97
Rollback: INSERT on test
Replaying transaction tx-98 with 3 entries
Replay: INSERT on test
Rolling back transaction tx-99
Rollback: INSERT on test
WAL recovery completed: 50 recovered, 50 rolled back
Starting WAL recovery...
Replaying transaction tx-0 with 3 entries
Replay: INSERT on test
Rolling back transaction tx-1
Rollback: INSERT on test
Replaying transaction tx-2 with 3 entries
Replay: INSERT on test
Rolling back transaction tx-3
Rollback: INSERT on test
Replaying transaction tx-4 with 3 entries
Replay: INSERT on test
Rolling back transaction tx-5
Rollback: INSERT on test
Replaying transaction tx-6 with 3 entries
Replay: INSERT on test
Rolling back transaction tx-7
Rollback: INSERT on test
Replaying transaction tx-8 with 3 entries
Replay: INSERT on test
Rolling back transaction tx-9
Rollback: INSERT on test
Replaying transaction tx-10 with 3 entries
Replay: INSERT on test
Rolling back transaction tx-11
Rollback: INSERT on test
Replaying transaction tx-12 with 3 entries
Replay: INSERT on test
Rolling back transaction tx-13
Rollback: INSERT on test
Replaying transaction tx-14 with 3 entries
Replay: INSERT on test
Rolling back transaction tx-15
Rollback: INSERT on test
Replaying transaction tx-16 with 3 entries
Replay: INSERT on test
Rolling back transaction tx-17
Rollback: INSERT on test
Replaying transaction tx-18 with 3 entries
Replay: INSERT on test
Rolling back transaction tx-19
Rollback: INSERT on test
Replaying transaction tx-20 with 3 entries
Replay: INSERT on test
Rolling back transaction tx-21
Rollback: INSERT on test
Replaying transaction tx-22 with 3 entries
Replay: INSERT on test
Rolling back transaction tx-23
Rollback: INSERT on test
Replaying transaction tx-24 with 3 entries
Replay: INSERT on test
Rolling back transaction tx-25
Rollback: INSERT on test
Replaying transaction tx-26 with 3 entries
Replay: INSERT on test
Rolling back transaction tx-27
Rollback: INSERT on test
Replaying transaction tx-28 with 3 entries
Replay: INSERT on test
Rolling back transaction tx-29
Rollback: INSERT on test
Replaying transaction tx-30 with 3 entries
Replay: INSERT on test
Rolling back transaction tx-31
Rollback: INSERT on test
Replaying transaction tx-32 with 3 entries
Replay: INSERT on test
Rolling back transaction tx-33
Rollback: INSERT on test
Replaying transaction tx-34 with 3 entries
Replay: INSERT on test
Rolling back transaction tx-35
Rollback: INSERT on test
Replaying transaction tx-36 with 3 entries
Replay: INSERT on test
Rolling back transaction tx-37
Rollback: INSERT on test
Replaying transaction tx-38 with 3 entries
Replay: INSERT on test
Rolling back transaction tx-39
Rollback: INSERT on test
Replaying transaction tx-40 with 3 entries
Replay: INSERT on test
Rolling back transaction tx-41
Rollback: INSERT on test
Replaying transaction tx-42 with 3 entries
Replay: INSERT on test
Rolling back transaction tx-43
Rollback: INSERT on test
Replaying transaction tx-44 with 3 entries
Replay: INSERT on test
Rolling back transaction tx-45
Rollback: INSERT on test
Replaying transaction tx-46 with 3 entries
Replay: INSERT on test
Rolling back transaction tx-47
Rollback: INSERT on test
Replaying transaction tx-48 with 3 entries
Replay: INSERT on test
Rolling back transaction tx-49
Rollback: INSERT on test
Replaying transaction tx-50 with 3 entries
Replay: INSERT on test
Rolling back transaction tx-51
Rollback: INSERT on test
Replaying transaction tx-52 with 3 entries
Replay: INSERT on test
Rolling back transaction tx-53
Rollback: INSERT on test
Replaying transaction tx-54 with 3 entries
Replay: INSERT on test
Rolling back transaction tx-55
Rollback: INSERT on test
Replaying transaction tx-56 with 3 entries
Replay: INSERT on test
Rolling back transaction tx-57
Rollback: INSERT on test
Replaying transaction tx-58 with 3 entries
Replay: INSERT on test
Rolling back transaction tx-59
Rollback: INSERT on test
Replaying transaction tx-60 with 3 entries
Replay: INSERT on test
Rolling back transaction tx-61
Rollback: INSERT on test
Replaying transaction tx-62 with 3 entries
Replay: INSERT on test
Rolling back transaction tx-63
Rollback: INSERT on test
Replaying transaction tx-64 with 3 entries
Replay: INSERT on test
Rolling back transaction tx-65
Rollback: INSERT on test
Replaying transaction tx-66 with 3 entries
Replay: INSERT on test
Rolling back transaction tx-67
Rollback: INSERT on test
Replaying transaction tx-68 with 3 entries
Replay: INSERT on test
Rolling back transaction tx-69
Rollback: INSERT on test
Replaying transaction tx-70 with 3 entries
Replay: INSERT on test
Rolling back transaction tx-71
Rollback: INSERT on test
Replaying transaction tx-72 with 3 entries
Replay: INSERT on test
Rolling back transaction tx-73
Rollback: INSERT on test
Replaying transaction tx-74 with 3 entries
Replay: INSERT on test
Rolling back transaction tx-75
Rollback: INSERT on test
Replaying transaction tx-76 with 3 entries
Replay: INSERT on test
Rolling back transaction tx-77
Rollback: INSERT on test
Replaying transaction tx-78 with 3 entries
Replay: INSERT on test
Rolling back transaction tx-79
Rollback: INSERT on test
Replaying transaction tx-80 with 3 entries
Replay: INSERT on test
Rolling back transaction tx-81
Rollback: INSERT on test
Replaying transaction tx-82 with 3 entries
Replay: INSERT on test
Rolling back transaction tx-83
Rollback: INSERT on test
Replaying transaction tx-84 with 3 entries
Replay: INSERT on test
Rolling back transaction tx-85
Rollback: INSERT on test
Replaying transaction tx-86 with 3 entries
Replay: INSERT on test
Rolling back transaction tx-87
Rollback: INSERT on test
Replaying transaction tx-88 with 3 entries
Replay: INSERT on test
Rolling back transaction tx-89
Rollback: INSERT on test
Replaying transaction tx-90 with 3 entries
Replay: INSERT on test
Rolling back transaction tx-91
Rollback: INSERT on test
Replaying transaction tx-92 with 3 entries
Replay: INSERT on test
Rolling back transaction tx-93
Rollback: INSERT on test
Replaying transaction tx-94 with 3 entries
Replay: INSERT on test
Rolling back transaction tx-95
Rollback: INSERT on test
Replaying transaction tx-96 with 3 entries
Replay: INSERT on test
Rolling back transaction tx-97
Rollback: INSERT on test
Replaying transaction tx-98 with 3 entries
Replay: INSERT on test
Rolling back transaction tx-99
Rollback: INSERT on test
WAL recovery completed: 50 recovered, 50 rolled back
Starting WAL recovery...
Replaying transaction tx-0 with 3 entries
Replay: INSERT on test
Rolling back transaction tx-1
Rollback: INSERT on test
Replaying transaction tx-2 with 3 entries
Replay: INSERT on test
Rolling back transaction tx-3
Rollback: INSERT on test
Replaying transaction tx-4 with 3 entries
Replay: INSERT on test
Rolling back transaction tx-5
Rollback: INSERT on test
Replaying transaction tx-6 with 3 entries
Replay: INSERT on test
Rolling back transaction tx-7
Rollback: INSERT on test
Replaying transaction tx-8 with 3 entries
Replay: INSERT on test
Rolling back transaction tx-9
Rollback: INSERT on test
Replaying transaction tx-10 with 3 entries
Replay: INSERT on test
Rolling back transaction tx-11
Rollback: INSERT on test
Replaying transaction tx-12 with 3 entries
Replay: INSERT on test
Rolling back transaction tx-13
Rollback: INSERT on test
Replaying transaction tx-14 with 3 entries
Replay: INSERT on test
Rolling back transaction tx-15
Rollback: INSERT on test
Replaying transaction tx-16 with 3 entries
Replay: INSERT on test
Rolling back transaction tx-17
Rollback: INSERT on test
Replaying transaction tx-18 with 3 entries
Replay: INSERT on test
Rolling back transaction tx-19
Rollback: INSERT on test
Replaying transaction tx-20 with 3 entries
Replay: INSERT on test
Rolling back transaction tx-21
Rollback: INSERT on test
Replaying transaction tx-22 with 3 entries
Replay: INSERT on test
Rolling back transaction tx-23
Rollback: INSERT on test
Replaying transaction tx-24 with 3 entries
Replay: INSERT on test
Rolling back transaction tx-25
Rollback: INSERT on test
Replaying transaction tx-26 with 3 entries
Replay: INSERT on test
Rolling back transaction tx-27
Rollback: INSERT on test
Replaying transaction tx-28 with 3 entries
Replay: INSERT on test
Rolling back transaction tx-29
Rollback: INSERT on test
Replaying transaction tx-30 with 3 entries
Replay: INSERT on test
Rolling back transaction tx-31
Rollback: INSERT on test
Replaying transaction tx-32 with 3 entries
Replay: INSERT on test
Rolling back transaction tx-33
Rollback: INSERT on test
Replaying transaction tx-34 with 3 entries
Replay: INSERT on test
Rolling back transaction tx-35
Rollback: INSERT on test
Replaying transaction tx-36 with 3 entries
Replay: INSERT on test
Rolling back transaction tx-37
Rollback: INSERT on test
Replaying transaction tx-38 with 3 entries
Replay: INSERT on test
Rolling back transaction tx-39
Rollback: INSERT on test
Replaying transaction tx-40 with 3 entries
Replay: INSERT on test
Rolling back transaction tx-41
Rollback: INSERT on test
Replaying transaction tx-42 with 3 entries
Replay: INSERT on test
Rolling back transaction tx-43
Rollback: INSERT on test
Replaying transaction tx-44 with 3 entries
Replay: INSERT on test
Rolling back transaction tx-45
Rollback: INSERT on test
Replaying transaction tx-46 with 3 entries
Replay: INSERT on test
Rolling back transaction tx-47
Rollback: INSERT on test
Replaying transaction tx-48 with 3 entries
Replay: INSERT on test
Rolling back transaction tx-49
Rollback: INSERT on test
Replaying transaction tx-50 with 3 entries
Replay: INSERT on test
Rolling back transaction tx-51
Rollback: INSERT on test
Replaying transaction tx-52 with 3 entries
Replay: INSERT on test
Rolling back transaction tx-53
Rollback: INSERT on test
Replaying transaction tx-54 with 3 entries
Replay: INSERT on test
Rolling back transaction tx-55
Rollback: INSERT on test
Replaying transaction tx-56 with 3 entries
Replay: INSERT on test
Rolling back transaction tx-57
Rollback: INSERT on test
Replaying transaction tx-58 with 3 entries
Replay: INSERT on test
Rolling back transaction tx-59
Rollback: INSERT on test
Replaying transaction tx-60 with 3 entries
Replay: INSERT on test
Rolling back transaction tx-61
Rollback: INSERT on test
Replaying transaction tx-62 with 3 entries
Replay: INSERT on test
Rolling back transaction tx-63
Rollback: INSERT on test
Replaying transaction tx-64 with 3 entries
Replay: INSERT on test
Rolling back transaction tx-65
Rollback: INSERT on test
Replaying transaction tx-66 with 3 entries
Replay: INSERT on test
Rolling back transaction tx-67
Rollback: INSERT on test
Replaying transaction tx-68 with 3 entries
Replay: INSERT on test
Rolling back transaction tx-69
Rollback: INSERT on test
Replaying transaction tx-70 with 3 entries
Replay: INSERT on test
Rolling back transaction tx-71
Rollback: INSERT on test
Replaying transaction tx-72 with 3 entries
Replay: INSERT on test
Rolling back transaction tx-73
Rollback: INSERT on test
Replaying transaction tx-74 with 3 entries
Replay: INSERT on test
Rolling back transaction tx-75
Rollback: INSERT on test
Replaying transaction tx-76 with 3 entries
Replay: INSERT on test
Rolling back transaction tx-77
Rollback: INSERT on test
Replaying transaction tx-78 with 3 entries
Replay: INSERT on test
Rolling back transaction tx-79
Rollback: INSERT on test
Replaying transaction tx-80 with 3 entries
Replay: INSERT on test
Rolling back transaction tx-81
Rollback: INSERT on test
Replaying transaction tx-82 with 3 entries
Replay: INSERT on test
Rolling back transaction tx-83
Rollback: INSERT on test
Replaying transaction tx-84 with 3 entries
Replay: INSERT on test
Rolling back transaction tx-85
Rollback: INSERT on test
Replaying transaction tx-86 with 3 entries
Replay: INSERT on test
Rolling back transaction tx-87
Rollback: INSERT on test
Replaying transaction tx-88 with 3 entries
Replay: INSERT on test
Rolling back transaction tx-89
Rollback: INSERT on test
Replaying transaction tx-90 with 3 entries
Replay: INSERT on test
Rolling back transaction tx-91
Rollback: INSERT on test
Replaying transaction tx-92 with 3 entries
Replay: INSERT on test
Rolling back transaction tx-93
Rollback: INSERT on test
Replaying transaction tx-94 with 3 entries
Replay: INSERT on test
Rolling back transaction tx-95
Rollback: INSERT on test
Replaying transaction tx-96 with 3 entries
Replay: INSERT on test
Rolling back transaction tx-97
Rollback: INSERT on test
Replaying transaction tx-98 with 3 entries
Replay: INSERT on test
Rolling back transaction tx-99
Rollback: INSERT on test
WAL recovery completed: 50 recovered, 50 rolled back
(pass) Performance Benchmarks > WAL Manager Performance > should benchmark WAL recovery performance [23.63ms]

=== PERFORMANCE BENCHMARK RESULTS ===

WAL Recovery Operations:
  Total Time: 19.97ms
  Operations: 10
  Ops/sec: 500.66
  Avg Latency: 1.9973ms
  Memory Delta: 2.30MB

=====================================

(pass) Performance Benchmarks > WALCollection Performance > should benchmark collection create operations [6.67ms]

=== PERFORMANCE BENCHMARK RESULTS ===

Collection Create Operations:
  Total Time: 6.61ms
  Operations: 1000
  Ops/sec: 151335.54
  Avg Latency: 0.0066ms
  Memory Delta: 0.00MB

=====================================

(pass) Performance Benchmarks > WALCollection Performance > should benchmark transactional operations [14.26ms]

=== PERFORMANCE BENCHMARK RESULTS ===

Transactional Operations:
  Total Time: 14.10ms
  Operations: 100
  Ops/sec: 7093.44
  Avg Latency: 0.1410ms
  Memory Delta: 0.00MB

=====================================

(pass) Performance Benchmarks > WALCollection Performance > should benchmark find operations [6.91ms]

=== PERFORMANCE BENCHMARK RESULTS ===

Collection Find Operations:
  Total Time: 2.03ms
  Operations: 1000
  Ops/sec: 491853.67
  Avg Latency: 0.0020ms
  Memory Delta: 0.00MB

=====================================

(pass) Performance Benchmarks > WALCollection Performance > should benchmark persist operations [2.78ms]

=== PERFORMANCE BENCHMARK RESULTS ===

Collection Persist Operations:
  Total Time: 1.73ms
  Operations: 10
  Ops/sec: 5777.98
  Avg Latency: 0.1731ms
  Memory Delta: 0.00MB

=====================================

(pass) Performance Benchmarks > WALDatabase Performance > should benchmark database collection creation [14.15ms]

=== PERFORMANCE BENCHMARK RESULTS ===

Database Collection Creation:
  Total Time: 14.07ms
  Operations: 50
  Ops/sec: 3553.50
  Avg Latency: 0.2814ms
  Memory Delta: 0.55MB

=====================================

(pass) Performance Benchmarks > WALDatabase Performance > should benchmark global transactions [6.10ms]

=== PERFORMANCE BENCHMARK RESULTS ===

Global Transaction Operations:
  Total Time: 5.39ms
  Operations: 50
  Ops/sec: 9278.09
  Avg Latency: 0.1078ms
  Memory Delta: 0.00MB

=====================================

(pass) Performance Benchmarks > WALDatabase Performance > should benchmark database persist operations [9.66ms]

=== PERFORMANCE BENCHMARK RESULTS ===

Database Persist Operations:
  Total Time: 8.48ms
  Operations: 10
  Ops/sec: 1178.58
  Avg Latency: 0.8485ms
  Memory Delta: 0.34MB

=====================================

Memory increase for 10K items: 0.00MB
(pass) Performance Benchmarks > Memory Usage Benchmarks > should benchmark memory usage with large datasets [72.56ms]

=== PERFORMANCE BENCHMARK RESULTS ===

=====================================

Memory increase for concurrent transactions: 0.00MB
(pass) Performance Benchmarks > Memory Usage Benchmarks > should benchmark memory usage with concurrent transactions [8.48ms]

=== PERFORMANCE BENCHMARK RESULTS ===

=====================================


packages/collection-store/src/performance/__tests__/MetricsCollector.test.ts:
[MetricsCollector] Starting metrics collection with 100ms interval
(pass) MetricsCollector > Core Collection Methods > startCollection > should start metrics collection successfully [0.17ms]
[MetricsCollector] Stopping metrics collection
[MetricsCollector] Starting metrics collection with 100ms interval
(pass) MetricsCollector > Core Collection Methods > startCollection > should throw error if collection already started [0.14ms]
[MetricsCollector] Stopping metrics collection
[MetricsCollector] Starting metrics collection with 1000ms interval
(pass) MetricsCollector > Core Collection Methods > startCollection > should use default interval if not specified [0.01ms]
[MetricsCollector] Stopping metrics collection
[MetricsCollector] Starting metrics collection with 500ms interval
(pass) MetricsCollector > Core Collection Methods > startCollection > should use custom interval when specified
[MetricsCollector] Stopping metrics collection
[MetricsCollector] Starting metrics collection with 100ms interval
[MetricsCollector] Stopping metrics collection
(pass) MetricsCollector > Core Collection Methods > stopCollection > should stop metrics collection successfully [0.05ms]
(pass) MetricsCollector > Core Collection Methods > stopCollection > should handle stopping when not collecting
[MetricsCollector] Starting metrics collection with 100ms interval
[MetricsCollector] Stopping metrics collection
[MetricsCollector] Starting metrics collection with 100ms interval
(pass) MetricsCollector > Core Collection Methods > stopCollection > should allow restarting after stopping [0.05ms]
[MetricsCollector] Stopping metrics collection
(pass) MetricsCollector > Core Collection Methods > collectSnapshot > should collect metrics snapshot successfully [0.56ms]
(pass) MetricsCollector > Core Collection Methods > collectSnapshot > should collect system metrics correctly [0.14ms]
(pass) MetricsCollector > Core Collection Methods > collectSnapshot > should collect application metrics correctly [0.03ms]
(pass) MetricsCollector > Core Collection Methods > collectSnapshot > should collect network metrics correctly [0.07ms]
(pass) MetricsCollector > Core Collection Methods > collectSnapshot > should collect disk metrics correctly [0.05ms]
(pass) MetricsCollector > Core Collection Methods > collectSnapshot > should calculate network rates on subsequent calls [101.34ms]
(pass) MetricsCollector > Core Collection Methods > collectSnapshot > should calculate disk rates on subsequent calls [100.68ms]
(pass) MetricsCollector > Historical Data Management > getHistoricalMetrics > should return empty array when no history [0.20ms]
[MetricsCollector] Starting metrics collection with 50ms interval
[MetricsCollector] Stopping metrics collection
(pass) MetricsCollector > Historical Data Management > getHistoricalMetrics > should return metrics within time range [208.62ms]
[MetricsCollector] Starting metrics collection with 50ms interval
[MetricsCollector] Stopping metrics collection
(pass) MetricsCollector > Historical Data Management > getHistoricalMetrics > should filter metrics by time range correctly [200.83ms]
[MetricsCollector] Starting metrics collection with 50ms interval
[MetricsCollector] Stopping metrics collection
[MetricsCollector] Clearing metrics history
(pass) MetricsCollector > Historical Data Management > clearHistory > should clear all historical metrics [151.56ms]
[MetricsCollector] Setting alert threshold for system.cpuUsage: {
  type: "cpu_high",
  value: 80,
  operator: ">",
  severity: "high",
}
(pass) MetricsCollector > Alerting System > setAlertThreshold > should set alert threshold successfully [0.08ms]
[MetricsCollector] Setting alert threshold for system.cpuUsage: {
  type: "cpu_high",
  value: 80,
  operator: ">",
  severity: "high",
}
[MetricsCollector] Setting alert threshold for system.memoryUsage: {
  type: "memory_high",
  value: 104857600,
  operator: ">",
  severity: "medium",
}
(pass) MetricsCollector > Alerting System > setAlertThreshold > should handle multiple thresholds for different metrics [0.07ms]
(pass) MetricsCollector > Alerting System > getActiveAlerts > should return empty array when no alerts [0.04ms]
[MetricsCollector] Setting alert threshold for system.cpuUsage: {
  type: "cpu_low",
  value: -1,
  operator: ">",
  severity: "low",
}
[MetricsCollector] Starting metrics collection with 50ms interval
[MetricsCollector] ALERT: system.cpuUsage cpu_low threshold exceeded: 9.821614 > -1
[MetricsCollector] Stopping metrics collection
(pass) MetricsCollector > Alerting System > getActiveAlerts > should return active alerts when thresholds exceeded [100.48ms]
[MetricsCollector] Starting metrics collection with 50ms interval
[MetricsCollector] Stopping metrics collection
(pass) MetricsCollector > Export Functionality > exportMetrics > should export metrics in JSON format [152.53ms]
[MetricsCollector] Starting metrics collection with 50ms interval
[MetricsCollector] Stopping metrics collection
(pass) MetricsCollector > Export Functionality > exportMetrics > should export metrics in CSV format [151.44ms]
[MetricsCollector] Starting metrics collection with 50ms interval
[MetricsCollector] Stopping metrics collection
(pass) MetricsCollector > Export Functionality > exportMetrics > should export metrics with time range filter [151.62ms]
(pass) MetricsCollector > Export Functionality > exportMetrics > should handle empty metrics gracefully [0.16ms]
(pass) MetricsCollector > Configuration & Edge Cases > Custom Configuration > should use custom configuration [0.17ms]
(pass) MetricsCollector > Configuration & Edge Cases > Custom Configuration > should handle disabled metrics collection [0.05ms]
[MetricsCollector] Starting metrics collection with 50ms interval
[MetricsCollector] Stopping metrics collection
(pass) MetricsCollector > Configuration & Edge Cases > Error Handling > should handle collection errors gracefully [100.47ms]
[MetricsCollector] Setting alert threshold for invalid.metric.path: {
  type: "invalid",
  value: 100,
  operator: ">",
  severity: "low",
}
(pass) MetricsCollector > Configuration & Edge Cases > Error Handling > should handle invalid metric names in alerts [0.37ms]
(pass) MetricsCollector > Configuration & Edge Cases > Performance Validation > should collect metrics efficiently [0.41ms]
[MetricsCollector] Starting metrics collection with 10ms interval
[MetricsCollector] Stopping metrics collection
(pass) MetricsCollector > Configuration & Edge Cases > Performance Validation > should handle rapid collection intervals [101.70ms]

packages/collection-store/src/performance/__tests__/stress-testing.test.ts:

packages/collection-store/src/performance/__tests__/LoadTestManager.test.ts:
[LoadTestManager] Created test scenario: test-scenario
(pass) Load Test Manager > Test Scenario Management > createTestScenario > should create test scenario correctly [0.52ms]
(pass) Load Test Manager > Test Scenario Management > createTestScenario > should validate scenario has required fields [0.22ms]
(pass) Load Test Manager > Test Scenario Management > createTestScenario > should validate virtual users count [0.06ms]
(pass) Load Test Manager > Test Scenario Management > createTestScenario > should validate test duration
(pass) Load Test Manager > Test Scenario Management > createTestScenario > should validate operations exist
(pass) Load Test Manager > Test Scenario Management > createTestScenario > should validate operation weights sum to 100
(pass) Load Test Manager > Test Scenario Management > createTestScenario > should handle scenario creation errors gracefully [0.21ms]
[LoadTestManager] Created test scenario: test-scenario
[LoadTestManager] Starting test: test-scenario-1754676625203-303 for scenario: test-scenario
[LoadTestManager] Preparation phase for test: test-scenario-1754676625203-303
[LoadTestManager] Ramp-up phase for test: test-scenario-1754676625203-303
[LoadTestManager] Steady state phase for test: test-scenario-1754676625203-303
[LoadTestManager] Ramp-down phase for test: test-scenario-1754676625203-303
[LoadTestManager] Cleanup phase for test: test-scenario-1754676625203-303
[LoadTestManager] Completed test: test-scenario-1754676625203-303
(pass) Load Test Manager > Test Scenario Management > runTestScenario > should run test scenario successfully [569.24ms]
(pass) Load Test Manager > Test Scenario Management > runTestScenario > should handle non-existent scenario [0.14ms]
[LoadTestManager] Created test scenario: test-scenario
[LoadTestManager] Starting test: test-scenario-1754676625772-484 for scenario: test-scenario
[LoadTestManager] Preparation phase for test: test-scenario-1754676625772-484
[LoadTestManager] Ramp-up phase for test: test-scenario-1754676625772-484
[LoadTestManager] Steady state phase for test: test-scenario-1754676625772-484
[LoadTestManager] Ramp-down phase for test: test-scenario-1754676625772-484
[LoadTestManager] Cleanup phase for test: test-scenario-1754676625772-484
[LoadTestManager] Completed test: test-scenario-1754676625772-484
[LoadTestManager] Starting test: test-scenario-1754676626340-188 for scenario: test-scenario
[LoadTestManager] Preparation phase for test: test-scenario-1754676626340-188
[LoadTestManager] Ramp-up phase for test: test-scenario-1754676626340-188
[LoadTestManager] Steady state phase for test: test-scenario-1754676626340-188
[LoadTestManager] Ramp-down phase for test: test-scenario-1754676626340-188
[LoadTestManager] Cleanup phase for test: test-scenario-1754676626340-188
[LoadTestManager] Completed test: test-scenario-1754676626340-188
(pass) Load Test Manager > Test Scenario Management > runTestScenario > should generate unique test IDs [1134.73ms]
[LoadTestManager] Created test scenario: test-scenario
[LoadTestManager] Starting test: test-scenario-1754676626907-760 for scenario: test-scenario
[LoadTestManager] Preparation phase for test: test-scenario-1754676626907-760
[LoadTestManager] Ramp-up phase for test: test-scenario-1754676626907-760
[LoadTestManager] Steady state phase for test: test-scenario-1754676626907-760
[LoadTestManager] Ramp-down phase for test: test-scenario-1754676626907-760
[LoadTestManager] Cleanup phase for test: test-scenario-1754676626907-760
[LoadTestManager] Completed test: test-scenario-1754676626907-760
(pass) Load Test Manager > Test Scenario Management > runTestScenario > should execute all test phases [514.92ms]
(pass) Load Test Manager > Test Scenario Management > runTestScenario > should handle test execution errors [0.34ms]
[LoadTestManager] Created test scenario: test-scenario
[LoadTestManager] Starting test: test-scenario-1754676627422-304 for scenario: test-scenario
[LoadTestManager] Preparation phase for test: test-scenario-1754676627422-304
[LoadTestManager] Stopped test: test-scenario-1754676627422-304
[LoadTestManager] Ramp-up phase for test: test-scenario-1754676627422-304
[LoadTestManager] Steady state phase for test: test-scenario-1754676627422-304
[LoadTestManager] Ramp-down phase for test: test-scenario-1754676627422-304
[LoadTestManager] Cleanup phase for test: test-scenario-1754676627422-304
[LoadTestManager] Completed test: test-scenario-1754676627422-304
(pass) Load Test Manager > Test Scenario Management > stopTestScenario > should stop running test scenario [51.86ms]
(pass) Load Test Manager > Test Scenario Management > stopTestScenario > should handle stopping non-existent test [0.21ms]
[LoadTestManager] Created test scenario: test-scenario
[LoadTestManager] Starting test: test-scenario-1754676627474-5 for scenario: test-scenario
[LoadTestManager] Preparation phase for test: test-scenario-1754676627474-5
[LoadTestManager] Ramp-up phase for test: test-scenario-1754676627474-5
[LoadTestManager] Steady state phase for test: test-scenario-1754676627474-5
[LoadTestManager] Ramp-down phase for test: test-scenario-1754676627474-5
[LoadTestManager] Cleanup phase for test: test-scenario-1754676627474-5
[LoadTestManager] Completed test: test-scenario-1754676627474-5
(pass) Load Test Manager > Monitoring & Status > monitorPerformance > should collect performance metrics for active test [569.93ms]
(pass) Load Test Manager > Monitoring & Status > monitorPerformance > should handle monitoring non-existent test [0.50ms]
[LoadTestManager] Created test scenario: test-scenario
(pass) Load Test Manager > Monitoring & Status > getTestStatus > should return test status for active test [0.65ms]
[LoadTestManager] Created test scenario: test-scenario
[LoadTestManager] Starting test: test-scenario-1754676628045-850 for scenario: test-scenario
[LoadTestManager] Preparation phase for test: test-scenario-1754676628045-850
[LoadTestManager] Ramp-up phase for test: test-scenario-1754676628045-850
[LoadTestManager] Steady state phase for test: test-scenario-1754676628045-850
[LoadTestManager] Ramp-down phase for test: test-scenario-1754676628045-850
[LoadTestManager] Cleanup phase for test: test-scenario-1754676628045-850
[LoadTestManager] Completed test: test-scenario-1754676628045-850
(pass) Load Test Manager > Monitoring & Status > getTestStatus > should calculate progress correctly [566.39ms]
[LoadTestManager] Created test scenario: test-scenario
[LoadTestManager] Starting test: test-scenario-1754676628612-387 for scenario: test-scenario
[LoadTestManager] Preparation phase for test: test-scenario-1754676628612-387
[LoadTestManager] Ramp-up phase for test: test-scenario-1754676628612-387
[LoadTestManager] Steady state phase for test: test-scenario-1754676628612-387
[LoadTestManager] Ramp-down phase for test: test-scenario-1754676628612-387
[LoadTestManager] Cleanup phase for test: test-scenario-1754676628612-387
[LoadTestManager] Completed test: test-scenario-1754676628612-387
(pass) Load Test Manager > Results & Reporting > getTestResults > should return test results after completion [567.27ms]
(pass) Load Test Manager > Results & Reporting > getTestResults > should handle non-existent test results [0.06ms]
[LoadTestManager] Created test scenario: test-scenario
[LoadTestManager] Starting test: test-scenario-1754676629179-286 for scenario: test-scenario
[LoadTestManager] Preparation phase for test: test-scenario-1754676629179-286
[LoadTestManager] Ramp-up phase for test: test-scenario-1754676629179-286
[LoadTestManager] Steady state phase for test: test-scenario-1754676629179-286
[LoadTestManager] Ramp-down phase for test: test-scenario-1754676629179-286
[LoadTestManager] Cleanup phase for test: test-scenario-1754676629179-286
[LoadTestManager] Completed test: test-scenario-1754676629179-286
(pass) Load Test Manager > Results & Reporting > generateReport > should generate comprehensive test report [566.15ms]
[LoadTestManager] Created test scenario: test-scenario
[LoadTestManager] Starting test: test-scenario-1754676629745-180 for scenario: test-scenario
[LoadTestManager] Preparation phase for test: test-scenario-1754676629745-180
[LoadTestManager] Ramp-up phase for test: test-scenario-1754676629745-180
[LoadTestManager] Steady state phase for test: test-scenario-1754676629745-180
[LoadTestManager] Ramp-down phase for test: test-scenario-1754676629745-180
[LoadTestManager] Cleanup phase for test: test-scenario-1754676629745-180
[LoadTestManager] Completed test: test-scenario-1754676629745-180
(pass) Load Test Manager > Results & Reporting > generateReport > should include performance recommendations [565.74ms]
(pass) Load Test Manager > Results & Reporting > generateReport > should handle report generation for non-existent test [0.19ms]
[LoadTestManager] Created test scenario: test-scenario
[LoadTestManager] Starting test: test-scenario-1754676630311-122 for scenario: test-scenario
[LoadTestManager] Preparation phase for test: test-scenario-1754676630311-122
[LoadTestManager] Ramp-up phase for test: test-scenario-1754676630311-122
[LoadTestManager] Steady state phase for test: test-scenario-1754676630311-122
[LoadTestManager] Ramp-down phase for test: test-scenario-1754676630311-122
[LoadTestManager] Cleanup phase for test: test-scenario-1754676630311-122
[LoadTestManager] Completed test: test-scenario-1754676630311-122
(pass) Load Test Manager > Performance Metrics > should collect accurate timing metrics using performance.now() [591.63ms]
[LoadTestManager] Created test scenario: test-scenario
[LoadTestManager] Starting test: test-scenario-1754676630903-237 for scenario: test-scenario
[LoadTestManager] Preparation phase for test: test-scenario-1754676630903-237
[LoadTestManager] Ramp-up phase for test: test-scenario-1754676630903-237
[LoadTestManager] Steady state phase for test: test-scenario-1754676630903-237
[LoadTestManager] Ramp-down phase for test: test-scenario-1754676630903-237
[LoadTestManager] Cleanup phase for test: test-scenario-1754676630903-237
[LoadTestManager] Completed test: test-scenario-1754676630903-237
(pass) Load Test Manager > Performance Metrics > should calculate percentiles correctly [575.06ms]
[LoadTestManager] Created test scenario: test-scenario
[LoadTestManager] Starting test: test-scenario-1754676631481-18 for scenario: test-scenario
[LoadTestManager] Preparation phase for test: test-scenario-1754676631481-18
[LoadTestManager] Ramp-up phase for test: test-scenario-1754676631481-18
[LoadTestManager] Steady state phase for test: test-scenario-1754676631481-18
[LoadTestManager] Ramp-down phase for test: test-scenario-1754676631481-18
[LoadTestManager] Cleanup phase for test: test-scenario-1754676631481-18
[LoadTestManager] Completed test: test-scenario-1754676631481-18
(pass) Load Test Manager > Performance Metrics > should track throughput metrics [574.19ms]
[LoadTestManager] Created test scenario: test-scenario
[LoadTestManager] Starting test: test-scenario-1754676632053-30 for scenario: test-scenario
[LoadTestManager] Preparation phase for test: test-scenario-1754676632053-30
[LoadTestManager] Ramp-up phase for test: test-scenario-1754676632053-30
[LoadTestManager] Steady state phase for test: test-scenario-1754676632053-30
[LoadTestManager] Ramp-down phase for test: test-scenario-1754676632053-30
[LoadTestManager] Cleanup phase for test: test-scenario-1754676632053-30
[LoadTestManager] Completed test: test-scenario-1754676632053-30
(pass) Load Test Manager > Performance Metrics > should track error metrics [566.69ms]
[LoadTestManager] Created test scenario: test-scenario
[LoadTestManager] Starting test: test-scenario-1754676632620-628 for scenario: test-scenario
[LoadTestManager] Preparation phase for test: test-scenario-1754676632620-628
[LoadTestManager] Ramp-up phase for test: test-scenario-1754676632620-628
[LoadTestManager] Steady state phase for test: test-scenario-1754676632620-628
[LoadTestManager] Ramp-down phase for test: test-scenario-1754676632620-628
[LoadTestManager] Cleanup phase for test: test-scenario-1754676632620-628
[LoadTestManager] Completed test: test-scenario-1754676632620-628
(pass) Load Test Manager > Performance Metrics > should track system metrics [576.44ms]
[LoadTestManager] Created test scenario: test-scenario
[LoadTestManager] Starting test: test-scenario-1754676633196-903 for scenario: test-scenario
[LoadTestManager] Preparation phase for test: test-scenario-1754676633196-903
[LoadTestManager] Ramp-up phase for test: test-scenario-1754676633196-903
[LoadTestManager] Steady state phase for test: test-scenario-1754676633196-903
[LoadTestManager] Ramp-down phase for test: test-scenario-1754676633196-903
[LoadTestManager] Cleanup phase for test: test-scenario-1754676633196-903
[LoadTestManager] Completed test: test-scenario-1754676633196-903
(pass) Load Test Manager > Success Criteria Evaluation > should evaluate test success based on criteria [581.23ms]
[LoadTestManager] Created test scenario: test-scenario
[LoadTestManager] Starting test: test-scenario-1754676633777-602 for scenario: test-scenario
[LoadTestManager] Preparation phase for test: test-scenario-1754676633777-602
[LoadTestManager] Ramp-up phase for test: test-scenario-1754676633777-602
[LoadTestManager] Steady state phase for test: test-scenario-1754676633777-602
[LoadTestManager] Ramp-down phase for test: test-scenario-1754676633777-602
[LoadTestManager] Cleanup phase for test: test-scenario-1754676633777-602
[LoadTestManager] Completed test: test-scenario-1754676633777-602
(pass) Load Test Manager > Success Criteria Evaluation > should fail test when response time exceeds threshold [810.84ms]
[LoadTestManager] Created test scenario: test-scenario
[LoadTestManager] Starting test: test-scenario-1754676634590-329 for scenario: test-scenario
[LoadTestManager] Preparation phase for test: test-scenario-1754676634590-329
[LoadTestManager] Ramp-up phase for test: test-scenario-1754676634590-329
[LoadTestManager] Steady state phase for test: test-scenario-1754676634590-329
[LoadTestManager] Ramp-down phase for test: test-scenario-1754676634590-329
[LoadTestManager] Cleanup phase for test: test-scenario-1754676634590-329
[LoadTestManager] Completed test: test-scenario-1754676634590-329
(pass) Load Test Manager > Success Criteria Evaluation > should provide detailed failure reasons [786.82ms]
[LoadTestManager] Created test scenario: test-scenario
[LoadTestManager] Starting test: test-scenario-1754676635469-658 for scenario: test-scenario
[LoadTestManager] Preparation phase for test: test-scenario-1754676635469-658
[LoadTestManager] Ramp-up phase for test: test-scenario-1754676635469-658
[LoadTestManager] Steady state phase for test: test-scenario-1754676635469-658
[LoadTestManager] Ramp-down phase for test: test-scenario-1754676635469-658
[LoadTestManager] Cleanup phase for test: test-scenario-1754676635469-658
[LoadTestManager] Completed test: test-scenario-1754676635469-658
(pass) Load Test Manager > Edge Cases & Error Handling > should handle empty operation results gracefully [553.63ms]
[LoadTestManager] Created test scenario: test-scenario-1
[LoadTestManager] Created test scenario: test-scenario-2
[LoadTestManager] Starting test: test-scenario-1-1754676635932-281 for scenario: test-scenario-1
[LoadTestManager] Preparation phase for test: test-scenario-1-1754676635932-281
[LoadTestManager] Starting test: test-scenario-2-1754676635933-565 for scenario: test-scenario-2
[LoadTestManager] Preparation phase for test: test-scenario-2-1754676635933-565
[LoadTestManager] Ramp-up phase for test: test-scenario-1-1754676635932-281
[LoadTestManager] Ramp-up phase for test: test-scenario-2-1754676635933-565
[LoadTestManager] Steady state phase for test: test-scenario-1-1754676635932-281
[LoadTestManager] Steady state phase for test: test-scenario-2-1754676635933-565
[LoadTestManager] Ramp-down phase for test: test-scenario-1-1754676635932-281
[LoadTestManager] Ramp-down phase for test: test-scenario-2-1754676635933-565
[LoadTestManager] Cleanup phase for test: test-scenario-1-1754676635932-281
[LoadTestManager] Completed test: test-scenario-1-1754676635932-281
[LoadTestManager] Cleanup phase for test: test-scenario-2-1754676635933-565
[LoadTestManager] Completed test: test-scenario-2-1754676635933-565
(pass) Load Test Manager > Edge Cases & Error Handling > should handle concurrent test execution [669.61ms]
[LoadTestManager] Created test scenario: test-scenario
[LoadTestManager] Starting test: test-scenario-1754676636602-912 for scenario: test-scenario
[LoadTestManager] Preparation phase for test: test-scenario-1754676636602-912
[LoadTestManager] Ramp-up phase for test: test-scenario-1754676636602-912
[LoadTestManager] Steady state phase for test: test-scenario-1754676636602-912
[LoadTestManager] Ramp-down phase for test: test-scenario-1754676636602-912
[LoadTestManager] Cleanup phase for test: test-scenario-1754676636602-912
[LoadTestManager] Completed test: test-scenario-1754676636602-912
[LoadTestManager] Starting test: test-scenario-1754676637629-55 for scenario: test-scenario
[LoadTestManager] Preparation phase for test: test-scenario-1754676637629-55
[LoadTestManager] Ramp-up phase for test: test-scenario-1754676637629-55
[LoadTestManager] Steady state phase for test: test-scenario-1754676637629-55
[LoadTestManager] Ramp-down phase for test: test-scenario-1754676637629-55
[LoadTestManager] Cleanup phase for test: test-scenario-1754676637629-55
[LoadTestManager] Completed test: test-scenario-1754676637629-55
(pass) Load Test Manager > Edge Cases & Error Handling > should cleanup resources properly [1976.55ms]

packages/collection-store/src/performance/__tests__/OptimizationValidator.test.ts:

packages/collection-store/src/performance/__tests__/TestScenarioBuilder.test.ts:
(pass) Test Scenario Builder > Fluent API > createScenario > should create scenario builder instance [21.56ms]
(pass) Test Scenario Builder > Fluent API > createScenario > should set scenario name correctly [10.72ms]
(pass) Test Scenario Builder > Fluent API > Fluent Builder Chain > should build complete scenario with fluent API [0.47ms]
(pass) Test Scenario Builder > Fluent API > Fluent Builder Chain > should validate operation weights sum to 100 [3.28ms]
(pass) Test Scenario Builder > Fluent API > Fluent Builder Chain > should validate required fields [0.36ms]
(pass) Test Scenario Builder > Fluent API > Operation Builders > should add auth operations correctly [0.98ms]
(pass) Test Scenario Builder > Fluent API > Operation Builders > should add query operations correctly [7.97ms]
(pass) Test Scenario Builder > Fluent API > Operation Builders > should add realtime operations correctly [0.93ms]
(pass) Test Scenario Builder > Fluent API > Operation Builders > should handle mixed operations [18.27ms]
(pass) Test Scenario Builder > Pre-built Scenario Templates > getAuthenticationScenario > should create authentication scenario correctly [4.07ms]
(pass) Test Scenario Builder > Pre-built Scenario Templates > getAuthenticationScenario > should calculate ramp-up time based on user count [1.44ms]
(pass) Test Scenario Builder > Pre-built Scenario Templates > getDatabaseScenario > should create database scenario correctly [11.71ms]
(pass) Test Scenario Builder > Pre-built Scenario Templates > getDatabaseScenario > should handle empty collections array [1.59ms]
(pass) Test Scenario Builder > Pre-built Scenario Templates > getRealtimeScenario > should create realtime scenario correctly [4.01ms]
(pass) Test Scenario Builder > Pre-built Scenario Templates > getRealtimeScenario > should handle empty subscription types [0.40ms]
(pass) Test Scenario Builder > Template Management > getAvailableTemplates > should return built-in templates [1.98ms]
(pass) Test Scenario Builder > Template Management > getAvailableTemplates > should return template with correct structure [4.22ms]
(pass) Test Scenario Builder > Template Management > getTemplate > should return specific template [0.56ms]
(pass) Test Scenario Builder > Template Management > getTemplate > should return undefined for non-existent template [0.10ms]
(pass) Test Scenario Builder > Template Management > addCustomTemplate > should add custom template [0.27ms]
(pass) Test Scenario Builder > Scenario Validation > validateScenario > should validate correct scenario [8.97ms]
(pass) Test Scenario Builder > Scenario Validation > validateScenario > should detect missing required fields [0.20ms]
(pass) Test Scenario Builder > Scenario Validation > validateScenario > should detect invalid virtual users [0.47ms]
(pass) Test Scenario Builder > Scenario Validation > validateScenario > should detect invalid test duration [0.10ms]
(pass) Test Scenario Builder > Scenario Validation > validateScenario > should detect missing operations [0.04ms]
(pass) Test Scenario Builder > Scenario Validation > validateScenario > should detect incorrect operation weights
(pass) Test Scenario Builder > Scenario Validation > validateScenario > should generate warnings for high resource usage [0.16ms]
(pass) Test Scenario Builder > Scenario Validation > validateScenario > should generate warnings for strict success criteria [0.02ms]
(pass) Test Scenario Builder > Scenario Validation > validateScenario > should generate optimization suggestions [0.04ms]
(pass) Test Scenario Builder > Optimization Suggestions > getOptimizationSuggestions > should suggest performance optimizations [4.95ms]
(pass) Test Scenario Builder > Optimization Suggestions > getOptimizationSuggestions > should suggest reliability optimizations [0.28ms]
(pass) Test Scenario Builder > Optimization Suggestions > getOptimizationSuggestions > should suggest resource usage optimizations [0.05ms]
(pass) Test Scenario Builder > Optimization Suggestions > getOptimizationSuggestions > should include impact levels and recommendations [0.31ms]
(pass) Test Scenario Builder > Import/Export Functionality > exportScenario > should export scenario in JSON format [3.70ms]
(pass) Test Scenario Builder > Import/Export Functionality > exportScenario > should export scenario in YAML format [4.10ms]
(pass) Test Scenario Builder > Import/Export Functionality > exportScenario > should default to JSON format [0.18ms]
(pass) Test Scenario Builder > Import/Export Functionality > importScenario > should import scenario from JSON [0.22ms]
(pass) Test Scenario Builder > Import/Export Functionality > importScenario > should handle invalid JSON gracefully [0.05ms]
(pass) Test Scenario Builder > Import/Export Functionality > importScenario > should throw error for YAML import (not implemented) [0.23ms]
(pass) Test Scenario Builder > Performance Validation > should validate scenarios efficiently [2.37ms]
(pass) Test Scenario Builder > Performance Validation > should generate optimizations efficiently [0.95ms]

packages/collection-store/src/performance/__tests__/CrossComponentCorrelationAnalyzer.test.ts:
(pass) Cross-Component Correlation Analyzer > Monitoring Lifecycle > should start monitoring successfully [242.03ms]
(pass) Cross-Component Correlation Analyzer > Monitoring Lifecycle > should stop monitoring and generate report [270.68ms]
(pass) Cross-Component Correlation Analyzer > Monitoring Lifecycle > should throw error when starting monitoring twice [70.50ms]
(pass) Cross-Component Correlation Analyzer > Monitoring Lifecycle > should throw error when stopping inactive monitoring [0.66ms]
(pass) Cross-Component Correlation Analyzer > Component Metrics Management > should add component metrics successfully [0.63ms]
(pass) Cross-Component Correlation Analyzer > Component Metrics Management > should limit history size based on analysis window [1.65ms]
(pass) Cross-Component Correlation Analyzer > Component Metrics Management > should clear history successfully [0.16ms]
(pass) Cross-Component Correlation Analyzer > Correlation Analysis > should analyze correlations between components [1.25ms]
(pass) Cross-Component Correlation Analyzer > Correlation Analysis > should filter correlations by threshold [0.63ms]
(pass) Cross-Component Correlation Analyzer > Correlation Analysis > should analyze specific components when provided [0.22ms]
(pass) Cross-Component Correlation Analyzer > Cascade Effects Analysis > should detect cascade effects [1.50ms]
(pass) Cross-Component Correlation Analyzer > Cascade Effects Analysis > should sort cascade effects by impact magnitude [0.29ms]
(pass) Cross-Component Correlation Analyzer > Cascade Effects Analysis > should return empty array when cascade analysis is disabled [0.19ms]
(pass) Cross-Component Correlation Analyzer > Critical Path Analysis > should analyze critical paths [0.20ms]
(pass) Cross-Component Correlation Analyzer > Critical Path Analysis > should identify bottleneck components correctly [0.53ms]
(pass) Cross-Component Correlation Analyzer > Critical Path Analysis > should sort critical paths by total latency [0.77ms]
(pass) Cross-Component Correlation Analyzer > Critical Path Analysis > should return empty array when critical path analysis is disabled [0.34ms]
(pass) Cross-Component Correlation Analyzer > Resource Dependency Analysis > should analyze resource dependencies [0.80ms]
(pass) Cross-Component Correlation Analyzer > Resource Dependency Analysis > should identify high resource usage components [0.15ms]
(pass) Cross-Component Correlation Analyzer > Resource Dependency Analysis > should sort dependencies by contention level [0.38ms]
(pass) Cross-Component Correlation Analyzer > Resource Dependency Analysis > should return empty array when resource dependency analysis is disabled [0.14ms]
(pass) Cross-Component Correlation Analyzer > Optimization Recommendations > should generate correlation optimizations [0.31ms]
(pass) Cross-Component Correlation Analyzer > Optimization Recommendations > should provide different recommendations based on correlation patterns [0.02ms]
(pass) Cross-Component Correlation Analyzer > Optimization Recommendations > should provide architectural recommendations for many correlations [0.23ms]
(pass) Cross-Component Correlation Analyzer > Configuration Options > should respect custom correlation threshold [0.26ms]
(pass) Cross-Component Correlation Analyzer > Configuration Options > should handle detailed logging configuration [0.06ms]
(pass) Cross-Component Correlation Analyzer > Error Handling > should handle insufficient data gracefully [0.06ms]
(pass) Cross-Component Correlation Analyzer > Error Handling > should handle invalid correlation calculations [0.23ms]
(pass) Cross-Component Correlation Analyzer > Error Handling > should handle empty component lists [0.16ms]
(pass) Cross-Component Correlation Analyzer > Performance Validation > should complete analysis efficiently [166.55ms]
(pass) Cross-Component Correlation Analyzer > Performance Validation > should handle concurrent analysis requests [0.37ms]

packages/collection-store/src/performance/__tests__/PerformanceIntegrator.test.ts:
(pass) Performance Integrator > Initialization > should initialize with default config [0.07ms]
[PerformanceIntegrator] PerformanceIntegrator initialized with config: {
  enableMetricsCollection: false,
  baselineTestDuration: 30,
  baselineVirtualUsers: 5,
  resultStoragePath: "./custom-results",
  enableDetailedLogging: true,
  testMode: false,
  fastBaseline: false,
  mockScenarios: false,
  parallelBaseline: false,
}
(pass) Performance Integrator > Initialization > should initialize with custom config [0.15ms]
[MetricsCollector] Starting metrics collection with 1000ms interval
(pass) Performance Integrator > Initialization > should initialize successfully [17.61ms]
[MetricsCollector] Stopping metrics collection
[MetricsCollector] Starting metrics collection with 1000ms interval
(pass) Performance Integrator > Baseline Measurement > should measure baseline metrics successfully [6.99ms]
[MetricsCollector] Stopping metrics collection
[MetricsCollector] Starting metrics collection with 1000ms interval
(pass) Performance Integrator > Baseline Measurement > should store baseline metrics [7.00ms]
[MetricsCollector] Stopping metrics collection
[MetricsCollector] Starting metrics collection with 1000ms interval
(pass) Performance Integrator > Performance Test Suite > should run performance test suite successfully [57.17ms]
[MetricsCollector] Stopping metrics collection
[MetricsCollector] Starting metrics collection with 1000ms interval
(pass) Performance Integrator > Performance Test Suite > should run specific scenarios [105.96ms]
[MetricsCollector] Stopping metrics collection
[MetricsCollector] Starting metrics collection with 1000ms interval
(pass) Performance Integrator > Performance Comparison > should compare performance with baseline [19.24ms]
[MetricsCollector] Stopping metrics collection
[MetricsCollector] Starting metrics collection with 1000ms interval
[MetricsCollector] Starting metrics collection with 1000ms interval
(pass) Performance Integrator > Performance Comparison > should throw error when no baseline available [22.60ms]
[MetricsCollector] Stopping metrics collection
[MetricsCollector] Starting metrics collection with 1000ms interval
(pass) Performance Integrator > Scenario Validation > should validate all test scenarios [4.79ms]
[MetricsCollector] Stopping metrics collection
[MetricsCollector] Starting metrics collection with 1000ms interval
[MetricsCollector] Stopping metrics collection
(pass) Performance Integrator > Resource Management > should cleanup resources properly [18.18ms]

packages/collection-store/src/performance/__tests__/ComputedAttributesProfiler.test.ts:
(pass) ComputedAttributesProfiler > Monitoring Lifecycle > should start monitoring successfully [86.61ms]
(pass) ComputedAttributesProfiler > Monitoring Lifecycle > should stop monitoring and generate report [294.98ms]
(pass) ComputedAttributesProfiler > Monitoring Lifecycle > should throw error when starting monitoring twice [57.69ms]
(pass) ComputedAttributesProfiler > Monitoring Lifecycle > should throw error when stopping inactive monitoring [0.10ms]
(pass) ComputedAttributesProfiler > Computation Profiling > should profile computation performance [94.27ms]
(pass) ComputedAttributesProfiler > Computation Profiling > should generate recommendations for slow computation [172.35ms]
(pass) ComputedAttributesProfiler > Computation Profiling > should handle computation without dependencies [84.46ms]
(pass) ComputedAttributesProfiler > Cache Efficiency Analysis > should analyze cache efficiency [0.51ms]
(pass) ComputedAttributesProfiler > Cache Efficiency Analysis > should generate cache optimization recommendations [0.15ms]
(pass) ComputedAttributesProfiler > Metrics Collection > should collect computation metrics during monitoring [346.62ms]
(pass) ComputedAttributesProfiler > Metrics Collection > should clear history [388.06ms]
(pass) ComputedAttributesProfiler > Performance Analysis Report > should generate comprehensive analysis report [340.58ms]
(pass) ComputedAttributesProfiler > Performance Analysis Report > should identify bottlenecks and provide recommendations [212.84ms]
(pass) ComputedAttributesProfiler > Error Handling > should handle invalid computation configurations gracefully [56.54ms]
(pass) ComputedAttributesProfiler > Error Handling > should handle zero cache size [0.46ms]
(pass) ComputedAttributesProfiler > Error Handling > should handle zero operations [0.22ms]
(pass) ComputedAttributesProfiler > Configuration Options > should respect custom sampling interval [264.86ms]
(pass) ComputedAttributesProfiler > Configuration Options > should handle detailed logging configuration [0.21ms]
(pass) ComputedAttributesProfiler > Complex Scenarios > should handle multiple computation types [76.33ms]
(pass) ComputedAttributesProfiler > Complex Scenarios > should handle cache analysis with different sizes [0.57ms]

packages/collection-store/src/query/__tests__/bitwise.test.ts:
(pass) Bitwise Operators > BitsAllSetOperator ($bitsAllSet) > should return true if all specified bits (mask) are 1 [0.30ms]
(pass) Bitwise Operators > BitsAllSetOperator ($bitsAllSet) > should return false if any specified bit (mask) is 0
(pass) Bitwise Operators > BitsAllSetOperator ($bitsAllSet) > should return true if all specified bits (positions) are 1 [1.04ms]
(pass) Bitwise Operators > BitsAllSetOperator ($bitsAllSet) > should return false if any specified bit (position) is 0
(pass) Bitwise Operators > BitsAllSetOperator ($bitsAllSet) > should return false for non-integer or non-numeric values
(pass) Bitwise Operators > BitsAllSetOperator ($bitsAllSet) > should throw error for invalid constructor arguments [0.98ms]
(pass) Bitwise Operators > BitsAnySetOperator ($bitsAnySet) > should return true if any specified bit (mask) is 1
(pass) Bitwise Operators > BitsAnySetOperator ($bitsAnySet) > should return false if all specified bits (mask) are 0
(pass) Bitwise Operators > BitsAnySetOperator ($bitsAnySet) > should return true if any specified bit (position) is 1 [0.29ms]
(pass) Bitwise Operators > BitsAnySetOperator ($bitsAnySet) > should return false if all specified bits (position) are 0
(pass) Bitwise Operators > BitsAnySetOperator ($bitsAnySet) > should return false for non-integer or non-numeric values [0.14ms]
(pass) Bitwise Operators > BitsAnySetOperator ($bitsAnySet) > should throw error for invalid constructor arguments [0.27ms]
(pass) Bitwise Operators > BitsAllClearOperator ($bitsAllClear) > should return true if all specified bits (mask) are 0 [0.21ms]
(pass) Bitwise Operators > BitsAllClearOperator ($bitsAllClear) > should return false if any specified bit (mask) is 1
(pass) Bitwise Operators > BitsAllClearOperator ($bitsAllClear) > should return true if all specified bits (positions) are 0
(pass) Bitwise Operators > BitsAllClearOperator ($bitsAllClear) > should return false if any specified bit (position) is 1
(pass) Bitwise Operators > BitsAllClearOperator ($bitsAllClear) > should return false for non-integer or non-numeric values
(pass) Bitwise Operators > BitsAllClearOperator ($bitsAllClear) > should throw error for invalid constructor arguments [0.47ms]
(pass) Bitwise Operators > BitsAnyClearOperator ($bitsAnyClear) > should return true if any specified bit (mask) is 0 [0.24ms]
(pass) Bitwise Operators > BitsAnyClearOperator ($bitsAnyClear) > should return false if all specified bits (mask) are 1 [0.05ms]
(pass) Bitwise Operators > BitsAnyClearOperator ($bitsAnyClear) > should return true if any specified bit (position) is 0 [0.04ms]
(pass) Bitwise Operators > BitsAnyClearOperator ($bitsAnyClear) > should return false if all specified bits (position) are 1
(pass) Bitwise Operators > BitsAnyClearOperator ($bitsAnyClear) > should return false for non-integer or non-numeric values [0.05ms]
(pass) Bitwise Operators > BitsAnyClearOperator ($bitsAnyClear) > should throw error for invalid constructor arguments [0.20ms]

packages/collection-store/src/query/__tests__/compile-query-compatibility.test.ts:
(pass) Compile Query Compatibility > Basic Field Equality > should match simple string equality [9.48ms]
(pass) Compile Query Compatibility > Basic Field Equality > should match numeric equality [0.58ms]
(pass) Compile Query Compatibility > Basic Field Equality > should match boolean equality [1.02ms]
(pass) Compile Query Compatibility > Basic Field Equality > should match null equality [0.71ms]
(pass) Compile Query Compatibility > Basic Field Equality > should match nested field equality [1.29ms]
(pass) Compile Query Compatibility > Basic Field Equality > should match multiple fields (implicit $and) [0.57ms]
(pass) Compile Query Compatibility > Comparison Operators > should match $eq operator [0.23ms]
(pass) Compile Query Compatibility > Comparison Operators > should match $gt operator [0.53ms]
(pass) Compile Query Compatibility > Comparison Operators > should match $gte operator [0.37ms]
(pass) Compile Query Compatibility > Comparison Operators > should match $lt operator [0.12ms]
(pass) Compile Query Compatibility > Comparison Operators > should match $lte operator [0.07ms]
(pass) Compile Query Compatibility > Comparison Operators > should match $ne operator [0.19ms]
(pass) Compile Query Compatibility > Comparison Operators > should match $in operator with simple values [0.65ms]
(pass) Compile Query Compatibility > Comparison Operators > should match $in operator with array field [0.09ms]
(pass) Compile Query Compatibility > Comparison Operators > should match $nin operator [0.49ms]
(pass) Compile Query Compatibility > Comparison Operators > should match $nin operator with array field
(pass) Compile Query Compatibility > Logical Operators > should match $and operator [0.38ms]
(pass) Compile Query Compatibility > Logical Operators > should match $or operator [0.14ms]
(pass) Compile Query Compatibility > Logical Operators > should match $not operator [0.25ms]
(pass) Compile Query Compatibility > Logical Operators > should match $not with complex condition [0.16ms]
(pass) Compile Query Compatibility > Logical Operators > should match $nor operator
(pass) Compile Query Compatibility > Logical Operators > should match complex nested logical operators [0.12ms]
(pass) Compile Query Compatibility > Element Operators > should match $exists true [0.09ms]
(pass) Compile Query Compatibility > Element Operators > should match $exists false [0.04ms]
(pass) Compile Query Compatibility > Element Operators > should match $type string [0.10ms]
(pass) Compile Query Compatibility > Element Operators > should match $type number [0.11ms]
(pass) Compile Query Compatibility > Element Operators > should match $type boolean [0.08ms]
(pass) Compile Query Compatibility > Element Operators > should match $type array [0.27ms]
(pass) Compile Query Compatibility > Element Operators > should match $type object [0.20ms]
(pass) Compile Query Compatibility > Element Operators > should match $type null [0.13ms]
(pass) Compile Query Compatibility > Element Operators > should match $type with multiple types [0.29ms]
(pass) Compile Query Compatibility > Array Operators > should match $all operator [0.29ms]
(pass) Compile Query Compatibility > Array Operators > should match $all with multiple elements [0.30ms]
(pass) Compile Query Compatibility > Array Operators > should match $all with empty array [0.03ms]
(pass) Compile Query Compatibility > Array Operators > should match $size operator [0.21ms]
(pass) Compile Query Compatibility > Array Operators > should match $size with different sizes [0.16ms]
(pass) Compile Query Compatibility > Array Operators > should match $elemMatch operator [0.39ms]
(pass) Compile Query Compatibility > Evaluation Operators > should match $mod operator [0.16ms]
(pass) Compile Query Compatibility > Evaluation Operators > should match $mod with different values [0.05ms]
(pass) Compile Query Compatibility > Evaluation Operators > should match $regex with string pattern [0.08ms]
(pass) Compile Query Compatibility > Evaluation Operators > should match $regex with options [0.60ms]
(pass) Compile Query Compatibility > Evaluation Operators > should match $regex with RegExp object [0.28ms]
(pass) Compile Query Compatibility > Evaluation Operators > should match $regex with complex pattern [0.23ms]
(pass) Compile Query Compatibility > Evaluation Operators > should match $where operator with function [0.20ms]
Using string-based $where is a potential security risk and may impact performance. Ensure the code is trusted.
Using string-based $where is a potential security risk and may impact performance. Ensure the code is trusted.
(pass) Compile Query Compatibility > Evaluation Operators > should match $where operator with string [0.67ms]
(pass) Compile Query Compatibility > Bitwise Operators > should match $bitsAllSet operator
(pass) Compile Query Compatibility > Bitwise Operators > should match $bitsAnySet operator
(pass) Compile Query Compatibility > Bitwise Operators > should match $bitsAllClear operator
(pass) Compile Query Compatibility > Bitwise Operators > should match $bitsAnyClear operator [0.59ms]
(pass) Compile Query Compatibility > Bitwise Operators > should match bitwise operators with array positions [0.08ms]
(pass) Compile Query Compatibility > Text Search Operator > should match $text operator [0.25ms]
(pass) Compile Query Compatibility > Text Search Operator > should match $text with case sensitivity
(pass) Compile Query Compatibility > Complex Queries > should match complex nested query [0.41ms]
(pass) Compile Query Compatibility > Complex Queries > should match query with mixed operators [0.57ms]
(pass) Compile Query Compatibility > Complex Queries > should match query with array operations [1.05ms]
(pass) Compile Query Compatibility > Complex Queries > should match query with bitwise and regex [0.26ms]
(pass) Compile Query Compatibility > Edge Cases > should handle empty query [0.13ms]
(pass) Compile Query Compatibility > Edge Cases > should handle query with undefined values [0.07ms]
(pass) Compile Query Compatibility > Edge Cases > should handle query with nested undefined [0.27ms]
(pass) Compile Query Compatibility > Edge Cases > should handle regex with special characters
(pass) Compile Query Compatibility > Edge Cases > should handle $in with mixed types [0.37ms]
(pass) Compile Query Compatibility > Edge Cases > should handle deeply nested fields [0.02ms]

packages/collection-store/src/query/__tests__/query-integration.test.ts:
(pass) Query Integration > Basic Field Equality > should find users by exact name match [1.23ms]
(pass) Query Integration > Basic Field Equality > should find users by status [0.18ms]
(pass) Query Integration > Basic Field Equality > should find users by numeric id [0.08ms]
(pass) Query Integration > Comparison Operators > should find users older than 30 using $gt [0.10ms]
(pass) Query Integration > Comparison Operators > should find users with age >= 30 using $gte [0.07ms]
(pass) Query Integration > Comparison Operators > should find users younger than 30 using $lt [0.07ms]
(pass) Query Integration > Comparison Operators > should find users with score <= 85 using $lte [0.06ms]
(pass) Query Integration > Comparison Operators > should find users not named Alice using $ne [0.05ms]
(pass) Query Integration > Array Operators > should find users with specific status using $in [0.16ms]
(pass) Query Integration > Array Operators > should find users without specific status using $nin [0.06ms]
(pass) Query Integration > Array Operators > should find users with all specified tags using $all [0.05ms]
(pass) Query Integration > Array Operators > should find users with arrays of specific size using $size [0.03ms]
(pass) Query Integration > Logical Operators > should find active developers using $and [0.20ms]
(pass) Query Integration > Logical Operators > should find users who are either young or have high score using $or [0.04ms]
(pass) Query Integration > Logical Operators > should find users who are NOT inactive using $not [0.07ms]
(pass) Query Integration > Logical Operators > should find users who are neither young nor have low score using $nor [0.06ms]
(pass) Query Integration > Element Operators > should find users where age field exists using $exists [0.13ms]
(pass) Query Integration > Element Operators > should find users where non-existent field does not exist using $exists [0.03ms]
(pass) Query Integration > Element Operators > should find users by field type using $type [0.08ms]
(pass) Query Integration > Element Operators > should find numeric fields using $type [0.05ms]
(pass) Query Integration > Complex Queries > should handle complex nested query with multiple operators [0.15ms]
(pass) Query Integration > Complex Queries > should handle query with implicit AND (multiple fields) [0.10ms]
(pass) Query Integration > Complex Queries > should handle empty query (matches all) [0.10ms]
(pass) Query Integration > Edge Cases > should handle query that matches no documents [0.06ms]
(pass) Query Integration > Edge Cases > should handle query with null values [0.06ms]
(pass) Query Integration > Edge Cases > should handle query with undefined values [0.29ms]
(pass) Query Integration > Performance and Functionality > should work with large dataset efficiently [1.90ms]
(pass) Query Integration > Performance and Functionality > should be reusable across different datasets [0.05ms]

packages/collection-store/src/query/__tests__/logical.test.ts:
(pass) Logical Operators > AndOperator ($and) > should evaluate to true if all sub-conditions evaluate to true [0.45ms]
(pass) Logical Operators > AndOperator ($and) > should evaluate to false if any sub-condition evaluates to false
(pass) Logical Operators > AndOperator ($and) > should evaluate to true for an empty array of conditions (vacuously true)
(pass) Logical Operators > AndOperator ($and) > should pass context to sub-conditions if needed [0.03ms]
(pass) Logical Operators > AndOperator ($and) > should throw error if constructor value is not an array
(pass) Logical Operators > AndOperator ($and) > should throw error if array elements are not objects (potential QueryOperators)
(pass) Logical Operators > OrOperator ($or) > should evaluate to true if any sub-condition evaluates to true
(pass) Logical Operators > OrOperator ($or) > should evaluate to false if all sub-conditions evaluate to false
(pass) Logical Operators > OrOperator ($or) > should evaluate to false for an empty array of conditions (vacuously false)
(pass) Logical Operators > OrOperator ($or) > should pass context to sub-conditions if needed
(pass) Logical Operators > OrOperator ($or) > should throw error if constructor value is not an array
(pass) Logical Operators > OrOperator ($or) > should throw error if array elements are not objects (potential QueryOperators)
(pass) Logical Operators > NotOperator ($not) > should invert the result of the sub-condition
(pass) Logical Operators > NotOperator ($not) > should work with regex sub-condition [0.41ms]
(pass) Logical Operators > NotOperator ($not) > should pass context to sub-condition if needed [0.02ms]
(pass) Logical Operators > NotOperator ($not) > should throw error if constructor value is not an object
(pass) Logical Operators > NorOperator ($nor) > should evaluate to true if all sub-conditions evaluate to false [0.28ms]
(pass) Logical Operators > NorOperator ($nor) > should evaluate to false if any sub-condition evaluates to true
(pass) Logical Operators > NorOperator ($nor) > should evaluate to true for an empty array of conditions (vacuously true) [0.05ms]
(pass) Logical Operators > NorOperator ($nor) > should pass context to sub-conditions if needed
(pass) Logical Operators > NorOperator ($nor) > should throw error if constructor value is not an array
(pass) Logical Operators > NorOperator ($nor) > should throw error if array elements are not objects (potential QueryOperators)

packages/collection-store/src/query/__tests__/compile_query.test.ts:
(pass) compileQuery > Field Equality > should compile simple equality check [0.11ms]
(pass) compileQuery > Field Equality > should compile nested field equality check [0.10ms]
(pass) compileQuery > Field Equality > should handle field names requiring bracket notation [0.16ms]
(pass) compileQuery > Field Equality > should handle multiple field checks (implicit AND) [0.08ms]
(pass) compileQuery > Comparison Operators > should compile $eq [0.03ms]
(pass) compileQuery > Comparison Operators > should compile $gt [0.10ms]
(pass) compileQuery > Comparison Operators > should compile $gte [0.01ms]
(pass) compileQuery > Comparison Operators > should compile $lt [0.10ms]
(pass) compileQuery > Comparison Operators > should compile $lte [0.04ms]
(pass) compileQuery > Comparison Operators > should compile $ne [0.06ms]
(pass) compileQuery > Comparison Operators > should compile $in [0.06ms]
(pass) compileQuery > Comparison Operators > should compile $in with different types [0.03ms]
(pass) compileQuery > Comparison Operators > should compile $nin [0.06ms]
(pass) compileQuery > Logical Operators > should compile $and [0.09ms]
(pass) compileQuery > Logical Operators > should compile $or [0.08ms]
(pass) compileQuery > Logical Operators > should compile $not [0.06ms]
(pass) compileQuery > Logical Operators > should compile $not with field [0.06ms]
(pass) compileQuery > Logical Operators > should compile $nor [0.05ms]
(pass) compileQuery > Logical Operators > should handle nested logical operators [0.10ms]
(pass) compileQuery > Element Operators > should compile $exists: true [0.10ms]
(pass) compileQuery > Element Operators > should compile $exists: false [0.03ms]
(pass) compileQuery > Element Operators > should compile $exists on nested fields [0.06ms]
(pass) compileQuery > Evaluation Operators > $regex > should compile $regex with string value [0.05ms]
(pass) compileQuery > Evaluation Operators > $regex > should compile $regex with standard RegExp value [0.11ms]
(pass) compileQuery > Evaluation Operators > $regex > should compile implicit $regex with RegExp at field level [0.23ms]
(pass) compileQuery > Evaluation Operators > $regex > should compile $regex with $options [0.08ms]
(pass) compileQuery > Evaluation Operators > $regex > should handle multiple regex on different fields [0.17ms]
(pass) compileQuery > Evaluation Operators > $regex > should return false for invalid $regex pattern at runtime
Error during query compilation: $regex: $regex: Invalid regex flags specified: invalid (value: {"$regex":"test","$options":"invalid"}) 53 |         )
54 |       } catch (e) {
55 |         valueString = String(value) // Fallback to simple string conversion
56 |       }
57 |     }
58 |     super(
         ^
QueryOperatorError: $regex: $regex: Invalid regex flags specified: invalid (value: {"$regex":"test","$options":"invalid"})
 operator: "$regex",
    value: {
  $regex: "test",
  $options: "invalid",
},

      at new QueryOperatorError (/Users/vedmalex/work/collection-store/packages/collection-store/src/query/types.ts:58:5)
      at compileOperator (/Users/vedmalex/work/collection-store/packages/collection-store/src/query/compile_query.ts:678:15)
      at map (1:11)
      at buildCodeRecursive (/Users/vedmalex/work/collection-store/packages/collection-store/src/query/compile_query.ts:416:32)
      at compileQuery (/Users/vedmalex/work/collection-store/packages/collection-store/src/query/compile_query.ts:79:28)
      at <anonymous> (/Users/vedmalex/work/collection-store/packages/collection-store/src/query/__tests__/compile_query.test.ts:360:32)

(pass) compileQuery > Evaluation Operators > $regex > should return error for invalid $options string during compilation [0.83ms]
Error during query compilation: $regex: $regex: $regex requires a string, RegExp, or { $regex, $options } object (value: 123) 53 |         )
54 |       } catch (e) {
55 |         valueString = String(value) // Fallback to simple string conversion
56 |       }
57 |     }
58 |     super(
         ^
QueryOperatorError: $regex: $regex: $regex requires a string, RegExp, or { $regex, $options } object (value: 123)
 operator: "$regex",
    value: 123,

      at new QueryOperatorError (/Users/vedmalex/work/collection-store/packages/collection-store/src/query/types.ts:58:5)
      at compileOperator (/Users/vedmalex/work/collection-store/packages/collection-store/src/query/compile_query.ts:669:15)
      at map (1:11)
      at buildCodeRecursive (/Users/vedmalex/work/collection-store/packages/collection-store/src/query/compile_query.ts:416:32)
      at compileQuery (/Users/vedmalex/work/collection-store/packages/collection-store/src/query/compile_query.ts:79:28)
      at <anonymous> (/Users/vedmalex/work/collection-store/packages/collection-store/src/query/__tests__/compile_query.test.ts:366:32)

(pass) compileQuery > Evaluation Operators > $regex > should return error if $regex value is not string/RegExp/object
Error during query compilation: $regex: $regex: $options requires a string (value: {"$regex":"test","$options":123}) 53 |         )
54 |       } catch (e) {
55 |         valueString = String(value) // Fallback to simple string conversion
56 |       }
57 |     }
58 |     super(
         ^
QueryOperatorError: $regex: $regex: $options requires a string (value: {"$regex":"test","$options":123})
 operator: "$regex",
    value: {
  $regex: "test",
  $options: 123,
},

      at new QueryOperatorError (/Users/vedmalex/work/collection-store/packages/collection-store/src/query/types.ts:58:5)
      at compileOperator (/Users/vedmalex/work/collection-store/packages/collection-store/src/query/compile_query.ts:660:19)
      at map (1:11)
      at buildCodeRecursive (/Users/vedmalex/work/collection-store/packages/collection-store/src/query/compile_query.ts:416:32)
      at compileQuery (/Users/vedmalex/work/collection-store/packages/collection-store/src/query/compile_query.ts:79:28)
      at <anonymous> (/Users/vedmalex/work/collection-store/packages/collection-store/src/query/__tests__/compile_query.test.ts:372:32)

(pass) compileQuery > Evaluation Operators > $regex > should return error if $options value is not string [0.34ms]
(pass) compileQuery > Evaluation Operators > $type > should match type using string alias [0.05ms]
(pass) compileQuery > Evaluation Operators > $type > should match type number
(pass) compileQuery > Evaluation Operators > $type > should match type using array of type names [0.14ms]
(pass) compileQuery > Evaluation Operators > $type > should match null type
(pass) compileQuery > Evaluation Operators > $type > should match undefined type
(pass) compileQuery > Evaluation Operators > $type > should match array type
(pass) compileQuery > Evaluation Operators > $type > should match object type [0.33ms]
(pass) compileQuery > Evaluation Operators > $type > should match date type [0.09ms]
(pass) compileQuery > Evaluation Operators > $type > should match regexp type
Error during query compilation: $type: Invalid type name specified for $type: invalidtype (value: "invalidType") 53 |         )
54 |       } catch (e) {
55 |         valueString = String(value) // Fallback to simple string conversion
56 |       }
57 |     }
58 |     super(
         ^
QueryOperatorError: $type: Invalid type name specified for $type: invalidtype (value: "invalidType")
 operator: "$type",
    value: "invalidType",

      at new QueryOperatorError (/Users/vedmalex/work/collection-store/packages/collection-store/src/query/types.ts:58:5)
      at compileOperator (/Users/vedmalex/work/collection-store/packages/collection-store/src/query/compile_query.ts:618:17)
      at map (1:11)
      at buildCodeRecursive (/Users/vedmalex/work/collection-store/packages/collection-store/src/query/compile_query.ts:416:32)
      at compileQuery (/Users/vedmalex/work/collection-store/packages/collection-store/src/query/compile_query.ts:79:28)
      at <anonymous> (/Users/vedmalex/work/collection-store/packages/collection-store/src/query/__tests__/compile_query.test.ts:474:32)

(pass) compileQuery > Evaluation Operators > $type > should return error for invalid type alias [0.11ms]
Error during query compilation: $type: Invalid type name specified for $type: invalidtype (value: ["string","invalidType"]) 53 |         )
54 |       } catch (e) {
55 |         valueString = String(value) // Fallback to simple string conversion
56 |       }
57 |     }
58 |     super(
         ^
QueryOperatorError: $type: Invalid type name specified for $type: invalidtype (value: ["string","invalidType"])
 operator: "$type",
    value: [
  "string", "invalidType"
],

      at new QueryOperatorError (/Users/vedmalex/work/collection-store/packages/collection-store/src/query/types.ts:58:5)
      at compileOperator (/Users/vedmalex/work/collection-store/packages/collection-store/src/query/compile_query.ts:618:17)
      at map (1:11)
      at buildCodeRecursive (/Users/vedmalex/work/collection-store/packages/collection-store/src/query/compile_query.ts:416:32)
      at compileQuery (/Users/vedmalex/work/collection-store/packages/collection-store/src/query/compile_query.ts:79:28)
      at <anonymous> (/Users/vedmalex/work/collection-store/packages/collection-store/src/query/__tests__/compile_query.test.ts:480:32)

(pass) compileQuery > Evaluation Operators > $type > should return error for invalid type in array
Error during query compilation: $type: $type requires a type name string or an array of type name strings (value: {"invalid":true}) 53 |         )
54 |       } catch (e) {
55 |         valueString = String(value) // Fallback to simple string conversion
56 |       }
57 |     }
58 |     super(
         ^
QueryOperatorError: $type: $type requires a type name string or an array of type name strings (value: {"invalid":true})
 operator: "$type",
    value: {
  invalid: true,
},

      at new QueryOperatorError (/Users/vedmalex/work/collection-store/packages/collection-store/src/query/types.ts:58:5)
      at compileOperator (/Users/vedmalex/work/collection-store/packages/collection-store/src/query/compile_query.ts:594:15)
      at map (1:11)
      at buildCodeRecursive (/Users/vedmalex/work/collection-store/packages/collection-store/src/query/compile_query.ts:416:32)
      at compileQuery (/Users/vedmalex/work/collection-store/packages/collection-store/src/query/compile_query.ts:79:28)
      at <anonymous> (/Users/vedmalex/work/collection-store/packages/collection-store/src/query/__tests__/compile_query.test.ts:486:32)

(pass) compileQuery > Evaluation Operators > $type > should return error if value is not string/array
(pass) compileQuery > Evaluation Operators > $type > should match special object types (date, regexp, buffer) [0.80ms]
(pass) compileQuery > Evaluation Operators (Compiled) > $mod > should compile $mod operator
(pass) compileQuery > Evaluation Operators (Compiled) > $mod > should compile $mod with non-zero remainder
(pass) compileQuery > Evaluation Operators (Compiled) > $mod > should return false for non-integer values with $mod
Error during query compilation: $mod: $mod divisor cannot be 0 (value: [0,1]) 53 |         )
54 |       } catch (e) {
55 |         valueString = String(value) // Fallback to simple string conversion
56 |       }
57 |     }
58 |     super(
         ^
QueryOperatorError: $mod: $mod divisor cannot be 0 (value: [0,1])
 operator: "$mod",
    value: [
  0, 1
],

      at new QueryOperatorError (/Users/vedmalex/work/collection-store/packages/collection-store/src/query/types.ts:58:5)
      at compileOperator (/Users/vedmalex/work/collection-store/packages/collection-store/src/query/compile_query.ts:717:15)
      at map (1:11)
      at buildCodeRecursive (/Users/vedmalex/work/collection-store/packages/collection-store/src/query/compile_query.ts:416:32)
      at compileQuery (/Users/vedmalex/work/collection-store/packages/collection-store/src/query/compile_query.ts:79:28)
      at <anonymous> (/Users/vedmalex/work/collection-store/packages/collection-store/src/query/__tests__/compile_query.test.ts:537:16)

Error during query compilation: $mod: $mod requires divisor and remainder to be integers (value: [4,1.5]) 53 |         )
54 |       } catch (e) {
55 |         valueString = String(value) // Fallback to simple string conversion
56 |       }
57 |     }
58 |     super(
         ^
QueryOperatorError: $mod: $mod requires divisor and remainder to be integers (value: [4,1.5])
 operator: "$mod",
    value: [
  4, 1.5
],

      at new QueryOperatorError (/Users/vedmalex/work/collection-store/packages/collection-store/src/query/types.ts:58:5)
      at compileOperator (/Users/vedmalex/work/collection-store/packages/collection-store/src/query/compile_query.ts:710:15)
      at map (1:11)
      at buildCodeRecursive (/Users/vedmalex/work/collection-store/packages/collection-store/src/query/compile_query.ts:416:32)
      at compileQuery (/Users/vedmalex/work/collection-store/packages/collection-store/src/query/compile_query.ts:79:28)
      at <anonymous> (/Users/vedmalex/work/collection-store/packages/collection-store/src/query/__tests__/compile_query.test.ts:538:16)

Error during query compilation: $mod: $mod requires an array with [ divisor, remainder ] (value: [4]) 53 |         )
54 |       } catch (e) {
55 |         valueString = String(value) // Fallback to simple string conversion
56 |       }
57 |     }
58 |     super(
         ^
QueryOperatorError: $mod: $mod requires an array with [ divisor, remainder ] (value: [4])
 operator: "$mod",
    value: [
  4
],

      at new QueryOperatorError (/Users/vedmalex/work/collection-store/packages/collection-store/src/query/types.ts:58:5)
      at compileOperator (/Users/vedmalex/work/collection-store/packages/collection-store/src/query/compile_query.ts:696:15)
      at map (1:11)
      at buildCodeRecursive (/Users/vedmalex/work/collection-store/packages/collection-store/src/query/compile_query.ts:416:32)
      at compileQuery (/Users/vedmalex/work/collection-store/packages/collection-store/src/query/compile_query.ts:79:28)
      at <anonymous> (/Users/vedmalex/work/collection-store/packages/collection-store/src/query/__tests__/compile_query.test.ts:539:16)

Error during query compilation: $mod: $mod requires an array with [ divisor, remainder ] (value: "invalid") 53 |         )
54 |       } catch (e) {
55 |         valueString = String(value) // Fallback to simple string conversion
56 |       }
57 |     }
58 |     super(
         ^
QueryOperatorError: $mod: $mod requires an array with [ divisor, remainder ] (value: "invalid")
 operator: "$mod",
    value: "invalid",

      at new QueryOperatorError (/Users/vedmalex/work/collection-store/packages/collection-store/src/query/types.ts:58:5)
      at compileOperator (/Users/vedmalex/work/collection-store/packages/collection-store/src/query/compile_query.ts:696:15)
      at map (1:11)
      at buildCodeRecursive (/Users/vedmalex/work/collection-store/packages/collection-store/src/query/compile_query.ts:416:32)
      at compileQuery (/Users/vedmalex/work/collection-store/packages/collection-store/src/query/compile_query.ts:79:28)
      at <anonymous> (/Users/vedmalex/work/collection-store/packages/collection-store/src/query/__tests__/compile_query.test.ts:540:16)

(pass) compileQuery > Evaluation Operators (Compiled) > $mod > should return error for invalid $mod arguments during compilation
Using string-based $where is a potential security risk and may impact performance. Ensure the code is trusted.
(pass) compileQuery > Evaluation Operators (Compiled) > $where > should compile $where with a function string [0.51ms]
Error executing $where function: undefined is not an object (evaluating 'this.tags.includes') {}
(pass) compileQuery > Evaluation Operators (Compiled) > $where > should compile $where with a function object [0.04ms]
Using string-based $where is a potential security risk and may impact performance. Ensure the code is trusted.
(pass) compileQuery > Evaluation Operators (Compiled) > $where > should compile query combining $where and other conditions
Error during query compilation: $where: $where requires a string or function argument (value: 123) 53 |         )
54 |       } catch (e) {
55 |         valueString = String(value) // Fallback to simple string conversion
56 |       }
57 |     }
58 |     super(
         ^
QueryOperatorError: $where: $where requires a string or function argument (value: 123)
 operator: "$where",
    value: 123,

      at new QueryOperatorError (/Users/vedmalex/work/collection-store/packages/collection-store/src/query/types.ts:58:5)
      at compileOperator (/Users/vedmalex/work/collection-store/packages/collection-store/src/query/compile_query.ts:729:15)
      at buildCodeRecursive (/Users/vedmalex/work/collection-store/packages/collection-store/src/query/compile_query.ts:341:9)
      at compileQuery (/Users/vedmalex/work/collection-store/packages/collection-store/src/query/compile_query.ts:79:28)
      at <anonymous> (/Users/vedmalex/work/collection-store/packages/collection-store/src/query/__tests__/compile_query.test.ts:586:16)

Error during query compilation: $where: $where requires a string or function argument (value: null) 53 |         )
54 |       } catch (e) {
55 |         valueString = String(value) // Fallback to simple string conversion
56 |       }
57 |     }
58 |     super(
         ^
QueryOperatorError: $where: $where requires a string or function argument (value: null)
 operator: "$where",
    value: null,

      at new QueryOperatorError (/Users/vedmalex/work/collection-store/packages/collection-store/src/query/types.ts:58:5)
      at compileOperator (/Users/vedmalex/work/collection-store/packages/collection-store/src/query/compile_query.ts:729:15)
      at buildCodeRecursive (/Users/vedmalex/work/collection-store/packages/collection-store/src/query/compile_query.ts:341:9)
      at compileQuery (/Users/vedmalex/work/collection-store/packages/collection-store/src/query/compile_query.ts:79:28)
      at <anonymous> (/Users/vedmalex/work/collection-store/packages/collection-store/src/query/__tests__/compile_query.test.ts:587:16)

Using string-based $where is a potential security risk and may impact performance. Ensure the code is trusted.
Error during query compilation: $where: Invalid $where JavaScript expression: Unexpected identifier 'syntax'. Expected ')' to end a compound expression. (value: "invalid syntax ===") 53 |         )
54 |       } catch (e) {
55 |         valueString = String(value) // Fallback to simple string conversion
56 |       }
57 |     }
58 |     super(
         ^
QueryOperatorError: $where: Invalid $where JavaScript expression: Unexpected identifier 'syntax'. Expected ')' to end a compound expression. (value: "invalid syntax ===")
 operator: "$where",
    value: "invalid syntax ===",

      at new QueryOperatorError (/Users/vedmalex/work/collection-store/packages/collection-store/src/query/types.ts:58:5)
      at new WhereOperator (/Users/vedmalex/work/collection-store/packages/collection-store/src/query/evaluation.ts:162:15)
      at compileOperator (/Users/vedmalex/work/collection-store/packages/collection-store/src/query/compile_query.ts:736:25)
      at buildCodeRecursive (/Users/vedmalex/work/collection-store/packages/collection-store/src/query/compile_query.ts:341:9)
      at compileQuery (/Users/vedmalex/work/collection-store/packages/collection-store/src/query/compile_query.ts:79:28)
      at <anonymous> (/Users/vedmalex/work/collection-store/packages/collection-store/src/query/__tests__/compile_query.test.ts:590:16)

(pass) compileQuery > Evaluation Operators (Compiled) > $where > should return error during compilation for invalid $where argument
Error executing $where function: Oops {
  a: 1,
}
(pass) compileQuery > Evaluation Operators (Compiled) > $where > should handle errors within the $where function execution
(pass) compileQuery > Evaluation Operators (Compiled) > $text > should compile $text with simple search string
(pass) compileQuery > Evaluation Operators (Compiled) > $text > should compile $text with $caseSensitive: true [0.54ms]
(pass) compileQuery > Evaluation Operators (Compiled) > $text > should compile $text with $caseSensitive: false
(pass) compileQuery > Evaluation Operators (Compiled) > $text > should compile $text with search string containing extra spaces
Error during query compilation: $text: $text requires an object with a $search property (value: {"$caseSensitive":false}) 53 |         )
54 |       } catch (e) {
55 |         valueString = String(value) // Fallback to simple string conversion
56 |       }
57 |     }
58 |     super(
         ^
QueryOperatorError: $text: $text requires an object with a $search property (value: {"$caseSensitive":false})
 operator: "$text",
    value: {
  $caseSensitive: false,
},

      at new QueryOperatorError (/Users/vedmalex/work/collection-store/packages/collection-store/src/query/types.ts:58:5)
      at compileOperator (/Users/vedmalex/work/collection-store/packages/collection-store/src/query/compile_query.ts:759:15)
      at map (1:11)
      at buildCodeRecursive (/Users/vedmalex/work/collection-store/packages/collection-store/src/query/compile_query.ts:416:32)
      at compileQuery (/Users/vedmalex/work/collection-store/packages/collection-store/src/query/compile_query.ts:79:28)
      at <anonymous> (/Users/vedmalex/work/collection-store/packages/collection-store/src/query/__tests__/compile_query.test.ts:650:26)

(pass) compileQuery > Evaluation Operators (Compiled) > $text > should return error during compilation for missing $search
Error during query compilation: $text: $text operator requires $search to be a string (value: {"$search":123}) 53 |         )
54 |       } catch (e) {
55 |         valueString = String(value) // Fallback to simple string conversion
56 |       }
57 |     }
58 |     super(
         ^
QueryOperatorError: $text: $text operator requires $search to be a string (value: {"$search":123})
 operator: "$text",
    value: {
  $search: 123,
},

      at new QueryOperatorError (/Users/vedmalex/work/collection-store/packages/collection-store/src/query/types.ts:58:5)
      at compileOperator (/Users/vedmalex/work/collection-store/packages/collection-store/src/query/compile_query.ts:768:15)
      at map (1:11)
      at buildCodeRecursive (/Users/vedmalex/work/collection-store/packages/collection-store/src/query/compile_query.ts:416:32)
      at compileQuery (/Users/vedmalex/work/collection-store/packages/collection-store/src/query/compile_query.ts:79:28)
      at <anonymous> (/Users/vedmalex/work/collection-store/packages/collection-store/src/query/__tests__/compile_query.test.ts:656:26)

(pass) compileQuery > Evaluation Operators (Compiled) > $text > should return error during compilation for non-string $search
Error during query compilation: $text: $text operator $search string cannot be empty (value: {"$search":" "}) 53 |         )
54 |       } catch (e) {
55 |         valueString = String(value) // Fallback to simple string conversion
56 |       }
57 |     }
58 |     super(
         ^
QueryOperatorError: $text: $text operator $search string cannot be empty (value: {"$search":" "})
 operator: "$text",
    value: {
  $search: " ",
},

      at new QueryOperatorError (/Users/vedmalex/work/collection-store/packages/collection-store/src/query/types.ts:58:5)
      at compileOperator (/Users/vedmalex/work/collection-store/packages/collection-store/src/query/compile_query.ts:776:15)
      at map (1:11)
      at buildCodeRecursive (/Users/vedmalex/work/collection-store/packages/collection-store/src/query/compile_query.ts:416:32)
      at compileQuery (/Users/vedmalex/work/collection-store/packages/collection-store/src/query/compile_query.ts:79:28)
      at <anonymous> (/Users/vedmalex/work/collection-store/packages/collection-store/src/query/__tests__/compile_query.test.ts:662:26)

(pass) compileQuery > Evaluation Operators (Compiled) > $text > should return error during compilation for empty $search string [0.25ms]
Error during query compilation: $text: $text operator $caseSensitive must be a boolean (value: {"$search":"test","$caseSensitive":"yes"}) 53 |         )
54 |       } catch (e) {
55 |         valueString = String(value) // Fallback to simple string conversion
56 |       }
57 |     }
58 |     super(
         ^
QueryOperatorError: $text: $text operator $caseSensitive must be a boolean (value: {"$search":"test","$caseSensitive":"yes"})
 operator: "$text",
    value: {
  $search: "test",
  $caseSensitive: "yes",
},

      at new QueryOperatorError (/Users/vedmalex/work/collection-store/packages/collection-store/src/query/types.ts:58:5)
      at compileOperator (/Users/vedmalex/work/collection-store/packages/collection-store/src/query/compile_query.ts:786:17)
      at map (1:11)
      at buildCodeRecursive (/Users/vedmalex/work/collection-store/packages/collection-store/src/query/compile_query.ts:416:32)
      at compileQuery (/Users/vedmalex/work/collection-store/packages/collection-store/src/query/compile_query.ts:79:28)
      at <anonymous> (/Users/vedmalex/work/collection-store/packages/collection-store/src/query/__tests__/compile_query.test.ts:668:26)

(pass) compileQuery > Evaluation Operators (Compiled) > $text > should return error during compilation for non-boolean $caseSensitive
(pass) compileQuery > Bitwise Operators (Compiled) > $bitsAllSet > should compile $bitsAllSet with bitmask
(pass) compileQuery > Bitwise Operators (Compiled) > $bitsAllSet > should compile $bitsAllSet with position array
Error during query compilation: $bitsAllSet: $bitsAllSet requires a non-negative integer bitmask or an array of non-negative bit positions (value: -1) 53 |         )
54 |       } catch (e) {
55 |         valueString = String(value) // Fallback to simple string conversion
56 |       }
57 |     }
58 |     super(
         ^
QueryOperatorError: $bitsAllSet: $bitsAllSet requires a non-negative integer bitmask or an array of non-negative bit positions (value: -1)
 operator: "$bitsAllSet",
    value: -1,

      at new QueryOperatorError (/Users/vedmalex/work/collection-store/packages/collection-store/src/query/types.ts:58:5)
      at compileOperator (/Users/vedmalex/work/collection-store/packages/collection-store/src/query/compile_query.ts:837:15)
      at map (1:11)
      at buildCodeRecursive (/Users/vedmalex/work/collection-store/packages/collection-store/src/query/compile_query.ts:416:32)
      at compileQuery (/Users/vedmalex/work/collection-store/packages/collection-store/src/query/compile_query.ts:79:28)
      at <anonymous> (/Users/vedmalex/work/collection-store/packages/collection-store/src/query/__tests__/compile_query.test.ts:703:16)

Error during query compilation: $bitsAllSet: $bitsAllSet requires a non-negative integer bitmask or an array of non-negative bit positions (value: 1.5) 53 |         )
54 |       } catch (e) {
55 |         valueString = String(value) // Fallback to simple string conversion
56 |       }
57 |     }
58 |     super(
         ^
QueryOperatorError: $bitsAllSet: $bitsAllSet requires a non-negative integer bitmask or an array of non-negative bit positions (value: 1.5)
 operator: "$bitsAllSet",
    value: 1.5,

      at new QueryOperatorError (/Users/vedmalex/work/collection-store/packages/collection-store/src/query/types.ts:58:5)
      at compileOperator (/Users/vedmalex/work/collection-store/packages/collection-store/src/query/compile_query.ts:837:15)
      at map (1:11)
      at buildCodeRecursive (/Users/vedmalex/work/collection-store/packages/collection-store/src/query/compile_query.ts:416:32)
      at compileQuery (/Users/vedmalex/work/collection-store/packages/collection-store/src/query/compile_query.ts:79:28)
      at <anonymous> (/Users/vedmalex/work/collection-store/packages/collection-store/src/query/__tests__/compile_query.test.ts:704:16)

Error during query compilation: $bitsAllSet: Bit positions must be non-negative integers in $bitsAllSet (value: [-1]) 53 |         )
54 |       } catch (e) {
55 |         valueString = String(value) // Fallback to simple string conversion
56 |       }
57 |     }
58 |     super(
         ^
QueryOperatorError: $bitsAllSet: Bit positions must be non-negative integers in $bitsAllSet (value: [-1])
 operator: "$bitsAllSet",
    value: [
  -1
],

      at new QueryOperatorError (/Users/vedmalex/work/collection-store/packages/collection-store/src/query/types.ts:58:5)
      at compileOperator (/Users/vedmalex/work/collection-store/packages/collection-store/src/query/compile_query.ts:828:19)
      at map (1:11)
      at buildCodeRecursive (/Users/vedmalex/work/collection-store/packages/collection-store/src/query/compile_query.ts:416:32)
      at compileQuery (/Users/vedmalex/work/collection-store/packages/collection-store/src/query/compile_query.ts:79:28)
      at <anonymous> (/Users/vedmalex/work/collection-store/packages/collection-store/src/query/__tests__/compile_query.test.ts:705:16)

Error during query compilation: $bitsAllSet: $bitsAllSet requires a non-negative integer bitmask or an array of non-negative bit positions (value: "invalid") 53 |         )
54 |       } catch (e) {
55 |         valueString = String(value) // Fallback to simple string conversion
56 |       }
57 |     }
58 |     super(
         ^
QueryOperatorError: $bitsAllSet: $bitsAllSet requires a non-negative integer bitmask or an array of non-negative bit positions (value: "invalid")
 operator: "$bitsAllSet",
    value: "invalid",

      at new QueryOperatorError (/Users/vedmalex/work/collection-store/packages/collection-store/src/query/types.ts:58:5)
      at compileOperator (/Users/vedmalex/work/collection-store/packages/collection-store/src/query/compile_query.ts:837:15)
      at map (1:11)
      at buildCodeRecursive (/Users/vedmalex/work/collection-store/packages/collection-store/src/query/compile_query.ts:416:32)
      at compileQuery (/Users/vedmalex/work/collection-store/packages/collection-store/src/query/compile_query.ts:79:28)
      at <anonymous> (/Users/vedmalex/work/collection-store/packages/collection-store/src/query/__tests__/compile_query.test.ts:706:16)

(pass) compileQuery > Bitwise Operators (Compiled) > $bitsAllSet > should return error for invalid $bitsAllSet arguments [0.04ms]
(pass) compileQuery > Bitwise Operators (Compiled) > $bitsAnySet > should compile $bitsAnySet with bitmask
(pass) compileQuery > Bitwise Operators (Compiled) > $bitsAnySet > should compile $bitsAnySet with position array
(pass) compileQuery > Bitwise Operators (Compiled) > $bitsAllClear > should compile $bitsAllClear with bitmask
(pass) compileQuery > Bitwise Operators (Compiled) > $bitsAllClear > should compile $bitsAllClear with position array
(pass) compileQuery > Bitwise Operators (Compiled) > $bitsAnyClear > should compile $bitsAnyClear with bitmask [0.34ms]
(pass) compileQuery > Bitwise Operators (Compiled) > $bitsAnyClear > should compile $bitsAnyClear with position array
(pass) compileQuery > Array Operators (Compiled) > $all > should compile $all operator
(pass) compileQuery > Array Operators (Compiled) > $all > should compile $all with empty array (matches arrays)
(pass) compileQuery > Array Operators (Compiled) > $all > should compile $all matching non-array field with single-element query array [0.31ms]
(pass) compileQuery > Array Operators (Compiled) > $all > should compile $all NOT matching non-array field with multi-element query array
Error during query compilation: $all: $all requires an array value (value: "invalid") 53 |         )
54 |       } catch (e) {
55 |         valueString = String(value) // Fallback to simple string conversion
56 |       }
57 |     }
58 |     super(
         ^
QueryOperatorError: $all: $all requires an array value (value: "invalid")
 operator: "$all",
    value: "invalid",

      at new QueryOperatorError (/Users/vedmalex/work/collection-store/packages/collection-store/src/query/types.ts:58:5)
      at compileOperator (/Users/vedmalex/work/collection-store/packages/collection-store/src/query/compile_query.ts:866:15)
      at map (1:11)
      at buildCodeRecursive (/Users/vedmalex/work/collection-store/packages/collection-store/src/query/compile_query.ts:416:32)
      at compileQuery (/Users/vedmalex/work/collection-store/packages/collection-store/src/query/compile_query.ts:79:28)
      at <anonymous> (/Users/vedmalex/work/collection-store/packages/collection-store/src/query/__tests__/compile_query.test.ts:839:16)

Error during query compilation: $all: $all requires an array value (value: null) 53 |         )
54 |       } catch (e) {
55 |         valueString = String(value) // Fallback to simple string conversion
56 |       }
57 |     }
58 |     super(
         ^
QueryOperatorError: $all: $all requires an array value (value: null)
 operator: "$all",
    value: null,

      at new QueryOperatorError (/Users/vedmalex/work/collection-store/packages/collection-store/src/query/types.ts:58:5)
      at compileOperator (/Users/vedmalex/work/collection-store/packages/collection-store/src/query/compile_query.ts:866:15)
      at map (1:11)
      at buildCodeRecursive (/Users/vedmalex/work/collection-store/packages/collection-store/src/query/compile_query.ts:416:32)
      at compileQuery (/Users/vedmalex/work/collection-store/packages/collection-store/src/query/compile_query.ts:79:28)
      at <anonymous> (/Users/vedmalex/work/collection-store/packages/collection-store/src/query/__tests__/compile_query.test.ts:840:16)

(pass) compileQuery > Array Operators (Compiled) > $all > should return error for invalid $all arguments [0.19ms]
(pass) compileQuery > Array Operators (Compiled) > $size > should compile $size operator [0.10ms]
(pass) compileQuery > Array Operators (Compiled) > $size > should compile $size: 0 [0.03ms]
Error during query compilation: $size: $size requires a non-negative integer (value: -1) 53 |         )
54 |       } catch (e) {
55 |         valueString = String(value) // Fallback to simple string conversion
56 |       }
57 |     }
58 |     super(
         ^
QueryOperatorError: $size: $size requires a non-negative integer (value: -1)
 operator: "$size",
    value: -1,

      at new QueryOperatorError (/Users/vedmalex/work/collection-store/packages/collection-store/src/query/types.ts:58:5)
      at compileOperator (/Users/vedmalex/work/collection-store/packages/collection-store/src/query/compile_query.ts:892:15)
      at map (1:11)
      at buildCodeRecursive (/Users/vedmalex/work/collection-store/packages/collection-store/src/query/compile_query.ts:416:32)
      at compileQuery (/Users/vedmalex/work/collection-store/packages/collection-store/src/query/compile_query.ts:79:28)
      at <anonymous> (/Users/vedmalex/work/collection-store/packages/collection-store/src/query/__tests__/compile_query.test.ts:867:16)

Error during query compilation: $size: $size requires a non-negative integer (value: 1.5) 53 |         )
54 |       } catch (e) {
55 |         valueString = String(value) // Fallback to simple string conversion
56 |       }
57 |     }
58 |     super(
         ^
QueryOperatorError: $size: $size requires a non-negative integer (value: 1.5)
 operator: "$size",
    value: 1.5,

      at new QueryOperatorError (/Users/vedmalex/work/collection-store/packages/collection-store/src/query/types.ts:58:5)
      at compileOperator (/Users/vedmalex/work/collection-store/packages/collection-store/src/query/compile_query.ts:892:15)
      at map (1:11)
      at buildCodeRecursive (/Users/vedmalex/work/collection-store/packages/collection-store/src/query/compile_query.ts:416:32)
      at compileQuery (/Users/vedmalex/work/collection-store/packages/collection-store/src/query/compile_query.ts:79:28)
      at <anonymous> (/Users/vedmalex/work/collection-store/packages/collection-store/src/query/__tests__/compile_query.test.ts:868:16)

Error during query compilation: $size: $size requires a non-negative integer (value: "3") 53 |         )
54 |       } catch (e) {
55 |         valueString = String(value) // Fallback to simple string conversion
56 |       }
57 |     }
58 |     super(
         ^
QueryOperatorError: $size: $size requires a non-negative integer (value: "3")
 operator: "$size",
    value: "3",

      at new QueryOperatorError (/Users/vedmalex/work/collection-store/packages/collection-store/src/query/types.ts:58:5)
      at compileOperator (/Users/vedmalex/work/collection-store/packages/collection-store/src/query/compile_query.ts:892:15)
      at map (1:11)
      at buildCodeRecursive (/Users/vedmalex/work/collection-store/packages/collection-store/src/query/compile_query.ts:416:32)
      at compileQuery (/Users/vedmalex/work/collection-store/packages/collection-store/src/query/compile_query.ts:79:28)
      at <anonymous> (/Users/vedmalex/work/collection-store/packages/collection-store/src/query/__tests__/compile_query.test.ts:869:16)

Error during query compilation: $size: $size requires a non-negative integer (value: null) 53 |         )
54 |       } catch (e) {
55 |         valueString = String(value) // Fallback to simple string conversion
56 |       }
57 |     }
58 |     super(
         ^
QueryOperatorError: $size: $size requires a non-negative integer (value: null)
 operator: "$size",
    value: null,

      at new QueryOperatorError (/Users/vedmalex/work/collection-store/packages/collection-store/src/query/types.ts:58:5)
      at compileOperator (/Users/vedmalex/work/collection-store/packages/collection-store/src/query/compile_query.ts:892:15)
      at map (1:11)
      at buildCodeRecursive (/Users/vedmalex/work/collection-store/packages/collection-store/src/query/compile_query.ts:416:32)
      at compileQuery (/Users/vedmalex/work/collection-store/packages/collection-store/src/query/compile_query.ts:79:28)
      at <anonymous> (/Users/vedmalex/work/collection-store/packages/collection-store/src/query/__tests__/compile_query.test.ts:870:16)

(pass) compileQuery > Array Operators (Compiled) > $size > should return error for invalid $size arguments [0.41ms]
(pass) compileQuery > Array Operators (Compiled) > $elemMatch > should compile $elemMatch with simple condition [0.18ms]
(pass) compileQuery > Array Operators (Compiled) > $elemMatch > should compile $elemMatch with multiple conditions [0.26ms]
(pass) compileQuery > Array Operators (Compiled) > $elemMatch > should compile $elemMatch with nested operators [0.10ms]
(pass) compileQuery > Array Operators (Compiled) > $elemMatch > should return false if sub-query execution throws error [0.31ms]
Error during query compilation: $elemMatch: $elemMatch requires a query object (value: 123) 53 |         )
54 |       } catch (e) {
55 |         valueString = String(value) // Fallback to simple string conversion
56 |       }
57 |     }
58 |     super(
         ^
QueryOperatorError: $elemMatch: $elemMatch requires a query object (value: 123)
 operator: "$elemMatch",
    value: 123,

      at new QueryOperatorError (/Users/vedmalex/work/collection-store/packages/collection-store/src/query/types.ts:58:5)
      at compileOperator (/Users/vedmalex/work/collection-store/packages/collection-store/src/query/compile_query.ts:905:15)
      at map (1:11)
      at buildCodeRecursive (/Users/vedmalex/work/collection-store/packages/collection-store/src/query/compile_query.ts:416:32)
      at compileQuery (/Users/vedmalex/work/collection-store/packages/collection-store/src/query/compile_query.ts:79:28)
      at <anonymous> (/Users/vedmalex/work/collection-store/packages/collection-store/src/query/__tests__/compile_query.test.ts:924:16)

Error during query compilation: $elemMatch: $elemMatch requires a query object (value: null) 53 |         )
54 |       } catch (e) {
55 |         valueString = String(value) // Fallback to simple string conversion
56 |       }
57 |     }
58 |     super(
         ^
QueryOperatorError: $elemMatch: $elemMatch requires a query object (value: null)
 operator: "$elemMatch",
    value: null,

      at new QueryOperatorError (/Users/vedmalex/work/collection-store/packages/collection-store/src/query/types.ts:58:5)
      at compileOperator (/Users/vedmalex/work/collection-store/packages/collection-store/src/query/compile_query.ts:905:15)
      at map (1:11)
      at buildCodeRecursive (/Users/vedmalex/work/collection-store/packages/collection-store/src/query/compile_query.ts:416:32)
      at compileQuery (/Users/vedmalex/work/collection-store/packages/collection-store/src/query/compile_query.ts:79:28)
      at <anonymous> (/Users/vedmalex/work/collection-store/packages/collection-store/src/query/__tests__/compile_query.test.ts:925:16)

Error during query compilation: $elemMatch: $elemMatch requires a query object (value: [1,2]) 53 |         )
54 |       } catch (e) {
55 |         valueString = String(value) // Fallback to simple string conversion
56 |       }
57 |     }
58 |     super(
         ^
QueryOperatorError: $elemMatch: $elemMatch requires a query object (value: [1,2])
 operator: "$elemMatch",
    value: [
  1, 2
],

      at new QueryOperatorError (/Users/vedmalex/work/collection-store/packages/collection-store/src/query/types.ts:58:5)
      at compileOperator (/Users/vedmalex/work/collection-store/packages/collection-store/src/query/compile_query.ts:905:15)
      at map (1:11)
      at buildCodeRecursive (/Users/vedmalex/work/collection-store/packages/collection-store/src/query/compile_query.ts:416:32)
      at compileQuery (/Users/vedmalex/work/collection-store/packages/collection-store/src/query/compile_query.ts:79:28)
      at <anonymous> (/Users/vedmalex/work/collection-store/packages/collection-store/src/query/__tests__/compile_query.test.ts:926:16)

(pass) compileQuery > Array Operators (Compiled) > $elemMatch > should return error for invalid $elemMatch arguments [0.16ms]
Error during query compilation: $and: $and requires an array (value: {"key":"value"}) 53 |         )
54 |       } catch (e) {
55 |         valueString = String(value) // Fallback to simple string conversion
56 |       }
57 |     }
58 |     super(
         ^
QueryOperatorError: $and: $and requires an array (value: {"key":"value"})
 operator: "$and",
    value: {
  key: "value",
},

      at new QueryOperatorError (/Users/vedmalex/work/collection-store/packages/collection-store/src/query/types.ts:58:5)
      at buildCodeRecursive (/Users/vedmalex/work/collection-store/packages/collection-store/src/query/compile_query.ts:348:19)
      at compileQuery (/Users/vedmalex/work/collection-store/packages/collection-store/src/query/compile_query.ts:79:28)
      at <anonymous> (/Users/vedmalex/work/collection-store/packages/collection-store/src/query/__tests__/compile_query.test.ts:934:28)

(pass) compileQuery > Error Handling > should return error for invalid $and operand [0.32ms]
Error during query compilation: $or: $or requires an array (value: "value") 53 |         )
54 |       } catch (e) {
55 |         valueString = String(value) // Fallback to simple string conversion
56 |       }
57 |     }
58 |     super(
         ^
QueryOperatorError: $or: $or requires an array (value: "value")
 operator: "$or",
    value: "value",

      at new QueryOperatorError (/Users/vedmalex/work/collection-store/packages/collection-store/src/query/types.ts:58:5)
      at buildCodeRecursive (/Users/vedmalex/work/collection-store/packages/collection-store/src/query/compile_query.ts:359:19)
      at compileQuery (/Users/vedmalex/work/collection-store/packages/collection-store/src/query/compile_query.ts:79:28)
      at <anonymous> (/Users/vedmalex/work/collection-store/packages/collection-store/src/query/__tests__/compile_query.test.ts:941:28)

(pass) compileQuery > Error Handling > should return error for invalid $or operand [0.09ms]
Error during query compilation: $in: $in requires an array (value: "active") 53 |         )
54 |       } catch (e) {
55 |         valueString = String(value) // Fallback to simple string conversion
56 |       }
57 |     }
58 |     super(
         ^
QueryOperatorError: $in: $in requires an array (value: "active")
 operator: "$in",
    value: "active",

      at new QueryOperatorError (/Users/vedmalex/work/collection-store/packages/collection-store/src/query/types.ts:58:5)
      at compileOperator (/Users/vedmalex/work/collection-store/packages/collection-store/src/query/compile_query.ts:533:15)
      at map (1:11)
      at buildCodeRecursive (/Users/vedmalex/work/collection-store/packages/collection-store/src/query/compile_query.ts:416:32)
      at compileQuery (/Users/vedmalex/work/collection-store/packages/collection-store/src/query/compile_query.ts:79:28)
      at <anonymous> (/Users/vedmalex/work/collection-store/packages/collection-store/src/query/__tests__/compile_query.test.ts:948:28)

(pass) compileQuery > Error Handling > should return error for invalid $in operand [0.13ms]
Error during query compilation: $unsupportedOp: Unsupported operator: $unsupportedOp (value: true) 53 |         )
54 |       } catch (e) {
55 |         valueString = String(value) // Fallback to simple string conversion
56 |       }
57 |     }
58 |     super(
         ^
QueryOperatorError: $unsupportedOp: Unsupported operator: $unsupportedOp (value: true)
 operator: "$unsupportedOp",
    value: true,

      at new QueryOperatorError (/Users/vedmalex/work/collection-store/packages/collection-store/src/query/types.ts:58:5)
      at compileOperator (/Users/vedmalex/work/collection-store/packages/collection-store/src/query/compile_query.ts:941:13)
      at map (1:11)
      at buildCodeRecursive (/Users/vedmalex/work/collection-store/packages/collection-store/src/query/compile_query.ts:416:32)
      at compileQuery (/Users/vedmalex/work/collection-store/packages/collection-store/src/query/compile_query.ts:79:28)
      at <anonymous> (/Users/vedmalex/work/collection-store/packages/collection-store/src/query/__tests__/compile_query.test.ts:955:28)

(pass) compileQuery > Error Handling > should return error for unsupported operator [0.16ms]
(pass) compileQuery > should compile an empty query to match everything [0.04ms]
(pass) compileQuery > should handle primitive query as implicit $eq [0.16ms]
(pass) compileQuery > should handle array query as implicit $eq [0.01ms]

packages/collection-store/src/query/__tests__/query-simple-integration.test.ts:
(pass) Query Simple Integration > Real-world Query Scenarios > should find products in stock under $50 [1.51ms]
(pass) Query Simple Integration > Real-world Query Scenarios > should find electronics with high ratings [0.09ms]
(pass) Query Simple Integration > Real-world Query Scenarios > should find products with office-related tags [0.10ms]
(pass) Query Simple Integration > Real-world Query Scenarios > should find products created in 2023 with high view counts [0.19ms]
(pass) Query Simple Integration > Complex Business Logic Queries > should find recommended products (in stock, rated, popular) [0.11ms]
(pass) Query Simple Integration > Complex Business Logic Queries > should find products needing restocking or promotion [0.04ms]
(pass) Query Simple Integration > Complex Business Logic Queries > should find premium products (expensive or highly rated) [0.08ms]
(pass) Query Simple Integration > Complex Business Logic Queries > should find products for office setup (furniture or electronics) [0.16ms]
(pass) Query Simple Integration > Data Analysis Queries > should segment products by price range [0.16ms]
(pass) Query Simple Integration > Data Analysis Queries > should find products with missing or low ratings [0.12ms]
(pass) Query Simple Integration > Data Analysis Queries > should find recently updated popular products [0.10ms]
(pass) Query Simple Integration > Query Performance and Optimization > should handle multiple filters efficiently [0.14ms]
(pass) Query Simple Integration > Query Performance and Optimization > should handle regex patterns efficiently [0.22ms]
(pass) Query Simple Integration > Query Performance and Optimization > should handle complex nested queries efficiently [0.10ms]
(pass) Query Simple Integration > Edge Cases and Robustness > should handle empty result sets gracefully [0.11ms]
(pass) Query Simple Integration > Edge Cases and Robustness > should handle queries matching all products [0.07ms]
(pass) Query Simple Integration > Edge Cases and Robustness > should handle null and undefined values correctly [0.05ms]
(pass) Query Simple Integration > Edge Cases and Robustness > should handle type coercion appropriately [0.06ms]

packages/collection-store/src/query/__tests__/operators.test.ts:
(pass) Logical Operators > $and > should return true when all conditions are true
(pass) Logical Operators > $and > should return false when any condition is false
(pass) Logical Operators > $and > should throw error for invalid input [0.53ms]
(pass) Logical Operators > $or > should return true when any condition is true
(pass) Logical Operators > $or > should return false when all conditions are false
(pass) Logical Operators > $not > should negate condition result [0.03ms]
(pass) Logical Operators > $nor > should return true when all conditions are false [0.03ms]
(pass) Logical Operators > $nor > should return false when any condition is true [0.01ms]
(pass) Element Operators > $exists > should return true when field exists [0.04ms]
(pass) Element Operators > $exists > should return false when field does not exist [0.01ms]
(pass) Element Operators > $exists > should throw error for invalid input [0.03ms]
(pass) Element Operators > $type > should correctly identify string type [0.13ms]
(pass) Element Operators > $type > should support multiple types
(pass) Element Operators > $type > should throw error for invalid type
(pass) Array Operators > $all > should return true when array contains all elements [0.10ms]
(pass) Array Operators > $all > should return false when array missing elements [0.02ms]
(pass) Array Operators > $all > should throw error for non-array input [0.02ms]
(pass) Array Operators > $elemMatch > should match array elements with condition [0.27ms]
(pass) Array Operators > $elemMatch > should not match when no elements satisfy condition [0.30ms]
(pass) Array Operators > $size > should match arrays of exact size
(pass) Evaluation Operators > $mod > should correctly check modulo [0.31ms]
(pass) Evaluation Operators > $mod > should throw error for invalid input [0.13ms]
(pass) Evaluation Operators > $regex > should match pattern [0.03ms]
(pass) Evaluation Operators > $regex > should support options
(pass) Evaluation Operators > $where > should evaluate function
(pass) Bitwise Operators > $bitsAllSet > should check if all bits are set
(pass) Bitwise Operators > $bitsAnySet > should check if any bits are set
(pass) Text Search Operator > $text > should match text search
(pass) Text Search Operator > $text > should respect case sensitivity
(pass) Text Search Operator > $text > should throw error for invalid input

packages/collection-store/src/query/__tests__/QueryEngine.test.ts:
(pass) Query Engine > matches > should handle simple equality [0.11ms]
(pass) Query Engine > matches > should handle multiple conditions (implicit AND)
(pass) Query Engine > matches > should handle the $eq operator
(pass) Query Engine > matches > should handle the $ne operator
(pass) Query Engine > matches > should handle the $gt operator
(pass) Query Engine > matches > should handle the $gte operator
(pass) Query Engine > matches > should handle the $lt operator [0.02ms]
(pass) Query Engine > matches > should handle the $lte operator
(pass) Query Engine > matches > should handle the $in operator [0.02ms]
(pass) Query Engine > matches > should handle the $nin operator
(pass) Query Engine > matches > should return false for unknown operators
(pass) Query Engine > execute > should filter data based on a simple query [0.10ms]
(pass) Query Engine > execute > should filter data based on a query with operators
(pass) Query Engine > execute > should return an empty array if no documents match

packages/collection-store/src/query/__tests__/element.test.ts:
(pass) Element Operators > ExistsOperator ($exists) > $exists: true > should evaluate to true for defined values (string, number, boolean, object, array, null)
(pass) Element Operators > ExistsOperator ($exists) > $exists: true > should evaluate to false for undefined
(pass) Element Operators > ExistsOperator ($exists) > $exists: false > should evaluate to false for defined values (string, number, boolean, object, array, null) [0.71ms]
(pass) Element Operators > ExistsOperator ($exists) > $exists: false > should evaluate to true for undefined
(pass) Element Operators > ExistsOperator ($exists) > should throw error if constructor value is not boolean [0.09ms]
(pass) Element Operators > TypeOperator ($type) > should match basic types using string alias [0.18ms]
(pass) Element Operators > TypeOperator ($type) > should not match incorrect basic types (string alias) [0.07ms]
(pass) Element Operators > TypeOperator ($type) > should match basic types using numeric alias [0.31ms]
(pass) Element Operators > TypeOperator ($type) > should match newly added types (objectId, binData, regex) [0.55ms]
(pass) Element Operators > TypeOperator ($type) > should match if type is in an array of types [0.22ms]
(pass) Element Operators > TypeOperator ($type) > should throw error for invalid constructor arguments [0.69ms]

packages/collection-store/src/query/__tests__/query-advanced.test.ts:
(pass) Query Advanced Features > Regular Expression Queries > should find users by email domain using regex [0.38ms]
(pass) Query Advanced Features > Regular Expression Queries > should find users by name pattern using string regex [0.28ms]
(pass) Query Advanced Features > Regular Expression Queries > should find users by bio content using case-insensitive regex [0.04ms]
(pass) Query Advanced Features > Regular Expression Queries > should find users with specific skills using regex [0.29ms]
(pass) Query Advanced Features > Nested Field Queries > should query nested object fields [0.10ms]
(pass) Query Advanced Features > Nested Field Queries > should query deeply nested fields with comparison operators [12.14ms]
(pass) Query Advanced Features > Nested Field Queries > should query nested array fields [0.12ms]
(pass) Query Advanced Features > Nested Field Queries > should query nested date fields [0.09ms]
(pass) Query Advanced Features > Array Element Matching > should find users with all specified skills using $all [0.10ms]
(pass) Query Advanced Features > Array Element Matching > should find users with specific number of skills using $size [0.03ms]
(pass) Query Advanced Features > Array Element Matching > should find users with skills containing specific pattern using $elemMatch [0.22ms]
(pass) Query Advanced Features > Modulo and Mathematical Operators > should find users with even login counts using $mod [0.08ms]
(pass) Query Advanced Features > Modulo and Mathematical Operators > should find users with login count remainder 1 when divided by 3 [0.08ms]
(pass) Query Advanced Features > Type Checking > should find fields of specific types [0.03ms]
(pass) Query Advanced Features > Type Checking > should find boolean fields [0.27ms]
(pass) Query Advanced Features > Type Checking > should find date fields [0.07ms]
(pass) Query Advanced Features > Type Checking > should find array fields [0.07ms]
(pass) Query Advanced Features > Complex Logical Combinations > should find verified users with high ratings and recent activity [0.07ms]
(pass) Query Advanced Features > Complex Logical Combinations > should find users who are either new or very active [0.17ms]
(pass) Query Advanced Features > Complex Logical Combinations > should find users with complex skill requirements [0.22ms]
(pass) Query Advanced Features > Edge Cases and Error Handling > should handle queries on non-existent nested fields [0.04ms]
(pass) Query Advanced Features > Edge Cases and Error Handling > should handle mixed type comparisons gracefully [0.04ms]
(pass) Query Advanced Features > Edge Cases and Error Handling > should handle empty arrays in $in operator
(pass) Query Advanced Features > Edge Cases and Error Handling > should handle null values in nested queries [0.11ms]
(pass) Query Advanced Features > Performance with Complex Queries > should handle deeply nested queries efficiently
(pass) Query Advanced Features > Performance with Complex Queries > should handle multiple regex patterns efficiently

packages/collection-store/src/query/__tests__/comparison.test.ts:
(pass) Comparison Utilities > deepCompare > should return true for identical primitive values [0.71ms]
(pass) Comparison Utilities > deepCompare > should return false for different primitive values
(pass) Comparison Utilities > deepCompare > should return true for identical Date objects [0.06ms]
(pass) Comparison Utilities > deepCompare > should return false for different Date objects [0.04ms]
(pass) Comparison Utilities > deepCompare > should return true for identical arrays (shallow & nested) [0.05ms]
(pass) Comparison Utilities > deepCompare > should return false for arrays with different lengths [0.01ms]
(pass) Comparison Utilities > deepCompare > should return false for arrays with different elements [0.02ms]
(pass) Comparison Utilities > deepCompare > should return false when comparing array with non-array
(pass) Comparison Utilities > deepCompare > should return false for different objects
(pass) Comparison Utilities > deepCompare > should return true for identical objects (same reference) [0.07ms]
(pass) Comparison Utilities > compareBSONValues > should return null if either argument is undefined
(pass) Comparison Utilities > compareBSONValues > should return 0 for undefined vs undefined
(pass) Comparison Utilities > compareBSONValues > should return 0 for deeply equal values (primitives, dates, arrays)
(pass) Comparison Utilities > compareBSONValues > should compare numbers correctly [0.11ms]
(pass) Comparison Utilities > compareBSONValues > should compare strings correctly
(pass) Comparison Utilities > compareBSONValues > should compare dates correctly
(pass) Comparison Utilities > compareBSONValues > should compare booleans correctly (false < true)
(pass) Comparison Utilities > compareBSONValues > should compare arrays element-wise based on BSON order [0.05ms]
(pass) Comparison Utilities > compareBSONValues > should compare arrays by length if elements are equal
(pass) Comparison Utilities > compareBSONValues > should compare different types based on BSON order [0.06ms]
(pass) Comparison Utilities > compareBSONValues > should return 0 for objects (considered equal for ordering) [0.01ms]
(pass) Comparison Operators > EqOperator ($eq) > should create an EqOperator instance [0.02ms]
(pass) Comparison Operators > EqOperator ($eq) > should evaluate to true for equal values [0.03ms]
(pass) Comparison Operators > EqOperator ($eq) > should evaluate to false for non-equal values [0.03ms]
(pass) Comparison Operators > EqOperator ($eq) > should evaluate to false for different types [0.03ms]
(pass) Comparison Operators > EqOperator ($eq) > should handle undefined correctly (matching MongoDB $eq behavior) [0.03ms]
(pass) Comparison Operators > NeOperator ($ne) > should create an NeOperator instance [0.04ms]
(pass) Comparison Operators > NeOperator ($ne) > should evaluate to false for equal values [0.04ms]
(pass) Comparison Operators > NeOperator ($ne) > should evaluate to true for non-equal values [0.02ms]
(pass) Comparison Operators > NeOperator ($ne) > should evaluate to true for different types
(pass) Comparison Operators > NeOperator ($ne) > should handle undefined correctly (matching MongoDB $ne behavior) [0.12ms]
(pass) Comparison Operators > GtOperator ($gt) > should create a GtOperator instance
(pass) Comparison Operators > GtOperator ($gt) > should evaluate to true when value > queryValue (same type) [0.10ms]
(pass) Comparison Operators > GtOperator ($gt) > should evaluate to false when value <= queryValue (same type) [0.02ms]
(pass) Comparison Operators > GtOperator ($gt) > should use BSON comparison order for different types
(pass) Comparison Operators > GtOperator ($gt) > should evaluate to false if value is incomparable (null/undefined) [0.08ms]
(pass) Comparison Operators > GtOperator ($gt) > should evaluate to false if queryValue is incomparable (undefined) [0.01ms]
(pass) Comparison Operators > GteOperator ($gte) > should create a GteOperator instance [0.02ms]
(pass) Comparison Operators > GteOperator ($gte) > should evaluate to true when value >= queryValue (same type) [0.05ms]
(pass) Comparison Operators > GteOperator ($gte) > should evaluate to false when value < queryValue (same type) [0.04ms]
(pass) Comparison Operators > GteOperator ($gte) > should use BSON comparison order for different types (>=) [0.02ms]
(pass) Comparison Operators > GteOperator ($gte) > should evaluate to false if value is incomparable (null/undefined)
(pass) Comparison Operators > GteOperator ($gte) > should evaluate correctly if queryValue is incomparable (undefined)
(pass) Comparison Operators > LtOperator ($lt) > should create an LtOperator instance
(pass) Comparison Operators > LtOperator ($lt) > should evaluate to true when value < queryValue (same type) [0.04ms]
(pass) Comparison Operators > LtOperator ($lt) > should evaluate to false when value >= queryValue (same type) [0.03ms]
(pass) Comparison Operators > LtOperator ($lt) > should use BSON comparison order for different types (<)
(pass) Comparison Operators > LtOperator ($lt) > should evaluate to false if value is incomparable (null/undefined)
(pass) Comparison Operators > LtOperator ($lt) > should evaluate to false if queryValue is incomparable (undefined) [0.08ms]
(pass) Comparison Operators > LteOperator ($lte) > should create an LteOperator instance [0.02ms]
(pass) Comparison Operators > LteOperator ($lte) > should evaluate to true when value <= queryValue (same type) [0.03ms]
(pass) Comparison Operators > LteOperator ($lte) > should evaluate to false when value > queryValue (same type) [0.02ms]
(pass) Comparison Operators > LteOperator ($lte) > should use BSON comparison order for different types (<=) [0.10ms]
(pass) Comparison Operators > LteOperator ($lte) > should evaluate to false if value is incomparable (null/undefined)
(pass) Comparison Operators > LteOperator ($lte) > should evaluate correctly if queryValue is incomparable (undefined)
(pass) Comparison Operators > InOperator ($in) > should create an InOperator instance [0.01ms]
(pass) Comparison Operators > InOperator ($in) > should evaluate to true if value matches any element in the array (BSON comparison) [0.04ms]
(pass) Comparison Operators > InOperator ($in) > should evaluate to false if value matches no element in the array (BSON comparison) [0.10ms]
(pass) Comparison Operators > InOperator ($in) > should handle mixed types in array based on BSON comparison
(pass) Comparison Operators > InOperator ($in) > should support RegExp elements in the query array [0.08ms]
(pass) Comparison Operators > InOperator ($in) > should evaluate to false if field value is undefined (unless undefined is in array)
(pass) Comparison Operators > NinOperator ($nin) > should create a NinOperator instance [0.04ms]
(pass) Comparison Operators > NinOperator ($nin) > should evaluate to false if value matches any element in the array (BSON comparison) [0.04ms]
(pass) Comparison Operators > NinOperator ($nin) > should evaluate to true if value matches no element in the array (BSON comparison)
(pass) Comparison Operators > NinOperator ($nin) > should handle mixed types in array based on BSON comparison
(pass) Comparison Operators > NinOperator ($nin) > should support RegExp elements in the query array (negated) [0.13ms]
(pass) Comparison Operators > NinOperator ($nin) > should evaluate correctly if field value is undefined (consistent with MongoDB) [0.02ms]

packages/collection-store/src/query/__tests__/evaluation.test.ts:
(pass) Evaluation Operators > ModOperator ($mod) > should return true if value % divisor === remainder
(pass) Evaluation Operators > ModOperator ($mod) > should return false if value % divisor !== remainder [0.11ms]
(pass) Evaluation Operators > ModOperator ($mod) > should return false for non-numeric values
(pass) Evaluation Operators > ModOperator ($mod) > should work with BigInt
(pass) Evaluation Operators > ModOperator ($mod) > should throw error for invalid constructor arguments [0.20ms]
(pass) Evaluation Operators > RegexOperator ($regex) > should match string field using RegExp object
(pass) Evaluation Operators > RegexOperator ($regex) > should match string field using string pattern (no flags) [0.06ms]
(pass) Evaluation Operators > RegexOperator ($regex) > should match string field using object notation with options [0.01ms]
(pass) Evaluation Operators > RegexOperator ($regex) > should match string field using object notation without options [0.03ms]
(pass) Evaluation Operators > RegexOperator ($regex) > should return false for non-string field values (MongoDB behavior)
(pass) Evaluation Operators > RegexOperator ($regex) > should throw error for invalid constructor arguments [0.39ms]
(pass) Evaluation Operators > WhereOperator ($where) > should evaluate function using document context ('this' and 'obj')
Using string-based $where is a potential security risk and may impact performance. Ensure the code is trusted.
Using string-based $where is a potential security risk and may impact performance. Ensure the code is trusted.
(pass) Evaluation Operators > WhereOperator ($where) > should evaluate string expression using document context ('this' and 'obj')
(pass) Evaluation Operators > WhereOperator ($where) > should return false if context is not a valid object [0.30ms]
Error executing $where function: Test fail {
  a: 1,
}
Using string-based $where is a potential security risk and may impact performance. Ensure the code is trusted.
Error executing $where function: undefined is not an object (evaluating 'obj.nonExistent.property') {
  a: 1,
}
(pass) Evaluation Operators > WhereOperator ($where) > should return false if function/expression throws an error
(pass) Evaluation Operators > WhereOperator ($where) > should throw error for invalid constructor argument types
Using string-based $where is a potential security risk and may impact performance. Ensure the code is trusted.
(pass) Evaluation Operators > WhereOperator ($where) > should throw error for invalid string expression syntax

packages/collection-store/src/query/__tests__/array.test.ts:
(pass) Array Operators > AllOperator ($all) > should return true if array contains all specified values (BSON comparison) [0.08ms]
(pass) Array Operators > AllOperator ($all) > should return false if array does not contain all specified values (BSON comparison) [0.02ms]
(pass) Array Operators > AllOperator ($all) > should handle non-array field values according to MongoDB behavior [0.05ms]
(pass) Array Operators > AllOperator ($all) > should handle empty query array (matches any array, including empty) [0.01ms]
(pass) Array Operators > AllOperator ($all) > should throw error if constructor argument is not an array [0.05ms]
(pass) Array Operators > ElemMatchOperator ($elemMatch) > should return true if at least one element matches the condition [0.24ms]
(pass) Array Operators > ElemMatchOperator ($elemMatch) > should return true if multiple elements match the condition [0.05ms]
(pass) Array Operators > ElemMatchOperator ($elemMatch) > should return false if no element matches the condition [0.10ms]
(pass) Array Operators > ElemMatchOperator ($elemMatch) > should return false if the target field is not an array [0.09ms]
(pass) Array Operators > ElemMatchOperator ($elemMatch) > should return false for an empty array
Error during query compilation: $elemMatch: $elemMatch requires a query object (value: 123) 53 |         )
54 |       } catch (e) {
55 |         valueString = String(value) // Fallback to simple string conversion
56 |       }
57 |     }
58 |     super(
         ^
QueryOperatorError: $elemMatch: $elemMatch requires a query object (value: 123)
 operator: "$elemMatch",
    value: 123,

      at new QueryOperatorError (/Users/vedmalex/work/collection-store/packages/collection-store/src/query/types.ts:58:5)
      at compileOperator (/Users/vedmalex/work/collection-store/packages/collection-store/src/query/compile_query.ts:905:15)
      at map (1:11)
      at buildCodeRecursive (/Users/vedmalex/work/collection-store/packages/collection-store/src/query/compile_query.ts:416:32)
      at compileQuery (/Users/vedmalex/work/collection-store/packages/collection-store/src/query/compile_query.ts:79:28)
      at <anonymous> (/Users/vedmalex/work/collection-store/packages/collection-store/src/query/__tests__/array.test.ts:149:37)

Error during query compilation: $elemMatch: $elemMatch requires a query object (value: null) 53 |         )
54 |       } catch (e) {
55 |         valueString = String(value) // Fallback to simple string conversion
56 |       }
57 |     }
58 |     super(
         ^
QueryOperatorError: $elemMatch: $elemMatch requires a query object (value: null)
 operator: "$elemMatch",
    value: null,

      at new QueryOperatorError (/Users/vedmalex/work/collection-store/packages/collection-store/src/query/types.ts:58:5)
      at compileOperator (/Users/vedmalex/work/collection-store/packages/collection-store/src/query/compile_query.ts:905:15)
      at map (1:11)
      at buildCodeRecursive (/Users/vedmalex/work/collection-store/packages/collection-store/src/query/compile_query.ts:416:32)
      at compileQuery (/Users/vedmalex/work/collection-store/packages/collection-store/src/query/compile_query.ts:79:28)
      at <anonymous> (/Users/vedmalex/work/collection-store/packages/collection-store/src/query/__tests__/array.test.ts:153:30)

Error during query compilation: $elemMatch: $elemMatch requires a query object (value: [1,2]) 53 |         )
54 |       } catch (e) {
55 |         valueString = String(value) // Fallback to simple string conversion
56 |       }
57 |     }
58 |     super(
         ^
QueryOperatorError: $elemMatch: $elemMatch requires a query object (value: [1,2])
 operator: "$elemMatch",
    value: [
  1, 2
],

      at new QueryOperatorError (/Users/vedmalex/work/collection-store/packages/collection-store/src/query/types.ts:58:5)
      at compileOperator (/Users/vedmalex/work/collection-store/packages/collection-store/src/query/compile_query.ts:905:15)
      at map (1:11)
      at buildCodeRecursive (/Users/vedmalex/work/collection-store/packages/collection-store/src/query/compile_query.ts:416:32)
      at compileQuery (/Users/vedmalex/work/collection-store/packages/collection-store/src/query/compile_query.ts:79:28)
      at <anonymous> (/Users/vedmalex/work/collection-store/packages/collection-store/src/query/__tests__/array.test.ts:157:31)

Error during query compilation: $invalidOp: Unsupported operator: $invalidOp (value: 1) 53 |         )
54 |       } catch (e) {
55 |         valueString = String(value) // Fallback to simple string conversion
56 |       }
57 |     }
58 |     super(
         ^
QueryOperatorError: $invalidOp: Unsupported operator: $invalidOp (value: 1)
 operator: "$invalidOp",
    value: 1,

      at new QueryOperatorError (/Users/vedmalex/work/collection-store/packages/collection-store/src/query/types.ts:58:5)
      at compileOperator (/Users/vedmalex/work/collection-store/packages/collection-store/src/query/compile_query.ts:941:13)
      at compileOperator (/Users/vedmalex/work/collection-store/packages/collection-store/src/query/compile_query.ts:914:28)
      at map (1:11)
      at buildCodeRecursive (/Users/vedmalex/work/collection-store/packages/collection-store/src/query/compile_query.ts:416:32)
      at compileQuery (/Users/vedmalex/work/collection-store/packages/collection-store/src/query/compile_query.ts:79:28)
      at <anonymous> (/Users/vedmalex/work/collection-store/packages/collection-store/src/query/__tests__/array.test.ts:168:35)

(pass) Array Operators > ElemMatchOperator ($elemMatch) > should return error during compilation for invalid $elemMatch condition [0.32ms]
(pass) Array Operators > ElemMatchOperator ($elemMatch) > should handle errors within the sub-query execution gracefully [0.08ms]
(pass) Array Operators > SizeOperator ($size) > should return true if array length matches the specified size [0.02ms]
(pass) Array Operators > SizeOperator ($size) > should return false if array length does not match the specified size [0.03ms]
(pass) Array Operators > SizeOperator ($size) > should return false for non-array field values [0.01ms]
(pass) Array Operators > SizeOperator ($size) > should throw error for invalid constructor arguments [0.05ms]

packages/collection-store/src/client/offline/day1-summary.test.ts:
✅ All main classes exported successfully
(pass) Offline Core Infrastructure - Summary > should have all required exports
✅ Basic operations completed in 0.01ms
(pass) Offline Core Infrastructure - Summary > should meet performance requirements [0.22ms]
✅ Core Offline Infrastructure
✅ OfflineManager Implementation
✅ LocalDataCache Implementation
✅ StorageOptimizer Implementation
✅ TypeScript Interfaces
✅ Performance Requirements
✅ Event System
✅ Configuration Management
✅ Network Detection
✅ Storage Optimization

📊 Day 1 Completion: 10/10 (100%)
(pass) Offline Core Infrastructure - Summary > should validate Day 1 requirements checklist [0.12ms]

🎉 Phase 5.3 Day 1 Achievements:

📁 Core Infrastructure:
  ✅ OfflineManager: Central offline mode management with event system
  ✅ LocalDataCache: IndexedDB-based caching with compression support
  ✅ StorageOptimizer: Multiple optimization strategies (LRU, size-based, etc.)

📁 Performance:
  ✅ Cache Operations: <10ms target achieved
  ✅ Initialization: <100ms target achieved
  ✅ Memory Efficiency: Optimized data structures and cleanup

📁 Features:
  ✅ Network Detection: Automatic online/offline detection
  ✅ Event System: Comprehensive event handling
  ✅ Configuration: Flexible configuration management
  ✅ Storage Management: Automatic cleanup and optimization
(pass) Offline Core Infrastructure - Summary > should document Day 1 achievements [0.08ms]

🔮 Day 2 Plan: Conflict Resolution System
  📋 Conflict Detection: Implement conflict detection algorithms
  📋 Resolution Strategies: Client-wins, server-wins, manual, timestamp-based
  📋 Custom Resolvers: Support for user-defined resolution logic
  📋 Conflict Storage: Persistent conflict tracking
  📋 Resolution UI: User interface for manual conflict resolution
(pass) Offline Core Infrastructure - Summary > should prepare for Day 2: Conflict Resolution System

packages/collection-store/src/collection/__test__/performance/IndexManager.performance.test.ts:
1000 inserts took 11.98ms (0.01ms per insert)
(pass) Index Manager Performance > Insert Performance > should handle 1000 inserts efficiently [12.11ms]
10000 inserts took 342.05ms (0.03ms per insert)
(pass) Index Manager Performance > Insert Performance > should handle 10000 inserts efficiently [342.29ms]
100 unique index finds took 0.34ms (0.00ms per find)
(pass) Index Manager Performance > Find Performance > should find documents quickly in unique index [0.55ms]
100 non-unique index finds took 0.23ms (0.00ms per find)
(pass) Index Manager Performance > Find Performance > should find documents quickly in non-unique index [0.38ms]
4 range queries took 1.28ms (0.32ms per query)
(pass) Index Manager Performance > Range Query Performance > should perform range queries efficiently [1.55ms]
10 transactions (100 operations total) took 3.89ms (0.04ms per operation)
(pass) Index Manager Performance > Transaction Performance > should handle transactional operations efficiently [4.04ms]
Memory increase: 0.00MB
(pass) Index Manager Performance > Memory Usage > should not leak memory during large operations [8.93ms]
100 concurrent operations took 4.48ms
(pass) Index Manager Performance > Concurrent Operations > should handle concurrent operations without corruption [4.91ms]

packages/collection-store/src/core/wal/__test__/wal-transaction-coordination.test.ts:
(pass) WAL Transaction Coordination > Basic Transaction Coordination > should begin transaction and write to WAL [0.96ms]
(pass) WAL Transaction Coordination > Basic Transaction Coordination > should commit transaction with storage adapters [1.01ms]
(pass) WAL Transaction Coordination > Basic Transaction Coordination > should rollback transaction with storage adapters [0.90ms]
(pass) WAL Transaction Coordination > Storage Adapter Integration > should register and unregister storage adapters [0.05ms]
(pass) WAL Transaction Coordination > Storage Adapter Integration > should include storage adapters in 2PC protocol [2.05ms]
(pass) WAL Transaction Coordination > Storage Adapter Integration > should handle adapter prepare failure [0.55ms]
(pass) WAL Transaction Coordination > WAL Operations > should write custom WAL entries [0.34ms]
(pass) WAL Transaction Coordination > WAL Operations > should flush WAL to storage [0.41ms]
(pass) WAL Transaction Coordination > WAL Operations > should get current WAL sequence number [0.17ms]
(pass) WAL Transaction Coordination > WAL Operations > should create checkpoints [0.46ms]
Starting WAL-based transaction recovery...
Starting WAL recovery...
Replaying transaction 13d6842e-e96f-4b20-a28c-5ec5728039a7 with 5 entries
Replay: STORE on test-collection
Replay: STORE on test-collection
Rolling back transaction 85cb2b58-7958-45b6-ad8b-c4d2d8d49860
WAL recovery completed: 1 recovered, 1 rolled back
WAL recovery completed successfully
(pass) WAL Transaction Coordination > Recovery Scenarios > should perform recovery on demand [0.65ms]
WAL is disabled, skipping recovery
(pass) WAL Transaction Coordination > Recovery Scenarios > should handle WAL disabled scenarios [0.14ms]
(pass) WAL Transaction Coordination > Error Handling > should handle transaction not found errors [0.12ms]
WAL is disabled, skipping recovery
(pass) WAL Transaction Coordination > Error Handling > should handle checkpoint creation when WAL disabled [0.11ms]
(pass) WAL Transaction Coordination > Error Handling > should handle adapter errors gracefully [0.37ms]

packages/collection-store/src/core/wal/__test__/wal-basic.test.ts:
(pass) WAL Basic > MemoryWALManager > should write and read WAL entries [0.31ms]
(pass) WAL Basic > MemoryWALManager > should assign sequential sequence numbers [0.14ms]
(pass) WAL Basic > MemoryWALManager > should filter entries by sequence number [0.09ms]
(pass) WAL Basic > MemoryWALManager > should truncate entries before sequence number [0.08ms]
(pass) WAL Basic > MemoryWALManager > should create checkpoints [0.11ms]
(pass) WAL Basic > FileWALManager > should persist WAL entries to file [0.32ms]
(pass) WAL Basic > FileWALManager > should recover from existing WAL file [0.87ms]
WAL entry checksum mismatch for sequence 1
(pass) WAL Basic > FileWALManager > should validate checksums [0.42ms]
WAL entry checksum mismatch for sequence 1
Starting memory WAL recovery...
Replaying memory transaction tx-001 with 3 entries
Memory Replay: INSERT on users
Memory WAL recovery completed: 1 recovered, 0 rolled back
(pass) WAL Basic > WAL Recovery Scenarios > should recover committed transactions [0.56ms]
Starting memory WAL recovery...
Rolling back memory transaction tx-001
Memory Rollback: INSERT on users
Memory WAL recovery completed: 0 recovered, 1 rolled back
(pass) WAL Basic > WAL Recovery Scenarios > should rollback incomplete transactions [0.16ms]
Starting memory WAL recovery...
Rolling back memory transaction tx-001
Memory Rollback: INSERT on users
Memory WAL recovery completed: 0 recovered, 1 rolled back
(pass) WAL Basic > WAL Recovery Scenarios > should handle explicitly rolled back transactions [0.11ms]

packages/collection-store/src/core/wal/__test__/wal-storage-integration.test.ts:
(pass) WAL Storage Integration > WALCollection Integration > should create WAL collection with transaction support
(pass) WAL Storage Integration > WALCollection Integration > should perform CRUD operations with WAL logging [0.89ms]
(pass) WAL Storage Integration > WALCollection Integration > should handle persist operations in transactions [0.37ms]
(pass) WAL Storage Integration > WALCollection Integration > should handle transaction rollback [0.36ms]
(pass) WAL Storage Integration > WALCollection Integration > should support all IDataCollection methods [0.78ms]
(pass) WAL Storage Integration > WALCollection Integration > should create and manage checkpoints [0.20ms]
Starting WAL-based transaction recovery...
Starting WAL recovery...
Replaying transaction 2dc5802c-f3e8-4fbc-9790-ac52b7bb633f with 4 entries
Replay: INSERT on test-collection
Replay: STORE on test-collection
WAL recovery completed: 1 recovered, 0 rolled back
WAL recovery completed successfully
(pass) WAL Storage Integration > WALCollection Integration > should perform recovery [0.38ms]
(pass) WAL Storage Integration > WALDatabase Integration > should create WAL database with transaction support
(pass) WAL Storage Integration > WALDatabase Integration > should create WAL-enhanced collections [0.22ms]
(pass) WAL Storage Integration > WALDatabase Integration > should handle global transactions across collections [0.60ms]
(pass) WAL Storage Integration > WALDatabase Integration > should handle global transaction rollback [0.44ms]
(pass) WAL Storage Integration > WALDatabase Integration > should persist all collections with transaction support [0.96ms]
Starting WAL recovery for database...
Starting WAL-based transaction recovery...
Starting WAL recovery...
WAL recovery completed: 0 recovered, 0 rolled back
WAL recovery completed successfully
WAL recovery completed for database
(pass) WAL Storage Integration > WALDatabase Integration > should perform database-wide recovery [0.73ms]
(pass) WAL Storage Integration > WALDatabase Integration > should create global checkpoints [0.48ms]
(pass) WAL Storage Integration > WALDatabase Integration > should get WAL entries for debugging [0.54ms]
(pass) WAL Storage Integration > WALDatabase Integration > should list WAL collections [0.25ms]
(pass) WAL Storage Integration > WALDatabase Integration > should drop collections with WAL cleanup [0.29ms]
(pass) WAL Storage Integration > Backward Compatibility > should work with transactions disabled [0.09ms]
(pass) WAL Storage Integration > Backward Compatibility > should fallback to regular collections when transactions disabled [0.21ms]

packages/collection-store/src/config/database/__test__/DatabaseInheritanceManager.test.ts:
Initializing DatabaseInheritanceManager
DatabaseInheritanceManager initialized successfully
Component database-inheritance-manager initialized successfully
Initializing DatabaseInheritanceManager
DatabaseInheritanceManager initialized successfully
Component database-inheritance-manager initialized successfully
Cleaning up DatabaseInheritanceManager
Component database-inheritance-manager cleanup completed
(pass) DatabaseInheritanceManager > Initialization > should initialize with default configuration [0.16ms]
Cleaning up DatabaseInheritanceManager
Component database-inheritance-manager cleanup completed
Initializing DatabaseInheritanceManager
DatabaseInheritanceManager initialized successfully
Component database-inheritance-manager initialized successfully
Initializing DatabaseInheritanceManager
DatabaseInheritanceManager initialized successfully
Component database-inheritance-manager initialized successfully
Cleaning up DatabaseInheritanceManager
Component database-inheritance-manager cleanup completed
(pass) DatabaseInheritanceManager > Initialization > should initialize with custom configuration [0.07ms]
Cleaning up DatabaseInheritanceManager
Component database-inheritance-manager cleanup completed
Initializing DatabaseInheritanceManager
DatabaseInheritanceManager initialized successfully
Component database-inheritance-manager initialized successfully
(pass) DatabaseInheritanceManager > Database Configuration Management > should set and get database configuration [0.20ms]
Cleaning up DatabaseInheritanceManager
Component database-inheritance-manager cleanup completed
Initializing DatabaseInheritanceManager
DatabaseInheritanceManager initialized successfully
Component database-inheritance-manager initialized successfully
(pass) DatabaseInheritanceManager > Database Configuration Management > should return null for non-existent database
Cleaning up DatabaseInheritanceManager
Component database-inheritance-manager cleanup completed
Initializing DatabaseInheritanceManager
DatabaseInheritanceManager initialized successfully
Component database-inheritance-manager initialized successfully
(pass) DatabaseInheritanceManager > Database Configuration Management > should get all database configurations [0.03ms]
Cleaning up DatabaseInheritanceManager
Component database-inheritance-manager cleanup completed
Initializing DatabaseInheritanceManager
DatabaseInheritanceManager initialized successfully
Component database-inheritance-manager initialized successfully
(pass) DatabaseInheritanceManager > Database Configuration Management > should validate database configuration [0.04ms]
Cleaning up DatabaseInheritanceManager
Component database-inheritance-manager cleanup completed
Initializing DatabaseInheritanceManager
DatabaseInheritanceManager initialized successfully
Component database-inheritance-manager initialized successfully
(pass) DatabaseInheritanceManager > Collection Override Management > should add collection override [0.15ms]
Cleaning up DatabaseInheritanceManager
Component database-inheritance-manager cleanup completed
Initializing DatabaseInheritanceManager
DatabaseInheritanceManager initialized successfully
Component database-inheritance-manager initialized successfully
(pass) DatabaseInheritanceManager > Collection Override Management > should remove collection override [0.11ms]
Cleaning up DatabaseInheritanceManager
Component database-inheritance-manager cleanup completed
Initializing DatabaseInheritanceManager
DatabaseInheritanceManager initialized successfully
Component database-inheritance-manager initialized successfully
(pass) DatabaseInheritanceManager > Collection Override Management > should get all collection overrides for database [0.03ms]
Cleaning up DatabaseInheritanceManager
Component database-inheritance-manager cleanup completed
Initializing DatabaseInheritanceManager
DatabaseInheritanceManager initialized successfully
Component database-inheritance-manager initialized successfully
(pass) DatabaseInheritanceManager > Collection Override Management > should reject override for non-existent database
Cleaning up DatabaseInheritanceManager
Component database-inheritance-manager cleanup completed
Initializing DatabaseInheritanceManager
DatabaseInheritanceManager initialized successfully
Component database-inheritance-manager initialized successfully
(pass) DatabaseInheritanceManager > Configuration Resolution > should resolve database-level configuration [0.43ms]
Cleaning up DatabaseInheritanceManager
Component database-inheritance-manager cleanup completed
Initializing DatabaseInheritanceManager
DatabaseInheritanceManager initialized successfully
Component database-inheritance-manager initialized successfully
(pass) DatabaseInheritanceManager > Configuration Resolution > should resolve collection-level configuration with overrides [0.08ms]
Cleaning up DatabaseInheritanceManager
Component database-inheritance-manager cleanup completed
Initializing DatabaseInheritanceManager
DatabaseInheritanceManager initialized successfully
Component database-inheritance-manager initialized successfully
(pass) DatabaseInheritanceManager > Configuration Resolution > should get specific configuration value [0.09ms]
Cleaning up DatabaseInheritanceManager
Component database-inheritance-manager cleanup completed
Initializing DatabaseInheritanceManager
DatabaseInheritanceManager initialized successfully
Component database-inheritance-manager initialized successfully
(pass) DatabaseInheritanceManager > Configuration Resolution > should return undefined for non-existent config path [0.04ms]
Cleaning up DatabaseInheritanceManager
Component database-inheritance-manager cleanup completed
Initializing DatabaseInheritanceManager
DatabaseInheritanceManager initialized successfully
Component database-inheritance-manager initialized successfully
(pass) DatabaseInheritanceManager > Inheritance Rules > should add custom inheritance rule [0.04ms]
Cleaning up DatabaseInheritanceManager
Component database-inheritance-manager cleanup completed
Initializing DatabaseInheritanceManager
DatabaseInheritanceManager initialized successfully
Component database-inheritance-manager initialized successfully
(pass) DatabaseInheritanceManager > Inheritance Rules > should remove inheritance rule [0.05ms]
Cleaning up DatabaseInheritanceManager
Component database-inheritance-manager cleanup completed
Initializing DatabaseInheritanceManager
DatabaseInheritanceManager initialized successfully
Component database-inheritance-manager initialized successfully
(pass) DatabaseInheritanceManager > Inheritance Rules > should apply inheritance rules during resolution [0.08ms]
Cleaning up DatabaseInheritanceManager
Component database-inheritance-manager cleanup completed
Initializing DatabaseInheritanceManager
DatabaseInheritanceManager initialized successfully
Component database-inheritance-manager initialized successfully
(pass) DatabaseInheritanceManager > Validation > should validate inheritance successfully [0.34ms]
Cleaning up DatabaseInheritanceManager
Component database-inheritance-manager cleanup completed
Initializing DatabaseInheritanceManager
DatabaseInheritanceManager initialized successfully
Component database-inheritance-manager initialized successfully
(pass) DatabaseInheritanceManager > Validation > should detect validation errors [0.11ms]
Cleaning up DatabaseInheritanceManager
Component database-inheritance-manager cleanup completed
Initializing DatabaseInheritanceManager
DatabaseInheritanceManager initialized successfully
Component database-inheritance-manager initialized successfully
(pass) DatabaseInheritanceManager > Statistics and Monitoring > should provide accurate statistics [0.09ms]
Cleaning up DatabaseInheritanceManager
Component database-inheritance-manager cleanup completed
Initializing DatabaseInheritanceManager
DatabaseInheritanceManager initialized successfully
Component database-inheritance-manager initialized successfully
(pass) DatabaseInheritanceManager > Statistics and Monitoring > should track cache usage
Cleaning up DatabaseInheritanceManager
Component database-inheritance-manager cleanup completed
Initializing DatabaseInheritanceManager
DatabaseInheritanceManager initialized successfully
Component database-inheritance-manager initialized successfully
(pass) DatabaseInheritanceManager > Event System > should emit events for configuration changes [0.07ms]
Cleaning up DatabaseInheritanceManager
Component database-inheritance-manager cleanup completed
Initializing DatabaseInheritanceManager
DatabaseInheritanceManager initialized successfully
Component database-inheritance-manager initialized successfully
(pass) DatabaseInheritanceManager > Event System > should allow unsubscribing from events [0.06ms]
Cleaning up DatabaseInheritanceManager
Component database-inheritance-manager cleanup completed
Initializing DatabaseInheritanceManager
DatabaseInheritanceManager initialized successfully
Component database-inheritance-manager initialized successfully
(pass) DatabaseInheritanceManager > Import/Export > should export configurations [0.05ms]
Cleaning up DatabaseInheritanceManager
Component database-inheritance-manager cleanup completed
Initializing DatabaseInheritanceManager
DatabaseInheritanceManager initialized successfully
Component database-inheritance-manager initialized successfully
Initializing DatabaseInheritanceManager
DatabaseInheritanceManager initialized successfully
Component database-inheritance-manager initialized successfully
Cleaning up DatabaseInheritanceManager
Component database-inheritance-manager cleanup completed
(pass) DatabaseInheritanceManager > Import/Export > should import configurations [0.27ms]
Cleaning up DatabaseInheritanceManager
Component database-inheritance-manager cleanup completed
Initializing DatabaseInheritanceManager
DatabaseInheritanceManager initialized successfully
Component database-inheritance-manager initialized successfully
Initializing DatabaseInheritanceManager
DatabaseInheritanceManager initialized successfully
Component database-inheritance-manager initialized successfully
Cleaning up DatabaseInheritanceManager
Component database-inheritance-manager cleanup completed
(pass) DatabaseInheritanceManager > Import/Export > should merge configurations during import [0.10ms]
Cleaning up DatabaseInheritanceManager
Component database-inheritance-manager cleanup completed
Initializing DatabaseInheritanceManager
DatabaseInheritanceManager initialized successfully
Component database-inheritance-manager initialized successfully
(pass) DatabaseInheritanceManager > Bulk Operations > should bulk update database configurations [0.08ms]
Cleaning up DatabaseInheritanceManager
Component database-inheritance-manager cleanup completed
Initializing DatabaseInheritanceManager
DatabaseInheritanceManager initialized successfully
Component database-inheritance-manager initialized successfully
(pass) DatabaseInheritanceManager > Bulk Operations > should bulk update collection overrides [0.26ms]
Cleaning up DatabaseInheritanceManager
Component database-inheritance-manager cleanup completed
Initializing DatabaseInheritanceManager
DatabaseInheritanceManager initialized successfully
Component database-inheritance-manager initialized successfully
(pass) DatabaseInheritanceManager > Configuration Hierarchy > should provide configuration hierarchy for debugging [0.11ms]
Cleaning up DatabaseInheritanceManager
Component database-inheritance-manager cleanup completed
Initializing DatabaseInheritanceManager
DatabaseInheritanceManager initialized successfully
Component database-inheritance-manager initialized successfully
(pass) DatabaseInheritanceManager > Cache Management > should clear resolution cache
Cleaning up DatabaseInheritanceManager
Component database-inheritance-manager cleanup completed
Initializing DatabaseInheritanceManager
DatabaseInheritanceManager initialized successfully
Component database-inheritance-manager initialized successfully
(pass) DatabaseInheritanceManager > Cache Management > should refresh all configurations [0.12ms]
Cleaning up DatabaseInheritanceManager
Component database-inheritance-manager cleanup completed
Initializing DatabaseInheritanceManager
DatabaseInheritanceManager initialized successfully
Component database-inheritance-manager initialized successfully
Starting DatabaseInheritanceManager
Component database-inheritance-manager started successfully
Stopping DatabaseInheritanceManager
Component database-inheritance-manager stopped successfully
(pass) DatabaseInheritanceManager > Health Monitoring > should report healthy status with databases configured [0.61ms]
Cleaning up DatabaseInheritanceManager
Component database-inheritance-manager cleanup completed
Initializing DatabaseInheritanceManager
DatabaseInheritanceManager initialized successfully
Component database-inheritance-manager initialized successfully
Starting DatabaseInheritanceManager
Component database-inheritance-manager started successfully
Stopping DatabaseInheritanceManager
Component database-inheritance-manager stopped successfully
(pass) DatabaseInheritanceManager > Health Monitoring > should report warning status with no databases [0.31ms]
Cleaning up DatabaseInheritanceManager
Component database-inheritance-manager cleanup completed

packages/collection-store/src/config/features/__test__/FeatureToggleManager.test.ts:
Initializing FeatureToggleManager
FeatureToggleManager initialized with 0 features
Component feature-toggle-manager initialized successfully
Starting FeatureToggleManager
FeatureToggleManager started successfully
Component feature-toggle-manager started successfully
Initializing FeatureToggleManager
FeatureToggleManager initialized with 0 features
Component feature-toggle-manager initialized successfully
Cache cleared
Component feature-toggle-manager cleanup completed
(pass) FeatureToggleManager > Initialization > should initialize with default configuration [0.14ms]
Stopping FeatureToggleManager
Cache cleared
FeatureToggleManager stopped successfully
Component feature-toggle-manager stopped successfully
Cache cleared
Component feature-toggle-manager cleanup completed
Initializing FeatureToggleManager
FeatureToggleManager initialized with 0 features
Component feature-toggle-manager initialized successfully
Starting FeatureToggleManager
FeatureToggleManager started successfully
Component feature-toggle-manager started successfully
Initializing FeatureToggleManager
Cache cleared for feature test-feature
Feature test-feature configuration updated
FeatureToggleManager initialized with 1 features
Component feature-toggle-manager initialized successfully
Cache cleared
Component feature-toggle-manager cleanup completed
(pass) FeatureToggleManager > Initialization > should load features from configuration [0.39ms]
Stopping FeatureToggleManager
Cache cleared
FeatureToggleManager stopped successfully
Component feature-toggle-manager stopped successfully
Cache cleared
Component feature-toggle-manager cleanup completed
Initializing FeatureToggleManager
FeatureToggleManager initialized with 0 features
Component feature-toggle-manager initialized successfully
Starting FeatureToggleManager
FeatureToggleManager started successfully
Component feature-toggle-manager started successfully
Cache cleared for feature test-feature
Feature test-feature configuration updated
Feature test-feature created
(pass) FeatureToggleManager > Feature Management > should create and manage features [0.12ms]
Stopping FeatureToggleManager
Cache cleared
FeatureToggleManager stopped successfully
Component feature-toggle-manager stopped successfully
Cache cleared
Component feature-toggle-manager cleanup completed
Initializing FeatureToggleManager
FeatureToggleManager initialized with 0 features
Component feature-toggle-manager initialized successfully
Starting FeatureToggleManager
FeatureToggleManager started successfully
Component feature-toggle-manager started successfully
Cache cleared for feature test-feature
Feature test-feature configuration updated
Feature test-feature created
(pass) FeatureToggleManager > Feature Management > should prevent duplicate feature creation [0.05ms]
Stopping FeatureToggleManager
Cache cleared
FeatureToggleManager stopped successfully
Component feature-toggle-manager stopped successfully
Cache cleared
Component feature-toggle-manager cleanup completed
Initializing FeatureToggleManager
FeatureToggleManager initialized with 0 features
Component feature-toggle-manager initialized successfully
Starting FeatureToggleManager
FeatureToggleManager started successfully
Component feature-toggle-manager started successfully
Cache cleared for feature test-feature
Feature test-feature configuration updated
Feature test-feature created
Cache cleared for feature test-feature
Feature test-feature configuration updated
Cache cleared for feature test-feature
Feature test-feature configuration updated
(pass) FeatureToggleManager > Feature Management > should enable and disable features [0.24ms]
Stopping FeatureToggleManager
Cache cleared
FeatureToggleManager stopped successfully
Component feature-toggle-manager stopped successfully
Cache cleared
Component feature-toggle-manager cleanup completed
Initializing FeatureToggleManager
FeatureToggleManager initialized with 0 features
Component feature-toggle-manager initialized successfully
Starting FeatureToggleManager
FeatureToggleManager started successfully
Component feature-toggle-manager started successfully
Cache cleared for feature test-feature
Feature test-feature configuration updated
Feature test-feature created
Cache cleared for feature test-feature
Feature test-feature configuration updated
Cache cleared for feature test-feature
Feature test-feature configuration updated
(pass) FeatureToggleManager > Feature Management > should toggle feature state [0.14ms]
Stopping FeatureToggleManager
Cache cleared
FeatureToggleManager stopped successfully
Component feature-toggle-manager stopped successfully
Cache cleared
Component feature-toggle-manager cleanup completed
Initializing FeatureToggleManager
FeatureToggleManager initialized with 0 features
Component feature-toggle-manager initialized successfully
Starting FeatureToggleManager
FeatureToggleManager started successfully
Component feature-toggle-manager started successfully
Cache cleared for feature test-feature
Feature test-feature configuration updated
Feature test-feature created
Cache cleared for feature test-feature
Feature test-feature removed
(pass) FeatureToggleManager > Feature Management > should remove features [0.13ms]
Stopping FeatureToggleManager
Cache cleared
FeatureToggleManager stopped successfully
Component feature-toggle-manager stopped successfully
Cache cleared
Component feature-toggle-manager cleanup completed
Initializing FeatureToggleManager
FeatureToggleManager initialized with 0 features
Component feature-toggle-manager initialized successfully
Starting FeatureToggleManager
FeatureToggleManager started successfully
Component feature-toggle-manager started successfully
Cache cleared for feature feature1
Feature feature1 configuration updated
Feature feature1 created
Cache cleared for feature feature2
Feature feature2 configuration updated
Feature feature2 created
Cache cleared for feature feature3
Feature feature3 configuration updated
Feature feature3 created
Cache cleared for feature feature1
Feature feature1 configuration updated
Cache cleared for feature feature2
Feature feature2 configuration updated
Cache cleared for feature feature3
Feature feature3 configuration updated
Cache cleared for feature feature1
Feature feature1 configuration updated
Cache cleared for feature feature2
Feature feature2 configuration updated
Cache cleared for feature feature3
Feature feature3 configuration updated
(pass) FeatureToggleManager > Feature Management > should handle bulk operations [0.30ms]
Stopping FeatureToggleManager
Cache cleared
FeatureToggleManager stopped successfully
Component feature-toggle-manager stopped successfully
Cache cleared
Component feature-toggle-manager cleanup completed
Initializing FeatureToggleManager
FeatureToggleManager initialized with 0 features
Component feature-toggle-manager initialized successfully
Starting FeatureToggleManager
FeatureToggleManager started successfully
Component feature-toggle-manager started successfully
Cache cleared for feature percentage-feature
Feature percentage-feature configuration updated
Feature percentage-feature created
(pass) FeatureToggleManager > Feature Conditions > should evaluate percentage rollout [0.18ms]
Stopping FeatureToggleManager
Cache cleared
FeatureToggleManager stopped successfully
Component feature-toggle-manager stopped successfully
Cache cleared
Component feature-toggle-manager cleanup completed
Initializing FeatureToggleManager
FeatureToggleManager initialized with 0 features
Component feature-toggle-manager initialized successfully
Starting FeatureToggleManager
FeatureToggleManager started successfully
Component feature-toggle-manager started successfully
Cache cleared for feature group-feature
Feature group-feature configuration updated
Feature group-feature created
(pass) FeatureToggleManager > Feature Conditions > should evaluate user groups [0.12ms]
Stopping FeatureToggleManager
Cache cleared
FeatureToggleManager stopped successfully
Component feature-toggle-manager stopped successfully
Cache cleared
Component feature-toggle-manager cleanup completed
Initializing FeatureToggleManager
FeatureToggleManager initialized with 0 features
Component feature-toggle-manager initialized successfully
Starting FeatureToggleManager
FeatureToggleManager started successfully
Component feature-toggle-manager started successfully
Cache cleared for feature time-feature
Feature time-feature configuration updated
Feature time-feature created
(pass) FeatureToggleManager > Feature Conditions > should evaluate time windows [0.12ms]
Stopping FeatureToggleManager
Cache cleared
FeatureToggleManager stopped successfully
Component feature-toggle-manager stopped successfully
Cache cleared
Component feature-toggle-manager cleanup completed
Initializing FeatureToggleManager
FeatureToggleManager initialized with 0 features
Component feature-toggle-manager initialized successfully
Starting FeatureToggleManager
FeatureToggleManager started successfully
Component feature-toggle-manager started successfully
Cache cleared for feature env-feature
Feature env-feature configuration updated
Feature env-feature created
(pass) FeatureToggleManager > Feature Conditions > should evaluate environment restrictions [0.05ms]
Stopping FeatureToggleManager
Cache cleared
FeatureToggleManager stopped successfully
Component feature-toggle-manager stopped successfully
Cache cleared
Component feature-toggle-manager cleanup completed
Initializing FeatureToggleManager
FeatureToggleManager initialized with 0 features
Component feature-toggle-manager initialized successfully
Starting FeatureToggleManager
FeatureToggleManager started successfully
Component feature-toggle-manager started successfully
Cache cleared for feature dependency-feature
Feature dependency-feature configuration updated
Feature dependency-feature created
Cache cleared for feature dependent-feature
Feature dependent-feature configuration updated
Feature dependent-feature created
Cache cleared for feature dependency-feature
Feature dependency-feature configuration updated
Cache cleared for feature dependent-feature
(pass) FeatureToggleManager > Feature Conditions > should evaluate feature dependencies [0.07ms]
Stopping FeatureToggleManager
Cache cleared
FeatureToggleManager stopped successfully
Component feature-toggle-manager stopped successfully
Cache cleared
Component feature-toggle-manager cleanup completed
Initializing FeatureToggleManager
FeatureToggleManager initialized with 0 features
Component feature-toggle-manager initialized successfully
Starting FeatureToggleManager
FeatureToggleManager started successfully
Component feature-toggle-manager started successfully
Cache cleared for feature test-feature
Feature test-feature configuration updated
Feature test-feature created
(pass) FeatureToggleManager > Feature Evaluation > should provide detailed evaluation results [0.09ms]
Stopping FeatureToggleManager
Cache cleared
FeatureToggleManager stopped successfully
Component feature-toggle-manager stopped successfully
Cache cleared
Component feature-toggle-manager cleanup completed
Initializing FeatureToggleManager
FeatureToggleManager initialized with 0 features
Component feature-toggle-manager initialized successfully
Starting FeatureToggleManager
FeatureToggleManager started successfully
Component feature-toggle-manager started successfully
(pass) FeatureToggleManager > Feature Evaluation > should handle non-existent features [0.03ms]
Stopping FeatureToggleManager
Cache cleared
FeatureToggleManager stopped successfully
Component feature-toggle-manager stopped successfully
Cache cleared
Component feature-toggle-manager cleanup completed
Initializing FeatureToggleManager
FeatureToggleManager initialized with 0 features
Component feature-toggle-manager initialized successfully
Starting FeatureToggleManager
FeatureToggleManager started successfully
Component feature-toggle-manager started successfully
Cache cleared for feature enabled-feature
Feature enabled-feature configuration updated
Feature enabled-feature created
Cache cleared for feature disabled-feature
Feature disabled-feature configuration updated
Feature disabled-feature created
(pass) FeatureToggleManager > Statistics > should track feature statistics [0.08ms]
Stopping FeatureToggleManager
Cache cleared
FeatureToggleManager stopped successfully
Component feature-toggle-manager stopped successfully
Cache cleared
Component feature-toggle-manager cleanup completed
Initializing FeatureToggleManager
FeatureToggleManager initialized with 0 features
Component feature-toggle-manager initialized successfully
Starting FeatureToggleManager
FeatureToggleManager started successfully
Component feature-toggle-manager started successfully
Cache cleared for feature test-feature
Feature test-feature configuration updated
Feature test-feature created
(pass) FeatureToggleManager > Statistics > should track evaluation count [0.08ms]
Stopping FeatureToggleManager
Cache cleared
FeatureToggleManager stopped successfully
Component feature-toggle-manager stopped successfully
Cache cleared
Component feature-toggle-manager cleanup completed
Initializing FeatureToggleManager
FeatureToggleManager initialized with 0 features
Component feature-toggle-manager initialized successfully
Starting FeatureToggleManager
FeatureToggleManager started successfully
Component feature-toggle-manager started successfully
Cache cleared for feature test-feature
Feature test-feature configuration updated
Feature test-feature created
Cache cleared for feature test-feature
Feature test-feature configuration updated
Cache cleared for feature test-feature
Feature test-feature configuration updated
(pass) FeatureToggleManager > Event System > should emit feature change events [0.09ms]
Stopping FeatureToggleManager
Cache cleared
FeatureToggleManager stopped successfully
Component feature-toggle-manager stopped successfully
Cache cleared
Component feature-toggle-manager cleanup completed
Initializing FeatureToggleManager
FeatureToggleManager initialized with 0 features
Component feature-toggle-manager initialized successfully
Starting FeatureToggleManager
FeatureToggleManager started successfully
Component feature-toggle-manager started successfully
Cache cleared for feature test-feature
Feature test-feature configuration updated
Feature test-feature created
Cache cleared for feature test-feature
Feature test-feature configuration updated
Cache cleared for feature test-feature
Feature test-feature configuration updated
(pass) FeatureToggleManager > Event System > should allow unsubscribing from events [0.10ms]
Stopping FeatureToggleManager
Cache cleared
FeatureToggleManager stopped successfully
Component feature-toggle-manager stopped successfully
Cache cleared
Component feature-toggle-manager cleanup completed
Initializing FeatureToggleManager
FeatureToggleManager initialized with 0 features
Component feature-toggle-manager initialized successfully
Starting FeatureToggleManager
FeatureToggleManager started successfully
Component feature-toggle-manager started successfully
Cache cleared for feature feature1
Feature feature1 configuration updated
Feature feature1 created
Cache cleared for feature feature2
Feature feature2 configuration updated
Feature feature2 created
Initializing FeatureToggleManager
FeatureToggleManager initialized with 0 features
Component feature-toggle-manager initialized successfully
Cache cleared for feature feature1
Feature feature1 configuration updated
Cache cleared for feature feature2
Feature feature2 configuration updated
Bulk updated 2 features
Imported 2 features (merge: true)
Cache cleared
Component feature-toggle-manager cleanup completed
(pass) FeatureToggleManager > Configuration Management > should export and import configuration [0.35ms]
Stopping FeatureToggleManager
Cache cleared
FeatureToggleManager stopped successfully
Component feature-toggle-manager stopped successfully
Cache cleared
Component feature-toggle-manager cleanup completed
Initializing FeatureToggleManager
FeatureToggleManager initialized with 0 features
Component feature-toggle-manager initialized successfully
Starting FeatureToggleManager
FeatureToggleManager started successfully
Component feature-toggle-manager started successfully
Cache cleared for feature feature1
Feature feature1 configuration updated
Cache cleared for feature feature2
Feature feature2 configuration updated
Cache cleared for feature feature3
Feature feature3 configuration updated
Bulk updated 3 features
(pass) FeatureToggleManager > Configuration Management > should handle bulk updates [0.05ms]
Stopping FeatureToggleManager
Cache cleared
FeatureToggleManager stopped successfully
Component feature-toggle-manager stopped successfully
Cache cleared
Component feature-toggle-manager cleanup completed
Initializing FeatureToggleManager
FeatureToggleManager initialized with 0 features
Component feature-toggle-manager initialized successfully
Starting FeatureToggleManager
FeatureToggleManager started successfully
Component feature-toggle-manager started successfully
Cache cleared for feature test-feature
Feature test-feature configuration updated
Feature test-feature created
(pass) FeatureToggleManager > Health Monitoring > should report healthy status with features [0.04ms]
Stopping FeatureToggleManager
Cache cleared
FeatureToggleManager stopped successfully
Component feature-toggle-manager stopped successfully
Cache cleared
Component feature-toggle-manager cleanup completed
Initializing FeatureToggleManager
FeatureToggleManager initialized with 0 features
Component feature-toggle-manager initialized successfully
Starting FeatureToggleManager
FeatureToggleManager started successfully
Component feature-toggle-manager started successfully
(pass) FeatureToggleManager > Health Monitoring > should report warning status with no features [0.01ms]
Stopping FeatureToggleManager
Cache cleared
FeatureToggleManager stopped successfully
Component feature-toggle-manager stopped successfully
Cache cleared
Component feature-toggle-manager cleanup completed
Initializing FeatureToggleManager
FeatureToggleManager initialized with 0 features
Component feature-toggle-manager initialized successfully
Starting FeatureToggleManager
FeatureToggleManager started successfully
Component feature-toggle-manager started successfully
Cache cleared for feature test-feature
Feature test-feature configuration updated
Feature test-feature created
(pass) FeatureToggleManager > Cache Management > should cache evaluation results [0.03ms]
Stopping FeatureToggleManager
Cache cleared
FeatureToggleManager stopped successfully
Component feature-toggle-manager stopped successfully
Cache cleared
Component feature-toggle-manager cleanup completed
Initializing FeatureToggleManager
FeatureToggleManager initialized with 0 features
Component feature-toggle-manager initialized successfully
Starting FeatureToggleManager
FeatureToggleManager started successfully
Component feature-toggle-manager started successfully
Cache cleared for feature feature1
Feature feature1 configuration updated
Feature feature1 created
Cache cleared for feature feature2
Feature feature2 configuration updated
Feature feature2 created
Cache cleared for feature feature1
(pass) FeatureToggleManager > Cache Management > should clear cache for specific features [0.04ms]
Stopping FeatureToggleManager
Cache cleared
FeatureToggleManager stopped successfully
Component feature-toggle-manager stopped successfully
Cache cleared
Component feature-toggle-manager cleanup completed
Initializing FeatureToggleManager
FeatureToggleManager initialized with 0 features
Component feature-toggle-manager initialized successfully
Starting FeatureToggleManager
FeatureToggleManager started successfully
Component feature-toggle-manager started successfully
Cache cleared for feature feature1
Feature feature1 configuration updated
Feature feature1 created
Cache cleared for feature feature2
Feature feature2 configuration updated
Feature feature2 created
Cache cleared
(pass) FeatureToggleManager > Cache Management > should clear all cache [0.05ms]
Stopping FeatureToggleManager
Cache cleared
FeatureToggleManager stopped successfully
Component feature-toggle-manager stopped successfully
Cache cleared
Component feature-toggle-manager cleanup completed
Initializing FeatureToggleManager
FeatureToggleManager initialized with 0 features
Component feature-toggle-manager initialized successfully
Starting FeatureToggleManager
FeatureToggleManager started successfully
Component feature-toggle-manager started successfully
Updating FeatureToggleManager configuration
Cache cleared for feature initial-feature
Feature initial-feature configuration updated
FeatureToggleManager configuration updated successfully
Component feature-toggle-manager configuration updated successfully
Updating FeatureToggleManager configuration
Cache cleared for feature initial-feature
Feature initial-feature configuration updated
Cache cleared for feature new-feature
Feature new-feature configuration updated
Cache cleared
FeatureToggleManager configuration updated successfully
Component feature-toggle-manager configuration updated successfully
(pass) FeatureToggleManager > Configuration Updates > should handle configuration updates [0.24ms]
Stopping FeatureToggleManager
Cache cleared
FeatureToggleManager stopped successfully
Component feature-toggle-manager stopped successfully
Cache cleared
Component feature-toggle-manager cleanup completed

packages/collection-store/src/config/conflicts/__test__/ConflictResolutionManager.test.ts:
Component ConflictResolutionManager initialized successfully
Component ConflictResolutionManager initialized successfully
Component ConflictResolutionManager is not running, skipping stop
(pass) ConflictResolutionManager > Lifecycle Management > should initialize with default configuration [0.16ms]
Component ConflictResolutionManager is not running, skipping stop
Component ConflictResolutionManager initialized successfully
Component ConflictResolutionManager started successfully
Component ConflictResolutionManager stopped successfully
(pass) ConflictResolutionManager > Lifecycle Management > should start and stop successfully [0.13ms]
Component ConflictResolutionManager is not running, skipping stop
Component ConflictResolutionManager initialized successfully
(pass) ConflictResolutionManager > Lifecycle Management > should report healthy status with no conflicts [0.09ms]
Component ConflictResolutionManager is not running, skipping stop
Component ConflictResolutionManager initialized successfully
(pass) ConflictResolutionManager > Lifecycle Management > should update configuration [0.15ms]
Component ConflictResolutionManager is not running, skipping stop
Component ConflictResolutionManager initialized successfully
(pass) ConflictResolutionManager > Conflict Detection > should detect value conflicts between configurations [0.49ms]
Component ConflictResolutionManager is not running, skipping stop
Component ConflictResolutionManager initialized successfully
(pass) ConflictResolutionManager > Conflict Detection > should detect type conflicts between configurations [0.09ms]
Component ConflictResolutionManager is not running, skipping stop
Component ConflictResolutionManager initialized successfully
(pass) ConflictResolutionManager > Conflict Detection > should detect conflicts in specific path [0.19ms]
Component ConflictResolutionManager is not running, skipping stop
Component ConflictResolutionManager initialized successfully
(pass) ConflictResolutionManager > Conflict Detection > should validate configuration against existing conflicts [0.10ms]
Component ConflictResolutionManager is not running, skipping stop
Component ConflictResolutionManager initialized successfully
(pass) ConflictResolutionManager > Conflict Detection > should scan for existing conflicts [0.13ms]
Component ConflictResolutionManager is not running, skipping stop
Component ConflictResolutionManager initialized successfully
(pass) ConflictResolutionManager > Conflict Management > should get conflict by ID [0.05ms]
Component ConflictResolutionManager is not running, skipping stop
Component ConflictResolutionManager initialized successfully
(pass) ConflictResolutionManager > Conflict Management > should get all conflicts [0.06ms]
Component ConflictResolutionManager is not running, skipping stop
Component ConflictResolutionManager initialized successfully
(pass) ConflictResolutionManager > Conflict Management > should get conflicts by type
Component ConflictResolutionManager is not running, skipping stop
Component ConflictResolutionManager initialized successfully
(pass) ConflictResolutionManager > Conflict Management > should get conflicts by severity [0.09ms]
Component ConflictResolutionManager is not running, skipping stop
Component ConflictResolutionManager initialized successfully
(pass) ConflictResolutionManager > Conflict Management > should remove specific conflict [0.05ms]
Component ConflictResolutionManager is not running, skipping stop
Component ConflictResolutionManager initialized successfully
(pass) ConflictResolutionManager > Conflict Management > should clear all conflicts [0.09ms]
Component ConflictResolutionManager is not running, skipping stop
Component ConflictResolutionManager initialized successfully
(pass) ConflictResolutionManager > Resolution Rules Management > should add resolution rule
Component ConflictResolutionManager is not running, skipping stop
Component ConflictResolutionManager initialized successfully
(pass) ConflictResolutionManager > Resolution Rules Management > should update resolution rule [0.21ms]
Component ConflictResolutionManager is not running, skipping stop
Component ConflictResolutionManager initialized successfully
(pass) ConflictResolutionManager > Resolution Rules Management > should remove resolution rule [0.06ms]
Component ConflictResolutionManager is not running, skipping stop
Component ConflictResolutionManager initialized successfully
(pass) ConflictResolutionManager > Resolution Rules Management > should get all resolution rules [0.03ms]
Component ConflictResolutionManager is not running, skipping stop
Component ConflictResolutionManager initialized successfully
(pass) ConflictResolutionManager > Resolution Rules Management > should enable and disable resolution rules [0.04ms]
Component ConflictResolutionManager is not running, skipping stop
Component ConflictResolutionManager initialized successfully
(pass) ConflictResolutionManager > Resolution Rules Management > should validate resolution rule [0.27ms]
Component ConflictResolutionManager is not running, skipping stop
Component ConflictResolutionManager initialized successfully
(pass) ConflictResolutionManager > Conflict Resolution > should resolve conflict with merge strategy [1.79ms]
Component ConflictResolutionManager is not running, skipping stop
Component ConflictResolutionManager initialized successfully
(pass) ConflictResolutionManager > Conflict Resolution > should resolve conflict with override strategy [1.24ms]
Component ConflictResolutionManager is not running, skipping stop
Component ConflictResolutionManager initialized successfully
(pass) ConflictResolutionManager > Conflict Resolution > should resolve multiple conflicts [4.01ms]
Component ConflictResolutionManager is not running, skipping stop
Component ConflictResolutionManager initialized successfully
(pass) ConflictResolutionManager > Conflict Resolution > should resolve all conflicts [7.96ms]
Component ConflictResolutionManager is not running, skipping stop
Component ConflictResolutionManager initialized successfully
(pass) ConflictResolutionManager > Conflict Resolution > should auto-resolve conflicts [1.52ms]
Component ConflictResolutionManager is not running, skipping stop
Component ConflictResolutionManager initialized successfully
(pass) ConflictResolutionManager > Resolution Strategies > should merge configurations deeply [0.53ms]
Component ConflictResolutionManager is not running, skipping stop
Component ConflictResolutionManager initialized successfully
(pass) ConflictResolutionManager > Resolution Strategies > should merge configurations shallowly [0.06ms]
Component ConflictResolutionManager is not running, skipping stop
Component ConflictResolutionManager initialized successfully
(pass) ConflictResolutionManager > Resolution Strategies > should select configuration by priority [0.10ms]
Component ConflictResolutionManager is not running, skipping stop
Component ConflictResolutionManager initialized successfully
(pass) ConflictResolutionManager > Resolution Strategies > should prompt user for resolution [0.11ms]
Component ConflictResolutionManager is not running, skipping stop
Component ConflictResolutionManager initialized successfully
(pass) ConflictResolutionManager > Statistics and Monitoring > should track statistics [1.29ms]
Component ConflictResolutionManager is not running, skipping stop
Component ConflictResolutionManager initialized successfully
(pass) ConflictResolutionManager > Statistics and Monitoring > should reset statistics [0.20ms]
Component ConflictResolutionManager is not running, skipping stop
Component ConflictResolutionManager initialized successfully
(pass) ConflictResolutionManager > Statistics and Monitoring > should export statistics [0.14ms]
Component ConflictResolutionManager is not running, skipping stop
Component ConflictResolutionManager initialized successfully
(pass) ConflictResolutionManager > Event System > should emit conflict detected event [0.10ms]
Component ConflictResolutionManager is not running, skipping stop
Component ConflictResolutionManager initialized successfully
(pass) ConflictResolutionManager > Event System > should emit conflict resolved event [1.20ms]
Component ConflictResolutionManager is not running, skipping stop
Component ConflictResolutionManager initialized successfully
(pass) ConflictResolutionManager > Utility Methods > should compare configurations [0.13ms]
Component ConflictResolutionManager is not running, skipping stop
Component ConflictResolutionManager initialized successfully
(pass) ConflictResolutionManager > Utility Methods > should generate conflict report [0.14ms]
Component ConflictResolutionManager is not running, skipping stop
Component ConflictResolutionManager initialized successfully
(pass) ConflictResolutionManager > Utility Methods > should simulate resolution [0.12ms]
Component ConflictResolutionManager is not running, skipping stop
Component ConflictResolutionManager initialized successfully
(pass) ConflictResolutionManager > Bulk Operations > should add multiple resolution rules [0.14ms]
Component ConflictResolutionManager is not running, skipping stop
Component ConflictResolutionManager initialized successfully
(pass) ConflictResolutionManager > Bulk Operations > should update multiple resolution rules [0.10ms]
Component ConflictResolutionManager is not running, skipping stop
Component ConflictResolutionManager initialized successfully
(pass) ConflictResolutionManager > Bulk Operations > should remove multiple resolution rules [0.11ms]
Component ConflictResolutionManager is not running, skipping stop
Component ConflictResolutionManager initialized successfully
(pass) ConflictResolutionManager > Import/Export > should export configuration [0.15ms]
Component ConflictResolutionManager is not running, skipping stop
Component ConflictResolutionManager initialized successfully
(pass) ConflictResolutionManager > Import/Export > should import configuration [0.19ms]
Component ConflictResolutionManager is not running, skipping stop
Component ConflictResolutionManager initialized successfully
(pass) ConflictResolutionManager > Import/Export > should export conflict history [0.10ms]
Component ConflictResolutionManager is not running, skipping stop
Component ConflictResolutionManager initialized successfully
(pass) ConflictResolutionManager > Import/Export > should import conflict history [0.14ms]
Component ConflictResolutionManager is not running, skipping stop

packages/collection-store/src/config/adapters/__test__/AdapterFactoryManager.test.ts:
Adapter type 'mock' registered successfully
Built-in adapter types would be registered here
Adapter 'adapter1' of type 'mock' created successfully in 11ms
Adapter 'adapter2' of type 'mock' created successfully in 11ms
AdapterFactoryManager initialized with 2 adapters
Component test-factory initialized successfully
(pass) AdapterFactoryManager > Initialization > should initialize successfully with valid configuration [21.90ms]
All adapters stopped in 0ms
AdapterFactoryManager cleanup completed
Component test-factory cleanup completed
Built-in adapter types would be registered here
Failed to create adapter 'adapter1': Failed to create adapter 'adapter1': Adapter type 'mock' is not registered
(pass) AdapterFactoryManager > Initialization > should fail initialization with unregistered adapter type [0.26ms]
All adapters stopped in 0ms
AdapterFactoryManager cleanup completed
Component test-factory cleanup completed
Built-in adapter types would be registered here
AdapterFactoryManager initialized with 0 adapters
Component test-factory initialized successfully
(pass) AdapterFactoryManager > Initialization > should handle empty adapter configuration [0.05ms]
All adapters stopped in 0ms
AdapterFactoryManager cleanup completed
Component test-factory cleanup completed
Adapter type 'mock' registered successfully
(pass) AdapterFactoryManager > Adapter Type Registration > should register adapter types successfully [0.09ms]
All adapters stopped in 0ms
AdapterFactoryManager cleanup completed
Component test-factory cleanup completed
Adapter type 'mock' registered successfully
(pass) AdapterFactoryManager > Adapter Type Registration > should prevent duplicate adapter type registration [0.01ms]
All adapters stopped in 0ms
AdapterFactoryManager cleanup completed
Component test-factory cleanup completed
Adapter type 'mock' registered successfully
Adapter type 'mock' unregistered successfully
(pass) AdapterFactoryManager > Adapter Type Registration > should unregister adapter types when no instances exist [0.13ms]
All adapters stopped in 0ms
AdapterFactoryManager cleanup completed
Component test-factory cleanup completed
Adapter type 'mock' registered successfully
Built-in adapter types would be registered here
Adapter 'adapter1' of type 'mock' created successfully in 11ms
Adapter 'adapter2' of type 'mock' created successfully in 11ms
AdapterFactoryManager initialized with 2 adapters
Component test-factory initialized successfully
(pass) AdapterFactoryManager > Adapter Type Registration > should prevent unregistering adapter types with active instances [22.14ms]
All adapters stopped in 0ms
AdapterFactoryManager cleanup completed
Component test-factory cleanup completed
Adapter type 'mock' registered successfully
Built-in adapter types would be registered here
Adapter 'adapter1' of type 'mock' created successfully in 11ms
Adapter 'adapter2' of type 'mock' created successfully in 11ms
AdapterFactoryManager initialized with 2 adapters
Component test-factory initialized successfully
All adapters started successfully in 23ms
AdapterFactoryManager started with 2 adapters
Component test-factory started successfully
(pass) AdapterFactoryManager > Adapter Lifecycle > should start all adapters successfully [100.73ms]
All adapters stopped in 288ms
AdapterFactoryManager stopped
Component test-factory stopped successfully
All adapters stopped in 1ms
AdapterFactoryManager cleanup completed
Component test-factory cleanup completed
Adapter type 'mock' registered successfully
Built-in adapter types would be registered here
Adapter 'adapter1' of type 'mock' created successfully in 11ms
Adapter 'adapter2' of type 'mock' created successfully in 12ms
AdapterFactoryManager initialized with 2 adapters
Component test-factory initialized successfully
All adapters started successfully in 21ms
AdapterFactoryManager started with 2 adapters
Component test-factory started successfully
All adapters stopped in 22ms
AdapterFactoryManager stopped
Component test-factory stopped successfully
(pass) AdapterFactoryManager > Adapter Lifecycle > should stop all adapters successfully [48.25ms]
All adapters stopped in 0ms
AdapterFactoryManager cleanup completed
Component test-factory cleanup completed
Adapter type 'mock' registered successfully
Built-in adapter types would be registered here
Adapter 'adapter1' of type 'mock' created successfully in 11ms
Adapter 'adapter2' of type 'mock' created successfully in 10ms
AdapterFactoryManager initialized with 2 adapters
Component test-factory initialized successfully
All adapters started successfully in 21ms
AdapterFactoryManager started with 2 adapters
Component test-factory started successfully
(pass) AdapterFactoryManager > Adapter Lifecycle > should start adapters in priority order [21.86ms]
All adapters stopped in 22ms
AdapterFactoryManager stopped
Component test-factory stopped successfully
All adapters stopped in 0ms
AdapterFactoryManager cleanup completed
Component test-factory cleanup completed
Adapter type 'mock' registered successfully
Built-in adapter types would be registered here
Adapter 'adapter1' of type 'mock' created successfully in 11ms
Adapter 'adapter2' of type 'mock' created successfully in 10ms
AdapterFactoryManager initialized with 2 adapters
Component test-factory initialized successfully
Adapter 'adapter3' of type 'mock' created successfully in 11ms
(pass) AdapterFactoryManager > Adapter Management > should create new adapters [11.35ms]
All adapters stopped in 0ms
AdapterFactoryManager cleanup completed
Component test-factory cleanup completed
Adapter type 'mock' registered successfully
Built-in adapter types would be registered here
Adapter 'adapter1' of type 'mock' created successfully in 11ms
Adapter 'adapter2' of type 'mock' created successfully in 11ms
AdapterFactoryManager initialized with 2 adapters
Component test-factory initialized successfully
(pass) AdapterFactoryManager > Adapter Management > should get adapters by type [0.25ms]
All adapters stopped in 0ms
AdapterFactoryManager cleanup completed
Component test-factory cleanup completed
Adapter type 'mock' registered successfully
Built-in adapter types would be registered here
Adapter 'adapter1' of type 'mock' created successfully in 11ms
Adapter 'adapter2' of type 'mock' created successfully in 11ms
AdapterFactoryManager initialized with 2 adapters
Component test-factory initialized successfully
All adapters started successfully in 22ms
AdapterFactoryManager started with 2 adapters
Component test-factory started successfully
Adapter 'adapter1' restarted successfully
(pass) AdapterFactoryManager > Adapter Management > should restart specific adapters [44.42ms]
All adapters stopped in 87ms
AdapterFactoryManager stopped
Component test-factory stopped successfully
All adapters stopped in 0ms
AdapterFactoryManager cleanup completed
Component test-factory cleanup completed
Adapter type 'mock' registered successfully
Built-in adapter types would be registered here
Adapter 'adapter1' of type 'mock' created successfully in 11ms
Adapter 'adapter2' of type 'mock' created successfully in 11ms
AdapterFactoryManager initialized with 2 adapters
Component test-factory initialized successfully
Adapter 'adapter1' removed successfully
(pass) AdapterFactoryManager > Adapter Management > should remove adapters [11.89ms]
All adapters stopped in 0ms
AdapterFactoryManager cleanup completed
Component test-factory cleanup completed
Adapter type 'mock' registered successfully
Built-in adapter types would be registered here
Adapter 'adapter1' of type 'mock' created successfully in 11ms
Adapter 'adapter2' of type 'mock' created successfully in 11ms
AdapterFactoryManager initialized with 2 adapters
Component test-factory initialized successfully
Adapter 'adapter1' configuration updated successfully
(pass) AdapterFactoryManager > Adapter Management > should update adapter configuration [5.93ms]
All adapters stopped in 0ms
AdapterFactoryManager cleanup completed
Component test-factory cleanup completed
Adapter type 'mock' registered successfully
Built-in adapter types would be registered here
Adapter 'adapter1' of type 'mock' created successfully in 11ms
Adapter 'adapter2' of type 'mock' created successfully in 13ms
AdapterFactoryManager initialized with 2 adapters
Component test-factory initialized successfully
All adapters started successfully in 21ms
AdapterFactoryManager started with 2 adapters
Component test-factory started successfully
(pass) AdapterFactoryManager > Health Monitoring > should get health status of specific adapter [0.33ms]
All adapters stopped in 21ms
AdapterFactoryManager stopped
Component test-factory stopped successfully
All adapters stopped in 0ms
AdapterFactoryManager cleanup completed
Component test-factory cleanup completed
Adapter type 'mock' registered successfully
Built-in adapter types would be registered here
Adapter 'adapter1' of type 'mock' created successfully in 11ms
Adapter 'adapter2' of type 'mock' created successfully in 12ms
AdapterFactoryManager initialized with 2 adapters
Component test-factory initialized successfully
All adapters started successfully in 21ms
AdapterFactoryManager started with 2 adapters
Component test-factory started successfully
(pass) AdapterFactoryManager > Health Monitoring > should get health status of all adapters [0.35ms]
All adapters stopped in 29ms
AdapterFactoryManager stopped
Component test-factory stopped successfully
All adapters stopped in 0ms
AdapterFactoryManager cleanup completed
Component test-factory cleanup completed
Adapter type 'mock' registered successfully
Built-in adapter types would be registered here
Adapter 'adapter1' of type 'mock' created successfully in 10ms
Adapter 'adapter2' of type 'mock' created successfully in 11ms
AdapterFactoryManager initialized with 2 adapters
Component test-factory initialized successfully
All adapters started successfully in 23ms
AdapterFactoryManager started with 2 adapters
Component test-factory started successfully
(pass) AdapterFactoryManager > Health Monitoring > should report overall factory health [0.69ms]
All adapters stopped in 21ms
AdapterFactoryManager stopped
Component test-factory stopped successfully
All adapters stopped in 0ms
AdapterFactoryManager cleanup completed
Component test-factory cleanup completed
Adapter type 'failing' registered successfully
Built-in adapter types would be registered here
Adapter 'failing-adapter' of type 'failing' created successfully in 11ms
AdapterFactoryManager initialized with 1 adapters
Component test-factory initialized successfully
(pass) AdapterFactoryManager > Error Handling > should handle adapter start failures [11.60ms]
All adapters stopped in 0ms
AdapterFactoryManager cleanup completed
Component test-factory cleanup completed
(pass) AdapterFactoryManager > Error Handling > should handle missing adapter operations gracefully [0.12ms]
All adapters stopped in 0ms
AdapterFactoryManager cleanup completed
Component test-factory cleanup completed
Adapter type 'mock' registered successfully
Built-in adapter types would be registered here
Adapter 'adapter1' of type 'mock' created successfully in 11ms
Adapter 'adapter2' of type 'mock' created successfully in 10ms
AdapterFactoryManager initialized with 2 adapters
Component test-factory initialized successfully
(pass) AdapterFactoryManager > Statistics > should track factory statistics [0.32ms]
All adapters stopped in 0ms
AdapterFactoryManager cleanup completed
Component test-factory cleanup completed
Adapter type 'mock' registered successfully
Built-in adapter types would be registered here
Adapter 'adapter1' of type 'mock' created successfully in 11ms
Adapter 'adapter2' of type 'mock' created successfully in 11ms
AdapterFactoryManager initialized with 2 adapters
Component test-factory initialized successfully
Adapter 'adapter3' of type 'mock' created successfully in 10ms
Adapter 'adapter3' removed successfully
(pass) AdapterFactoryManager > Statistics > should update statistics after operations [16.51ms]
All adapters stopped in 0ms
AdapterFactoryManager cleanup completed
Component test-factory cleanup completed
Adapter type 'mock' registered successfully
Built-in adapter types would be registered here
Adapter 'adapter1' of type 'mock' created successfully in 11ms
Adapter 'adapter2' of type 'mock' created successfully in 10ms
AdapterFactoryManager initialized with 2 adapters
Component test-factory initialized successfully
Adapter 'adapter3' of type 'mock' created successfully in 10ms
AdapterFactoryManager configuration updated
Component test-factory configuration updated successfully
(pass) AdapterFactoryManager > Configuration Updates > should update factory configuration [22.53ms]
All adapters stopped in 0ms
AdapterFactoryManager cleanup completed
Component test-factory cleanup completed

packages/collection-store/src/config/browser/__test__/BrowserFallbackManager.test.ts:
Initializing BrowserFallbackManager: browser-fallback-test
Detected available storage types: localStorage, sessionStorage
BrowserFallbackManager initialized with 2 rules
Component browser-fallback-test initialized successfully
(pass) BrowserFallbackManager > Initialization and Lifecycle > should initialize successfully [0.11ms]
Initializing BrowserFallbackManager: browser-fallback-test
Detected available storage types: localStorage, sessionStorage
BrowserFallbackManager initialized with 2 rules
Component browser-fallback-test initialized successfully
Starting BrowserFallbackManager: browser-fallback-test
BrowserFallbackManager started
Component browser-fallback-test started successfully
Stopping BrowserFallbackManager: browser-fallback-test
BrowserFallbackManager stopped
Component browser-fallback-test stopped successfully
(pass) BrowserFallbackManager > Initialization and Lifecycle > should start and stop successfully [2.43ms]
Initializing BrowserFallbackManager: browser-fallback-test
Detected available storage types: localStorage, sessionStorage
BrowserFallbackManager initialized with 2 rules
Component browser-fallback-test initialized successfully
Starting BrowserFallbackManager: browser-fallback-test
BrowserFallbackManager started
Component browser-fallback-test started successfully
(pass) BrowserFallbackManager > Initialization and Lifecycle > should get health status [0.61ms]
Stopping BrowserFallbackManager: browser-fallback-test
BrowserFallbackManager stopped
Component browser-fallback-test stopped successfully
Initializing BrowserFallbackManager: browser-fallback-test
Detected available storage types: localStorage, sessionStorage
BrowserFallbackManager initialized with 2 rules
Component browser-fallback-test initialized successfully
(pass) BrowserFallbackManager > Configuration Management > should get default configuration [0.03ms]
Initializing BrowserFallbackManager: browser-fallback-test
Detected available storage types: localStorage, sessionStorage
BrowserFallbackManager initialized with 2 rules
Component browser-fallback-test initialized successfully
(pass) BrowserFallbackManager > Configuration Management > should update configuration [0.35ms]
Initializing BrowserFallbackManager: browser-fallback-test
Detected available storage types: localStorage, sessionStorage
BrowserFallbackManager initialized with 2 rules
Component browser-fallback-test initialized successfully
(pass) BrowserFallbackManager > Quota Monitoring > should check quota status for all storage types [0.27ms]
Initializing BrowserFallbackManager: browser-fallback-test
Detected available storage types: localStorage, sessionStorage
BrowserFallbackManager initialized with 2 rules
Component browser-fallback-test initialized successfully
(pass) BrowserFallbackManager > Quota Monitoring > should get quota status for specific storage type [0.45ms]
Initializing BrowserFallbackManager: browser-fallback-test
Detected available storage types: localStorage, sessionStorage
BrowserFallbackManager initialized with 2 rules
Component browser-fallback-test initialized successfully
(pass) BrowserFallbackManager > Quota Monitoring > should start and stop quota monitoring [0.20ms]
Initializing BrowserFallbackManager: browser-fallback-test
Detected available storage types: localStorage, sessionStorage
BrowserFallbackManager initialized with 2 rules
Component browser-fallback-test initialized successfully
(pass) BrowserFallbackManager > Fallback Rules Management > should add fallback rule [69.49ms]
Initializing BrowserFallbackManager: browser-fallback-test
Detected available storage types: localStorage, sessionStorage
BrowserFallbackManager initialized with 2 rules
Component browser-fallback-test initialized successfully
(pass) BrowserFallbackManager > Fallback Rules Management > should update fallback rule [0.33ms]
Initializing BrowserFallbackManager: browser-fallback-test
Detected available storage types: localStorage, sessionStorage
BrowserFallbackManager initialized with 2 rules
Component browser-fallback-test initialized successfully
(pass) BrowserFallbackManager > Fallback Rules Management > should remove fallback rule [0.48ms]
Initializing BrowserFallbackManager: browser-fallback-test
Detected available storage types: localStorage, sessionStorage
BrowserFallbackManager initialized with 2 rules
Component browser-fallback-test initialized successfully
(pass) BrowserFallbackManager > Fallback Rules Management > should enable and disable fallback rules [0.63ms]
Initializing BrowserFallbackManager: browser-fallback-test
Detected available storage types: localStorage, sessionStorage
BrowserFallbackManager initialized with 2 rules
Component browser-fallback-test initialized successfully
(pass) BrowserFallbackManager > Fallback Rules Management > should get all fallback rules [0.09ms]
Initializing BrowserFallbackManager: browser-fallback-test
Detected available storage types: localStorage, sessionStorage
BrowserFallbackManager initialized with 2 rules
Component browser-fallback-test initialized successfully
(pass) BrowserFallbackManager > Fallback Rules Management > should validate fallback rules [0.14ms]
Initializing BrowserFallbackManager: browser-fallback-test
Detected available storage types: localStorage, sessionStorage
BrowserFallbackManager initialized with 2 rules
Component browser-fallback-test initialized successfully
(pass) BrowserFallbackManager > Fallback Execution > should trigger manual fallback [6.83ms]
Initializing BrowserFallbackManager: browser-fallback-test
Detected available storage types: localStorage, sessionStorage
BrowserFallbackManager initialized with 2 rules
Component browser-fallback-test initialized successfully
(pass) BrowserFallbackManager > Fallback Execution > should execute fallback rule [3.81ms]
Initializing BrowserFallbackManager: browser-fallback-test
Detected available storage types: localStorage, sessionStorage
BrowserFallbackManager initialized with 2 rules
Component browser-fallback-test initialized successfully
(pass) BrowserFallbackManager > Fallback Execution > should get active and historical executions [26.63ms]
Initializing BrowserFallbackManager: browser-fallback-test
Detected available storage types: localStorage, sessionStorage
BrowserFallbackManager initialized with 2 rules
Component browser-fallback-test initialized successfully
(pass) BrowserFallbackManager > Fallback Execution > should handle execution errors gracefully [0.82ms]
Initializing BrowserFallbackManager: browser-fallback-test
Detected available storage types: localStorage, sessionStorage
BrowserFallbackManager initialized with 2 rules
Component browser-fallback-test initialized successfully
(pass) BrowserFallbackManager > Strategy Implementation > should execute memory-only fallback [0.54ms]
Initializing BrowserFallbackManager: browser-fallback-test
Detected available storage types: localStorage, sessionStorage
BrowserFallbackManager initialized with 2 rules
Component browser-fallback-test initialized successfully
(pass) BrowserFallbackManager > Strategy Implementation > should execute reduced cache fallback [0.13ms]
Initializing BrowserFallbackManager: browser-fallback-test
Detected available storage types: localStorage, sessionStorage
BrowserFallbackManager initialized with 2 rules
Component browser-fallback-test initialized successfully
(pass) BrowserFallbackManager > Strategy Implementation > should execute external storage fallback [0.48ms]
Initializing BrowserFallbackManager: browser-fallback-test
Detected available storage types: localStorage, sessionStorage
BrowserFallbackManager initialized with 2 rules
Component browser-fallback-test initialized successfully
(pass) BrowserFallbackManager > Strategy Implementation > should execute compression fallback [0.19ms]
Initializing BrowserFallbackManager: browser-fallback-test
Detected available storage types: localStorage, sessionStorage
BrowserFallbackManager initialized with 2 rules
Component browser-fallback-test initialized successfully
(pass) BrowserFallbackManager > Strategy Implementation > should execute selective cleanup fallback [0.17ms]
Initializing BrowserFallbackManager: browser-fallback-test
Detected available storage types: localStorage, sessionStorage
BrowserFallbackManager initialized with 2 rules
Component browser-fallback-test initialized successfully
(pass) BrowserFallbackManager > Strategy Implementation > should execute graceful degradation fallback [1.12ms]
Initializing BrowserFallbackManager: browser-fallback-test
Detected available storage types: localStorage, sessionStorage
BrowserFallbackManager initialized with 2 rules
Component browser-fallback-test initialized successfully
(pass) BrowserFallbackManager > Statistics and Monitoring > should track statistics [0.65ms]
Initializing BrowserFallbackManager: browser-fallback-test
Detected available storage types: localStorage, sessionStorage
BrowserFallbackManager initialized with 2 rules
Component browser-fallback-test initialized successfully
(pass) BrowserFallbackManager > Statistics and Monitoring > should reset statistics [0.40ms]
Initializing BrowserFallbackManager: browser-fallback-test
Detected available storage types: localStorage, sessionStorage
BrowserFallbackManager initialized with 2 rules
Component browser-fallback-test initialized successfully
(pass) BrowserFallbackManager > Statistics and Monitoring > should export statistics [0.70ms]
Initializing BrowserFallbackManager: browser-fallback-test
Detected available storage types: localStorage, sessionStorage
BrowserFallbackManager initialized with 2 rules
Component browser-fallback-test initialized successfully
(pass) BrowserFallbackManager > Event System > should emit and handle events [0.60ms]
Initializing BrowserFallbackManager: browser-fallback-test
Detected available storage types: localStorage, sessionStorage
BrowserFallbackManager initialized with 2 rules
Component browser-fallback-test initialized successfully
(pass) BrowserFallbackManager > Event System > should remove event handlers [0.12ms]
Initializing BrowserFallbackManager: browser-fallback-test
Detected available storage types: localStorage, sessionStorage
BrowserFallbackManager initialized with 2 rules
Component browser-fallback-test initialized successfully
(pass) BrowserFallbackManager > Utility Methods > should estimate quota usage [0.90ms]
Initializing BrowserFallbackManager: browser-fallback-test
Detected available storage types: localStorage, sessionStorage
BrowserFallbackManager initialized with 2 rules
Component browser-fallback-test initialized successfully
(pass) BrowserFallbackManager > Utility Methods > should simulate fallback strategies [0.26ms]
Initializing BrowserFallbackManager: browser-fallback-test
Detected available storage types: localStorage, sessionStorage
BrowserFallbackManager initialized with 2 rules
Component browser-fallback-test initialized successfully
(pass) BrowserFallbackManager > Bulk Operations > should add multiple fallback rules [0.39ms]
Initializing BrowserFallbackManager: browser-fallback-test
Detected available storage types: localStorage, sessionStorage
BrowserFallbackManager initialized with 2 rules
Component browser-fallback-test initialized successfully
(pass) BrowserFallbackManager > Bulk Operations > should update multiple fallback rules [0.53ms]
Initializing BrowserFallbackManager: browser-fallback-test
Detected available storage types: localStorage, sessionStorage
BrowserFallbackManager initialized with 2 rules
Component browser-fallback-test initialized successfully
(pass) BrowserFallbackManager > Bulk Operations > should remove multiple fallback rules [0.53ms]
Initializing BrowserFallbackManager: browser-fallback-test
Detected available storage types: localStorage, sessionStorage
BrowserFallbackManager initialized with 2 rules
Component browser-fallback-test initialized successfully
Initializing BrowserFallbackManager: browser-fallback-import-test
Detected available storage types: localStorage, sessionStorage
BrowserFallbackManager initialized with 2 rules
Component browser-fallback-import-test initialized successfully
(pass) BrowserFallbackManager > Import/Export > should export and import configuration [2.66ms]
Initializing BrowserFallbackManager: browser-fallback-test
Detected available storage types: localStorage, sessionStorage
BrowserFallbackManager initialized with 2 rules
Component browser-fallback-test initialized successfully
Initializing BrowserFallbackManager: browser-fallback-history-test
Detected available storage types: localStorage, sessionStorage
BrowserFallbackManager initialized with 2 rules
Component browser-fallback-history-test initialized successfully
(pass) BrowserFallbackManager > Import/Export > should export and import fallback history [3.16ms]

packages/collection-store/src/config/registry/__test__/ComponentRegistry.test.ts:
Component 'test-1' registered successfully in 0ms
(pass) ComponentRegistry > Component Registration > should register a component successfully [3.65ms]
Cleaning up registry...
Component 'test-1' registered successfully in 0ms
(pass) ComponentRegistry > Component Registration > should throw error when registering duplicate component [1.06ms]
Cleaning up registry...
Component 'test-1' registered successfully in 0ms
Component 'test-1' unregistered successfully in 1ms
(pass) ComponentRegistry > Component Registration > should unregister a component successfully [1.62ms]
Cleaning up registry...
(pass) ComponentRegistry > Component Registration > should throw error when unregistering non-existent component [0.53ms]
Cleaning up registry...
Component 'test-1' registered successfully in 0ms
Component 'test-2' registered successfully in 0ms
Component test-1 initialized successfully
Component test-2 initialized successfully
All components initialized successfully in 23ms
(pass) ComponentRegistry > Component Lifecycle > should initialize all components [24.68ms]
Cleaning up registry...
Component 'test-1' registered successfully in 0ms
Component 'test-2' registered successfully in 0ms
Component test-1 initialized successfully
Component test-2 initialized successfully
All components initialized successfully in 37ms
Component test-1 started successfully
Component test-2 started successfully
All components started successfully in 24ms
(pass) ComponentRegistry > Component Lifecycle > should start all components after initialization [62.34ms]
Cleaning up registry...
Component 'test-1' registered successfully in 0ms
Component 'test-2' registered successfully in 0ms
Component test-1 initialized successfully
Component test-2 initialized successfully
All components initialized successfully in 22ms
Component test-1 started successfully
Component test-2 started successfully
All components started successfully in 21ms
Component test-2 stopped successfully
Component test-1 stopped successfully
All components stopped in 22ms
(pass) ComponentRegistry > Component Lifecycle > should stop all components [66.14ms]
Cleaning up registry...
Component 'test-1' registered successfully in 0ms
Component 'test-2' registered successfully in 0ms
(pass) ComponentRegistry > Component Queries > should get components by type [0.12ms]
Cleaning up registry...
Component 'test-1' registered successfully in 0ms
Component 'test-2' registered successfully in 0ms
(pass) ComponentRegistry > Component Queries > should get all components [0.22ms]
Cleaning up registry...
Component 'test-1' registered successfully in 0ms
Component 'test-2' registered successfully in 0ms
(pass) ComponentRegistry > Component Queries > should get registry statistics [0.06ms]
Cleaning up registry...
Component 'test-1' registered successfully in 0ms
Component 'test-2' registered successfully in 0ms
Component test-1 initialized successfully
Component test-2 initialized successfully
All components initialized successfully in 21ms
Component test-1 started successfully
Component test-2 started successfully
All components started successfully in 22ms
(pass) ComponentRegistry > Health Monitoring > should get health status of all components [43.38ms]
Cleaning up registry...
Component 'test-1' registered successfully in 0ms
Component test-1 initialized successfully
All components initialized successfully in 11ms
Component test-1 started successfully
All components started successfully in 11ms
(pass) ComponentRegistry > Health Monitoring > should get health status of specific component [21.56ms]
Cleaning up registry...
Component 'test-1' registered successfully in 0ms
Component 'test-2' registered successfully in 0ms
Component test-1 initialized successfully
Component test-2 initialized successfully
All components initialized successfully in 22ms
Component test-1 configuration updated successfully
Component test-2 configuration updated successfully
(pass) ComponentRegistry > Configuration Updates > should update configuration for all components [34.52ms]
Cleaning up registry...
Component 'test-1' registered successfully in 0ms
Component test-1 initialized successfully
All components initialized successfully in 10ms
Component test-1 configuration updated successfully
(pass) ComponentRegistry > Configuration Updates > should update configuration for specific component [16.53ms]
Cleaning up registry...
Component 'failing-1' registered successfully in 0ms
(pass) ComponentRegistry > Error Handling > should handle component initialization failure [0.96ms]
Cleaning up registry...
Component 'failing-1' registered successfully in 0ms
Component failing-1 initialized successfully
All components initialized successfully in 11ms
(pass) ComponentRegistry > Error Handling > should handle component startup failure [11.28ms]
Cleaning up registry...

packages/collection-store/src/config/collections/__test__/ReadOnlyCollectionManager.test.ts:
Detection rule 'external-adapter-rule' added
Detection rule 'backup-collection-rule' added
Detection rule 'readonly-suffix-rule' added
ReadOnlyCollectionManager initialized with 0 read-only collections
Component readonly-collection-manager initialized successfully
Auto-detection started with 300000ms interval
ReadOnlyCollectionManager started successfully
Component readonly-collection-manager started successfully
Detection rule 'external-adapter-rule' added
Detection rule 'backup-collection-rule' added
Detection rule 'readonly-suffix-rule' added
ReadOnlyCollectionManager initialized with 0 read-only collections
Component readonly-collection-manager initialized successfully
Component readonly-collection-manager cleanup completed
(pass) Read-only Collection Manager > Initialization > should initialize with default configuration [0.12ms]
Auto-detection stopped
ReadOnlyCollectionManager stopped successfully
Component readonly-collection-manager stopped successfully
Component readonly-collection-manager cleanup completed
Detection rule 'external-adapter-rule' added
Detection rule 'backup-collection-rule' added
Detection rule 'readonly-suffix-rule' added
ReadOnlyCollectionManager initialized with 0 read-only collections
Component readonly-collection-manager initialized successfully
Auto-detection started with 300000ms interval
ReadOnlyCollectionManager started successfully
Component readonly-collection-manager started successfully
Detection rule 'external-adapter-rule' added
Detection rule 'backup-collection-rule' added
Detection rule 'readonly-suffix-rule' added
ReadOnlyCollectionManager initialized with 1 read-only collections
Component readonly-collection-manager initialized successfully
Component readonly-collection-manager cleanup completed
(pass) Read-only Collection Manager > Initialization > should load read-only collections from configuration [0.14ms]
Auto-detection stopped
ReadOnlyCollectionManager stopped successfully
Component readonly-collection-manager stopped successfully
Component readonly-collection-manager cleanup completed
Detection rule 'external-adapter-rule' added
Detection rule 'backup-collection-rule' added
Detection rule 'readonly-suffix-rule' added
ReadOnlyCollectionManager initialized with 0 read-only collections
Component readonly-collection-manager initialized successfully
Auto-detection started with 300000ms interval
ReadOnlyCollectionManager started successfully
Component readonly-collection-manager started successfully
Collection test-collection marked as read-only with STRICT protection
(pass) Read-only Collection Manager > Read-Only Collection Management > should mark collection as read-only [0.13ms]
Auto-detection stopped
ReadOnlyCollectionManager stopped successfully
Component readonly-collection-manager stopped successfully
Component readonly-collection-manager cleanup completed
Detection rule 'external-adapter-rule' added
Detection rule 'backup-collection-rule' added
Detection rule 'readonly-suffix-rule' added
ReadOnlyCollectionManager initialized with 0 read-only collections
Component readonly-collection-manager initialized successfully
Auto-detection started with 300000ms interval
ReadOnlyCollectionManager started successfully
Component readonly-collection-manager started successfully
Collection test-collection marked as read-only with STRICT protection
Collection test-collection marked as writable
(pass) Read-only Collection Manager > Read-Only Collection Management > should mark collection as writable [0.06ms]
Auto-detection stopped
ReadOnlyCollectionManager stopped successfully
Component readonly-collection-manager stopped successfully
Component readonly-collection-manager cleanup completed
Detection rule 'external-adapter-rule' added
Detection rule 'backup-collection-rule' added
Detection rule 'readonly-suffix-rule' added
ReadOnlyCollectionManager initialized with 0 read-only collections
Component readonly-collection-manager initialized successfully
Auto-detection started with 300000ms interval
ReadOnlyCollectionManager started successfully
Component readonly-collection-manager started successfully
Collection collection1 marked as read-only with STRICT protection
Collection collection2 marked as read-only with WARNING protection
(pass) Read-only Collection Manager > Read-Only Collection Management > should get all read-only collections [0.05ms]
Auto-detection stopped
ReadOnlyCollectionManager stopped successfully
Component readonly-collection-manager stopped successfully
Component readonly-collection-manager cleanup completed
Detection rule 'external-adapter-rule' added
Detection rule 'backup-collection-rule' added
Detection rule 'readonly-suffix-rule' added
ReadOnlyCollectionManager initialized with 0 read-only collections
Component readonly-collection-manager initialized successfully
Auto-detection started with 300000ms interval
ReadOnlyCollectionManager started successfully
Component readonly-collection-manager started successfully
Collection test-collection marked as read-only with WARNING protection
Protection level for test-collection updated to STRICT
(pass) Read-only Collection Manager > Read-Only Collection Management > should update protection level
Auto-detection stopped
ReadOnlyCollectionManager stopped successfully
Component readonly-collection-manager stopped successfully
Component readonly-collection-manager cleanup completed
Detection rule 'external-adapter-rule' added
Detection rule 'backup-collection-rule' added
Detection rule 'readonly-suffix-rule' added
ReadOnlyCollectionManager initialized with 0 read-only collections
Component readonly-collection-manager initialized successfully
Auto-detection started with 300000ms interval
ReadOnlyCollectionManager started successfully
Component readonly-collection-manager started successfully
(pass) Read-only Collection Manager > Read-Only Collection Management > should throw error when updating non-existent collection [0.36ms]
Auto-detection stopped
ReadOnlyCollectionManager stopped successfully
Component readonly-collection-manager stopped successfully
Component readonly-collection-manager cleanup completed
Detection rule 'external-adapter-rule' added
Detection rule 'backup-collection-rule' added
Detection rule 'readonly-suffix-rule' added
ReadOnlyCollectionManager initialized with 0 read-only collections
Component readonly-collection-manager initialized successfully
Auto-detection started with 300000ms interval
ReadOnlyCollectionManager started successfully
Component readonly-collection-manager started successfully
Collection strict-collection marked as read-only with STRICT protection
Collection warning-collection marked as read-only with WARNING protection
Collection disabled-collection marked as read-only with DISABLED protection
(pass) Read-only Collection Manager > Write Operation Validation > should allow operations on non-read-only collections
Auto-detection stopped
ReadOnlyCollectionManager stopped successfully
Component readonly-collection-manager stopped successfully
Component readonly-collection-manager cleanup completed
Detection rule 'external-adapter-rule' added
Detection rule 'backup-collection-rule' added
Detection rule 'readonly-suffix-rule' added
ReadOnlyCollectionManager initialized with 0 read-only collections
Component readonly-collection-manager initialized successfully
Auto-detection started with 300000ms interval
ReadOnlyCollectionManager started successfully
Component readonly-collection-manager started successfully
Collection strict-collection marked as read-only with STRICT protection
Collection warning-collection marked as read-only with WARNING protection
Collection disabled-collection marked as read-only with DISABLED protection
(pass) Read-only Collection Manager > Write Operation Validation > should block operations on strict read-only collections
Auto-detection stopped
ReadOnlyCollectionManager stopped successfully
Component readonly-collection-manager stopped successfully
Component readonly-collection-manager cleanup completed
Detection rule 'external-adapter-rule' added
Detection rule 'backup-collection-rule' added
Detection rule 'readonly-suffix-rule' added
ReadOnlyCollectionManager initialized with 0 read-only collections
Component readonly-collection-manager initialized successfully
Auto-detection started with 300000ms interval
ReadOnlyCollectionManager started successfully
Component readonly-collection-manager started successfully
Collection strict-collection marked as read-only with STRICT protection
Collection warning-collection marked as read-only with WARNING protection
Collection disabled-collection marked as read-only with DISABLED protection
(pass) Read-only Collection Manager > Write Operation Validation > should allow with warning on warning-level collections
Auto-detection stopped
ReadOnlyCollectionManager stopped successfully
Component readonly-collection-manager stopped successfully
Component readonly-collection-manager cleanup completed
Detection rule 'external-adapter-rule' added
Detection rule 'backup-collection-rule' added
Detection rule 'readonly-suffix-rule' added
ReadOnlyCollectionManager initialized with 0 read-only collections
Component readonly-collection-manager initialized successfully
Auto-detection started with 300000ms interval
ReadOnlyCollectionManager started successfully
Component readonly-collection-manager started successfully
Collection strict-collection marked as read-only with STRICT protection
Collection warning-collection marked as read-only with WARNING protection
Collection disabled-collection marked as read-only with DISABLED protection
(pass) Read-only Collection Manager > Write Operation Validation > should allow operations on disabled protection collections
Auto-detection stopped
ReadOnlyCollectionManager stopped successfully
Component readonly-collection-manager stopped successfully
Component readonly-collection-manager cleanup completed
Detection rule 'external-adapter-rule' added
Detection rule 'backup-collection-rule' added
Detection rule 'readonly-suffix-rule' added
ReadOnlyCollectionManager initialized with 0 read-only collections
Component readonly-collection-manager initialized successfully
Auto-detection started with 300000ms interval
ReadOnlyCollectionManager started successfully
Component readonly-collection-manager started successfully
Collection strict-collection marked as read-only with STRICT protection
Collection warning-collection marked as read-only with WARNING protection
Collection disabled-collection marked as read-only with DISABLED protection
Collection custom-collection marked as read-only with CUSTOM protection
(pass) Read-only Collection Manager > Write Operation Validation > should handle custom protection level with allowed operations [0.31ms]
Auto-detection stopped
ReadOnlyCollectionManager stopped successfully
Component readonly-collection-manager stopped successfully
Component readonly-collection-manager cleanup completed
Detection rule 'external-adapter-rule' added
Detection rule 'backup-collection-rule' added
Detection rule 'readonly-suffix-rule' added
ReadOnlyCollectionManager initialized with 0 read-only collections
Component readonly-collection-manager initialized successfully
Auto-detection started with 300000ms interval
ReadOnlyCollectionManager started successfully
Component readonly-collection-manager started successfully
Collection strict-collection marked as read-only with STRICT protection
Collection warning-collection marked as read-only with WARNING protection
Collection disabled-collection marked as read-only with DISABLED protection
Collection custom-collection marked as read-only with CUSTOM protection
(pass) Read-only Collection Manager > Write Operation Validation > should handle custom protection level with blocked operations
Auto-detection stopped
ReadOnlyCollectionManager stopped successfully
Component readonly-collection-manager stopped successfully
Component readonly-collection-manager cleanup completed
Detection rule 'external-adapter-rule' added
Detection rule 'backup-collection-rule' added
Detection rule 'readonly-suffix-rule' added
ReadOnlyCollectionManager initialized with 0 read-only collections
Component readonly-collection-manager initialized successfully
Auto-detection started with 300000ms interval
ReadOnlyCollectionManager started successfully
Component readonly-collection-manager started successfully
(pass) Read-only Collection Manager > Auto-Detection Rules > should have default detection rules
Auto-detection stopped
ReadOnlyCollectionManager stopped successfully
Component readonly-collection-manager stopped successfully
Component readonly-collection-manager cleanup completed
Detection rule 'external-adapter-rule' added
Detection rule 'backup-collection-rule' added
Detection rule 'readonly-suffix-rule' added
ReadOnlyCollectionManager initialized with 0 read-only collections
Component readonly-collection-manager initialized successfully
Auto-detection started with 300000ms interval
ReadOnlyCollectionManager started successfully
Component readonly-collection-manager started successfully
Detection rule 'custom-test-rule' added
(pass) Read-only Collection Manager > Auto-Detection Rules > should add custom detection rule
Auto-detection stopped
ReadOnlyCollectionManager stopped successfully
Component readonly-collection-manager stopped successfully
Component readonly-collection-manager cleanup completed
Detection rule 'external-adapter-rule' added
Detection rule 'backup-collection-rule' added
Detection rule 'readonly-suffix-rule' added
ReadOnlyCollectionManager initialized with 0 read-only collections
Component readonly-collection-manager initialized successfully
Auto-detection started with 300000ms interval
ReadOnlyCollectionManager started successfully
Component readonly-collection-manager started successfully
Detection rule 'removable-rule' added
Detection rule 'removable-rule' removed
(pass) Read-only Collection Manager > Auto-Detection Rules > should remove detection rule [0.09ms]
Auto-detection stopped
ReadOnlyCollectionManager stopped successfully
Component readonly-collection-manager stopped successfully
Component readonly-collection-manager cleanup completed
Detection rule 'external-adapter-rule' added
Detection rule 'backup-collection-rule' added
Detection rule 'readonly-suffix-rule' added
ReadOnlyCollectionManager initialized with 0 read-only collections
Component readonly-collection-manager initialized successfully
Auto-detection started with 300000ms interval
ReadOnlyCollectionManager started successfully
Component readonly-collection-manager started successfully
(pass) Read-only Collection Manager > Auto-Detection Rules > should test default detection rules [0.07ms]
Auto-detection stopped
ReadOnlyCollectionManager stopped successfully
Component readonly-collection-manager stopped successfully
Component readonly-collection-manager cleanup completed
Detection rule 'external-adapter-rule' added
Detection rule 'backup-collection-rule' added
Detection rule 'readonly-suffix-rule' added
ReadOnlyCollectionManager initialized with 0 read-only collections
Component readonly-collection-manager initialized successfully
Auto-detection started with 300000ms interval
ReadOnlyCollectionManager started successfully
Component readonly-collection-manager started successfully
Collection test-collection marked as read-only with STRICT protection
(pass) Read-only Collection Manager > Event System > should emit write operation events [0.17ms]
Auto-detection stopped
ReadOnlyCollectionManager stopped successfully
Component readonly-collection-manager stopped successfully
Component readonly-collection-manager cleanup completed
Detection rule 'external-adapter-rule' added
Detection rule 'backup-collection-rule' added
Detection rule 'readonly-suffix-rule' added
ReadOnlyCollectionManager initialized with 0 read-only collections
Component readonly-collection-manager initialized successfully
Auto-detection started with 300000ms interval
ReadOnlyCollectionManager started successfully
Component readonly-collection-manager started successfully
Collection test-collection marked as read-only with STRICT protection
(pass) Read-only Collection Manager > Event System > should allow unsubscribing from events [0.07ms]
Auto-detection stopped
ReadOnlyCollectionManager stopped successfully
Component readonly-collection-manager stopped successfully
Component readonly-collection-manager cleanup completed
Detection rule 'external-adapter-rule' added
Detection rule 'backup-collection-rule' added
Detection rule 'readonly-suffix-rule' added
ReadOnlyCollectionManager initialized with 0 read-only collections
Component readonly-collection-manager initialized successfully
Auto-detection started with 300000ms interval
ReadOnlyCollectionManager started successfully
Component readonly-collection-manager started successfully
Collection collection1 marked as read-only with WARNING protection
Collection collection2 marked as read-only with STRICT protection
Bulk updated 2 read-only collection configurations
(pass) Read-only Collection Manager > Bulk Operations > should handle bulk configuration updates [0.13ms]
Auto-detection stopped
ReadOnlyCollectionManager stopped successfully
Component readonly-collection-manager stopped successfully
Component readonly-collection-manager cleanup completed
Detection rule 'external-adapter-rule' added
Detection rule 'backup-collection-rule' added
Detection rule 'readonly-suffix-rule' added
ReadOnlyCollectionManager initialized with 0 read-only collections
Component readonly-collection-manager initialized successfully
Auto-detection started with 300000ms interval
ReadOnlyCollectionManager started successfully
Component readonly-collection-manager started successfully
Collection collection1 marked as read-only with STRICT protection
Collection collection2 marked as read-only with WARNING protection
Detection rule 'external-adapter-rule' added
Detection rule 'backup-collection-rule' added
Detection rule 'readonly-suffix-rule' added
ReadOnlyCollectionManager initialized with 0 read-only collections
Component readonly-collection-manager initialized successfully
Imported 2 read-only collection configurations (merge: true)
Component readonly-collection-manager cleanup completed
(pass) Read-only Collection Manager > Bulk Operations > should export and import configurations [0.22ms]
Auto-detection stopped
ReadOnlyCollectionManager stopped successfully
Component readonly-collection-manager stopped successfully
Component readonly-collection-manager cleanup completed
Detection rule 'external-adapter-rule' added
Detection rule 'backup-collection-rule' added
Detection rule 'readonly-suffix-rule' added
ReadOnlyCollectionManager initialized with 0 read-only collections
Component readonly-collection-manager initialized successfully
Auto-detection started with 300000ms interval
ReadOnlyCollectionManager started successfully
Component readonly-collection-manager started successfully
Collection collection1 marked as read-only with STRICT protection
Collection collection2 marked as read-only with WARNING protection
Cleared 2 read-only collection configurations
(pass) Read-only Collection Manager > Bulk Operations > should clear all configurations [0.07ms]
Auto-detection stopped
ReadOnlyCollectionManager stopped successfully
Component readonly-collection-manager stopped successfully
Component readonly-collection-manager cleanup completed
Detection rule 'external-adapter-rule' added
Detection rule 'backup-collection-rule' added
Detection rule 'readonly-suffix-rule' added
ReadOnlyCollectionManager initialized with 0 read-only collections
Component readonly-collection-manager initialized successfully
Auto-detection started with 300000ms interval
ReadOnlyCollectionManager started successfully
Component readonly-collection-manager started successfully
Collection collection1 marked as read-only with STRICT protection
Collection collection2 marked as read-only with WARNING protection
Collection collection3 marked as read-only with DISABLED protection
(pass) Read-only Collection Manager > Statistics > should track collection statistics [0.06ms]
Auto-detection stopped
ReadOnlyCollectionManager stopped successfully
Component readonly-collection-manager stopped successfully
Component readonly-collection-manager cleanup completed
Detection rule 'external-adapter-rule' added
Detection rule 'backup-collection-rule' added
Detection rule 'readonly-suffix-rule' added
ReadOnlyCollectionManager initialized with 0 read-only collections
Component readonly-collection-manager initialized successfully
Auto-detection started with 300000ms interval
ReadOnlyCollectionManager started successfully
Component readonly-collection-manager started successfully
Collection test-collection marked as read-only with STRICT protection
(pass) Read-only Collection Manager > Statistics > should track blocked operations [0.06ms]
Auto-detection stopped
ReadOnlyCollectionManager stopped successfully
Component readonly-collection-manager stopped successfully
Component readonly-collection-manager cleanup completed
Detection rule 'external-adapter-rule' added
Detection rule 'backup-collection-rule' added
Detection rule 'readonly-suffix-rule' added
ReadOnlyCollectionManager initialized with 0 read-only collections
Component readonly-collection-manager initialized successfully
Auto-detection started with 300000ms interval
ReadOnlyCollectionManager started successfully
Component readonly-collection-manager started successfully
Collection test-collection marked as read-only with WARNING protection
(pass) Read-only Collection Manager > Statistics > should track warning operations [0.05ms]
Auto-detection stopped
ReadOnlyCollectionManager stopped successfully
Component readonly-collection-manager stopped successfully
Component readonly-collection-manager cleanup completed
Detection rule 'external-adapter-rule' added
Detection rule 'backup-collection-rule' added
Detection rule 'readonly-suffix-rule' added
ReadOnlyCollectionManager initialized with 0 read-only collections
Component readonly-collection-manager initialized successfully
Auto-detection started with 300000ms interval
ReadOnlyCollectionManager started successfully
Component readonly-collection-manager started successfully
Collection test-collection marked as read-only with STRICT protection
(pass) Read-only Collection Manager > Health Monitoring > should report healthy status with normal operations [0.11ms]
Auto-detection stopped
ReadOnlyCollectionManager stopped successfully
Component readonly-collection-manager stopped successfully
Component readonly-collection-manager cleanup completed
Detection rule 'external-adapter-rule' added
Detection rule 'backup-collection-rule' added
Detection rule 'readonly-suffix-rule' added
ReadOnlyCollectionManager initialized with 0 read-only collections
Component readonly-collection-manager initialized successfully
Auto-detection started with 300000ms interval
ReadOnlyCollectionManager started successfully
Component readonly-collection-manager started successfully
(pass) Read-only Collection Manager > Health Monitoring > should report warning status with high blocked operations [0.03ms]
Auto-detection stopped
ReadOnlyCollectionManager stopped successfully
Component readonly-collection-manager stopped successfully
Component readonly-collection-manager cleanup completed
Detection rule 'external-adapter-rule' added
Detection rule 'backup-collection-rule' added
Detection rule 'readonly-suffix-rule' added
ReadOnlyCollectionManager initialized with 0 read-only collections
Component readonly-collection-manager initialized successfully
Auto-detection started with 300000ms interval
ReadOnlyCollectionManager started successfully
Component readonly-collection-manager started successfully
ReadOnlyCollectionManager configuration updated successfully
Component readonly-collection-manager configuration updated successfully
Collection test-collection marked as read-only with WARNING protection
(pass) Read-only Collection Manager > Configuration Updates > should handle configuration updates [0.08ms]
Auto-detection stopped
ReadOnlyCollectionManager stopped successfully
Component readonly-collection-manager stopped successfully
Component readonly-collection-manager cleanup completed

packages/collection-store/src/auth/computed/tests/interfaces.test.ts:
(pass) Computed Attributes Interfaces > Type Definitions > should have proper interface structure for IComputedAttributeEngine
(pass) Computed Attributes Interfaces > Type Definitions > should have proper interface structure for IComputedAttributeCache [0.15ms]
(pass) Computed Attributes Interfaces > Type Definitions > should have proper ComputedAttributeDefinition structure [0.04ms]
(pass) Computed Attributes Interfaces > Type Definitions > should have proper ComputationContext structure
(pass) Computed Attributes Interfaces > Type Safety > should enforce correct target types [0.08ms]
(pass) Computed Attributes Interfaces > Type Safety > should enforce correct cache eviction policies
(pass) Computed Attributes Module Export > should export version and module information [5.12ms]
(pass) Computed Attributes Module Export > should export all required interfaces and types [0.12ms]

packages/collection-store/src/auth/computed/tests/types.test.ts:
(pass) Computed Attributes Types - Day 2 > Dependency Types > should have proper AttributeDependencyDetailed structure [0.09ms]
(pass) Computed Attributes Types - Day 2 > Dependency Types > should have proper DependencyGraph structure [0.02ms]
(pass) Computed Attributes Types - Day 2 > Dependency Types > should have proper DependencyChangeEvent structure [0.06ms]
(pass) Computed Attributes Types - Day 2 > Dependency Types > should have proper IDependencyResolver interface structure
(pass) Computed Attributes Types - Day 2 > Error Types > should have proper ComputedAttributeErrorDetailed structure [0.03ms]
(pass) Computed Attributes Types - Day 2 > Error Types > should have proper error code enumeration
(pass) Computed Attributes Types - Day 2 > Error Types > should have proper error categories [0.04ms]
(pass) Computed Attributes Types - Day 2 > Error Types > should have proper error severity levels
(pass) Computed Attributes Types - Day 2 > Error Types > should create errors using ComputedAttributeErrorFactory [0.09ms]
(pass) Computed Attributes Types - Day 2 > Error Types > should have proper IErrorHandler interface structure [0.04ms]
(pass) Computed Attributes Types - Day 2 > Monitoring Types > should have proper ComputedAttributeMetrics structure [0.03ms]
(pass) Computed Attributes Types - Day 2 > Monitoring Types > should have proper PerformanceMonitor structure [0.01ms]
(pass) Computed Attributes Types - Day 2 > Monitoring Types > should have proper HealthCheckResult structure
(pass) Computed Attributes Types - Day 2 > Monitoring Types > should have proper IMonitoringService interface structure
(pass) Computed Attributes Types - Day 2 > Type Safety and Validation > should enforce correct dependency types [0.10ms]
(pass) Computed Attributes Types - Day 2 > Type Safety and Validation > should enforce correct priority levels
(pass) Computed Attributes Types - Day 2 > Type Safety and Validation > should enforce correct health status values [0.04ms]
(pass) Computed Attributes Module Export - Day 2 > should export all new types and interfaces [0.09ms]
(pass) Computed Attributes Module Export - Day 2 > should export error factory class [0.02ms]

packages/collection-store/src/auth/computed/tests/ComputedAttributeEngine.test.ts:
(pass) Computed Attribute Engine > Initialization > should initialize successfully [0.18ms]
(pass) Computed Attribute Engine > Initialization > should throw error when initializing twice [0.15ms]
(pass) Computed Attribute Engine > Attribute Registration > should register a simple attribute [0.25ms]
(pass) Computed Attribute Engine > Attribute Registration > should throw error for duplicate attribute ID [0.07ms]
(pass) Computed Attribute Engine > Attribute Registration > should validate attribute definition [0.06ms]
(pass) Computed Attribute Engine > Attribute Registration > should unregister an attribute [0.13ms]
(pass) Computed Attribute Engine > Attribute Registration > should throw error when unregistering non-existent attribute
(pass) Computed Attribute Engine > Attribute Listing > should list all attributes [0.06ms]
(pass) Computed Attribute Engine > Attribute Listing > should filter attributes by target type [0.05ms]
(pass) Computed Attribute Engine > Attribute Computation > should compute a single attribute [0.46ms]
(pass) Computed Attribute Engine > Attribute Computation > should compute multiple attributes [0.16ms]
(pass) Computed Attribute Engine > Attribute Computation > should compute all attributes for target type [0.09ms]
ComputedAttributeEngine internal error: {
  type: "error",
  attributeId: "non-existent",
  targetId: "user-123",
  timestamp: 1754676645929,
  data: {
    error: 295 |       context?: ErrorContext
296 |       recoverable?: boolean
297 |       suggestedAction?: string
298 |     }
299 |   ): ComputedAttributeErrorDetailed {
300 |     const error = new Error(message) as ComputedAttributeErrorDetailed
                        ^
ComputedAttributeError: Attribute not found: non-existent
   category: "validation",
   severity: "low",
  timestamp: 2025-08-08T18:10:45.929Z,
 recoverable: true,
 attributeId: "non-existent",
       code: "ATTRIBUTE_NOT_FOUND"

      at create (/Users/vedmalex/work/collection-store/packages/collection-store/src/auth/computed/types/ErrorTypes.ts:300:19)
      at computeAttribute (/Users/vedmalex/work/collection-store/packages/collection-store/src/auth/computed/core/ComputedAttributeEngine.ts:211:45)
      at computeAttribute (/Users/vedmalex/work/collection-store/packages/collection-store/src/auth/computed/core/ComputedAttributeEngine.ts:202:26)
      at <anonymous> (/Users/vedmalex/work/collection-store/packages/collection-store/src/auth/computed/tests/ComputedAttributeEngine.test.ts:244:22)
      at <anonymous> (/Users/vedmalex/work/collection-store/packages/collection-store/src/auth/computed/tests/ComputedAttributeEngine.test.ts:243:26)
      at <anonymous> (/Users/vedmalex/work/collection-store/packages/collection-store/src/auth/computed/tests/ComputedAttributeEngine.test.ts:245:10)
      at <anonymous> (/Users/vedmalex/work/collection-store/packages/collection-store/src/auth/computed/tests/ComputedAttributeEngine.test.ts:241:59)
,
    computeTime: 0,
  },
  error: 295 |       context?: ErrorContext
296 |       recoverable?: boolean
297 |       suggestedAction?: string
298 |     }
299 |   ): ComputedAttributeErrorDetailed {
300 |     const error = new Error(message) as ComputedAttributeErrorDetailed
                        ^
ComputedAttributeError: Attribute not found: non-existent
   category: "validation",
   severity: "low",
  timestamp: 2025-08-08T18:10:45.929Z,
 recoverable: true,
 attributeId: "non-existent",
       code: "ATTRIBUTE_NOT_FOUND"

      at create (/Users/vedmalex/work/collection-store/packages/collection-store/src/auth/computed/types/ErrorTypes.ts:300:19)
      at computeAttribute (/Users/vedmalex/work/collection-store/packages/collection-store/src/auth/computed/core/ComputedAttributeEngine.ts:211:45)
      at computeAttribute (/Users/vedmalex/work/collection-store/packages/collection-store/src/auth/computed/core/ComputedAttributeEngine.ts:202:26)
      at <anonymous> (/Users/vedmalex/work/collection-store/packages/collection-store/src/auth/computed/tests/ComputedAttributeEngine.test.ts:244:22)
      at <anonymous> (/Users/vedmalex/work/collection-store/packages/collection-store/src/auth/computed/tests/ComputedAttributeEngine.test.ts:243:26)
      at <anonymous> (/Users/vedmalex/work/collection-store/packages/collection-store/src/auth/computed/tests/ComputedAttributeEngine.test.ts:245:10)
      at <anonymous> (/Users/vedmalex/work/collection-store/packages/collection-store/src/auth/computed/tests/ComputedAttributeEngine.test.ts:241:59)
,
  computeTime: 0,
  cacheKey: "non-existent:user-123",
}
(pass) Computed Attribute Engine > Attribute Computation > should throw error for non-existent attribute [0.50ms]
ComputedAttributeEngine internal error: {
  type: "error",
  attributeId: "error-attr",
  targetId: "user-123",
  timestamp: 1754676645929,
  data: {
    error: 295 |       context?: ErrorContext
296 |       recoverable?: boolean
297 |       suggestedAction?: string
298 |     }
299 |   ): ComputedAttributeErrorDetailed {
300 |     const error = new Error(message) as ComputedAttributeErrorDetailed
                        ^
ComputedAttributeError: Computation failed: Error: Computation failed
   category: "computation",
   severity: "medium",
  timestamp: 2025-08-08T18:10:45.929Z,
 recoverable: true,
 attributeId: "error-attr",
       code: "COMPUTATION_FAILED"

      at create (/Users/vedmalex/work/collection-store/packages/collection-store/src/auth/computed/types/ErrorTypes.ts:300:19)
      at performComputation (/Users/vedmalex/work/collection-store/packages/collection-store/src/auth/computed/core/ComputedAttributeEngine.ts:570:43)
      at <anonymous> (/Users/vedmalex/work/collection-store/packages/collection-store/src/auth/computed/tests/ComputedAttributeEngine.test.ts:263:10)

249 |       const errorAttr = createTestAttribute(
250 |         'error-attr',
251 |         'Error Attribute',
252 |         'user',
253 |         async () => {
254 |           throw new Error('Computation failed')
                      ^
error: Computation failed
      at <anonymous> (/Users/vedmalex/work/collection-store/packages/collection-store/src/auth/computed/tests/ComputedAttributeEngine.test.ts:254:17)
      at <anonymous> (/Users/vedmalex/work/collection-store/packages/collection-store/src/auth/computed/tests/ComputedAttributeEngine.test.ts:253:21)
      at performComputation (/Users/vedmalex/work/collection-store/packages/collection-store/src/auth/computed/core/ComputedAttributeEngine.ts:560:45)
      at performComputation (/Users/vedmalex/work/collection-store/packages/collection-store/src/auth/computed/core/ComputedAttributeEngine.ts:544:5)
      at computeAttribute (/Users/vedmalex/work/collection-store/packages/collection-store/src/auth/computed/core/ComputedAttributeEngine.ts:239:39)
      at computeAttribute (/Users/vedmalex/work/collection-store/packages/collection-store/src/auth/computed/core/ComputedAttributeEngine.ts:202:26)
      at <anonymous> (/Users/vedmalex/work/collection-store/packages/collection-store/src/auth/computed/tests/ComputedAttributeEngine.test.ts:262:22)
      at <anonymous> (/Users/vedmalex/work/collection-store/packages/collection-store/src/auth/computed/tests/ComputedAttributeEngine.test.ts:261:26)
      at <anonymous> (/Users/vedmalex/work/collection-store/packages/collection-store/src/auth/computed/tests/ComputedAttributeEngine.test.ts:263:10)
,
    computeTime: 0,
  },
  error: 295 |       context?: ErrorContext
296 |       recoverable?: boolean
297 |       suggestedAction?: string
298 |     }
299 |   ): ComputedAttributeErrorDetailed {
300 |     const error = new Error(message) as ComputedAttributeErrorDetailed
                        ^
ComputedAttributeError: Computation failed: Error: Computation failed
   category: "computation",
   severity: "medium",
  timestamp: 2025-08-08T18:10:45.929Z,
 recoverable: true,
 attributeId: "error-attr",
       code: "COMPUTATION_FAILED"

      at create (/Users/vedmalex/work/collection-store/packages/collection-store/src/auth/computed/types/ErrorTypes.ts:300:19)
      at performComputation (/Users/vedmalex/work/collection-store/packages/collection-store/src/auth/computed/core/ComputedAttributeEngine.ts:570:43)
      at <anonymous> (/Users/vedmalex/work/collection-store/packages/collection-store/src/auth/computed/tests/ComputedAttributeEngine.test.ts:263:10)

249 |       const errorAttr = createTestAttribute(
250 |         'error-attr',
251 |         'Error Attribute',
252 |         'user',
253 |         async () => {
254 |           throw new Error('Computation failed')
                      ^
error: Computation failed
      at <anonymous> (/Users/vedmalex/work/collection-store/packages/collection-store/src/auth/computed/tests/ComputedAttributeEngine.test.ts:254:17)
      at <anonymous> (/Users/vedmalex/work/collection-store/packages/collection-store/src/auth/computed/tests/ComputedAttributeEngine.test.ts:253:21)
      at performComputation (/Users/vedmalex/work/collection-store/packages/collection-store/src/auth/computed/core/ComputedAttributeEngine.ts:560:45)
      at performComputation (/Users/vedmalex/work/collection-store/packages/collection-store/src/auth/computed/core/ComputedAttributeEngine.ts:544:5)
      at computeAttribute (/Users/vedmalex/work/collection-store/packages/collection-store/src/auth/computed/core/ComputedAttributeEngine.ts:239:39)
      at computeAttribute (/Users/vedmalex/work/collection-store/packages/collection-store/src/auth/computed/core/ComputedAttributeEngine.ts:202:26)
      at <anonymous> (/Users/vedmalex/work/collection-store/packages/collection-store/src/auth/computed/tests/ComputedAttributeEngine.test.ts:262:22)
      at <anonymous> (/Users/vedmalex/work/collection-store/packages/collection-store/src/auth/computed/tests/ComputedAttributeEngine.test.ts:261:26)
      at <anonymous> (/Users/vedmalex/work/collection-store/packages/collection-store/src/auth/computed/tests/ComputedAttributeEngine.test.ts:263:10)
,
  computeTime: 0,
  cacheKey: "error-attr:user-123",
}
(pass) Computed Attribute Engine > Attribute Computation > should handle computation errors gracefully [0.23ms]
(pass) Computed Attribute Engine > Cache Management > should get cache stats [0.03ms]
(pass) Computed Attribute Engine > Cache Management > should clear all cache [0.07ms]
(pass) Computed Attribute Engine > Cache Management > should invalidate cache for specific attribute [0.02ms]
(pass) Computed Attribute Engine > Cache Management > should invalidate cache for specific attribute and target [0.07ms]
(pass) Computed Attribute Engine > Validation > should validate valid definition [0.04ms]
(pass) Computed Attribute Engine > Validation > should detect invalid definition
(pass) Computed Attribute Engine > Validation > should provide warnings for missing description
(pass) Computed Attribute Engine > Health Status > should report healthy status
(pass) Computed Attribute Engine > Event Handling > should emit computed events [0.27ms]
ComputedAttributeEngine internal error: {
  type: "error",
  attributeId: "error-event-attr",
  targetId: "user-123",
  timestamp: 1754676645930,
  data: {
    error: 295 |       context?: ErrorContext
296 |       recoverable?: boolean
297 |       suggestedAction?: string
298 |     }
299 |   ): ComputedAttributeErrorDetailed {
300 |     const error = new Error(message) as ComputedAttributeErrorDetailed
                        ^
ComputedAttributeError: Computation failed: Error: Test error
   category: "computation",
   severity: "medium",
  timestamp: 2025-08-08T18:10:45.930Z,
 recoverable: true,
 attributeId: "error-event-attr",
       code: "COMPUTATION_FAILED"

      at create (/Users/vedmalex/work/collection-store/packages/collection-store/src/auth/computed/types/ErrorTypes.ts:300:19)
      at performComputation (/Users/vedmalex/work/collection-store/packages/collection-store/src/auth/computed/core/ComputedAttributeEngine.ts:570:43)

370 |       const definition = createTestAttribute(
371 |         'error-event-attr',
372 |         'Error Event Attribute',
373 |         'user',
374 |         async () => {
375 |           throw new Error('Test error')
                      ^
error: Test error
      at <anonymous> (/Users/vedmalex/work/collection-store/packages/collection-store/src/auth/computed/tests/ComputedAttributeEngine.test.ts:375:17)
      at <anonymous> (/Users/vedmalex/work/collection-store/packages/collection-store/src/auth/computed/tests/ComputedAttributeEngine.test.ts:374:21)
      at performComputation (/Users/vedmalex/work/collection-store/packages/collection-store/src/auth/computed/core/ComputedAttributeEngine.ts:560:45)
      at performComputation (/Users/vedmalex/work/collection-store/packages/collection-store/src/auth/computed/core/ComputedAttributeEngine.ts:544:5)
      at computeAttribute (/Users/vedmalex/work/collection-store/packages/collection-store/src/auth/computed/core/ComputedAttributeEngine.ts:239:39)
      at computeAttribute (/Users/vedmalex/work/collection-store/packages/collection-store/src/auth/computed/core/ComputedAttributeEngine.ts:202:26)
      at <anonymous> (/Users/vedmalex/work/collection-store/packages/collection-store/src/auth/computed/tests/ComputedAttributeEngine.test.ts:392:22)
,
    computeTime: 0,
  },
  error: 295 |       context?: ErrorContext
296 |       recoverable?: boolean
297 |       suggestedAction?: string
298 |     }
299 |   ): ComputedAttributeErrorDetailed {
300 |     const error = new Error(message) as ComputedAttributeErrorDetailed
                        ^
ComputedAttributeError: Computation failed: Error: Test error
   category: "computation",
   severity: "medium",
  timestamp: 2025-08-08T18:10:45.930Z,
 recoverable: true,
 attributeId: "error-event-attr",
       code: "COMPUTATION_FAILED"

      at create (/Users/vedmalex/work/collection-store/packages/collection-store/src/auth/computed/types/ErrorTypes.ts:300:19)
      at performComputation (/Users/vedmalex/work/collection-store/packages/collection-store/src/auth/computed/core/ComputedAttributeEngine.ts:570:43)

370 |       const definition = createTestAttribute(
371 |         'error-event-attr',
372 |         'Error Event Attribute',
373 |         'user',
374 |         async () => {
375 |           throw new Error('Test error')
                      ^
error: Test error
      at <anonymous> (/Users/vedmalex/work/collection-store/packages/collection-store/src/auth/computed/tests/ComputedAttributeEngine.test.ts:375:17)
      at <anonymous> (/Users/vedmalex/work/collection-store/packages/collection-store/src/auth/computed/tests/ComputedAttributeEngine.test.ts:374:21)
      at performComputation (/Users/vedmalex/work/collection-store/packages/collection-store/src/auth/computed/core/ComputedAttributeEngine.ts:560:45)
      at performComputation (/Users/vedmalex/work/collection-store/packages/collection-store/src/auth/computed/core/ComputedAttributeEngine.ts:544:5)
      at computeAttribute (/Users/vedmalex/work/collection-store/packages/collection-store/src/auth/computed/core/ComputedAttributeEngine.ts:239:39)
      at computeAttribute (/Users/vedmalex/work/collection-store/packages/collection-store/src/auth/computed/core/ComputedAttributeEngine.ts:202:26)
      at <anonymous> (/Users/vedmalex/work/collection-store/packages/collection-store/src/auth/computed/tests/ComputedAttributeEngine.test.ts:392:22)
,
  computeTime: 0,
  cacheKey: "error-event-attr:user-123",
}
(pass) Computed Attribute Engine > Event Handling > should emit error events [0.34ms]
(pass) Computed Attribute Engine > Configuration > should use default configuration
(pass) Computed Attribute Engine > Configuration > should use custom configuration

packages/collection-store/src/auth/computed/tests/Day8Schema.test.ts:
(pass) Day 8 Schema Integration Implementation > SchemaExtensions > Configuration > should initialize with default configuration [0.09ms]
(pass) Day 8 Schema Integration Implementation > SchemaExtensions > Configuration > should update configuration
(pass) Day 8 Schema Integration Implementation > SchemaExtensions > Configuration > should use custom configuration [0.07ms]
(pass) Day 8 Schema Integration Implementation > SchemaExtensions > Schema Extension > should extend schema with computed attributes [0.71ms]
(pass) Day 8 Schema Integration Implementation > SchemaExtensions > Schema Extension > should validate base schema [0.15ms]
(pass) Day 8 Schema Integration Implementation > SchemaExtensions > Schema Extension > should enforce attribute limit [0.11ms]
(pass) Day 8 Schema Integration Implementation > SchemaExtensions > Schema Extension > should generate schema documentation [0.23ms]
(pass) Day 8 Schema Integration Implementation > SchemaExtensions > Schema Validation > should validate field definitions [0.04ms]
(pass) Day 8 Schema Integration Implementation > SchemaExtensions > Schema Validation > should detect reserved field names [0.04ms]
(pass) Day 8 Schema Integration Implementation > SchemaExtensions > Schema Validation > should validate indexes [0.03ms]
(pass) Day 8 Schema Integration Implementation > AttributeValidator > Configuration > should initialize with default configuration [0.10ms]
(pass) Day 8 Schema Integration Implementation > AttributeValidator > Configuration > should update configuration
(pass) Day 8 Schema Integration Implementation > AttributeValidator > Attribute Validation > should validate valid attribute [0.97ms]
(pass) Day 8 Schema Integration Implementation > AttributeValidator > Attribute Validation > should detect missing required fields [0.10ms]
(pass) Day 8 Schema Integration Implementation > AttributeValidator > Attribute Validation > should validate ID format
(pass) Day 8 Schema Integration Implementation > AttributeValidator > Attribute Validation > should validate target type [0.03ms]
(pass) Day 8 Schema Integration Implementation > AttributeValidator > Attribute Validation > should validate document-level attributes require target collection [0.05ms]
(pass) Day 8 Schema Integration Implementation > AttributeValidator > Dependency Validation > should validate field dependencies [0.06ms]
(pass) Day 8 Schema Integration Implementation > AttributeValidator > Dependency Validation > should validate collection dependencies [0.04ms]
(pass) Day 8 Schema Integration Implementation > AttributeValidator > Dependency Validation > should validate external API dependencies [0.07ms]
(pass) Day 8 Schema Integration Implementation > AttributeValidator > Dependency Validation > should warn about high dependency count [0.10ms]
(pass) Day 8 Schema Integration Implementation > AttributeValidator > Security Validation > should validate external request security [0.04ms]
(pass) Day 8 Schema Integration Implementation > AttributeValidator > Security Validation > should validate timeout settings [0.07ms]
(pass) Day 8 Schema Integration Implementation > AttributeValidator > Security Validation > should validate memory usage limits [0.08ms]
(pass) Day 8 Schema Integration Implementation > AttributeValidator > Performance Validation > should warn about disabled caching [0.03ms]
(pass) Day 8 Schema Integration Implementation > AttributeValidator > Performance Validation > should warn about short cache TTL
(pass) Day 8 Schema Integration Implementation > AttributeValidator > Performance Validation > should warn about long cache TTL [0.04ms]
(pass) Day 8 Schema Integration Implementation > AttributeValidator > Business Logic Validation > should detect duplicate attribute IDs [0.05ms]
(pass) Day 8 Schema Integration Implementation > AttributeValidator > Business Logic Validation > should warn about similar attribute names [0.09ms]
(pass) Day 8 Schema Integration Implementation > SchemaIntegration > Configuration > should initialize with default configuration
(pass) Day 8 Schema Integration Implementation > SchemaIntegration > Configuration > should update configuration [0.02ms]
(pass) Day 8 Schema Integration Implementation > SchemaIntegration > Collection Integration > should integrate computed attributes with collection [0.42ms]
(pass) Day 8 Schema Integration Implementation > SchemaIntegration > Collection Integration > should handle validation errors [0.05ms]
(pass) Day 8 Schema Integration Implementation > SchemaIntegration > Collection Integration > should handle schema extension errors
(pass) Day 8 Schema Integration Implementation > SchemaIntegration > Schema Versioning > should create schema versions [0.12ms]
(pass) Day 8 Schema Integration Implementation > SchemaIntegration > Schema Versioning > should increment version numbers [0.12ms]
(pass) Day 8 Schema Integration Implementation > SchemaIntegration > Schema Cache > should cache extended schemas [0.08ms]
(pass) Day 8 Schema Integration Implementation > SchemaIntegration > Schema Cache > should clear cache [0.06ms]
(pass) Day 8 Schema Integration Implementation > SchemaIntegration > Attribute Updates > should add new attributes [0.55ms]
(pass) Day 8 Schema Integration Implementation > SchemaIntegration > Attribute Updates > should remove attributes [0.11ms]
(pass) Day 8 Schema Integration Implementation > SchemaIntegration > Attribute Updates > should modify attributes [0.12ms]
(pass) Day 8 Schema Integration Implementation > BuiltInAttributes > User-level Attributes > should provide user-level attributes [0.14ms]
(pass) Day 8 Schema Integration Implementation > BuiltInAttributes > User-level Attributes > should have valid user attribute definitions [0.08ms]
(pass) Day 8 Schema Integration Implementation > BuiltInAttributes > Document-level Attributes > should provide document-level attributes [0.13ms]
(pass) Day 8 Schema Integration Implementation > BuiltInAttributes > Collection-level Attributes > should provide collection-level attributes [0.05ms]
(pass) Day 8 Schema Integration Implementation > BuiltInAttributes > Database-level Attributes > should provide database-level attributes [0.16ms]
(pass) Day 8 Schema Integration Implementation > BuiltInAttributes > Utility Methods > should get all built-in attributes [0.06ms]
(pass) Day 8 Schema Integration Implementation > BuiltInAttributes > Utility Methods > should get attributes by target type [0.06ms]
(pass) Day 8 Schema Integration Implementation > BuiltInAttributes > Utility Methods > should get attribute by ID [0.10ms]
(pass) Day 8 Schema Integration Implementation > BuiltInAttributes > Utility Methods > should return undefined for non-existent attribute ID
(pass) Day 8 Schema Integration Implementation > BuiltInAttributes > Attribute Computation > should compute user profile completeness [0.10ms]
(pass) Day 8 Schema Integration Implementation > BuiltInAttributes > Attribute Computation > should compute partial user profile completeness [0.08ms]
(pass) Day 8 Schema Integration Implementation > BuiltInAttributes > Attribute Computation > should compute document age [0.12ms]
(pass) Day 8 Schema Integration Implementation > BuiltInAttributes > Attribute Computation > should handle missing data gracefully [0.02ms]

packages/collection-store/src/auth/computed/tests/Day5Cache.test.ts:
(pass) Day 5 Cache Implementation > ComputedAttributeCache > Initialization and Configuration > should initialize successfully [0.03ms]
(pass) Day 5 Cache Implementation > ComputedAttributeCache > Initialization and Configuration > should throw error when initializing twice [0.16ms]
(pass) Day 5 Cache Implementation > ComputedAttributeCache > Initialization and Configuration > should update configuration [0.04ms]
(pass) Day 5 Cache Implementation > ComputedAttributeCache > Initialization and Configuration > should shutdown properly [0.04ms]
(pass) Day 5 Cache Implementation > ComputedAttributeCache > Basic Cache Operations > should set and get cache values [0.33ms]
(pass) Day 5 Cache Implementation > ComputedAttributeCache > Basic Cache Operations > should return null for non-existent keys
(pass) Day 5 Cache Implementation > ComputedAttributeCache > Basic Cache Operations > should check if key exists [0.04ms]
(pass) Day 5 Cache Implementation > ComputedAttributeCache > Basic Cache Operations > should delete specific cache entries [0.11ms]
(pass) Day 5 Cache Implementation > ComputedAttributeCache > Basic Cache Operations > should clear all cache [0.10ms]
(pass) Day 5 Cache Implementation > ComputedAttributeCache > TTL and Expiration > should expire entries after TTL [151.53ms]
(pass) Day 5 Cache Implementation > ComputedAttributeCache > TTL and Expiration > should use default TTL when not specified [1101.33ms]
(pass) Day 5 Cache Implementation > ComputedAttributeCache > TTL and Expiration > should handle different TTL values [352.32ms]
(pass) Day 5 Cache Implementation > ComputedAttributeCache > Dependencies and Invalidation > should store and retrieve dependencies [0.23ms]
(pass) Day 5 Cache Implementation > ComputedAttributeCache > Dependencies and Invalidation > should invalidate by attribute ID [0.37ms]
(pass) Day 5 Cache Implementation > ComputedAttributeCache > Dependencies and Invalidation > should invalidate by attribute ID and target ID [0.09ms]
(pass) Day 5 Cache Implementation > ComputedAttributeCache > Dependencies and Invalidation > should invalidate by dependency [0.18ms]
(pass) Day 5 Cache Implementation > ComputedAttributeCache > Dependencies and Invalidation > should invalidate by target [0.18ms]
(pass) Day 5 Cache Implementation > ComputedAttributeCache > Cache Management and Cleanup > should perform cleanup of expired entries [151.34ms]
(pass) Day 5 Cache Implementation > ComputedAttributeCache > Cache Management and Cleanup > should compact cache and free memory [151.58ms]
(pass) Day 5 Cache Implementation > ComputedAttributeCache > Cache Management and Cleanup > should handle cache size limits with eviction [0.97ms]
(pass) Day 5 Cache Implementation > ComputedAttributeCache > Statistics and Monitoring > should provide cache statistics [0.34ms]
(pass) Day 5 Cache Implementation > ComputedAttributeCache > Statistics and Monitoring > should provide health status [0.27ms]
(pass) Day 5 Cache Implementation > ComputedAttributeCache > Statistics and Monitoring > should track operation results [0.18ms]
(pass) Day 5 Cache Implementation > ComputedAttributeCache > Advanced Features > should get all cache keys [0.24ms]
(pass) Day 5 Cache Implementation > ComputedAttributeCache > Advanced Features > should filter keys by pattern [0.29ms]
(pass) Day 5 Cache Implementation > ComputedAttributeCache > Advanced Features > should inspect cache entries [0.25ms]
(pass) Day 5 Cache Implementation > ComputedAttributeCache > Advanced Features > should export and import cache data [0.53ms]
(pass) Day 5 Cache Implementation > ComputedAttributeCache > Advanced Features > should skip expired entries during import [151.09ms]
(pass) Day 5 Cache Implementation > ComputedAttributeCache > Event Handling > should emit cache hit events [0.54ms]
(pass) Day 5 Cache Implementation > ComputedAttributeCache > Event Handling > should emit cache miss events [0.15ms]
(pass) Day 5 Cache Implementation > ComputedAttributeCache > Event Handling > should emit set events [0.12ms]
(pass) Day 5 Cache Implementation > ComputedAttributeCache > Event Handling > should emit invalidated events [0.20ms]
(pass) Day 5 Cache Implementation > ComputedAttributeCache > Error Handling > should handle initialization errors [0.54ms]
(pass) Day 5 Cache Implementation > ComputedAttributeCache > Error Handling > should handle invalid cache operations gracefully [0.11ms]

packages/collection-store/src/auth/computed/tests/Day6Invalidator.test.ts:
(pass) Day 6 Cache Invalidator Implementation > CacheInvalidator > Initialization and Configuration > should initialize successfully [0.17ms]
(pass) Day 6 Cache Invalidator Implementation > CacheInvalidator > Initialization and Configuration > should throw error when initializing twice [0.14ms]
(pass) Day 6 Cache Invalidator Implementation > CacheInvalidator > Initialization and Configuration > should update configuration [0.08ms]
(pass) Day 6 Cache Invalidator Implementation > CacheInvalidator > Initialization and Configuration > should use default configuration
(pass) Day 6 Cache Invalidator Implementation > CacheInvalidator > Basic Invalidation Operations > should invalidate by attribute ID [1.00ms]
(pass) Day 6 Cache Invalidator Implementation > CacheInvalidator > Basic Invalidation Operations > should invalidate by attribute ID and target ID [0.21ms]
(pass) Day 6 Cache Invalidator Implementation > CacheInvalidator > Basic Invalidation Operations > should invalidate by dependency [1.59ms]
(pass) Day 6 Cache Invalidator Implementation > CacheInvalidator > Basic Invalidation Operations > should invalidate by target [0.32ms]
(pass) Day 6 Cache Invalidator Implementation > CacheInvalidator > Basic Invalidation Operations > should invalidate by collection [0.49ms]
(pass) Day 6 Cache Invalidator Implementation > CacheInvalidator > Batch Invalidation > should process batch invalidation [0.66ms]
(pass) Day 6 Cache Invalidator Implementation > CacheInvalidator > Batch Invalidation > should queue invalidations for batch processing [151.34ms]
(pass) Day 6 Cache Invalidator Implementation > CacheInvalidator > Batch Invalidation > should process batch when size limit reached [51.79ms]
(pass) Day 6 Cache Invalidator Implementation > CacheInvalidator > Dependency-based Invalidation > should handle cascading invalidations [201.23ms]
(pass) Day 6 Cache Invalidator Implementation > CacheInvalidator > Dependency-based Invalidation > should prevent infinite cascading [0.16ms]
(pass) Day 6 Cache Invalidator Implementation > CacheInvalidator > Database Integration > should handle database change events [151.16ms]
(pass) Day 6 Cache Invalidator Implementation > CacheInvalidator > Database Integration > should handle collection change events [150.57ms]
(pass) Day 6 Cache Invalidator Implementation > CacheInvalidator > Metrics and Monitoring > should track invalidation metrics [1.26ms]
(pass) Day 6 Cache Invalidator Implementation > CacheInvalidator > Metrics and Monitoring > should track failed invalidations [0.26ms]
(pass) Day 6 Cache Invalidator Implementation > CacheInvalidator > Metrics and Monitoring > should clear metrics [0.52ms]
(pass) Day 6 Cache Invalidator Implementation > CacheInvalidator > Metrics and Monitoring > should track batch invalidations
(pass) Day 6 Cache Invalidator Implementation > CacheInvalidator > Event Handling > should emit invalidated events [0.11ms]
(pass) Day 6 Cache Invalidator Implementation > CacheInvalidator > Event Handling > should emit batch invalidated events [0.22ms]
(pass) Day 6 Cache Invalidator Implementation > CacheInvalidator > Event Handling > should emit configuration updated events [0.12ms]
(pass) Day 6 Cache Invalidator Implementation > CacheInvalidator > Event Handling > should emit error events for cascading failures [100.52ms]
(pass) Day 6 Cache Invalidator Implementation > CacheInvalidator > Error Handling > should handle invalidation without cache set [0.21ms]
(pass) Day 6 Cache Invalidator Implementation > CacheInvalidator > Error Handling > should handle batch invalidation errors gracefully [0.34ms]
(pass) Day 6 Cache Invalidator Implementation > CacheInvalidator > Error Handling > should handle shutdown with pending invalidations [0.36ms]
(pass) Day 6 Cache Invalidator Implementation > CacheInvalidator > Configuration Validation > should work with different batch configurations [0.15ms]
(pass) Day 6 Cache Invalidator Implementation > CacheInvalidator > Configuration Validation > should work with dependency tracking disabled [0.12ms]

packages/collection-store/src/auth/computed/tests/Day4Components.test.ts:
(pass) Day 4 Components > DependencyTracker > should initialize successfully [0.02ms]
(pass) Day 4 Components > DependencyTracker > should throw error when initializing twice [0.13ms]
(pass) Day 4 Components > DependencyTracker > should add dependency successfully [0.17ms]
(pass) Day 4 Components > DependencyTracker > should detect circular dependencies [0.12ms]
(pass) Day 4 Components > DependencyTracker > should resolve dependency order [0.31ms]
(pass) Day 4 Components > DependencyTracker > should validate dependencies [0.06ms]
(pass) Day 4 Components > DependencyTracker > should get affected attributes [0.16ms]
(pass) Day 4 Components > DependencyTracker > should emit dependency change events [0.08ms]
(pass) Day 4 Components > MemoryLimitManager > should initialize successfully [0.02ms]
(pass) Day 4 Components > MemoryLimitManager > should start and end computation tracking [0.11ms]
(pass) Day 4 Components > MemoryLimitManager > should provide memory statistics [0.25ms]
(pass) Day 4 Components > MemoryLimitManager > should track active computations [0.15ms]
(pass) Day 4 Components > MemoryLimitManager > should handle timeout protection [101.53ms]
(pass) Day 4 Components > MemoryLimitManager > should emit computation events [0.21ms]
(pass) Day 4 Components > MemoryLimitManager > should cleanup all computations [0.07ms]
(pass) Day 4 Components > ComputationContextBuilder > should initialize successfully [0.08ms]
(pass) Day 4 Components > ComputationContextBuilder > should build basic context [0.29ms]
(pass) Day 4 Components > ComputationContextBuilder > should build user context [0.26ms]
(pass) Day 4 Components > ComputationContextBuilder > should build document context [0.14ms]
(pass) Day 4 Components > ComputationContextBuilder > should validate required fields [0.13ms]
(pass) Day 4 Components > ComputationContextBuilder > should create auth context [0.04ms]
(pass) Day 4 Components > ComputationContextBuilder > should handle custom data size limits [1.75ms]
(pass) Day 4 Components > ComputationContextBuilder > should update configuration [0.14ms]
(pass) Day 4 Components > SimpleHttpClient > should create http client [0.02ms]
(pass) Day 4 Components > SimpleHttpClient > should have correct method signatures [0.02ms]

packages/collection-store/src/auth/functions/tests/ESBuildTranspiler.test.ts:
(pass) ESBuild Transpiler > Basic Functionality > should initialize successfully [0.06ms]
(pass) ESBuild Transpiler > Basic Functionality > should transpile simple TypeScript code [61.88ms]
(pass) ESBuild Transpiler > Basic Functionality > should handle TypeScript with return statement [1.22ms]
(pass) ESBuild Transpiler > Basic Functionality > should detect syntax errors [0.64ms]
(pass) ESBuild Transpiler > Configuration > should support different targets [3.52ms]
(pass) ESBuild Transpiler > Configuration > should support source maps [0.81ms]
(pass) ESBuild Transpiler > Validation > should validate correct TypeScript code [0.52ms]
(pass) ESBuild Transpiler > Validation > should detect validation errors [0.28ms]
(pass) ESBuild Transpiler > Features Support > should support TypeScript features [0.07ms]
(pass) ESBuild Transpiler > Features Support > should not support unsupported features [0.02ms]
(pass) ESBuild Transpiler > Default Configuration > should provide sensible defaults [0.03ms]
(pass) ESBuild Transpiler > Multiple Files > should transpile multiple files [2.24ms]
(pass) ESBuild Transpiler > Caching > should cache transpilation results [0.42ms]

packages/collection-store/src/auth/functions/tests/StoredFunctionEngine.test.ts:
[SimpleFunctionSandbox] Initialized with esbuild transpiler
(pass) StoredFunctionEngine Integration > Function Definition Validation > should validate basic function definition structure [0.11ms]
[SimpleFunctionSandbox] Sandbox disposed
[SimpleFunctionSandbox] Initialized with esbuild transpiler
[SimpleFunctionSandbox] Starting TypeScript compilation
[SimpleFunctionSandbox] Using transpiler for compilation
[SimpleFunctionSandbox] Original code: 
        interface CalculationParams {
          x: number
          y: number
        }

        const params = parameters as CalculationParams
        return params.x + params.y
      
[SimpleFunctionSandbox] Compiled code: const params = parameters;
return params.x + params.y;
//# sourceMappingURL=data:application/json;base64,ewogICJ2ZXJzaW9uIjogMywKICAic291cmNlcyI6IFsiPHN0ZGluPiJdLAogICJzb3VyY2VzQ29udGVudCI6IFsiXG4gICAgICAgIGludGVyZmFjZSBDYWxjdWxhdGlvblBhcmFtcyB7XG4gICAgICAgICAgeDogbnVtYmVyXG4gICAgICAgICAgeTogbnVtYmVyXG4gICAgICAgIH1cblxuICAgICAgICBjb25zdCBwYXJhbXMgPSBwYXJhbWV0ZXJzIGFzIENhbGN1bGF0aW9uUGFyYW1zXG4gICAgICAgIHJldHVybiBwYXJhbXMueCArIHBhcmFtcy55XG4gICAgICAiXSwKICAibWFwcGluZ3MiOiAiQUFNUSxNQUFNLFNBQVM7QUFDZixPQUFPLE9BQU8sSUFBSSxPQUFPOyIsCiAgIm5hbWVzIjogW10KfQo=

[SimpleFunctionSandbox] TypeScript compilation successful
(pass) StoredFunctionEngine Integration > Function Definition Validation > should validate TypeScript code compilation [2.03ms]
[SimpleFunctionSandbox] Sandbox disposed
[SimpleFunctionSandbox] Initialized with esbuild transpiler
(pass) StoredFunctionEngine Integration > Function Definition Validation > should detect security violations in code [0.36ms]
[SimpleFunctionSandbox] Sandbox disposed
[SimpleFunctionSandbox] Initialized with esbuild transpiler
[SimpleFunctionSandbox] Starting TypeScript compilation
[SimpleFunctionSandbox] Using transpiler for compilation
[SimpleFunctionSandbox] Original code: return parameters.x + parameters.y
[SimpleFunctionSandbox] Compiled code: return parameters.x + parameters.y;
//# sourceMappingURL=data:application/json;base64,ewogICJ2ZXJzaW9uIjogMywKICAic291cmNlcyI6IFsiPHN0ZGluPiJdLAogICJzb3VyY2VzQ29udGVudCI6IFsicmV0dXJuIHBhcmFtZXRlcnMueCArIHBhcmFtZXRlcnMueSJdLAogICJtYXBwaW5ncyI6ICJBQUFBLE9BQU8sV0FBVyxJQUFJLFdBQVc7IiwKICAibmFtZXMiOiBbXQp9Cg==

[SimpleFunctionSandbox] TypeScript compilation successful
[SimpleFunctionSandbox] Starting execution exec_1754676649061_5m9jo5w28
[SimpleFunctionSandbox] Available context keys: [ "console", "database", "currentUser",
  "utils", "global", "process", "Buffer", "parameters", "exports", "module"
]
[SimpleFunctionSandbox] Execution completed successfully
[SimpleFunctionSandbox] Execution exec_1754676649061_5m9jo5w28 completed in 0.8342090000078315ms
(pass) StoredFunctionEngine Integration > Function Execution > should execute simple scalar function [2.69ms]
[SimpleFunctionSandbox] Sandbox disposed
[SimpleFunctionSandbox] Initialized with esbuild transpiler
[SimpleFunctionSandbox] Starting TypeScript compilation
[SimpleFunctionSandbox] Using transpiler for compilation
[SimpleFunctionSandbox] Original code: 
        interface User {
          id: number
          name: string
          age: number
        }

        const user: User = parameters.user
        const isAdult = user.age >= 18

        return {
          userId: user.id,
          userName: user.name,
          isAdult,
          category: isAdult ? 'adult' : 'minor'
        }
      
[SimpleFunctionSandbox] Compiled code: const user = parameters.user;
const isAdult = user.age >= 18;
return {
  userId: user.id,
  userName: user.name,
  isAdult,
  category: isAdult ? "adult" : "minor"
};
//# sourceMappingURL=data:application/json;base64,ewogICJ2ZXJzaW9uIjogMywKICAic291cmNlcyI6IFsiPHN0ZGluPiJdLAogICJzb3VyY2VzQ29udGVudCI6IFsiXG4gICAgICAgIGludGVyZmFjZSBVc2VyIHtcbiAgICAgICAgICBpZDogbnVtYmVyXG4gICAgICAgICAgbmFtZTogc3RyaW5nXG4gICAgICAgICAgYWdlOiBudW1iZXJcbiAgICAgICAgfVxuXG4gICAgICAgIGNvbnN0IHVzZXI6IFVzZXIgPSBwYXJhbWV0ZXJzLnVzZXJcbiAgICAgICAgY29uc3QgaXNBZHVsdCA9IHVzZXIuYWdlID49IDE4XG5cbiAgICAgICAgcmV0dXJuIHtcbiAgICAgICAgICB1c2VySWQ6IHVzZXIuaWQsXG4gICAgICAgICAgdXNlck5hbWU6IHVzZXIubmFtZSxcbiAgICAgICAgICBpc0FkdWx0LFxuICAgICAgICAgIGNhdGVnb3J5OiBpc0FkdWx0ID8gJ2FkdWx0JyA6ICdtaW5vcidcbiAgICAgICAgfVxuICAgICAgIl0sCiAgIm1hcHBpbmdzIjogIkFBT1EsTUFBTSxPQUFhLFdBQVc7QUFDOUIsTUFBTSxVQUFVLEtBQUssT0FBTztBQUU1QixPQUFPO0FBQUEsRUFDTCxRQUFRLEtBQUs7QUFBQSxFQUNiLFVBQVUsS0FBSztBQUFBLEVBQ2Y7QUFBQSxFQUNBLFVBQVUsVUFBVSxVQUFVO0FBQ2hDOyIsCiAgIm5hbWVzIjogW10KfQo=

[SimpleFunctionSandbox] TypeScript compilation successful
[SimpleFunctionSandbox] Starting execution exec_1754676649063_cdqwu10v0
[SimpleFunctionSandbox] Available context keys: [ "console", "database", "currentUser",
  "utils", "global", "process", "Buffer", "parameters", "exports", "module"
]
[SimpleFunctionSandbox] Execution completed successfully
[SimpleFunctionSandbox] Execution exec_1754676649063_cdqwu10v0 completed in 0.2459169999929145ms
(pass) StoredFunctionEngine Integration > Function Execution > should execute function with complex TypeScript [1.07ms]
[SimpleFunctionSandbox] Sandbox disposed
[SimpleFunctionSandbox] Initialized with esbuild transpiler
[SimpleFunctionSandbox] Starting TypeScript compilation
[SimpleFunctionSandbox] Using transpiler for compilation
[SimpleFunctionSandbox] Original code: throw new Error("Test error")
[SimpleFunctionSandbox] Compiled code: throw new Error("Test error");
//# sourceMappingURL=data:application/json;base64,ewogICJ2ZXJzaW9uIjogMywKICAic291cmNlcyI6IFsiPHN0ZGluPiJdLAogICJzb3VyY2VzQ29udGVudCI6IFsidGhyb3cgbmV3IEVycm9yKFwiVGVzdCBlcnJvclwiKSJdLAogICJtYXBwaW5ncyI6ICJBQUFBLE1BQU0sSUFBSSxNQUFNLFlBQVk7IiwKICAibmFtZXMiOiBbXQp9Cg==

[SimpleFunctionSandbox] TypeScript compilation successful
[SimpleFunctionSandbox] Starting execution exec_1754676649064_bh4mnoyaj
[SimpleFunctionSandbox] Available context keys: [ "console", "database", "currentUser",
  "utils", "global", "process", "Buffer", "parameters", "exports", "module"
]
[SimpleFunctionSandbox] Execution error: 602 | 
603 |         // Debug: log available context keys
604 |         this.logger.debug('[SimpleFunctionSandbox] Available context keys:', Object.keys(context))
605 | 
606 |         const script = new vm.Script(wrappedCode)
607 |         const result = script.runInContext(context, {
                                    ^
SyntaxError: Unexpected keyword 'throw'
      at <parse> (/Users/vedmalex/work/collection-store/packages/collection-store/src/auth/functions/core/SimpleFunctionSandbox.ts:607:31)

[SimpleFunctionSandbox] Execution exec_1754676649064_bh4mnoyaj failed after 0.943583000000217ms: 602 | 
603 |         // Debug: log available context keys
604 |         this.logger.debug('[SimpleFunctionSandbox] Available context keys:', Object.keys(context))
605 | 
606 |         const script = new vm.Script(wrappedCode)
607 |         const result = script.runInContext(context, {
                                    ^
SyntaxError: Unexpected keyword 'throw'
      at <parse> (/Users/vedmalex/work/collection-store/packages/collection-store/src/auth/functions/core/SimpleFunctionSandbox.ts:607:31)

(pass) StoredFunctionEngine Integration > Function Execution > should handle execution errors gracefully [1.67ms]
[SimpleFunctionSandbox] Sandbox disposed
[SimpleFunctionSandbox] Initialized with esbuild transpiler
[SimpleFunctionSandbox] Starting TypeScript compilation
[SimpleFunctionSandbox] Using transpiler for compilation
[SimpleFunctionSandbox] Original code: 
        const start = Date.now()
        while (Date.now() - start < 2000) {
          // Busy wait for 2 seconds
        }
        return 'completed'
      
[SimpleFunctionSandbox] Compiled code: const start = Date.now();
while (Date.now() - start < 2e3) {
}
return "completed";
//# sourceMappingURL=data:application/json;base64,ewogICJ2ZXJzaW9uIjogMywKICAic291cmNlcyI6IFsiPHN0ZGluPiJdLAogICJzb3VyY2VzQ29udGVudCI6IFsiXG4gICAgICAgIGNvbnN0IHN0YXJ0ID0gRGF0ZS5ub3coKVxuICAgICAgICB3aGlsZSAoRGF0ZS5ub3coKSAtIHN0YXJ0IDwgMjAwMCkge1xuICAgICAgICAgIC8vIEJ1c3kgd2FpdCBmb3IgMiBzZWNvbmRzXG4gICAgICAgIH1cbiAgICAgICAgcmV0dXJuICdjb21wbGV0ZWQnXG4gICAgICAiXSwKICAibWFwcGluZ3MiOiAiQUFDUSxNQUFNLFFBQVEsS0FBSyxJQUFJO0FBQ3ZCLE9BQU8sS0FBSyxJQUFJLElBQUksUUFBUSxLQUFNO0FBRWxDO0FBQ0EsT0FBTzsiLAogICJuYW1lcyI6IFtdCn0K

[SimpleFunctionSandbox] TypeScript compilation successful
[SimpleFunctionSandbox] Starting execution exec_1754676649067_2rzaqpleq
[SimpleFunctionSandbox] Available context keys: [ "console", "database", "currentUser",
  "utils", "global", "process", "Buffer", "parameters", "exports", "module"
]
[SimpleFunctionSandbox] Execution error: 602 | 
603 |         // Debug: log available context keys
604 |         this.logger.debug('[SimpleFunctionSandbox] Available context keys:', Object.keys(context))
605 | 
606 |         const script = new vm.Script(wrappedCode)
607 |         const result = script.runInContext(context, {
                                    ^
error: Script execution timed out after 990ms
 code: "ERR_SCRIPT_EXECUTION_TIMEOUT"

      at <anonymous> (/Users/vedmalex/work/collection-store/packages/collection-store/src/auth/functions/core/SimpleFunctionSandbox.ts:607:31)
      at new Promise (1:11)
      at executeWithTimeout (/Users/vedmalex/work/collection-store/packages/collection-store/src/auth/functions/core/SimpleFunctionSandbox.ts:561:12)
      at executeWithTimeout (/Users/vedmalex/work/collection-store/packages/collection-store/src/auth/functions/core/SimpleFunctionSandbox.ts:556:5)
      at executeInSandbox (/Users/vedmalex/work/collection-store/packages/collection-store/src/auth/functions/core/SimpleFunctionSandbox.ts:224:33)
      at executeInSandbox (/Users/vedmalex/work/collection-store/packages/collection-store/src/auth/functions/core/SimpleFunctionSandbox.ts:198:5)
      at <anonymous> (/Users/vedmalex/work/collection-store/packages/collection-store/src/auth/functions/tests/StoredFunctionEngine.test.ts:259:17)

[SimpleFunctionSandbox] Execution exec_1754676649067_2rzaqpleq failed after 997.9918330000073ms: 602 | 
603 |         // Debug: log available context keys
604 |         this.logger.debug('[SimpleFunctionSandbox] Available context keys:', Object.keys(context))
605 | 
606 |         const script = new vm.Script(wrappedCode)
607 |         const result = script.runInContext(context, {
                                    ^
error: Script execution timed out after 990ms
 code: "ERR_SCRIPT_EXECUTION_TIMEOUT"

      at <anonymous> (/Users/vedmalex/work/collection-store/packages/collection-store/src/auth/functions/core/SimpleFunctionSandbox.ts:607:31)
      at new Promise (1:11)
      at executeWithTimeout (/Users/vedmalex/work/collection-store/packages/collection-store/src/auth/functions/core/SimpleFunctionSandbox.ts:561:12)
      at executeWithTimeout (/Users/vedmalex/work/collection-store/packages/collection-store/src/auth/functions/core/SimpleFunctionSandbox.ts:556:5)
      at executeInSandbox (/Users/vedmalex/work/collection-store/packages/collection-store/src/auth/functions/core/SimpleFunctionSandbox.ts:224:33)
      at executeInSandbox (/Users/vedmalex/work/collection-store/packages/collection-store/src/auth/functions/core/SimpleFunctionSandbox.ts:198:5)
      at <anonymous> (/Users/vedmalex/work/collection-store/packages/collection-store/src/auth/functions/tests/StoredFunctionEngine.test.ts:259:17)

(pass) StoredFunctionEngine Integration > Function Execution > should enforce execution timeout [1000.06ms]
[SimpleFunctionSandbox] Sandbox disposed
[SimpleFunctionSandbox] Initialized with esbuild transpiler
[SimpleFunctionSandbox] Starting TypeScript compilation
[SimpleFunctionSandbox] Using transpiler for compilation
[SimpleFunctionSandbox] Original code: return parameters.value * 2
[SimpleFunctionSandbox] Compiled code: return parameters.value * 2;
//# sourceMappingURL=data:application/json;base64,ewogICJ2ZXJzaW9uIjogMywKICAic291cmNlcyI6IFsiPHN0ZGluPiJdLAogICJzb3VyY2VzQ29udGVudCI6IFsicmV0dXJuIHBhcmFtZXRlcnMudmFsdWUgKiAyIl0sCiAgIm1hcHBpbmdzIjogIkFBQUEsT0FBTyxXQUFXLFFBQVE7IiwKICAibmFtZXMiOiBbXQp9Cg==

[SimpleFunctionSandbox] TypeScript compilation successful
[SimpleFunctionSandbox] Starting TypeScript compilation
[SimpleFunctionSandbox] Using cached compilation result
(pass) StoredFunctionEngine Integration > Caching > should cache compilation results [4.04ms]
[SimpleFunctionSandbox] Sandbox disposed
[SimpleFunctionSandbox] Initialized with esbuild transpiler
[SimpleFunctionSandbox] Starting TypeScript compilation
[SimpleFunctionSandbox] Using transpiler for compilation
[SimpleFunctionSandbox] Original code: return 42
[SimpleFunctionSandbox] Compiled code: return 42;
//# sourceMappingURL=data:application/json;base64,ewogICJ2ZXJzaW9uIjogMywKICAic291cmNlcyI6IFsiPHN0ZGluPiJdLAogICJzb3VyY2VzQ29udGVudCI6IFsicmV0dXJuIDQyIl0sCiAgIm1hcHBpbmdzIjogIkFBQUEsT0FBTzsiLAogICJuYW1lcyI6IFtdCn0K

[SimpleFunctionSandbox] TypeScript compilation successful
[SimpleFunctionSandbox] Compilation cache cleared
[SimpleFunctionSandbox] Starting TypeScript compilation
[SimpleFunctionSandbox] Using transpiler for compilation
[SimpleFunctionSandbox] Original code: return 42
[SimpleFunctionSandbox] Compiled code: return 42;
//# sourceMappingURL=data:application/json;base64,ewogICJ2ZXJzaW9uIjogMywKICAic291cmNlcyI6IFsiPHN0ZGluPiJdLAogICJzb3VyY2VzQ29udGVudCI6IFsicmV0dXJuIDQyIl0sCiAgIm1hcHBpbmdzIjogIkFBQUEsT0FBTzsiLAogICJuYW1lcyI6IFtdCn0K

[SimpleFunctionSandbox] TypeScript compilation successful
(pass) StoredFunctionEngine Integration > Caching > should clear compilation cache [0.98ms]
[SimpleFunctionSandbox] Sandbox disposed
[SimpleFunctionSandbox] Initialized with esbuild transpiler
[SimpleFunctionSandbox] Starting TypeScript compilation
[SimpleFunctionSandbox] Using transpiler for compilation
[SimpleFunctionSandbox] Original code: return parameters.x + parameters.y
[SimpleFunctionSandbox] Compiled code: return parameters.x + parameters.y;
//# sourceMappingURL=data:application/json;base64,ewogICJ2ZXJzaW9uIjogMywKICAic291cmNlcyI6IFsiPHN0ZGluPiJdLAogICJzb3VyY2VzQ29udGVudCI6IFsicmV0dXJuIHBhcmFtZXRlcnMueCArIHBhcmFtZXRlcnMueSJdLAogICJtYXBwaW5ncyI6ICJBQUFBLE9BQU8sV0FBVyxJQUFJLFdBQVc7IiwKICAibmFtZXMiOiBbXQp9Cg==

[SimpleFunctionSandbox] TypeScript compilation successful
[SimpleFunctionSandbox] Starting execution exec_1754676650071_2fyfu042w
[SimpleFunctionSandbox] Available context keys: [ "console", "database", "currentUser",
  "utils", "global", "process", "Buffer", "parameters", "exports", "module"
]
[SimpleFunctionSandbox] Execution completed successfully
[SimpleFunctionSandbox] Execution exec_1754676650071_2fyfu042w completed in 0.19170799999847077ms
(pass) StoredFunctionEngine Integration > Performance Monitoring > should track execution statistics [0.71ms]
[SimpleFunctionSandbox] Sandbox disposed
[SimpleFunctionSandbox] Initialized with esbuild transpiler
(pass) StoredFunctionEngine Integration > Security Features > should block dangerous Node.js APIs
[SimpleFunctionSandbox] Sandbox disposed
[SimpleFunctionSandbox] Initialized with esbuild transpiler
(pass) StoredFunctionEngine Integration > Security Features > should block prototype pollution attempts [0.04ms]
[SimpleFunctionSandbox] Sandbox disposed
[SimpleFunctionSandbox] Initialized with esbuild transpiler
[SimpleFunctionSandbox] Starting TypeScript compilation
[SimpleFunctionSandbox] Using transpiler for compilation
[SimpleFunctionSandbox] Original code: 
        console.log('Test message')
        console.warn('Test warning')
        return 'logged'
      
[SimpleFunctionSandbox] Compiled code: console.log("Test message");
console.warn("Test warning");
return "logged";
//# sourceMappingURL=data:application/json;base64,ewogICJ2ZXJzaW9uIjogMywKICAic291cmNlcyI6IFsiPHN0ZGluPiJdLAogICJzb3VyY2VzQ29udGVudCI6IFsiXG4gICAgICAgIGNvbnNvbGUubG9nKCdUZXN0IG1lc3NhZ2UnKVxuICAgICAgICBjb25zb2xlLndhcm4oJ1Rlc3Qgd2FybmluZycpXG4gICAgICAgIHJldHVybiAnbG9nZ2VkJ1xuICAgICAgIl0sCiAgIm1hcHBpbmdzIjogIkFBQ1EsUUFBUSxJQUFJLGNBQWM7QUFDMUIsUUFBUSxLQUFLLGNBQWM7QUFDM0IsT0FBTzsiLAogICJuYW1lcyI6IFtdCn0K

[SimpleFunctionSandbox] TypeScript compilation successful
[SimpleFunctionSandbox] Starting execution exec_1754676650072_40dop6tqa
[SimpleFunctionSandbox] Available context keys: [ "console", "database", "currentUser",
  "utils", "global", "process", "Buffer", "parameters", "exports", "module"
]
[Function] Test message
[Function] Test warning
[SimpleFunctionSandbox] Execution completed successfully
[SimpleFunctionSandbox] Execution exec_1754676650072_40dop6tqa completed in 0.2227500000008149ms
(pass) StoredFunctionEngine Integration > Security Features > should provide restricted console access [0.70ms]
[SimpleFunctionSandbox] Sandbox disposed
(pass) Function Engine Architecture > should support pluggable transpiler providers [0.02ms]
(pass) Function Engine Architecture > should validate function definition schema [0.03ms]

packages/collection-store/src/auth/functions/tests/SimpleFunctionSandbox.test.ts:
[SimpleFunctionSandbox] Starting TypeScript compilation
[SimpleFunctionSandbox] Initialized with esbuild transpiler
[SimpleFunctionSandbox] Using transpiler for compilation
[SimpleFunctionSandbox] Original code: return 42
[SimpleFunctionSandbox] Compiled code: return 42;
//# sourceMappingURL=data:application/json;base64,ewogICJ2ZXJzaW9uIjogMywKICAic291cmNlcyI6IFsiPHN0ZGluPiJdLAogICJzb3VyY2VzQ29udGVudCI6IFsicmV0dXJuIDQyIl0sCiAgIm1hcHBpbmdzIjogIkFBQUEsT0FBTzsiLAogICJuYW1lcyI6IFtdCn0K

[SimpleFunctionSandbox] TypeScript compilation successful
(pass) Function Sandbox (Simple) > Compilation > should compile simple JavaScript code successfully [0.78ms]
[SimpleFunctionSandbox] Starting TypeScript compilation
[SimpleFunctionSandbox] Initialized with esbuild transpiler
[SimpleFunctionSandbox] Using transpiler for compilation
[SimpleFunctionSandbox] Original code: 
        interface TestInterface {
          value: number
        }
        const test: TestInterface = { value: 42 }
        return test.value
      
[SimpleFunctionSandbox] Compiled code: const test = { value: 42 };
return test.value;
//# sourceMappingURL=data:application/json;base64,ewogICJ2ZXJzaW9uIjogMywKICAic291cmNlcyI6IFsiPHN0ZGluPiJdLAogICJzb3VyY2VzQ29udGVudCI6IFsiXG4gICAgICAgIGludGVyZmFjZSBUZXN0SW50ZXJmYWNlIHtcbiAgICAgICAgICB2YWx1ZTogbnVtYmVyXG4gICAgICAgIH1cbiAgICAgICAgY29uc3QgdGVzdDogVGVzdEludGVyZmFjZSA9IHsgdmFsdWU6IDQyIH1cbiAgICAgICAgcmV0dXJuIHRlc3QudmFsdWVcbiAgICAgICJdLAogICJtYXBwaW5ncyI6ICJBQUlRLE1BQU0sT0FBc0IsRUFBRSxPQUFPLEdBQUc7QUFDeEMsT0FBTyxLQUFLOyIsCiAgIm5hbWVzIjogW10KfQo=

[SimpleFunctionSandbox] TypeScript compilation successful
(pass) Function Sandbox (Simple) > Compilation > should compile simple TypeScript-like code [0.49ms]
[SimpleFunctionSandbox] Starting TypeScript compilation
[SimpleFunctionSandbox] Initialized with esbuild transpiler
[SimpleFunctionSandbox] Using transpiler for compilation
[SimpleFunctionSandbox] Original code: return 42
[SimpleFunctionSandbox] Compiled code: return 42;
//# sourceMappingURL=data:application/json;base64,ewogICJ2ZXJzaW9uIjogMywKICAic291cmNlcyI6IFsiPHN0ZGluPiJdLAogICJzb3VyY2VzQ29udGVudCI6IFsicmV0dXJuIDQyIl0sCiAgIm1hcHBpbmdzIjogIkFBQUEsT0FBTzsiLAogICJuYW1lcyI6IFtdCn0K

[SimpleFunctionSandbox] TypeScript compilation successful
[SimpleFunctionSandbox] Starting TypeScript compilation
[SimpleFunctionSandbox] Using cached compilation result
(pass) Function Sandbox (Simple) > Compilation > should cache compilation results [0.41ms]
[SimpleFunctionSandbox] Starting TypeScript compilation
[SimpleFunctionSandbox] Initialized with esbuild transpiler
(pass) Function Sandbox (Simple) > Compilation > should reject code with security issues [0.11ms]
(pass) Function Sandbox (Simple) > Security Validation > should detect eval usage [0.04ms]
(pass) Function Sandbox (Simple) > Security Validation > should detect Function constructor usage
(pass) Function Sandbox (Simple) > Security Validation > should detect process object access
(pass) Function Sandbox (Simple) > Security Validation > should detect prototype pollution attempts [0.03ms]
(pass) Function Sandbox (Simple) > Security Validation > should allow safe code
[SimpleFunctionSandbox] Starting TypeScript compilation
[SimpleFunctionSandbox] Initialized with esbuild transpiler
[SimpleFunctionSandbox] Using transpiler for compilation
[SimpleFunctionSandbox] Original code: return parameters.x + parameters.y
[SimpleFunctionSandbox] Compiled code: return parameters.x + parameters.y;
//# sourceMappingURL=data:application/json;base64,ewogICJ2ZXJzaW9uIjogMywKICAic291cmNlcyI6IFsiPHN0ZGluPiJdLAogICJzb3VyY2VzQ29udGVudCI6IFsicmV0dXJuIHBhcmFtZXRlcnMueCArIHBhcmFtZXRlcnMueSJdLAogICJtYXBwaW5ncyI6ICJBQUFBLE9BQU8sV0FBVyxJQUFJLFdBQVc7IiwKICAibmFtZXMiOiBbXQp9Cg==

[SimpleFunctionSandbox] TypeScript compilation successful
[SimpleFunctionSandbox] Starting execution exec_1754676650078_vtzl8qet5
[SimpleFunctionSandbox] Available context keys: [ "console", "database", "currentUser",
  "utils", "global", "process", "Buffer", "parameters", "exports", "module"
]
[SimpleFunctionSandbox] Execution completed successfully
[SimpleFunctionSandbox] Execution exec_1754676650078_vtzl8qet5 completed in 0.19520800000464078ms
(pass) Function Sandbox (Simple) > Execution > should execute simple function successfully [1.03ms]
[SimpleFunctionSandbox] Starting TypeScript compilation
[SimpleFunctionSandbox] Initialized with esbuild transpiler
[SimpleFunctionSandbox] Using transpiler for compilation
[SimpleFunctionSandbox] Original code: return parameters.a * parameters.b
[SimpleFunctionSandbox] Compiled code: return parameters.a * parameters.b;
//# sourceMappingURL=data:application/json;base64,ewogICJ2ZXJzaW9uIjogMywKICAic291cmNlcyI6IFsiPHN0ZGluPiJdLAogICJzb3VyY2VzQ29udGVudCI6IFsicmV0dXJuIHBhcmFtZXRlcnMuYSAqIHBhcmFtZXRlcnMuYiJdLAogICJtYXBwaW5ncyI6ICJBQUFBLE9BQU8sV0FBVyxJQUFJLFdBQVc7IiwKICAibmFtZXMiOiBbXQp9Cg==

[SimpleFunctionSandbox] TypeScript compilation successful
[SimpleFunctionSandbox] Starting execution exec_1754676650079_jt2jzvwza
[SimpleFunctionSandbox] Available context keys: [ "console", "database", "currentUser",
  "utils", "global", "process", "Buffer", "parameters", "exports", "module"
]
[SimpleFunctionSandbox] Execution completed successfully
[SimpleFunctionSandbox] Execution exec_1754676650079_jt2jzvwza completed in 0.20895800000289455ms
(pass) Function Sandbox (Simple) > Execution > should execute TypeScript code end-to-end [0.74ms]
[SimpleFunctionSandbox] Starting TypeScript compilation
[SimpleFunctionSandbox] Initialized with esbuild transpiler
[SimpleFunctionSandbox] Using transpiler for compilation
[SimpleFunctionSandbox] Original code: while(true) { /* infinite loop */ }
[SimpleFunctionSandbox] Compiled code: while (true) {
}
//# sourceMappingURL=data:application/json;base64,ewogICJ2ZXJzaW9uIjogMywKICAic291cmNlcyI6IFsiPHN0ZGluPiJdLAogICJzb3VyY2VzQ29udGVudCI6IFsid2hpbGUodHJ1ZSkgeyAvKiBpbmZpbml0ZSBsb29wICovIH0iXSwKICAibWFwcGluZ3MiOiAiQUFBQSxPQUFNLE1BQU07QUFBc0I7IiwKICAibmFtZXMiOiBbXQp9Cg==

[SimpleFunctionSandbox] TypeScript compilation successful
[SimpleFunctionSandbox] Starting execution exec_1754676650079_e0xv5zjd5
[SimpleFunctionSandbox] Available context keys: [ "console", "database", "currentUser",
  "utils", "global", "process", "Buffer", "parameters", "exports", "module"
]
[SimpleFunctionSandbox] Execution error: 602 | 
603 |         // Debug: log available context keys
604 |         this.logger.debug('[SimpleFunctionSandbox] Available context keys:', Object.keys(context))
605 | 
606 |         const script = new vm.Script(wrappedCode)
607 |         const result = script.runInContext(context, {
                                    ^
error: Script execution timed out after 40ms
 code: "ERR_SCRIPT_EXECUTION_TIMEOUT"

      at <anonymous> (/Users/vedmalex/work/collection-store/packages/collection-store/src/auth/functions/core/SimpleFunctionSandbox.ts:607:31)
      at new Promise (1:11)
      at executeWithTimeout (/Users/vedmalex/work/collection-store/packages/collection-store/src/auth/functions/core/SimpleFunctionSandbox.ts:561:12)
      at executeWithTimeout (/Users/vedmalex/work/collection-store/packages/collection-store/src/auth/functions/core/SimpleFunctionSandbox.ts:556:5)
      at executeInSandbox (/Users/vedmalex/work/collection-store/packages/collection-store/src/auth/functions/core/SimpleFunctionSandbox.ts:224:33)
      at executeInSandbox (/Users/vedmalex/work/collection-store/packages/collection-store/src/auth/functions/core/SimpleFunctionSandbox.ts:198:5)
      at <anonymous> (/Users/vedmalex/work/collection-store/packages/collection-store/src/auth/functions/tests/SimpleFunctionSandbox.test.ts:268:17)

[SimpleFunctionSandbox] Execution exec_1754676650079_e0xv5zjd5 failed after 43.55762500000128ms: 602 | 
603 |         // Debug: log available context keys
604 |         this.logger.debug('[SimpleFunctionSandbox] Available context keys:', Object.keys(context))
605 | 
606 |         const script = new vm.Script(wrappedCode)
607 |         const result = script.runInContext(context, {
                                    ^
error: Script execution timed out after 40ms
 code: "ERR_SCRIPT_EXECUTION_TIMEOUT"

      at <anonymous> (/Users/vedmalex/work/collection-store/packages/collection-store/src/auth/functions/core/SimpleFunctionSandbox.ts:607:31)
      at new Promise (1:11)
      at executeWithTimeout (/Users/vedmalex/work/collection-store/packages/collection-store/src/auth/functions/core/SimpleFunctionSandbox.ts:561:12)
      at executeWithTimeout (/Users/vedmalex/work/collection-store/packages/collection-store/src/auth/functions/core/SimpleFunctionSandbox.ts:556:5)
      at executeInSandbox (/Users/vedmalex/work/collection-store/packages/collection-store/src/auth/functions/core/SimpleFunctionSandbox.ts:224:33)
      at executeInSandbox (/Users/vedmalex/work/collection-store/packages/collection-store/src/auth/functions/core/SimpleFunctionSandbox.ts:198:5)
      at <anonymous> (/Users/vedmalex/work/collection-store/packages/collection-store/src/auth/functions/tests/SimpleFunctionSandbox.test.ts:268:17)

(pass) Function Sandbox (Simple) > Execution > should handle execution timeout [44.08ms]
[SimpleFunctionSandbox] Starting TypeScript compilation
[SimpleFunctionSandbox] Initialized with esbuild transpiler
[SimpleFunctionSandbox] Using transpiler for compilation
[SimpleFunctionSandbox] Original code: 
        // Test console access
        console.log('Test message')

        // Test utils access
        const id = utils.generateId()
        const hash = utils.hash('test')

        // Test user context
        const result = {
          userId: currentUser.id,
          userEmail: currentUser.email,
          generatedId: id,
          hash: hash
        }
        return result
      
[SimpleFunctionSandbox] Compiled code: console.log("Test message");
const id = utils.generateId();
const hash = utils.hash("test");
const result = {
  userId: currentUser.id,
  userEmail: currentUser.email,
  generatedId: id,
  hash
};
return result;
//# sourceMappingURL=data:application/json;base64,ewogICJ2ZXJzaW9uIjogMywKICAic291cmNlcyI6IFsiPHN0ZGluPiJdLAogICJzb3VyY2VzQ29udGVudCI6IFsiXG4gICAgICAgIC8vIFRlc3QgY29uc29sZSBhY2Nlc3NcbiAgICAgICAgY29uc29sZS5sb2coJ1Rlc3QgbWVzc2FnZScpXG5cbiAgICAgICAgLy8gVGVzdCB1dGlscyBhY2Nlc3NcbiAgICAgICAgY29uc3QgaWQgPSB1dGlscy5nZW5lcmF0ZUlkKClcbiAgICAgICAgY29uc3QgaGFzaCA9IHV0aWxzLmhhc2goJ3Rlc3QnKVxuXG4gICAgICAgIC8vIFRlc3QgdXNlciBjb250ZXh0XG4gICAgICAgIGNvbnN0IHJlc3VsdCA9IHtcbiAgICAgICAgICB1c2VySWQ6IGN1cnJlbnRVc2VyLmlkLFxuICAgICAgICAgIHVzZXJFbWFpbDogY3VycmVudFVzZXIuZW1haWwsXG4gICAgICAgICAgZ2VuZXJhdGVkSWQ6IGlkLFxuICAgICAgICAgIGhhc2g6IGhhc2hcbiAgICAgICAgfVxuICAgICAgICByZXR1cm4gcmVzdWx0XG4gICAgICAiXSwKICAibWFwcGluZ3MiOiAiQUFFUSxRQUFRLElBQUksY0FBYztBQUcxQixNQUFNLEtBQUssTUFBTSxXQUFXO0FBQzVCLE1BQU0sT0FBTyxNQUFNLEtBQUssTUFBTTtBQUc5QixNQUFNLFNBQVM7QUFBQSxFQUNiLFFBQVEsWUFBWTtBQUFBLEVBQ3BCLFdBQVcsWUFBWTtBQUFBLEVBQ3ZCLGFBQWE7QUFBQSxFQUNiO0FBQ0Y7QUFDQSxPQUFPOyIsCiAgIm5hbWVzIjogW10KfQo=

[SimpleFunctionSandbox] TypeScript compilation successful
[SimpleFunctionSandbox] Starting execution exec_1754676650125_xkqd53pqs
[SimpleFunctionSandbox] Available context keys: [ "console", "database", "currentUser",
  "utils", "global", "process", "Buffer", "parameters", "exports", "module"
]
[Function] Test message
[SimpleFunctionSandbox] Execution completed successfully
[SimpleFunctionSandbox] Execution exec_1754676650125_xkqd53pqs completed in 0.3589590000046883ms
(pass) Function Sandbox (Simple) > Execution > should provide sandbox environment [2.36ms]
[SimpleFunctionSandbox] Starting TypeScript compilation
[SimpleFunctionSandbox] Initialized with esbuild transpiler
[SimpleFunctionSandbox] Using transpiler for compilation
[SimpleFunctionSandbox] Original code: return 42
[SimpleFunctionSandbox] Compiled code: return 42;
//# sourceMappingURL=data:application/json;base64,ewogICJ2ZXJzaW9uIjogMywKICAic291cmNlcyI6IFsiPHN0ZGluPiJdLAogICJzb3VyY2VzQ29udGVudCI6IFsicmV0dXJuIDQyIl0sCiAgIm1hcHBpbmdzIjogIkFBQUEsT0FBTzsiLAogICJuYW1lcyI6IFtdCn0K

[SimpleFunctionSandbox] TypeScript compilation successful
[SimpleFunctionSandbox] Starting execution exec_1754676650126_h8mo3pm29
[SimpleFunctionSandbox] Available context keys: [ "console", "database", "currentUser",
  "utils", "global", "process", "Buffer", "parameters", "exports", "module"
]
[SimpleFunctionSandbox] Execution completed successfully
[SimpleFunctionSandbox] Execution exec_1754676650126_h8mo3pm29 completed in 0.1527920000080485ms
(pass) Function Sandbox (Simple) > Monitoring > should track execution statistics [0.72ms]
[SimpleFunctionSandbox] Starting TypeScript compilation
[SimpleFunctionSandbox] Initialized with esbuild transpiler
[SimpleFunctionSandbox] Using transpiler for compilation
[SimpleFunctionSandbox] Original code: return 42
[SimpleFunctionSandbox] Compiled code: return 42;
//# sourceMappingURL=data:application/json;base64,ewogICJ2ZXJzaW9uIjogMywKICAic291cmNlcyI6IFsiPHN0ZGluPiJdLAogICJzb3VyY2VzQ29udGVudCI6IFsicmV0dXJuIDQyIl0sCiAgIm1hcHBpbmdzIjogIkFBQUEsT0FBTzsiLAogICJuYW1lcyI6IFtdCn0K

[SimpleFunctionSandbox] TypeScript compilation successful
[SimpleFunctionSandbox] Starting execution exec_1754676650127_msa9gv7fr
[SimpleFunctionSandbox] Available context keys: [ "console", "database", "currentUser",
  "utils", "global", "process", "Buffer", "parameters", "exports", "module"
]
[SimpleFunctionSandbox] Execution completed successfully
[SimpleFunctionSandbox] Execution exec_1754676650127_msa9gv7fr completed in 0.13033299999369774ms
(pass) Function Sandbox (Simple) > Monitoring > should handle execution termination [0.74ms]
(pass) Function Sandbox (Simple) > Cache Management > should cache and retrieve compiled code [0.07ms]
[SimpleFunctionSandbox] Compilation cache cleared
(pass) Function Sandbox (Simple) > Cache Management > should clear compilation cache [0.06ms]
(pass) Function Sandbox (Simple) > Configuration > should return sandbox configuration [0.02ms]
(pass) Function Sandbox (Simple) > Configuration > should check module permissions
(pass) Function Sandbox (Simple) > Type Validation > should validate correct syntax [0.09ms]
(pass) Function Sandbox (Simple) > Type Validation > should detect syntax errors [0.09ms]
(pass) Function Sandbox (Simple) > Type Validation > should get diagnostics for code [0.07ms]

packages/collection-store/src/auth/authorization/tests/RBACEngine.test.ts:
(pass) RBAC Engine > Basic Permission Checking > should allow access when RBAC is disabled [0.54ms]
(pass) RBAC Engine > Basic Permission Checking > should deny access when user has no roles [1.43ms]
(pass) RBAC Engine > Basic Permission Checking > should handle permission matching correctly [5.95ms]
(pass) RBAC Engine > Admin Override > should allow admin override when not in strict mode [0.17ms]
(pass) RBAC Engine > Admin Override > should not allow admin override in strict mode [0.11ms]
(pass) RBAC Engine > Resource String Conversion > should convert database resource correctly [0.11ms]
(pass) RBAC Engine > Resource String Conversion > should convert document resource correctly [0.05ms]
(pass) RBAC Engine > Resource String Conversion > should convert field resource correctly [0.07ms]
(pass) RBAC Engine > Configuration Management > should get current configuration [0.02ms]
(pass) RBAC Engine > Configuration Management > should update configuration [0.04ms]
(pass) RBAC Engine > Health Check > should perform health check successfully [0.15ms]
(pass) RBAC Engine > Error Handling > should handle evaluation errors gracefully [0.06ms]
(pass) RBAC Engine > Default Deny Policy > should respect default deny configuration

packages/collection-store/src/auth/authorization/tests/ABACEngine.test.ts:
(pass) ABAC Engine > Basic ABAC Functionality > should allow access when ABAC is disabled [0.63ms]
(pass) ABAC Engine > Basic ABAC Functionality > should evaluate user attributes [0.84ms]
Error evaluating authorization attributes: warn: collection users not found
      at collection (/Users/vedmalex/work/collection-store/packages/collection-store/src/core/Database.ts:152:11)
      at evaluateAuthorizationAttributes (/Users/vedmalex/work/collection-store/packages/collection-store/src/auth/authorization/core/ABACEngine.ts:270:46)
      at evaluateAuthorizationAttributes (/Users/vedmalex/work/collection-store/packages/collection-store/src/auth/authorization/core/ABACEngine.ts:227:5)
      at evaluateABACPermission (/Users/vedmalex/work/collection-store/packages/collection-store/src/auth/authorization/core/ABACEngine.ts:193:48)

(pass) ABAC Engine > Basic ABAC Functionality > should handle document attributes for document resources [0.29ms]
(pass) ABAC Engine > Access Level Control > should deny access to high security resources for medium access users [0.06ms]
(pass) ABAC Engine > Access Level Control > should allow access to high security resources for high access users [0.09ms]
(pass) ABAC Engine > Time-Based Access Control > should deny sensitive operations outside business hours [0.11ms]
(pass) ABAC Engine > Time-Based Access Control > should allow sensitive operations during business hours [0.11ms]
(pass) ABAC Engine > Region-Based Access Control > should deny access from unauthorized regions [0.09ms]
(pass) ABAC Engine > Region-Based Access Control > should allow access from authorized regions [0.07ms]
(pass) ABAC Engine > Activity-Based Access Control > should deny sensitive operations for stale sessions [0.10ms]
Error evaluating authorization attributes: warn: collection user-documents not found
      at collection (/Users/vedmalex/work/collection-store/packages/collection-store/src/core/Database.ts:152:11)
      at evaluateAuthorizationAttributes (/Users/vedmalex/work/collection-store/packages/collection-store/src/auth/authorization/core/ABACEngine.ts:270:46)
      at evaluateAuthorizationAttributes (/Users/vedmalex/work/collection-store/packages/collection-store/src/auth/authorization/core/ABACEngine.ts:227:5)
      at evaluateABACPermission (/Users/vedmalex/work/collection-store/packages/collection-store/src/auth/authorization/core/ABACEngine.ts:193:48)

(pass) ABAC Engine > Document Ownership > should allow access to owned documents [0.12ms]
(pass) ABAC Engine > Configuration Management > should get current configuration [0.01ms]
(pass) ABAC Engine > Configuration Management > should update configuration
(pass) ABAC Engine > Health Check > should perform health check successfully
(pass) ABAC Engine > Error Handling > should handle attribute evaluation errors gracefully [0.10ms]
Error evaluating authorization attributes: warn: collection non-existent-collection not found
      at collection (/Users/vedmalex/work/collection-store/packages/collection-store/src/core/Database.ts:152:11)
      at evaluateAuthorizationAttributes (/Users/vedmalex/work/collection-store/packages/collection-store/src/auth/authorization/core/ABACEngine.ts:270:46)
      at evaluateAuthorizationAttributes (/Users/vedmalex/work/collection-store/packages/collection-store/src/auth/authorization/core/ABACEngine.ts:227:5)
      at evaluateABACPermission (/Users/vedmalex/work/collection-store/packages/collection-store/src/auth/authorization/core/ABACEngine.ts:193:48)

(pass) ABAC Engine > Error Handling > should handle ComputedAttributeEngine errors [0.09ms]
(pass) ABAC Engine > Default Deny Policy > should respect default deny configuration [0.07ms]
(pass) ABAC Engine > Sensitive Actions Detection > should identify sensitive actions correctly [0.32ms]
(pass) ABAC Engine > High Security Resources Detection > should identify high security resources correctly [0.21ms]

packages/collection-store/src/auth/authorization/tests/Integration.test.ts:
(pass) Phase 2 Authorization System Integration > Core Engine Initialization > should initialize all engines successfully [0.09ms]
(pass) Phase 2 Authorization System Integration > Core Engine Initialization > should create individual engines [0.20ms]
(pass) Phase 2 Authorization System Integration > Basic Permission Checking > should handle permission requests without errors [1.24ms]
Error evaluating authorization attributes: warn: collection users not found
      at collection (/Users/vedmalex/work/collection-store/packages/collection-store/src/core/Database.ts:152:11)
      at evaluateAuthorizationAttributes (/Users/vedmalex/work/collection-store/packages/collection-store/src/auth/authorization/core/ABACEngine.ts:270:46)
      at evaluateAuthorizationAttributes (/Users/vedmalex/work/collection-store/packages/collection-store/src/auth/authorization/core/ABACEngine.ts:227:5)
      at evaluateABACPermission (/Users/vedmalex/work/collection-store/packages/collection-store/src/auth/authorization/core/ABACEngine.ts:193:48)

(pass) Phase 2 Authorization System Integration > Basic Permission Checking > should handle different resource types [0.56ms]
(pass) Phase 2 Authorization System Integration > Cache Functionality > should provide cache statistics [0.05ms]
(pass) Phase 2 Authorization System Integration > Cache Functionality > should clear cache without errors
(pass) Phase 2 Authorization System Integration > Cache Functionality > should invalidate cache by pattern [0.05ms]
(pass) Phase 2 Authorization System Integration > Dynamic Rules > should add and remove dynamic rules [0.14ms]
(pass) Phase 2 Authorization System Integration > Dynamic Rules > should validate dynamic rules
(pass) Phase 2 Authorization System Integration > Configuration Management > should get and update configuration [0.08ms]
(pass) Phase 2 Authorization System Integration > Health Monitoring > should provide health status [0.17ms]
(pass) Phase 2 Authorization System Integration > Batch Operations > should handle batch permission checks [0.38ms]
(pass) Phase 2 Authorization System Integration > Error Handling > should handle invalid resource types gracefully [0.17ms]
(pass) Phase 2 Authorization System Integration > Error Handling > should handle missing context gracefully [0.18ms]
(pass) Phase 2 Authorization System Integration > Security Policies > should handle admin override detection [0.04ms]
(pass) Phase 2 Authorization System Integration > Performance > should handle multiple concurrent requests [0.62ms]
(pass) Phase 2 Authorization System Integration > Performance > should track performance metrics [0.24ms]

packages/collection-store/src/auth/authorization/tests/PolicyEvaluator.test.ts:
(pass) Policy Evaluator > Basic Policy Evaluation > should allow when policies are disabled [0.07ms]
(pass) Policy Evaluator > Basic Policy Evaluation > should apply deny by default principle [0.05ms]
(pass) Policy Evaluator > Basic Policy Evaluation > should allow when all engines allow [0.04ms]
(pass) Policy Evaluator > Basic Policy Evaluation > should apply default policy when no explicit allows
(pass) Policy Evaluator > Evaluation Order > should apply evaluation order correctly
(pass) Policy Evaluator > Evaluation Order > should handle missing engines in evaluation order
(pass) Policy Evaluator > Security Policies > should allow admin override [0.02ms]
(pass) Policy Evaluator > Security Policies > should allow emergency access
(pass) Policy Evaluator > Security Policies > should deny during maintenance mode [0.01ms]
(pass) Policy Evaluator > Security Policies > should deny when rate limited
(pass) Policy Evaluator > Security Policies > should allow when no security policies apply
(pass) Policy Evaluator > Engine Identification > should identify engines from metadata [0.02ms]
(pass) Policy Evaluator > Engine Identification > should identify engines from applied rules [0.02ms]
(pass) Policy Evaluator > Engine Identification > should handle unknown engines
(pass) Policy Evaluator > Applied Rules Combination > should combine applied rules from all engines [0.03ms]
(pass) Policy Evaluator > Applied Rules Combination > should deduplicate applied rules
(pass) Policy Evaluator > Configuration Management > should get current configuration
(pass) Policy Evaluator > Configuration Management > should update configuration [0.02ms]
(pass) Policy Evaluator > Health Check > should perform health check successfully
(pass) Policy Evaluator > Health Check > should fail health check with invalid configuration
(pass) Policy Evaluator > Edge Cases > should handle empty results array
(pass) Policy Evaluator > Edge Cases > should handle results with no metadata [0.03ms]
(pass) Policy Evaluator > Edge Cases > should handle mixed allow/deny results
(pass) Policy Evaluator > Admin Override Detection > should detect system super admin
(pass) Policy Evaluator > Admin Override Detection > should detect admin roles
(pass) Policy Evaluator > Admin Override Detection > should not detect admin for regular users [0.01ms]

packages/collection-store/src/auth/authorization/tests/AuthorizationEngine.test.ts:
(pass) Authorization Engine > Basic Permission Checking > should allow access when no restrictions apply [0.37ms]
Error evaluating authorization attributes: warn: collection test-collection not found
      at collection (/Users/vedmalex/work/collection-store/packages/collection-store/src/core/Database.ts:152:11)
      at evaluateAuthorizationAttributes (/Users/vedmalex/work/collection-store/packages/collection-store/src/auth/authorization/core/ABACEngine.ts:270:46)
      at evaluateAuthorizationAttributes (/Users/vedmalex/work/collection-store/packages/collection-store/src/auth/authorization/core/ABACEngine.ts:227:5)
      at evaluateABACPermission (/Users/vedmalex/work/collection-store/packages/collection-store/src/auth/authorization/core/ABACEngine.ts:193:48)

(pass) Authorization Engine > Basic Permission Checking > should cache permission results [0.35ms]
(pass) Authorization Engine > Basic Permission Checking > should handle batch permission checks [0.44ms]
(pass) Authorization Engine > Dynamic Rules > should add and evaluate dynamic rules [0.34ms]
(pass) Authorization Engine > Dynamic Rules > should remove dynamic rules [0.12ms]
(pass) Authorization Engine > Cache Management > should clear permission cache [0.14ms]
(pass) Authorization Engine > Cache Management > should provide cache statistics [0.13ms]
(pass) Authorization Engine > Cache Management > should invalidate cache by pattern [0.22ms]
(pass) Authorization Engine > Configuration Management > should update configuration
(pass) Authorization Engine > Configuration Management > should perform health check [0.06ms]
(pass) Authorization Engine > Error Handling > should handle invalid dynamic rules [0.06ms]
Error evaluating rule error-rule: warn: Rule evaluation error
      at <anonymous> (/Users/vedmalex/work/collection-store/packages/collection-store/src/auth/authorization/tests/AuthorizationEngine.test.ts:410:17)
      at evaluator (/Users/vedmalex/work/collection-store/packages/collection-store/src/auth/authorization/tests/AuthorizationEngine.test.ts:409:32)
      at <anonymous> (/Users/vedmalex/work/collection-store/packages/collection-store/src/auth/authorization/core/AuthorizationEngine.ts:528:29)
      at new Promise (1:11)
      at evaluateRule (/Users/vedmalex/work/collection-store/packages/collection-store/src/auth/authorization/core/AuthorizationEngine.ts:522:12)
      at evaluateRule (/Users/vedmalex/work/collection-store/packages/collection-store/src/auth/authorization/core/AuthorizationEngine.ts:515:5)
      at evaluateRules (/Users/vedmalex/work/collection-store/packages/collection-store/src/auth/authorization/core/AuthorizationEngine.ts:271:41)
      at evaluateRules (/Users/vedmalex/work/collection-store/packages/collection-store/src/auth/authorization/core/AuthorizationEngine.ts:242:5)
      at evaluateAllEngines (/Users/vedmalex/work/collection-store/packages/collection-store/src/auth/authorization/core/AuthorizationEngine.ts:225:38)

(pass) Authorization Engine > Error Handling > should handle rule evaluation errors gracefully [0.37ms]

packages/collection-store/src/storage/adapters/__test__/memory-adapter.test.ts:
(pass) Memory Adapter > ✅ CSDatabase dbName: ":memory:" Support > should use AdapterMemory when dbName is ":memory:" [1.15ms]
(pass) Memory Adapter > ✅ CSDatabase dbName: ":memory:" Support > should use AdapterFile when dbName is not ":memory:" [0.87ms]
(pass) Memory Adapter > ✅ CSDatabase dbName: ":memory:" Support > should work correctly with in-memory collections [0.05ms]
(pass) Memory Adapter > ✅ CSDatabase dbName: ":memory:" Support > should handle multiple collections in memory database [0.37ms]
(pass) Memory Adapter > ✅ Collection.create() dbName Support > should support dbName option in Collection.create()
(pass) Memory Adapter > ✅ Collection.create() dbName Support > should use AdapterMemory when dbName is not ":memory:"
(pass) Memory Adapter > ✅ Collection.create() dbName Support > should use default adapter when dbName is not specified
(pass) Memory Adapter > ✅ MikroORM Convention Compatibility > should follow MikroORM convention for :memory: databases
(pass) Memory Adapter > ✅ MikroORM Convention Compatibility > should support different memory database names

packages/collection-store/src/adapters/markdown/__test__/MarkdownAdapter.test.ts:
(pass) Markdown Adapter > Initialization > should create adapter with valid configuration
(pass) Markdown Adapter > Initialization > should create adapter with default configuration
(pass) Markdown Adapter > Initialization > should validate configuration on creation
Git initialization error: fatal: не найден git репозиторий (или один из родительских каталогов): .git

(pass) Markdown Adapter > File Watching Integration > should start watching directory [33.47ms]
Git initialization error: fatal: не найден git репозиторий (или один из родительских каталогов): .git

(pass) Markdown Adapter > File Watching Integration > should stop watching directory [5.78ms]
Git initialization error: fatal: не найден git репозиторий (или один из родительских каталогов): .git

(pass) Markdown Adapter > File Watching Integration > should detect new markdown files [432.93ms]
Git initialization error: fatal: не найден git репозиторий (или один из родительских каталогов): .git

(pass) Markdown Adapter > File Watching Integration > should detect file modifications [465.53ms]
Git initialization error: fatal: не найден git репозиторий (или один из родительских каталогов): .git

(pass) Markdown Adapter > Document Operations > should find all markdown documents [19.34ms]
Git initialization error: fatal: не найден git репозиторий (или один из родительских каталогов): .git

(pass) Markdown Adapter > Document Operations > should find document by ID [18.02ms]
Git initialization error: fatal: не найден git репозиторий (или один из родительских каталогов): .git

(pass) Markdown Adapter > Document Operations > should find documents by query [14.48ms]
Git initialization error: fatal: не найден git репозиторий (или один из родительских каталогов): .git

(pass) Markdown Adapter > Document Operations > should create new document [9.26ms]
Git initialization error: fatal: не найден git репозиторий (или один из родительских каталогов): .git

(pass) Markdown Adapter > Document Operations > should update existing document [9.81ms]
Git initialization error: fatal: не найден git репозиторий (или один из родительских каталогов): .git

(pass) Markdown Adapter > Document Operations > should delete document [10.11ms]
Git initialization error: fatal: не найден git репозиторий (или один из родительских каталогов): .git

(pass) Markdown Adapter > Search Functionality > should search documents by content [6.39ms]
Git initialization error: fatal: не найден git репозиторий (или один из родительских каталогов): .git

(pass) Markdown Adapter > Search Functionality > should search with filters [8.90ms]
Git initialization error: fatal: не найден git репозиторий (или один из родительских каталогов): .git

(pass) Markdown Adapter > Search Functionality > should handle empty search query [6.31ms]
Git initialization error: fatal: не найден git репозиторий (или один из родительских каталогов): .git

(pass) Markdown Adapter > Batch Operations > should process multiple documents in batch [7.95ms]
Git initialization error: fatal: не найден git репозиторий (или один из родительских каталогов): .git

(pass) Markdown Adapter > Batch Operations > should handle batch operation errors gracefully [7.44ms]
Git initialization error: fatal: не найден git репозиторий (или один из родительских каталогов): .git

(pass) Markdown Adapter > Performance Monitoring > should track performance metrics [7.80ms]
(pass) Markdown Adapter > Performance Monitoring > should report resource usage [0.14ms]
Git initialization error: fatal: не найден git репозиторий (или один из родительских каталогов): .git

(pass) Markdown Adapter > Error Handling > should handle invalid file paths [5.25ms]
Git initialization error: fatal: не найден git репозиторий (или один из родительских каталогов): .git

(pass) Markdown Adapter > Error Handling > should handle file system errors [5.61ms]
Git initialization error: fatal: не найден git репозиторий (или один из родительских каталогов): .git

(pass) Markdown Adapter > Error Handling > should handle malformed markdown gracefully [6.44ms]
Git initialization error: Cannot use simple-git on a directory that does not exist
(pass) Markdown Adapter > Error Handling > should emit error events [1001.71ms]
(pass) Markdown Adapter > Status and Monitoring > should report correct status when stopped [0.05ms]
Git initialization error: fatal: не найден git репозиторий (или один из родительских каталогов): .git

(pass) Markdown Adapter > Status and Monitoring > should report correct status when running [5.68ms]
Git initialization error: fatal: не найден git репозиторий (или один из родительских каталогов): .git

(pass) Markdown Adapter > Status and Monitoring > should track document count [506.71ms]
(pass) Markdown Adapter > Configuration > should use default configuration when none provided [0.28ms]
(pass) Markdown Adapter > Configuration > should merge partial configuration with defaults
(pass) Markdown Adapter > Configuration > should validate configuration values
Git initialization error: fatal: не найден git репозиторий (или один из родительских каталогов): .git

(pass) Markdown Adapter > Cleanup and Resource Management > should clean up resources on stop [8.37ms]
Git initialization error: fatal: не найден git репозиторий (или один из родительских каталогов): .git

(pass) Markdown Adapter > Cleanup and Resource Management > should handle multiple start/stop cycles [11.53ms]
Git initialization error: fatal: не найден git репозиторий (или один из родительских каталогов): .git

(pass) Markdown Adapter > Cleanup and Resource Management > should clear cache when requested [8.05ms]

packages/collection-store/src/adapters/markdown/__test__/MarkdownWatcher.test.ts:
(pass) Markdown Watcher > Initialization > should create watcher with valid configuration [0.07ms]
(pass) Markdown Watcher > Initialization > should create watcher with default configuration [0.05ms]
(pass) Markdown Watcher > Initialization > should create watcher with partial configuration [0.14ms]
(pass) Markdown Watcher > File Watching > should start watching successfully [1.27ms]
(pass) Markdown Watcher > File Watching > should stop watching successfully [2.12ms]
(pass) Markdown Watcher > File Watching > should watch multiple paths [2.01ms]
(pass) Markdown Watcher > File Watching > should handle non-existent paths gracefully [0.18ms]
(pass) Markdown Watcher > Event Handling > should emit change events for markdown files [1.22ms]
(pass) Markdown Watcher > Event Handling > should emit error events [1.15ms]
(pass) Markdown Watcher > Event Handling > should emit fallback events [1.07ms]
(skip) Markdown Watcher > Real File Operations > should detect real file changes
(skip) Markdown Watcher > Real File Operations > should detect file modifications
(pass) Markdown Watcher > Status Reporting > should report correct status when not watching
(pass) Markdown Watcher > Status Reporting > should report correct status when watching [1.15ms]
(pass) Markdown Watcher > Status Reporting > should track event count [0.95ms]
(pass) Markdown Watcher > Configuration > should use chokidar strategy by default [0.09ms]
(pass) Markdown Watcher > Configuration > should respect polling strategy configuration [0.07ms]
(pass) Markdown Watcher > Configuration > should handle auto strategy configuration [0.03ms]
(pass) Markdown Watcher > Resource Management > should clean up resources on stop [1.31ms]
(pass) Markdown Watcher > Resource Management > should handle multiple start/stop cycles [4.23ms]
(pass) Markdown Watcher > Resource Management > should handle stop when not watching [0.11ms]
(pass) Markdown Watcher > Error Handling > should handle invalid watch paths [0.11ms]
(pass) Markdown Watcher > Error Handling > should handle non-existent directories [0.07ms]
(pass) Markdown Watcher > Error Handling > should continue working after errors [0.77ms]
(pass) Markdown Watcher > Performance > should start watching within reasonable time [1.12ms]
(pass) Markdown Watcher > Performance > should stop watching quickly [13.94ms]

packages/collection-store/src/adapters/markdown/__test__/MarkdownParser.test.ts:
(pass) Markdown Parser > Initialization > should create parser with valid configuration [0.06ms]
(pass) Markdown Parser > Initialization > should create parser with default configuration [0.03ms]
(pass) Markdown Parser > Initialization > should validate configuration on creation [0.02ms]
(pass) Markdown Parser > Basic Parsing > should parse simple markdown content [0.31ms]
(pass) Markdown Parser > Basic Parsing > should parse markdown with frontmatter [1.83ms]
(pass) Markdown Parser > Basic Parsing > should handle empty content [0.20ms]
(pass) Markdown Parser > Basic Parsing > should handle content without headers [0.11ms]
(pass) Markdown Parser > Frontmatter Parsing > should parse YAML frontmatter [0.24ms]
(pass) Markdown Parser > Frontmatter Parsing > should parse JSON frontmatter [0.30ms]
(pass) Markdown Parser > Frontmatter Parsing > should handle invalid frontmatter gracefully [0.11ms]
(pass) Markdown Parser > Content Indexing > should extract headers for indexing [0.16ms]
(pass) Markdown Parser > Content Indexing > should extract links for indexing [1.49ms]
(pass) Markdown Parser > Content Indexing > should create full-text search index [0.27ms]
(pass) Markdown Parser > Search Functionality > should search content and return results [0.18ms]
(pass) Markdown Parser > Search Functionality > should handle case-insensitive search [0.44ms]
(pass) Markdown Parser > Search Functionality > should return empty results for non-matching search [0.26ms]
(pass) Markdown Parser > Search Functionality > should handle multiple documents in search [0.09ms]
(pass) Markdown Parser > File Operations > should parse file from disk [0.40ms]
(pass) Markdown Parser > File Operations > should handle non-existent files [0.10ms]
(pass) Markdown Parser > File Operations > should handle large files [8.67ms]
(pass) Markdown Parser > HTML Generation > should generate HTML from markdown [0.33ms]
(pass) Markdown Parser > HTML Generation > should handle complex markdown structures [0.85ms]
(pass) Markdown Parser > Caching > should cache parsed results [0.58ms]
(pass) Markdown Parser > Caching > should respect cache TTL [151.46ms]
(pass) Markdown Parser > Caching > should clear cache when requested [0.96ms]
(pass) Markdown Parser > Performance > should parse content within reasonable time [1.12ms]
(pass) Markdown Parser > Performance > should handle concurrent parsing [0.36ms]
(pass) Markdown Parser > Error Handling > should handle malformed markdown gracefully [0.24ms]
(pass) Markdown Parser > Error Handling > should handle special characters [1.31ms]
(pass) Markdown Parser > Error Handling > should handle extremely large content [46.35ms]
(pass) Markdown Parser > Cache Statistics > should report correct cache statistics [0.06ms]
(pass) Markdown Parser > Cache Statistics > should track cache usage [0.54ms]

packages/collection-store/src/adapters/markdown/__test__/GitManager.test.ts:
(pass) Git Manager > Initialization > should create GitManager with valid git repository [0.40ms]
(pass) Git Manager > Initialization > should create GitManager with default configuration [0.08ms]
(pass) Git Manager > Initialization > should handle invalid repository paths gracefully
(pass) Git Manager > Git Operations > should initialize successfully with valid git repository [126.51ms]
(pass) Git Manager > Git Operations > should handle initialization gracefully for non-git directories [0.51ms]
(pass) Git Manager > Status Monitoring > should monitor file status changes [0.17ms]
(pass) Git Manager > Status Monitoring > should track working directory changes [0.08ms]
(pass) Git Manager > History Tracking > should track commit history [0.22ms]
(pass) Git Manager > History Tracking > should respect history limits [0.20ms]
(pass) Git Manager > Branch Watching > should monitor branch changes [0.15ms]
(pass) Git Manager > Branch Watching > should track current branch [0.08ms]
(pass) Git Manager > Conflict Detection > should detect merge conflicts [0.10ms]
(pass) Git Manager > Conflict Detection > should handle conflict resolution [0.10ms]
(pass) Git Manager > Performance and Caching > should enable caching when configured [0.08ms]
(pass) Git Manager > Performance and Caching > should respect concurrent operation limits [0.05ms]
(pass) Git Manager > Performance and Caching > should batch operations when enabled [0.02ms]
(pass) Git Manager > Resource Management > should clean up resources on stop [0.10ms]
(pass) Git Manager > Resource Management > should handle multiple start/stop cycles [0.24ms]
(pass) Git Manager > Resource Management > should handle stop when not active [0.14ms]
(pass) Git Manager > Error Handling > should handle Git operation errors [0.22ms]
(pass) Git Manager > Error Handling > should continue working after errors [0.30ms]
(pass) Git Manager > Error Handling > should handle invalid repository paths [0.30ms]
(pass) Git Manager > Configuration > should use default configuration [0.13ms]
(pass) Git Manager > Configuration > should respect feature toggles [0.02ms]
(pass) Git Manager > Configuration > should apply performance settings [0.09ms]
(pass) Git Manager > Status Reporting > should report correct status when active [0.05ms]
(pass) Git Manager > Status Reporting > should track operation statistics [0.15ms]
(pass) Git Manager > Performance > should start monitoring within reasonable time [0.17ms]
(pass) Git Manager > Performance > should stop monitoring quickly [0.19ms]
(pass) Git Manager > Performance > should handle high-frequency events [0.15ms]

packages/collection-store/src/client/pagination/__test__/QueryOptimizer.test.ts:
(pass) Query Optimizer > optimizeForPagination > should apply index hints when enabled [0.17ms]
(pass) Query Optimizer > optimizeForPagination > should apply maxScanDocuments limit [0.02ms]
(pass) Query Optimizer > optimizeForPagination > should apply preferred indexes [0.01ms]
(pass) Query Optimizer > optimizeForPagination > should optimize for large datasets
(pass) Query Optimizer > optimizeForPagination > should optimize complex sorting [0.03ms]
(pass) Query Optimizer > optimizeForPagination > should not modify query when no optimization needed
(pass) Query Optimizer > generateIndexHints > should generate compound index hints for multi-field sorting [0.02ms]
(pass) Query Optimizer > generateIndexHints > should generate single field hints for single field sorting [0.02ms]
(pass) Query Optimizer > generateIndexHints > should generate filter-based hints [0.01ms]
(pass) Query Optimizer > generateIndexHints > should ignore MongoDB operators in filters [0.01ms]
(pass) Query Optimizer > generateIndexHints > should handle empty sort and filters
(pass) Query Optimizer > analyzeQueryPerformance > should analyze simple query performance [0.08ms]
(pass) Query Optimizer > analyzeQueryPerformance > should suggest optimization for complex sorting [0.03ms]
(pass) Query Optimizer > analyzeQueryPerformance > should suggest optimization for large page sizes [0.01ms]
(pass) Query Optimizer > analyzeQueryPerformance > should suggest optimization for complex filters
(pass) Query Optimizer > analyzeQueryPerformance > should suggest optimization for complex sorting complexity [0.03ms]
(pass) Query Optimizer > generateQueryPlan > should generate plan for simple query [0.04ms]
(pass) Query Optimizer > generateQueryPlan > should include cursor step when cursor provided
(pass) Query Optimizer > generateQueryPlan > should handle query without filters
(pass) Query Optimizer > generateQueryPlan > should handle query without sorting [0.02ms]
(pass) Query Optimizer > complexity calculations > should calculate sort complexity correctly [0.03ms]
(pass) Query Optimizer > complexity calculations > should calculate filter complexity correctly
(pass) Query Optimizer > optimization strategies > should optimize for large datasets correctly
(pass) Query Optimizer > optimization strategies > should optimize complex sorting correctly [0.02ms]
(pass) Query Optimizer > edge cases > should handle empty sort configuration [0.02ms]
(pass) Query Optimizer > edge cases > should handle empty query [0.02ms]
(pass) Query Optimizer > edge cases > should handle very small limits

packages/collection-store/src/client/pagination/__test__/FactoryFunction.test.ts:
(pass) createAdvancedPagination Factory Function > should create all pagination components
(pass) createAdvancedPagination Factory Function > should create working cursor manager [0.11ms]
(pass) createAdvancedPagination Factory Function > should create working sorting engine
(pass) createAdvancedPagination Factory Function > should create working query optimizer [0.05ms]
(pass) createAdvancedPagination Factory Function > should create independent instances [0.02ms]
(pass) createAdvancedPagination Factory Function > should work in complete workflow [0.08ms]

packages/collection-store/src/client/pagination/__test__/CursorPaginationManager.test.ts:
(pass) Cursor Pagination Manager > encodeCursor > should encode cursor in simple_id format
(pass) Cursor Pagination Manager > encodeCursor > should encode cursor in base64_json format [0.04ms]
(pass) Cursor Pagination Manager > encodeCursor > should include timestamp by default in base64_json format [0.01ms]
(pass) Cursor Pagination Manager > encodeCursor > should default to base64_json format when no options provided
(pass) Cursor Pagination Manager > decodeCursor > should decode simple_id format cursor
(pass) Cursor Pagination Manager > decodeCursor > should decode base64_json format cursor
(pass) Cursor Pagination Manager > decodeCursor > should handle invalid base64 as simple_id
(pass) Cursor Pagination Manager > decodeCursor > should handle malformed JSON as simple_id [0.02ms]
(pass) Cursor Pagination Manager > decodeCursor > should throw error for empty cursor [0.03ms]
(pass) Cursor Pagination Manager > validateCursor > should validate simple_id cursor
(pass) Cursor Pagination Manager > validateCursor > should validate base64_json cursor [0.02ms]
(pass) Cursor Pagination Manager > validateCursor > should reject empty cursor
(pass) Cursor Pagination Manager > validateCursor > should handle any string as valid (fallback to simple_id)
(pass) Cursor Pagination Manager > paginate > should validate collection name [0.09ms]
(pass) Cursor Pagination Manager > paginate > should validate limit bounds
(pass) Cursor Pagination Manager > paginate > should validate limit upper bound
(pass) Cursor Pagination Manager > paginate > should validate sort configuration [0.02ms]
(pass) Cursor Pagination Manager > paginate > should handle pagination without cursor [0.06ms]
(pass) Cursor Pagination Manager > paginate > should handle pagination with hasMore [0.11ms]
(pass) Cursor Pagination Manager > paginate > should handle pagination with cursor [0.14ms]
(pass) Cursor Pagination Manager > paginate > should apply filters to query
(pass) Cursor Pagination Manager > optimizePaginationQuery > should apply index hints when enabled [0.07ms]
(pass) Cursor Pagination Manager > optimizePaginationQuery > should apply maxScanDocuments limit [0.01ms]
(pass) Cursor Pagination Manager > optimizePaginationQuery > should apply preferred indexes [0.02ms]
(pass) Cursor Pagination Manager > optimizePaginationQuery > should not modify query when no optimization options provided
(pass) Cursor Pagination Manager > cursor conditions > should handle simple_id cursor conditions
(pass) Cursor Pagination Manager > cursor conditions > should handle multi-field cursor conditions [0.03ms]
(pass) Cursor Pagination Manager > edge cases > should handle missing document ID extraction
(pass) Cursor Pagination Manager > edge cases > should handle nested field extraction
(pass) Cursor Pagination Manager > edge cases > should handle missing nested fields

packages/collection-store/src/client/pagination/__test__/SortingEngine.test.ts:
(pass) Sorting Engine > validateSortConfig > should validate correct sort configuration
(pass) Sorting Engine > validateSortConfig > should reject empty sort configuration
(pass) Sorting Engine > validateSortConfig > should reject invalid field names
(pass) Sorting Engine > validateSortConfig > should reject invalid direction
(pass) Sorting Engine > validateSortConfig > should reject invalid type
(pass) Sorting Engine > normalizeSortConfig > should normalize sort configuration with defaults
(pass) Sorting Engine > normalizeSortConfig > should preserve explicit configuration
(pass) Sorting Engine > applySortToQuery > should apply single field sort to query
(pass) Sorting Engine > applySortToQuery > should apply multi-field sort to query [0.04ms]
(pass) Sorting Engine > applySortToQuery > should throw error for invalid sort configuration [0.04ms]
(pass) Sorting Engine > createSortComparator > should create comparator for string sorting [0.08ms]
(pass) Sorting Engine > createSortComparator > should create comparator for number sorting
(pass) Sorting Engine > createSortComparator > should create comparator for date sorting
(pass) Sorting Engine > createSortComparator > should create comparator for boolean sorting
(pass) Sorting Engine > createSortComparator > should handle null values with nullsFirst option
(pass) Sorting Engine > createSortComparator > should handle null values without nullsFirst option
(pass) Sorting Engine > createSortComparator > should handle multi-field sorting correctly [0.05ms]
(pass) Sorting Engine > createSortComparator > should handle nested field paths [0.05ms]
(pass) Sorting Engine > optimizeSortForIndexes > should prioritize indexed fields [0.06ms]
(pass) Sorting Engine > optimizeSortForIndexes > should preserve order when no indexes available [0.01ms]
(pass) Sorting Engine > getSortPerformanceHint > should return hint for no sorting
(pass) Sorting Engine > getSortPerformanceHint > should return hint for single field sort
(pass) Sorting Engine > getSortPerformanceHint > should return hint for multi-field sort
(pass) Sorting Engine > getSortPerformanceHint > should return hint for complex sort [0.01ms]
(pass) Sorting Engine > edge cases > should handle invalid numbers gracefully [0.02ms]
(pass) Sorting Engine > edge cases > should handle invalid dates gracefully [0.02ms]
(pass) Sorting Engine > edge cases > should handle missing nested fields

packages/collection-store/src/client/pagination/__test__/Integration.test.ts:
(pass) Pagination Integration > Complete Pagination Workflow > should handle complete pagination workflow with sorting and optimization [0.10ms]
(pass) Pagination Integration > Complete Pagination Workflow > should handle cursor-based pagination flow [0.06ms]
(pass) Pagination Integration > Complete Pagination Workflow > should handle simple_id format workflow [0.04ms]
(pass) Pagination Integration > Performance Optimization Integration > should integrate sorting optimization with query optimization [0.04ms]
(pass) Pagination Integration > Performance Optimization Integration > should handle complex query optimization workflow [0.02ms]
(pass) Pagination Integration > Multi-field Sorting Integration > should handle complex multi-field sorting with different types [0.08ms]
(pass) Pagination Integration > Multi-field Sorting Integration > should handle nested field sorting integration [0.04ms]
(pass) Pagination Integration > Error Handling Integration > should handle invalid configurations gracefully
(pass) Pagination Integration > Error Handling Integration > should handle cursor validation errors [0.03ms]
(pass) Pagination Integration > Error Handling Integration > should handle pagination validation errors [0.11ms]
(pass) Pagination Integration > Factory Function Integration > should work with factory function pattern [0.03ms]
(pass) Pagination Integration > Real-world Scenarios > should handle e-commerce product listing scenario [0.06ms]
(pass) Pagination Integration > Real-world Scenarios > should handle user search with filters scenario [0.04ms]

packages/collection-store/src/client/offline/__tests__/compilation.test.ts:
(pass) Offline Compilation > should import types successfully [0.13ms]
(pass) Offline Compilation > should create instances successfully [0.26ms]
(pass) Offline Compilation > should have correct default configurations [0.05ms]

packages/collection-store/src/client/offline/__tests__/day1-core-infrastructure.test.ts:
OfflineManager initialized in 0.11ms
(pass) Offline Core Infrastructure > OfflineManager > should initialize with default configuration [0.32ms]
OfflineManager shutdown in 0.02ms
OfflineManager initialized in 0.00ms
(pass) Offline Core Infrastructure > OfflineManager > should initialize with custom configuration [0.06ms]
OfflineManager shutdown in 0.00ms
OfflineManager initialized in 0.01ms
(pass) Offline Core Infrastructure > OfflineManager > should handle enable/disable offline mode [0.10ms]
OfflineManager shutdown in 0.00ms
OfflineManager initialized in 0.00ms
(pass) Offline Core Infrastructure > OfflineManager > should provide network information [0.05ms]
OfflineManager shutdown in 0.00ms
OfflineManager initialized in 0.00ms
(pass) Offline Core Infrastructure > OfflineManager > should handle event listeners [0.09ms]
OfflineManager shutdown in 0.00ms
OfflineManager initialized in 0.00ms
(pass) Offline Core Infrastructure > OfflineManager > should update configuration [0.09ms]
OfflineManager shutdown in 0.00ms
OfflineManager initialized in 0.01ms
(pass) Offline Core Infrastructure > OfflineManager > should provide storage and sync statistics [0.09ms]
OfflineManager shutdown in 0.00ms
Failed to initialize LocalDataCache: 537 |   private async initializeIndexedDB(): Promise<void> {
538 |     return new Promise((resolve, reject) => {
539 |       // Check if we're in a browser environment with IndexedDB support
540 |       if (typeof globalThis === 'undefined' ||
541 |           typeof (globalThis as any).indexedDB === 'undefined') {
542 |         reject(new Error('IndexedDB not supported in this environment'));
                     ^
error: IndexedDB not supported in this environment
      at <anonymous> (/Users/vedmalex/work/collection-store/packages/collection-store/src/client/offline/core/local-data-cache.ts:542:16)
      at new Promise (1:11)
      at initializeIndexedDB (/Users/vedmalex/work/collection-store/packages/collection-store/src/client/offline/core/local-data-cache.ts:538:12)
      at initializeIndexedDB (/Users/vedmalex/work/collection-store/packages/collection-store/src/client/offline/core/local-data-cache.ts:537:54)
      at initialize (/Users/vedmalex/work/collection-store/packages/collection-store/src/client/offline/core/local-data-cache.ts:51:18)
      at initialize (/Users/vedmalex/work/collection-store/packages/collection-store/src/client/offline/core/local-data-cache.ts:37:20)
      at <anonymous> (/Users/vedmalex/work/collection-store/packages/collection-store/src/client/offline/__tests__/day1-core-infrastructure.test.ts:153:26)
      at <anonymous> (/Users/vedmalex/work/collection-store/packages/collection-store/src/client/offline/__tests__/day1-core-infrastructure.test.ts:143:58)

(pass) Offline Core Infrastructure > LocalDataCache > should initialize with default configuration [0.68ms]
Failed to initialize LocalDataCache: 537 |   private async initializeIndexedDB(): Promise<void> {
538 |     return new Promise((resolve, reject) => {
539 |       // Check if we're in a browser environment with IndexedDB support
540 |       if (typeof globalThis === 'undefined' ||
541 |           typeof (globalThis as any).indexedDB === 'undefined') {
542 |         reject(new Error('IndexedDB not supported in this environment'));
                     ^
error: IndexedDB not supported in this environment
      at <anonymous> (/Users/vedmalex/work/collection-store/packages/collection-store/src/client/offline/core/local-data-cache.ts:542:16)
      at new Promise (1:11)
      at initializeIndexedDB (/Users/vedmalex/work/collection-store/packages/collection-store/src/client/offline/core/local-data-cache.ts:538:12)
      at initializeIndexedDB (/Users/vedmalex/work/collection-store/packages/collection-store/src/client/offline/core/local-data-cache.ts:537:54)
      at initialize (/Users/vedmalex/work/collection-store/packages/collection-store/src/client/offline/core/local-data-cache.ts:51:18)
      at initialize (/Users/vedmalex/work/collection-store/packages/collection-store/src/client/offline/core/local-data-cache.ts:37:20)
      at <anonymous> (/Users/vedmalex/work/collection-store/packages/collection-store/src/client/offline/__tests__/day1-core-infrastructure.test.ts:168:26)
      at <anonymous> (/Users/vedmalex/work/collection-store/packages/collection-store/src/client/offline/__tests__/day1-core-infrastructure.test.ts:166:49)

(pass) Offline Core Infrastructure > LocalDataCache > should handle configuration updates [0.09ms]
Failed to initialize LocalDataCache: 537 |   private async initializeIndexedDB(): Promise<void> {
538 |     return new Promise((resolve, reject) => {
539 |       // Check if we're in a browser environment with IndexedDB support
540 |       if (typeof globalThis === 'undefined' ||
541 |           typeof (globalThis as any).indexedDB === 'undefined') {
542 |         reject(new Error('IndexedDB not supported in this environment'));
                     ^
error: IndexedDB not supported in this environment
      at <anonymous> (/Users/vedmalex/work/collection-store/packages/collection-store/src/client/offline/core/local-data-cache.ts:542:16)
      at new Promise (1:11)
      at initializeIndexedDB (/Users/vedmalex/work/collection-store/packages/collection-store/src/client/offline/core/local-data-cache.ts:538:12)
      at initializeIndexedDB (/Users/vedmalex/work/collection-store/packages/collection-store/src/client/offline/core/local-data-cache.ts:537:54)
      at initialize (/Users/vedmalex/work/collection-store/packages/collection-store/src/client/offline/core/local-data-cache.ts:51:18)
      at initialize (/Users/vedmalex/work/collection-store/packages/collection-store/src/client/offline/core/local-data-cache.ts:37:20)
      at <anonymous> (/Users/vedmalex/work/collection-store/packages/collection-store/src/client/offline/__tests__/day1-core-infrastructure.test.ts:188:26)
      at <anonymous> (/Users/vedmalex/work/collection-store/packages/collection-store/src/client/offline/__tests__/day1-core-infrastructure.test.ts:186:45)

(pass) Offline Core Infrastructure > LocalDataCache > should provide cache statistics [0.10ms]
Failed to initialize LocalDataCache: 537 |   private async initializeIndexedDB(): Promise<void> {
538 |     return new Promise((resolve, reject) => {
539 |       // Check if we're in a browser environment with IndexedDB support
540 |       if (typeof globalThis === 'undefined' ||
541 |           typeof (globalThis as any).indexedDB === 'undefined') {
542 |         reject(new Error('IndexedDB not supported in this environment'));
                     ^
error: IndexedDB not supported in this environment
      at <anonymous> (/Users/vedmalex/work/collection-store/packages/collection-store/src/client/offline/core/local-data-cache.ts:542:16)
      at new Promise (1:11)
      at initializeIndexedDB (/Users/vedmalex/work/collection-store/packages/collection-store/src/client/offline/core/local-data-cache.ts:538:12)
      at initializeIndexedDB (/Users/vedmalex/work/collection-store/packages/collection-store/src/client/offline/core/local-data-cache.ts:537:54)
      at initialize (/Users/vedmalex/work/collection-store/packages/collection-store/src/client/offline/core/local-data-cache.ts:51:18)
      at initialize (/Users/vedmalex/work/collection-store/packages/collection-store/src/client/offline/core/local-data-cache.ts:37:20)
      at <anonymous> (/Users/vedmalex/work/collection-store/packages/collection-store/src/client/offline/__tests__/day1-core-infrastructure.test.ts:203:26)
      at <anonymous> (/Users/vedmalex/work/collection-store/packages/collection-store/src/client/offline/__tests__/day1-core-infrastructure.test.ts:201:52)

(pass) Offline Core Infrastructure > LocalDataCache > should handle export/import operations [0.08ms]
(pass) Offline Core Infrastructure > StorageOptimizer > should initialize with default strategy
(pass) Offline Core Infrastructure > StorageOptimizer > should handle strategy changes [0.03ms]
(pass) Offline Core Infrastructure > StorageOptimizer > should validate target utilization
Storage optimization completed in 0.02ms, selected 2 entries for removal
(pass) Offline Core Infrastructure > StorageOptimizer > should optimize storage entries [0.12ms]
(pass) Offline Core Infrastructure > StorageOptimizer > should provide optimization statistics
(pass) Offline Core Infrastructure > StorageOptimizer > should check if optimization is needed
(pass) Offline Core Infrastructure > Performance Requirements > should meet cache operation performance (<10ms)
OfflineManager initialized in 0.00ms
OfflineManager shutdown in 0.00ms
(pass) Offline Core Infrastructure > Performance Requirements > should meet initialization performance requirements [0.05ms]
OfflineManager initialized in 0.00ms
OfflineManager shutdown in 0.00ms
(pass) Offline Core Infrastructure > Integration Tests > should integrate OfflineManager with dependencies [0.14ms]

packages/collection-store/src/browser-sdk/storage/__test__/BrowserStorageManager.test.ts:
(pass) Browser Storage Manager > Basic Functionality > should initialize successfully [0.03ms]
(pass) Browser Storage Manager > Basic Functionality > should write and read data [0.16ms]
(pass) Browser Storage Manager > Basic Functionality > should delete data [0.11ms]
(pass) Browser Storage Manager > Basic Functionality > should clear all data [0.01ms]
(pass) Browser Storage Manager > Basic Functionality > should check storage availability [0.08ms]
(pass) Browser Storage Manager > Core Integration > should initialize with core integration enabled
(pass) Browser Storage Manager > Core Integration > should integrate additional core adapters [0.08ms]
(pass) Browser Storage Manager > Core Integration > should sync data from core adapters [0.25ms]
(pass) Browser Storage Manager > Core Integration > should handle sync errors gracefully [0.14ms]
(pass) Browser Storage Manager > Core Integration > should return appropriate result when core integration is disabled [0.06ms]
(pass) Browser Storage Manager > Storage Strategy Selection > should select appropriate storage based on requirements [0.05ms]
(pass) Browser Storage Manager > Quota Management > should get quota information when available [0.07ms]
(pass) Browser Storage Manager > Error Handling > should throw error when not initialized [0.05ms]
(pass) Browser Storage Manager > Error Handling > should handle initialization failure gracefully
(pass) Browser Storage Manager > Performance > should handle multiple concurrent operations [0.47ms]
(pass) Browser Storage Manager > Performance > should complete operations within performance targets [1.28ms]

packages/collection-store/src/browser-sdk/core-integration/__test__/CoreIntegrationLayer.test.ts:
(pass) Browser SDK Core Integration > Initialization > should initialize successfully with minimal config [0.43ms]
(pass) Browser SDK Core Integration > Initialization > should initialize with core database and adapters [0.14ms]
Failed to bridge storage adapter: Initialization failed
(pass) Browser SDK Core Integration > Initialization > should handle initialization errors gracefully [0.13ms]
(pass) Browser SDK Core Integration > Browser Collection Creation > should create browser collection successfully [0.29ms]
(pass) Browser SDK Core Integration > Browser Collection Creation > should throw error when not initialized
(pass) Browser SDK Core Integration > Browser Collection Creation > should throw error when core database not available [0.04ms]
(pass) Browser SDK Core Integration > Browser Collection Operations > should perform CRUD operations [0.34ms]
(pass) Browser SDK Core Integration > Browser Collection Operations > should handle browser-specific operations [0.07ms]
(pass) Browser SDK Core Integration > Browser Collection Operations > should find collections and items [0.06ms]
Index synchronization completed
(pass) Browser SDK Core Integration > Index Synchronization > should sync indexes successfully [0.09ms]
(pass) Browser SDK Core Integration > Index Synchronization > should handle sync failure when no database [0.04ms]
(pass) Browser SDK Core Integration > Storage Adapter Bridging > should bridge storage adapters successfully
Failed to bridge storage adapter: Bridge failed
Failed to bridge storage adapter: Bridge failed
(pass) Browser SDK Core Integration > Storage Adapter Bridging > should handle adapter bridging failures [0.07ms]
(pass) Browser SDK Core Integration > Data Migration > should migrate data from core successfully [0.11ms]
(pass) Browser SDK Core Integration > Data Migration > should handle migration failure when no database
(pass) Browser SDK Core Integration > Cleanup > should cleanup resources properly

packages/collection-store/packages/qwik-test-app/src/tests/integration/useCollectionSignal.test.ts:
(pass) Qwik Collection Signal Integration > should demonstrate Qwik signal architecture structure [0.09ms]
(pass) Qwik Collection Signal Integration > should handle Qwik signal updates during queryCollection [0.26ms]
(pass) Qwik Collection Signal Integration > should handle createItem with Qwik framework tagging [0.15ms]
(pass) Qwik Collection Signal Integration > should handle updateItem with Qwik framework preservation [0.07ms]
(pass) Qwik Collection Signal Integration > should handle deleteItem with Qwik framework confirmation [0.03ms]
(pass) Qwik Collection Signal Integration > should handle Qwik signal refresh functionality [0.02ms]
(pass) Qwik Collection Signal Integration > should handle Qwik signal reset functionality
(pass) Qwik Collection Signal Integration > should demonstrate Qwik reactive state management [0.03ms]
(pass) Qwik Collection Signal Integration > should handle Qwik signal error states [0.11ms]
(pass) Qwik Collection Signal Integration > should demonstrate Qwik optimistic updates with signals [0.04ms]
✅ Qwik test migration architecture successfully demonstrated
(pass) Qwik Collection Signal Integration > should demonstrate Qwik test migration architecture [0.08ms]
(pass) Qwik Collection Signal Integration > should demonstrate Qwik performance optimizations [0.04ms]

packages/collection-store/packages/react-test-app/src/tests/integration/useCollection.test.tsx:
(pass) React useCollection Integration > should demonstrate React test architecture structure [0.08ms]
(pass) React useCollection Integration > should handle queryCollection method [0.08ms]
(pass) React useCollection Integration > should handle createItem method [0.06ms]
(pass) React useCollection Integration > should handle updateItem method
(pass) React useCollection Integration > should handle deleteItem method
(pass) React useCollection Integration > should handle optimistic updates for createItem
(pass) React useCollection Integration > should handle optimistic updates for updateItem
(pass) React useCollection Integration > should handle optimistic updates for deleteItem [0.02ms]
(pass) React useCollection Integration > should demonstrate error handling architecture
(pass) React useCollection Integration > should demonstrate React testing best practices [0.01ms]
✅ React test migration architecture successfully demonstrated
(pass) React useCollection Integration > should demonstrate React test migration architecture [0.04ms]

packages/collection-store/packages/shared-test-utils/src/tests/core/BrowserStorageManager.test.ts:
(pass) Browser Storage Manager > Initialization > should initialize with default configuration [0.11ms]
(pass) Browser Storage Manager > Initialization > should select IndexedDB as primary storage when available [0.03ms]
(pass) Browser Storage Manager > Initialization > should fallback to localStorage when IndexedDB fails [0.10ms]
(pass) Browser Storage Manager > Initialization > should fallback to memory storage when all persistent storage fails [0.04ms]
(pass) Browser Storage Manager > CRUD Operations > should store and retrieve data [0.07ms]
(pass) Browser Storage Manager > CRUD Operations > should handle multiple data types [0.08ms]
(pass) Browser Storage Manager > CRUD Operations > should return null for non-existent keys
(pass) Browser Storage Manager > CRUD Operations > should delete items correctly [0.05ms]
(pass) Browser Storage Manager > CRUD Operations > should clear all data [0.07ms]
(pass) Browser Storage Manager > Storage Type Detection > should check storage availability correctly [0.11ms]
(pass) Browser Storage Manager > Storage Type Detection > should return correct active storage type [0.05ms]
(pass) Browser Storage Manager > Error Handling > should handle storage write errors gracefully
(pass) Browser Storage Manager > Error Handling > should handle storage read errors gracefully [0.03ms]
(pass) Browser Storage Manager > Performance > should handle large data sets efficiently [0.31ms]
(pass) Browser Storage Manager > Performance > should handle concurrent operations [0.10ms]

packages/collection-store/packages/shared-test-utils/src/tests/core/OfflineSyncEngine.test.ts:
(pass) OfflineSyncEngine Core > Initialization > should initialize successfully [0.20ms]
(pass) OfflineSyncEngine Core > Initialization > should throw error when operations are queued before initialization
(pass) OfflineSyncEngine Core > Operation Queueing > should queue CREATE operations
(pass) OfflineSyncEngine Core > Operation Queueing > should queue UPDATE operations
(pass) OfflineSyncEngine Core > Operation Queueing > should queue DELETE operations
(pass) OfflineSyncEngine Core > Operation Queueing > should queue BATCH operations [0.06ms]
(pass) OfflineSyncEngine Core > Operation Queueing > should maintain operation order in queue [0.10ms]
(pass) OfflineSyncEngine Core > Queue Processing > should process queued operations [0.10ms]
(pass) OfflineSyncEngine Core > Queue Processing > should clear queue manually [0.02ms]
(pass) OfflineSyncEngine Core > Server Synchronization > should sync with server [0.07ms]
(pass) OfflineSyncEngine Core > ChangeSet Application > should apply changeset with updates [0.13ms]
(pass) OfflineSyncEngine Core > ChangeSet Application > should handle empty changeset
(pass) OfflineSyncEngine Core > Conflict Resolution > should get conflicts [0.03ms]
(pass) OfflineSyncEngine Core > Conflict Resolution > should resolve conflicts [0.08ms]
(pass) OfflineSyncEngine Core > Error Handling > should handle initialization errors gracefully [0.04ms]
(pass) OfflineSyncEngine Core > Error Handling > should handle invalid operation data [0.04ms]
(pass) OfflineSyncEngine Core > Performance > should handle large operation queues efficiently [0.29ms]
(pass) OfflineSyncEngine Core > Performance > should process queue efficiently [0.12ms]

packages/collection-store/src/client/sdk/core/__test__/SDK.offline.e2e.test.ts:
OfflineManager initialized in 0.01ms
Failed to initialize LocalDataCache: 537 |   private async initializeIndexedDB(): Promise<void> {
538 |     return new Promise((resolve, reject) => {
539 |       // Check if we're in a browser environment with IndexedDB support
540 |       if (typeof globalThis === 'undefined' ||
541 |           typeof (globalThis as any).indexedDB === 'undefined') {
542 |         reject(new Error('IndexedDB not supported in this environment'));
                     ^
error: IndexedDB not supported in this environment
      at <anonymous> (/Users/vedmalex/work/collection-store/packages/collection-store/src/client/offline/core/local-data-cache.ts:542:16)
      at new Promise (1:11)
      at initializeIndexedDB (/Users/vedmalex/work/collection-store/packages/collection-store/src/client/offline/core/local-data-cache.ts:538:12)
      at initializeIndexedDB (/Users/vedmalex/work/collection-store/packages/collection-store/src/client/offline/core/local-data-cache.ts:537:54)
      at initialize (/Users/vedmalex/work/collection-store/packages/collection-store/src/client/offline/core/local-data-cache.ts:51:18)
      at initialize (/Users/vedmalex/work/collection-store/packages/collection-store/src/client/offline/core/local-data-cache.ts:37:20)
      at cacheForOffline (/Users/vedmalex/work/collection-store/packages/collection-store/src/client/sdk/core/CollectionManager.ts:369:21)

Failed to initialize LocalDataCache: 537 |   private async initializeIndexedDB(): Promise<void> {
538 |     return new Promise((resolve, reject) => {
539 |       // Check if we're in a browser environment with IndexedDB support
540 |       if (typeof globalThis === 'undefined' ||
541 |           typeof (globalThis as any).indexedDB === 'undefined') {
542 |         reject(new Error('IndexedDB not supported in this environment'));
                     ^
error: IndexedDB not supported in this environment
      at <anonymous> (/Users/vedmalex/work/collection-store/packages/collection-store/src/client/offline/core/local-data-cache.ts:542:16)
      at new Promise (1:11)
      at initializeIndexedDB (/Users/vedmalex/work/collection-store/packages/collection-store/src/client/offline/core/local-data-cache.ts:538:12)
      at initializeIndexedDB (/Users/vedmalex/work/collection-store/packages/collection-store/src/client/offline/core/local-data-cache.ts:537:54)
      at initialize (/Users/vedmalex/work/collection-store/packages/collection-store/src/client/offline/core/local-data-cache.ts:51:18)
      at initialize (/Users/vedmalex/work/collection-store/packages/collection-store/src/client/offline/core/local-data-cache.ts:37:20)
      at getCachedData (/Users/vedmalex/work/collection-store/packages/collection-store/src/client/sdk/core/CollectionManager.ts:413:21)
      at getCachedData (/Users/vedmalex/work/collection-store/packages/collection-store/src/client/sdk/core/CollectionManager.ts:404:5)
      at <anonymous> (/Users/vedmalex/work/collection-store/packages/collection-store/src/client/sdk/core/__test__/SDK.offline.e2e.test.ts:44:46)

(pass) SDK Offline E2E (Node) > should operate offline helpers successfully in Node [0.94ms]

packages/collection-store/src/client/sdk/core/__test__/CollectionManager.offline.test.ts:
OfflineManager initialized in 0.01ms
(pass) CollectionManager - Offline API (Node environment) > should expose offline manager on SDK
OfflineManager initialized in 0.00ms
Failed to initialize LocalDataCache: 537 |   private async initializeIndexedDB(): Promise<void> {
538 |     return new Promise((resolve, reject) => {
539 |       // Check if we're in a browser environment with IndexedDB support
540 |       if (typeof globalThis === 'undefined' ||
541 |           typeof (globalThis as any).indexedDB === 'undefined') {
542 |         reject(new Error('IndexedDB not supported in this environment'));
                     ^
error: IndexedDB not supported in this environment
      at <anonymous> (/Users/vedmalex/work/collection-store/packages/collection-store/src/client/offline/core/local-data-cache.ts:542:16)
      at new Promise (1:11)
      at initializeIndexedDB (/Users/vedmalex/work/collection-store/packages/collection-store/src/client/offline/core/local-data-cache.ts:538:12)
      at initializeIndexedDB (/Users/vedmalex/work/collection-store/packages/collection-store/src/client/offline/core/local-data-cache.ts:537:54)
      at initialize (/Users/vedmalex/work/collection-store/packages/collection-store/src/client/offline/core/local-data-cache.ts:51:18)
      at initialize (/Users/vedmalex/work/collection-store/packages/collection-store/src/client/offline/core/local-data-cache.ts:37:20)
      at cacheForOffline (/Users/vedmalex/work/collection-store/packages/collection-store/src/client/sdk/core/CollectionManager.ts:369:21)

(pass) CollectionManager - Offline API (Node environment) > cacheForOffline should succeed (graceful no-op in Node) [0.22ms]
OfflineManager initialized in 0.00ms
Failed to initialize LocalDataCache: 537 |   private async initializeIndexedDB(): Promise<void> {
538 |     return new Promise((resolve, reject) => {
539 |       // Check if we're in a browser environment with IndexedDB support
540 |       if (typeof globalThis === 'undefined' ||
541 |           typeof (globalThis as any).indexedDB === 'undefined') {
542 |         reject(new Error('IndexedDB not supported in this environment'));
                     ^
error: IndexedDB not supported in this environment
      at <anonymous> (/Users/vedmalex/work/collection-store/packages/collection-store/src/client/offline/core/local-data-cache.ts:542:16)
      at new Promise (1:11)
      at initializeIndexedDB (/Users/vedmalex/work/collection-store/packages/collection-store/src/client/offline/core/local-data-cache.ts:538:12)
      at initializeIndexedDB (/Users/vedmalex/work/collection-store/packages/collection-store/src/client/offline/core/local-data-cache.ts:537:54)
      at initialize (/Users/vedmalex/work/collection-store/packages/collection-store/src/client/offline/core/local-data-cache.ts:51:18)
      at initialize (/Users/vedmalex/work/collection-store/packages/collection-store/src/client/offline/core/local-data-cache.ts:37:20)
      at getCachedData (/Users/vedmalex/work/collection-store/packages/collection-store/src/client/sdk/core/CollectionManager.ts:413:21)
      at getCachedData (/Users/vedmalex/work/collection-store/packages/collection-store/src/client/sdk/core/CollectionManager.ts:404:5)
      at <anonymous> (/Users/vedmalex/work/collection-store/packages/collection-store/src/client/sdk/core/__test__/CollectionManager.offline.test.ts:47:42)
      at <anonymous> (/Users/vedmalex/work/collection-store/packages/collection-store/src/client/sdk/core/__test__/CollectionManager.offline.test.ts:46:80)

(pass) CollectionManager - Offline API (Node environment) > getCachedData should return success and array (possibly empty) in Node [0.12ms]
OfflineManager initialized in 0.00ms
(pass) CollectionManager - Offline API (Node environment) > syncPendingChanges should succeed [0.04ms]

packages/collection-store/src/client/sdk/core/__test__/ClientSDK.test.ts:
(pass) Client SDK > Initialization > should create SDK instance with default config [0.04ms]
(pass) Client SDK > Initialization > should create SDK instance with custom config [0.02ms]
OfflineManager initialized in 0.02ms
(pass) Client SDK > Initialization > should initialize SDK successfully [0.10ms]
OfflineManager initialized in 0.00ms
(pass) Client SDK > Initialization > should handle initialization errors gracefully [0.06ms]
OfflineManager initialized in 0.00ms
(pass) Client SDK > Connection Management > should connect to server [10.55ms]
OfflineManager initialized in 0.01ms
(pass) Client SDK > Connection Management > should disconnect from server [11.07ms]
OfflineManager initialized in 0.01ms
(pass) Client SDK > Connection Management > should handle connection without initialization [0.11ms]
OfflineManager initialized in 0.02ms
(pass) Client SDK > Authentication > should authenticate with username and password [0.18ms]
OfflineManager initialized in 0.00ms
(pass) Client SDK > Authentication > should authenticate with email and password [0.04ms]
OfflineManager initialized in 0.00ms
(pass) Client SDK > Authentication > should authenticate with token [0.03ms]
OfflineManager initialized in 0.00ms
State removed for session session_1754676654842_six3tsm42
(pass) Client SDK > Authentication > should logout successfully [0.23ms]
OfflineManager initialized in 0.00ms
(pass) Client SDK > Authentication > should get current user [0.10ms]
(pass) Client SDK > Configuration Management > should get current config [0.03ms]
(pass) Client SDK > Configuration Management > should update config [0.09ms]
OfflineManager initialized in 0.00ms
Failed to get connection stats: warn: Connection session_1754676654842_5omd66nva not found
      at getConnectionStats (/Users/vedmalex/work/collection-store/packages/collection-store/src/client/session/connections/ConnectionManager.ts:284:13)
      at getConnectionStats (/Users/vedmalex/work/collection-store/packages/collection-store/src/client/session/connections/ConnectionManager.ts:281:28)
      at getStats (/Users/vedmalex/work/collection-store/packages/collection-store/src/client/sdk/core/ClientSDK.ts:494:51)

(pass) Client SDK > Statistics and Monitoring > should get SDK statistics [0.46ms]
OfflineManager initialized in 0.00ms
Failed to get connection stats: warn: Connection session_1754676654843_x5k4jtn9w not found
      at getConnectionStats (/Users/vedmalex/work/collection-store/packages/collection-store/src/client/session/connections/ConnectionManager.ts:284:13)
      at getConnectionStats (/Users/vedmalex/work/collection-store/packages/collection-store/src/client/session/connections/ConnectionManager.ts:281:28)
      at getStats (/Users/vedmalex/work/collection-store/packages/collection-store/src/client/sdk/core/ClientSDK.ts:494:51)

(pass) Client SDK > Statistics and Monitoring > should track request statistics [0.10ms]
OfflineManager initialized in 0.01ms
(pass) Client SDK > Event System > should emit and handle SDK events [10.98ms]
OfflineManager initialized in 0.01ms
(pass) Client SDK > Event System > should unsubscribe from events [0.05ms]
OfflineManager initialized in 0.00ms
(pass) Client SDK > Component Managers > should have all required managers [0.04ms]
OfflineManager initialized in 0.01ms
(pass) Client SDK > Component Managers > should access collection manager [0.02ms]
OfflineManager initialized in 0.01ms
(pass) Client SDK > Component Managers > should access file manager [102.40ms]
OfflineManager initialized in 0.06ms
(pass) Client SDK > Component Managers > should access subscription manager [0.41ms]
OfflineManager initialized in 0.01ms
(pass) Client SDK > Component Managers > should access cache manager [0.21ms]
OfflineManager initialized in 0.01ms
(pass) Client SDK > Shutdown and Cleanup > should shutdown gracefully [11.20ms]
OfflineManager initialized in 0.01ms
(pass) Client SDK > Shutdown and Cleanup > should handle multiple shutdown calls [0.16ms]
OfflineManager initialized in 0.02ms
(pass) Client SDK > Error Handling > should handle network errors gracefully [0.14ms]
(pass) Client SDK > Error Handling > should track error statistics [0.13ms]

packages/collection-store/src/client/offline/core/__test__/LocalDataCache.browser.smoke.test.ts:
(pass) LocalDataCache (browser smoke via fake-indexeddb) > should set and get entry [2.35ms]
(pass) LocalDataCache (browser smoke via fake-indexeddb) > should list collection entries [0.12ms]
(pass) LocalDataCache (browser smoke via fake-indexeddb) > should delete entry [0.03ms]

packages/collection-store/src/client/offline/conflict/__tests__/day2-basic.test.ts:
(pass) Offline Conflict Resolution - Basic > should import ConflictDetector successfully [0.12ms]
(pass) Offline Conflict Resolution - Basic > should import all strategies successfully [0.01ms]
(pass) Offline Conflict Resolution - Basic > should create strategy instances [0.08ms]
(pass) Offline Conflict Resolution - Basic > should detect basic conflicts [0.24ms]
(pass) Offline Conflict Resolution - Basic > should resolve conflicts with client-wins strategy [0.10ms]
(pass) Offline Conflict Resolution - Basic > should meet performance targets [0.07ms]
✅ ConflictDetector
✅ ClientWinsStrategy
✅ ServerWinsStrategy
✅ TimestampBasedStrategy
✅ MergeStrategy
✅ StrategyFactory
✅ Performance < 5ms detection
✅ Performance < 50ms resolution

📊 Day 2 Basic Components: 8/8 (100%)
(pass) Offline Conflict Resolution - Basic > should validate Day 2 requirements [0.09ms]

packages/collection-store/src/client/offline/sync/__tests__/network-detector-mocks.test.ts:
Slow network quality test: 51.19ms
Slow network check: 102.80ms
NetworkDetector initialized in 103.06ms
(pass) NetworkDetector with Mocks > Browser Environment > should initialize successfully in browser environment [103.37ms]
Network monitoring stopped
NetworkDetector initialized in 0.02ms
(pass) NetworkDetector with Mocks > Browser Environment > should detect online status correctly [0.17ms]
Network monitoring stopped
NetworkDetector initialized in 0.01ms
Browser network change: online
Browser network change: offline
(pass) NetworkDetector with Mocks > Browser Environment > should handle network events [202.97ms]
Network monitoring stopped
NetworkDetector initialized in 50.38ms
(pass) NetworkDetector with Mocks > Browser Environment > should measure network latency [101.87ms]
Network monitoring stopped
Slow network quality test: 50.83ms
Slow network check: 102.95ms
NetworkDetector initialized in 103.15ms
Slow network quality test: 51.16ms
(pass) NetworkDetector with Mocks > Browser Environment > should test network quality [154.99ms]
Network monitoring stopped
NetworkDetector initialized in 0.04ms
(pass) NetworkDetector with Mocks > Browser Environment > should get recommended sync strategy [0.58ms]
Network monitoring stopped
NetworkDetector initialized in 0.03ms
(pass) NetworkDetector with Mocks > Node.js Environment > should initialize successfully in Node.js environment [0.43ms]
Network monitoring stopped
NetworkDetector initialized in 0.02ms
(pass) NetworkDetector with Mocks > Node.js Environment > should handle missing browser APIs gracefully [0.36ms]
Network monitoring stopped
NetworkDetector initialized in 0.02ms
(pass) NetworkDetector with Mocks > Node.js Environment > should return appropriate fallback values [0.49ms]
Network monitoring stopped
NetworkDetector initialized in 0.02ms
(pass) NetworkDetector with Mocks > Performance Requirements > should meet initialization performance target (<100ms) [0.30ms]
Network monitoring stopped
Slow network quality test: 50.73ms
Slow network check: 102.01ms
NetworkDetector initialized in 102.09ms
Slow network quality test: 51.05ms
(pass) NetworkDetector with Mocks > Performance Requirements > should meet network quality test performance target (<50ms) [153.44ms]
Network monitoring stopped
NetworkDetector initialized in 51.06ms
(pass) NetworkDetector with Mocks > Performance Requirements > should meet latency measurement performance target (<30ms) [101.46ms]
Network monitoring stopped
NetworkDetector initialized in 0.15ms
(pass) NetworkDetector with Mocks > Error Handling > should handle fetch errors gracefully [0.38ms]
Network monitoring stopped
Slow network check: 504.16ms
NetworkDetector initialized in 504.25ms
(pass) NetworkDetector with Mocks > Error Handling > should handle timeout scenarios [1005.78ms]
Network monitoring stopped

packages/collection-store/src/client/offline/sync/__tests__/day3-basic.test.ts:
(pass) Offline Sync Management - Basic > should import OperationQueue successfully [0.25ms]
(pass) Offline Sync Management - Basic > should import NetworkDetector successfully [0.21ms]
(pass) Offline Sync Management - Basic > should import SyncManager successfully [0.14ms]
OperationQueue initialized in 0.03ms
(pass) Offline Sync Management - Basic > should initialize OperationQueue with config [0.28ms]
NetworkDetector initialized in 0.02ms
(pass) Offline Sync Management - Basic > should initialize NetworkDetector with config [0.22ms]
SyncManager initialized in 0.00ms
(pass) Offline Sync Management - Basic > should initialize SyncManager with config [0.27ms]
OperationQueue initialized in 0.01ms
(pass) Offline Sync Management - Basic > should enqueue and dequeue operations [0.33ms]
OperationQueue initialized in 0.00ms
(pass) Offline Sync Management - Basic > should meet performance targets [0.33ms]
✅ OperationQueue
✅ NetworkDetector
✅ SyncManager
✅ Queue Performance < 5ms enqueue
✅ Network Detection < 50ms
✅ Sync Processing < 100ms
✅ Batch Operations
✅ Priority Queuing
✅ Network Quality Assessment
✅ Adaptive Sync Strategies

📊 Day 3 Basic Components: 10/10 (100%)
(pass) Offline Sync Management - Basic > should validate Day 3 requirements [0.29ms]

packages/collection-store/src/client/session/core/__test__/SessionManager.test.ts:
(pass) Client Session Manager > createSession > should create a new session with valid config [0.21ms]
(pass) Client Session Manager > createSession > should create session with custom sessionId [0.04ms]
(pass) Client Session Manager > createSession > should create session with userId [0.05ms]
(pass) Client Session Manager > createSession > should validate session config [0.07ms]
(pass) Client Session Manager > createSession > should emit session_created event [0.12ms]
(pass) Client Session Manager > getSession > should return session info for existing session [0.12ms]
(pass) Client Session Manager > getSession > should return null for non-existent session [0.02ms]
(pass) Client Session Manager > getSession > should return null for expired session [0.18ms]
(pass) Client Session Manager > updateSession > should update session info [10.55ms]
(pass) Client Session Manager > updateSession > should throw error for non-existent session [0.29ms]
(pass) Client Session Manager > updateSession > should emit session_updated event [0.27ms]
(pass) Client Session Manager > terminateSession > should terminate existing session [0.14ms]
(pass) Client Session Manager > terminateSession > should not throw error for non-existent session [0.01ms]
(pass) Client Session Manager > terminateSession > should emit session_terminated event [0.16ms]
(pass) Client Session Manager > recoverSession > should recover suspended session [0.64ms]
(pass) Client Session Manager > recoverSession > should fail to recover non-existent session [0.08ms]
(pass) Client Session Manager > getActiveSessions > should return only active sessions [0.27ms]
(pass) Client Session Manager > getActiveSessions > should return empty array when no active sessions [0.04ms]
(pass) Client Session Manager > cleanupExpiredSessions > should clean up expired sessions [0.35ms]
(pass) Client Session Manager > getSessionMetrics > should return session metrics [50.43ms]
(pass) Client Session Manager > getSessionMetrics > should throw error for non-existent session [0.12ms]
(pass) Client Session Manager > validateSession > should validate active session [0.12ms]
(pass) Client Session Manager > validateSession > should not validate non-existent session [0.07ms]
(pass) Client Session Manager > validateSession > should not validate expired session [0.03ms]
(pass) Client Session Manager > updateActivity > should update session activity [51.22ms]
(pass) Client Session Manager > event handling > should handle session events [0.80ms]
(pass) Client Session Manager > event handling > should unsubscribe from events [0.25ms]
(pass) Client Session Manager > shutdown > should shutdown cleanly [0.12ms]

7 tests skipped:
(skip) Guide User API > sign-up new user
(skip) minimal HTTP test
(skip) Guide Articles API > list articles should return empty list initially
(skip) MikroORM Basic > should count entities
(skip) Predictive Performance Analyzer > Configuration Options > should respect confidence threshold
(skip) Markdown Watcher > Real File Operations > should detect real file changes
(skip) Markdown Watcher > Real File Operations > should detect file modifications


2 tests failed:

 3122 pass
 7 skip
 2 fail
 1 error
 225748 expect() calls
Ran 3131 tests across 167 files. [119.78s]
